176.229.204.135 - - [23/Jun/2021:08:44:27 +0000] "POST /wp-admin/admin-ajax.php HTTP/1.0" 200 549 "http://wordpress-610281-1991885.cloudwaysapps.com/wp-admin/" "Mozilla/5.0 (Windows NT 10.0; Win64; x64) AppleWebKit/537.36 (KHTML, like Gecko) Chrome/91.0.4472.77 Safari/537.36"
127.0.0.1 - - [23/Jun/2021:08:45:19 +0000] "POST /wp-cron.php?doing_wp_cron=1624437919.5595619678497314453125 HTTP/1.0" 200 259 "http://wordpress-610281-1991885.cloudwaysapps.com/wp-cron.php?doing_wp_cron=1624437919.5595619678497314453125" "WordPress/5.7.2; http://wordpress-610281-1991885.cloudwaysapps.com"
146.185.59.194 - - [23/Jun/2021:08:45:19 +0000] "GET /exam/%d7%9e%d7%91%d7%97%d7%9f-%d7%a7%d7%a9%d7%94/ HTTP/1.0" 200 13321 "-" "Mozilla/5.0 (Windows NT 10.0; Win64; x64) AppleWebKit/537.36 (KHTML, like Gecko) Chrome/91.0.4472.114 Safari/537.36"
127.0.0.1 - - [23/Jun/2021:08:46:28 +0000] "POST /wp-cron.php?doing_wp_cron=1624437988.6451630592346191406250 HTTP/1.0" 200 259 "http://wordpress-610281-1991885.cloudwaysapps.com/wp-cron.php?doing_wp_cron=1624437988.6451630592346191406250" "WordPress/5.7.2; http://wordpress-610281-1991885.cloudwaysapps.com"
176.229.204.135 - - [23/Jun/2021:08:46:28 +0000] "POST /wp-admin/admin-ajax.php HTTP/1.0" 200 549 "http://wordpress-610281-1991885.cloudwaysapps.com/wp-admin/" "Mozilla/5.0 (Windows NT 10.0; Win64; x64) AppleWebKit/537.36 (KHTML, like Gecko) Chrome/91.0.4472.77 Safari/537.36"
127.0.0.1 - - [23/Jun/2021:08:48:29 +0000] "POST /wp-cron.php?doing_wp_cron=1624438109.5811240673065185546875 HTTP/1.0" 200 259 "http://wordpress-610281-1991885.cloudwaysapps.com/wp-cron.php?doing_wp_cron=1624438109.5811240673065185546875" "WordPress/5.7.2; http://wordpress-610281-1991885.cloudwaysapps.com"
176.229.204.135 - - [23/Jun/2021:08:48:29 +0000] "POST /wp-admin/admin-ajax.php HTTP/1.0" 200 549 "http://wordpress-610281-1991885.cloudwaysapps.com/wp-admin/" "Mozilla/5.0 (Windows NT 10.0; Win64; x64) AppleWebKit/537.36 (KHTML, like Gecko) Chrome/91.0.4472.77 Safari/537.36"
127.0.0.1 - - [23/Jun/2021:08:50:30 +0000] "POST /wp-cron.php?doing_wp_cron=1624438230.6121919155120849609375 HTTP/1.0" 200 259 "http://wordpress-610281-1991885.cloudwaysapps.com/wp-cron.php?doing_wp_cron=1624438230.6121919155120849609375" "WordPress/5.7.2; http://wordpress-610281-1991885.cloudwaysapps.com"
176.229.204.135 - - [23/Jun/2021:08:50:30 +0000] "POST /wp-admin/admin-ajax.php HTTP/1.0" 200 549 "http://wordpress-610281-1991885.cloudwaysapps.com/wp-admin/" "Mozilla/5.0 (Windows NT 10.0; Win64; x64) AppleWebKit/537.36 (KHTML, like Gecko) Chrome/91.0.4472.77 Safari/537.36"
127.0.0.1 - - [23/Jun/2021:08:52:31 +0000] "POST /wp-cron.php?doing_wp_cron=1624438351.6790900230407714843750 HTTP/1.0" 200 259 "http://wordpress-610281-1991885.cloudwaysapps.com/wp-cron.php?doing_wp_cron=1624438351.6790900230407714843750" "WordPress/5.7.2; http://wordpress-610281-1991885.cloudwaysapps.com"
176.229.204.135 - - [23/Jun/2021:08:52:31 +0000] "POST /wp-admin/admin-ajax.php HTTP/1.0" 200 549 "http://wordpress-610281-1991885.cloudwaysapps.com/wp-admin/" "Mozilla/5.0 (Windows NT 10.0; Win64; x64) AppleWebKit/537.36 (KHTML, like Gecko) Chrome/91.0.4472.77 Safari/537.36"
146.185.59.194 - - [23/Jun/2021:08:52:44 +0000] "GET /wp-login.php?action=login_as_olduser&_wpnonce=f32283d8f7 HTTP/1.0" 302 3690 "http://wordpress-610281-1991885.cloudwaysapps.com/test-page/?id=1141" "Mozilla/5.0 (Windows NT 10.0; Win64; x64) AppleWebKit/537.36 (KHTML, like Gecko) Chrome/91.0.4472.114 Safari/537.36"
146.185.59.194 - - [23/Jun/2021:08:52:44 +0000] "GET /wp-admin/users.php?update=promote&logged_in_as_user=true HTTP/1.0" 200 30144 "http://wordpress-610281-1991885.cloudwaysapps.com/test-page/?id=1141" "Mozilla/5.0 (Windows NT 10.0; Win64; x64) AppleWebKit/537.36 (KHTML, like Gecko) Chrome/91.0.4472.114 Safari/537.36"
146.185.59.194 - - [23/Jun/2021:08:52:47 +0000] "GET /wp-admin/edit.php?post_type=page HTTP/1.0" 200 34812 "http://wordpress-610281-1991885.cloudwaysapps.com/wp-admin/users.php" "Mozilla/5.0 (Windows NT 10.0; Win64; x64) AppleWebKit/537.36 (KHTML, like Gecko) Chrome/91.0.4472.114 Safari/537.36"
146.185.59.194 - - [23/Jun/2021:08:52:48 +0000] "POST /wp-admin/admin-ajax.php HTTP/1.0" 200 889 "http://wordpress-610281-1991885.cloudwaysapps.com/wp-admin/edit.php?post_type=page" "Mozilla/5.0 (Windows NT 10.0; Win64; x64) AppleWebKit/537.36 (KHTML, like Gecko) Chrome/91.0.4472.114 Safari/537.36"
127.0.0.1 - - [23/Jun/2021:08:53:03 +0000] "POST /wp-cron.php?doing_wp_cron=1624438383.6713469028472900390625 HTTP/1.0" 200 259 "http://wordpress-610281-1991885.cloudwaysapps.com/wp-cron.php?doing_wp_cron=1624438383.6713469028472900390625" "WordPress/5.7.2; http://wordpress-610281-1991885.cloudwaysapps.com"
146.185.59.194 - - [23/Jun/2021:08:53:03 +0000] "POST /wp-admin/admin-ajax.php HTTP/1.0" 200 549 "http://wordpress-610281-1991885.cloudwaysapps.com/wp-admin/edit.php?post_type=page" "Mozilla/5.0 (Windows NT 10.0; Win64; x64) AppleWebKit/537.36 (KHTML, like Gecko) Chrome/91.0.4472.114 Safari/537.36"
146.185.59.194 - - [23/Jun/2021:08:53:10 +0000] "GET /wp-admin/edit.php?post_type=page&paged=2 HTTP/1.0" 200 31860 "http://wordpress-610281-1991885.cloudwaysapps.com/wp-admin/edit.php?post_type=page" "Mozilla/5.0 (Windows NT 10.0; Win64; x64) AppleWebKit/537.36 (KHTML, like Gecko) Chrome/91.0.4472.114 Safari/537.36"
146.185.59.194 - - [23/Jun/2021:08:53:10 +0000] "POST /wp-admin/admin-ajax.php HTTP/1.0" 200 549 "http://wordpress-610281-1991885.cloudwaysapps.com/wp-admin/edit.php?post_type=page&paged=2" "Mozilla/5.0 (Windows NT 10.0; Win64; x64) AppleWebKit/537.36 (KHTML, like Gecko) Chrome/91.0.4472.114 Safari/537.36"
146.185.59.194 - - [23/Jun/2021:08:53:12 +0000] "GET /wp-admin/edit.php?post_type=page&paged=1 HTTP/1.0" 200 34833 "http://wordpress-610281-1991885.cloudwaysapps.com/wp-admin/edit.php?post_type=page&paged=2" "Mozilla/5.0 (Windows NT 10.0; Win64; x64) AppleWebKit/537.36 (KHTML, like Gecko) Chrome/91.0.4472.114 Safari/537.36"
146.185.59.194 - - [23/Jun/2021:08:53:13 +0000] "POST /wp-admin/admin-ajax.php HTTP/1.0" 200 549 "http://wordpress-610281-1991885.cloudwaysapps.com/wp-admin/edit.php?post_type=page&paged=1" "Mozilla/5.0 (Windows NT 10.0; Win64; x64) AppleWebKit/537.36 (KHTML, like Gecko) Chrome/91.0.4472.114 Safari/537.36"
146.185.59.194 - - [23/Jun/2021:08:53:29 +0000] "POST /wp-admin/admin-ajax.php HTTP/1.0" 200 549 "http://wordpress-610281-1991885.cloudwaysapps.com/wp-admin/edit.php?post_type=page&paged=1" "Mozilla/5.0 (Windows NT 10.0; Win64; x64) AppleWebKit/537.36 (KHTML, like Gecko) Chrome/91.0.4472.114 Safari/537.36"
146.185.59.194 - - [23/Jun/2021:08:53:44 +0000] "POST /wp-admin/admin-ajax.php HTTP/1.0" 200 549 "http://wordpress-610281-1991885.cloudwaysapps.com/wp-admin/edit.php?post_type=page&paged=1" "Mozilla/5.0 (Windows NT 10.0; Win64; x64) AppleWebKit/537.36 (KHTML, like Gecko) Chrome/91.0.4472.114 Safari/537.36"
146.185.59.194 - - [23/Jun/2021:08:53:44 +0000] "GET /wp-admin/post.php?post=190&action=edit HTTP/1.0" 200 48507 "http://wordpress-610281-1991885.cloudwaysapps.com/wp-admin/edit.php?post_type=page&paged=1" "Mozilla/5.0 (Windows NT 10.0; Win64; x64) AppleWebKit/537.36 (KHTML, like Gecko) Chrome/91.0.4472.114 Safari/537.36"
127.0.0.1 - - [23/Jun/2021:08:53:53 +0000] "POST /wp-cron.php?doing_wp_cron=1624438433.1926701068878173828125 HTTP/1.0" 200 259 "https://wordpress-610281-1991885.cloudwaysapps.com/wp-cron.php?doing_wp_cron=1624438433.1926701068878173828125" "WordPress/5.7.2; https://wordpress-610281-1991885.cloudwaysapps.com"
146.185.59.194 - - [23/Jun/2021:08:53:53 +0000] "GET /wp-admin/post.php?post=1141&action=edit HTTP/1.0" 200 44324 "-" "Mozilla/5.0 (Windows NT 10.0; Win64; x64) AppleWebKit/537.36 (KHTML, like Gecko) Chrome/91.0.4472.114 Safari/537.36"
146.185.59.194 - - [23/Jun/2021:08:53:53 +0000] "GET /wp-admin/load-styles.php?c=1&dir=rtl&load%5Bchunk_0%5D=dashicons,admin-bar,buttons,media-views,common,forms,admin-menu,dashboard,list-tables,edit,revisions,media,themes,about,nav-menu&load%5Bchunk_1%5D=s,wp-pointer,widgets,site-icon,l10n,wp-auth-check,wp-color-picker&ver=5.7.2 HTTP/1.0" 200 105332 "https://wordpress-610281-1991885.cloudwaysapps.com/wp-admin/post.php?post=1141&action=edit" "Mozilla/5.0 (Windows NT 10.0; Win64; x64) AppleWebKit/537.36 (KHTML, like Gecko) Chrome/91.0.4472.114 Safari/537.36"
146.185.59.194 - - [23/Jun/2021:08:53:53 +0000] "GET /wp-admin/load-scripts.php?c=1&load%5Bchunk_0%5D=jquery-core,jquery-migrate,utils,jquery-ui-core,jquery-ui-mouse,jquery-ui-sortable,moxiejs,plupload,jquery-ui-resizable&ver=5.7.2 HTTP/1.0" 200 85126 "https://wordpress-610281-1991885.cloudwaysapps.com/wp-admin/post.php?post=1141&action=edit" "Mozilla/5.0 (Windows NT 10.0; Win64; x64) AppleWebKit/537.36 (KHTML, like Gecko) Chrome/91.0.4472.114 Safari/537.36"
146.185.59.194 - - [23/Jun/2021:08:53:53 +0000] "POST /wp-admin/admin-ajax.php HTTP/1.0" 200 583 "http://wordpress-610281-1991885.cloudwaysapps.com/wp-admin/post.php?post=190&action=edit" "Mozilla/5.0 (Windows NT 10.0; Win64; x64) AppleWebKit/537.36 (KHTML, like Gecko) Chrome/91.0.4472.114 Safari/537.36"
146.185.59.194 - - [23/Jun/2021:08:53:54 +0000] "GET /wp-admin/load-scripts.php?c=1&load%5Bchunk_0%5D=hoverIntent&ver=5.7.2 HTTP/1.0" 200 815 "https://wordpress-610281-1991885.cloudwaysapps.com/wp-admin/post.php?post=1141&action=edit" "Mozilla/5.0 (Windows NT 10.0; Win64; x64) AppleWebKit/537.36 (KHTML, like Gecko) Chrome/91.0.4472.114 Safari/537.36"
146.185.59.194 - - [23/Jun/2021:08:54:06 +0000] "GET /wp-admin/edit.php?post_type=exam HTTP/1.0" 200 32538 "https://wordpress-610281-1991885.cloudwaysapps.com/wp-admin/post.php?post=1141&action=edit" "Mozilla/5.0 (Windows NT 10.0; Win64; x64) AppleWebKit/537.36 (KHTML, like Gecko) Chrome/91.0.4472.114 Safari/537.36"
146.185.59.194 - - [23/Jun/2021:08:54:07 +0000] "GET /wp-admin/load-scripts.php?c=1&load%5Bchunk_0%5D=jquery-core,jquery-migrate,utils,moxiejs,plupload&ver=5.7.2 HTTP/1.0" 200 67111 "https://wordpress-610281-1991885.cloudwaysapps.com/wp-admin/edit.php?post_type=exam" "Mozilla/5.0 (Windows NT 10.0; Win64; x64) AppleWebKit/537.36 (KHTML, like Gecko) Chrome/91.0.4472.114 Safari/537.36"
146.185.59.194 - - [23/Jun/2021:08:54:07 +0000] "GET /wp-admin/load-styles.php?c=1&dir=rtl&load%5Bchunk_0%5D=dashicons,admin-bar,common,forms,admin-menu,dashboard,list-tables,edit,revisions,media,themes,about,nav-menus,wp-pointer,widgets&load%5Bchunk_1%5D=,site-icon,l10n,buttons,wp-auth-check,media-views&ver=5.7.2 HTTP/1.0" 200 104477 "https://wordpress-610281-1991885.cloudwaysapps.com/wp-admin/edit.php?post_type=exam" "Mozilla/5.0 (Windows NT 10.0; Win64; x64) AppleWebKit/537.36 (KHTML, like Gecko) Chrome/91.0.4472.114 Safari/537.36"
146.185.59.194 - - [23/Jun/2021:08:54:07 +0000] "POST /wp-admin/admin-ajax.php HTTP/1.0" 200 584 "https://wordpress-610281-1991885.cloudwaysapps.com/wp-admin/post.php?post=1141&action=edit" "Mozilla/5.0 (Windows NT 10.0; Win64; x64) AppleWebKit/537.36 (KHTML, like Gecko) Chrome/91.0.4472.114 Safari/537.36"
146.185.59.194 - - [23/Jun/2021:08:54:08 +0000] "POST /wp-admin/admin-ajax.php HTTP/1.0" 200 550 "https://wordpress-610281-1991885.cloudwaysapps.com/wp-admin/edit.php?post_type=exam" "Mozilla/5.0 (Windows NT 10.0; Win64; x64) AppleWebKit/537.36 (KHTML, like Gecko) Chrome/91.0.4472.114 Safari/537.36"
146.185.59.194 - - [23/Jun/2021:08:54:11 +0000] "GET /wp-admin/post.php?post=1141&action=edit HTTP/1.0" 200 44328 "https://wordpress-610281-1991885.cloudwaysapps.com/wp-admin/edit.php?post_type=exam" "Mozilla/5.0 (Windows NT 10.0; Win64; x64) AppleWebKit/537.36 (KHTML, like Gecko) Chrome/91.0.4472.114 Safari/537.36"
146.185.59.194 - - [23/Jun/2021:08:54:28 +0000] "POST /wp-admin/admin-ajax.php HTTP/1.0" 200 602 "https://wordpress-610281-1991885.cloudwaysapps.com/wp-admin/post.php?post=1141&action=edit" "Mozilla/5.0 (Windows NT 10.0; Win64; x64) AppleWebKit/537.36 (KHTML, like Gecko) Chrome/91.0.4472.114 Safari/537.36"
176.229.204.135 - - [23/Jun/2021:08:54:32 +0000] "POST /wp-admin/admin-ajax.php HTTP/1.0" 200 549 "http://wordpress-610281-1991885.cloudwaysapps.com/wp-admin/" "Mozilla/5.0 (Windows NT 10.0; Win64; x64) AppleWebKit/537.36 (KHTML, like Gecko) Chrome/91.0.4472.77 Safari/537.36"
127.0.0.1 - - [23/Jun/2021:08:56:29 +0000] "POST /wp-cron.php?doing_wp_cron=1624438589.7376749515533447265625 HTTP/1.0" 200 259 "https://wordpress-610281-1991885.cloudwaysapps.com/wp-cron.php?doing_wp_cron=1624438589.7376749515533447265625" "WordPress/5.7.2; https://wordpress-610281-1991885.cloudwaysapps.com"
146.185.59.194 - - [23/Jun/2021:08:56:29 +0000] "POST /wp-admin/admin-ajax.php HTTP/1.0" 200 602 "https://wordpress-610281-1991885.cloudwaysapps.com/wp-admin/post.php?post=1141&action=edit" "Mozilla/5.0 (Windows NT 10.0; Win64; x64) AppleWebKit/537.36 (KHTML, like Gecko) Chrome/91.0.4472.114 Safari/537.36"
176.229.204.135 - - [23/Jun/2021:08:56:33 +0000] "POST /wp-admin/admin-ajax.php HTTP/1.0" 200 549 "http://wordpress-610281-1991885.cloudwaysapps.com/wp-admin/" "Mozilla/5.0 (Windows NT 10.0; Win64; x64) AppleWebKit/537.36 (KHTML, like Gecko) Chrome/91.0.4472.77 Safari/537.36"
127.0.0.1 - - [23/Jun/2021:08:58:30 +0000] "POST /wp-cron.php?doing_wp_cron=1624438710.6021358966827392578125 HTTP/1.0" 200 259 "https://wordpress-610281-1991885.cloudwaysapps.com/wp-cron.php?doing_wp_cron=1624438710.6021358966827392578125" "WordPress/5.7.2; https://wordpress-610281-1991885.cloudwaysapps.com"
146.185.59.194 - - [23/Jun/2021:08:58:30 +0000] "POST /wp-admin/admin-ajax.php HTTP/1.0" 200 602 "https://wordpress-610281-1991885.cloudwaysapps.com/wp-admin/post.php?post=1141&action=edit" "Mozilla/5.0 (Windows NT 10.0; Win64; x64) AppleWebKit/537.36 (KHTML, like Gecko) Chrome/91.0.4472.114 Safari/537.36"
176.229.204.135 - - [23/Jun/2021:08:58:34 +0000] "POST /wp-admin/admin-ajax.php HTTP/1.0" 200 549 "http://wordpress-610281-1991885.cloudwaysapps.com/wp-admin/" "Mozilla/5.0 (Windows NT 10.0; Win64; x64) AppleWebKit/537.36 (KHTML, like Gecko) Chrome/91.0.4472.77 Safari/537.36"
127.0.0.1 - - [23/Jun/2021:09:00:31 +0000] "POST /wp-cron.php?doing_wp_cron=1624438831.6405110359191894531250 HTTP/1.0" 200 259 "https://wordpress-610281-1991885.cloudwaysapps.com/wp-cron.php?doing_wp_cron=1624438831.6405110359191894531250" "WordPress/5.7.2; https://wordpress-610281-1991885.cloudwaysapps.com"
146.185.59.194 - - [23/Jun/2021:09:00:31 +0000] "POST /wp-admin/admin-ajax.php HTTP/1.0" 200 602 "https://wordpress-610281-1991885.cloudwaysapps.com/wp-admin/post.php?post=1141&action=edit" "Mozilla/5.0 (Windows NT 10.0; Win64; x64) AppleWebKit/537.36 (KHTML, like Gecko) Chrome/91.0.4472.114 Safari/537.36"
176.229.204.135 - - [23/Jun/2021:09:00:35 +0000] "POST /wp-admin/admin-ajax.php HTTP/1.0" 200 549 "http://wordpress-610281-1991885.cloudwaysapps.com/wp-admin/" "Mozilla/5.0 (Windows NT 10.0; Win64; x64) AppleWebKit/537.36 (KHTML, like Gecko) Chrome/91.0.4472.77 Safari/537.36"
127.0.0.1 - - [23/Jun/2021:09:01:28 +0000] "POST /wp-cron.php?doing_wp_cron=1624438888.9893279075622558593750 HTTP/1.0" 200 259 "http://wordpress-610281-1991885.cloudwaysapps.com/wp-cron.php?doing_wp_cron=1624438888.9893279075622558593750" "WordPress/5.7.2; http://wordpress-610281-1991885.cloudwaysapps.com"
146.185.59.194 - - [23/Jun/2021:09:01:28 +0000] "GET /exam/%d7%9e%d7%91%d7%97%d7%9f-%d7%a7%d7%a9%d7%94/ HTTP/1.0" 200 14881 "-" "Mozilla/5.0 (Windows NT 10.0; Win64; x64) AppleWebKit/537.36 (KHTML, like Gecko) Chrome/91.0.4472.114 Safari/537.36"
146.185.59.194 - - [23/Jun/2021:09:01:29 +0000] "POST /?wc-ajax=get_refreshed_fragments HTTP/1.0" 200 3448 "http://wordpress-610281-1991885.cloudwaysapps.com/exam/%d7%9e%d7%91%d7%97%d7%9f-%d7%a7%d7%a9%d7%94/" "Mozilla/5.0 (Windows NT 10.0; Win64; x64) AppleWebKit/537.36 (KHTML, like Gecko) Chrome/91.0.4472.114 Safari/537.36"
146.185.59.194 - - [23/Jun/2021:09:01:29 +0000] "POST /?wc-ajax=get_refreshed_fragments HTTP/1.0" 200 3448 "http://wordpress-610281-1991885.cloudwaysapps.com/exam/%d7%91%d7%93%d7%99%d7%a7%d7%94-10-2/?uniqe_id=73a87860-9487-4f32-95f7-a2e8fb14936f" "Mozilla/5.0 (Windows NT 10.0; Win64; x64) AppleWebKit/537.36 (KHTML, like Gecko) Chrome/91.0.4472.114 Safari/537.36"
127.0.0.1 - - [23/Jun/2021:09:02:07 +0000] "POST /wp-cron.php?doing_wp_cron=1624438927.0069549083709716796875 HTTP/1.0" 200 259 "http://wordpress-610281-1991885.cloudwaysapps.com/wp-cron.php?doing_wp_cron=1624438927.0069549083709716796875" "WordPress/5.7.2; http://wordpress-610281-1991885.cloudwaysapps.com"
146.185.59.194 - - [23/Jun/2021:09:02:32 +0000] "POST /wp-admin/admin-ajax.php HTTP/1.0" 200 602 "https://wordpress-610281-1991885.cloudwaysapps.com/wp-admin/post.php?post=1141&action=edit" "Mozilla/5.0 (Windows NT 10.0; Win64; x64) AppleWebKit/537.36 (KHTML, like Gecko) Chrome/91.0.4472.114 Safari/537.36"
176.229.204.135 - - [23/Jun/2021:09:02:36 +0000] "POST /wp-admin/admin-ajax.php HTTP/1.0" 200 549 "http://wordpress-610281-1991885.cloudwaysapps.com/wp-admin/" "Mozilla/5.0 (Windows NT 10.0; Win64; x64) AppleWebKit/537.36 (KHTML, like Gecko) Chrome/91.0.4472.77 Safari/537.36"
127.0.0.1 - - [23/Jun/2021:09:04:33 +0000] "POST /wp-cron.php?doing_wp_cron=1624439073.6164469718933105468750 HTTP/1.0" 200 259 "https://wordpress-610281-1991885.cloudwaysapps.com/wp-cron.php?doing_wp_cron=1624439073.6164469718933105468750" "WordPress/5.7.2; https://wordpress-610281-1991885.cloudwaysapps.com"
146.185.59.194 - - [23/Jun/2021:09:04:33 +0000] "POST /wp-admin/admin-ajax.php HTTP/1.0" 200 602 "https://wordpress-610281-1991885.cloudwaysapps.com/wp-admin/post.php?post=1141&action=edit" "Mozilla/5.0 (Windows NT 10.0; Win64; x64) AppleWebKit/537.36 (KHTML, like Gecko) Chrome/91.0.4472.114 Safari/537.36"
176.229.204.135 - - [23/Jun/2021:09:04:37 +0000] "POST /wp-admin/admin-ajax.php HTTP/1.0" 200 549 "http://wordpress-610281-1991885.cloudwaysapps.com/wp-admin/" "Mozilla/5.0 (Windows NT 10.0; Win64; x64) AppleWebKit/537.36 (KHTML, like Gecko) Chrome/91.0.4472.77 Safari/537.36"
127.0.0.1 - - [23/Jun/2021:09:06:34 +0000] "POST /wp-cron.php?doing_wp_cron=1624439194.6109120845794677734375 HTTP/1.0" 200 259 "https://wordpress-610281-1991885.cloudwaysapps.com/wp-cron.php?doing_wp_cron=1624439194.6109120845794677734375" "WordPress/5.7.2; https://wordpress-610281-1991885.cloudwaysapps.com"
146.185.59.194 - - [23/Jun/2021:09:06:34 +0000] "POST /wp-admin/admin-ajax.php HTTP/1.0" 200 602 "https://wordpress-610281-1991885.cloudwaysapps.com/wp-admin/post.php?post=1141&action=edit" "Mozilla/5.0 (Windows NT 10.0; Win64; x64) AppleWebKit/537.36 (KHTML, like Gecko) Chrome/91.0.4472.114 Safari/537.36"
176.229.204.135 - - [23/Jun/2021:09:06:38 +0000] "POST /wp-admin/admin-ajax.php HTTP/1.0" 200 549 "http://wordpress-610281-1991885.cloudwaysapps.com/wp-admin/" "Mozilla/5.0 (Windows NT 10.0; Win64; x64) AppleWebKit/537.36 (KHTML, like Gecko) Chrome/91.0.4472.77 Safari/537.36"
127.0.0.1 - - [23/Jun/2021:09:07:40 +0000] "POST /wp-cron.php?doing_wp_cron=1624439260.6795740127563476562500 HTTP/1.0" 200 259 "http://wordpress-610281-1991885.cloudwaysapps.com/wp-cron.php?doing_wp_cron=1624439260.6795740127563476562500" "WordPress/5.7.2; http://wordpress-610281-1991885.cloudwaysapps.com"
146.185.59.194 - - [23/Jun/2021:09:07:40 +0000] "GET /exam/%d7%9e%d7%91%d7%97%d7%9f-%d7%a7%d7%a9%d7%94/ HTTP/1.0" 200 6214 "-" "Mozilla/5.0 (Windows NT 10.0; Win64; x64) AppleWebKit/537.36 (KHTML, like Gecko) Chrome/91.0.4472.114 Safari/537.36"
127.0.0.1 - - [23/Jun/2021:09:08:35 +0000] "POST /wp-cron.php?doing_wp_cron=1624439315.6660609245300292968750 HTTP/1.0" 200 259 "https://wordpress-610281-1991885.cloudwaysapps.com/wp-cron.php?doing_wp_cron=1624439315.6660609245300292968750" "WordPress/5.7.2; https://wordpress-610281-1991885.cloudwaysapps.com"
146.185.59.194 - - [23/Jun/2021:09:08:35 +0000] "POST /wp-admin/admin-ajax.php HTTP/1.0" 200 602 "https://wordpress-610281-1991885.cloudwaysapps.com/wp-admin/post.php?post=1141&action=edit" "Mozilla/5.0 (Windows NT 10.0; Win64; x64) AppleWebKit/537.36 (KHTML, like Gecko) Chrome/91.0.4472.114 Safari/537.36"
176.229.204.135 - - [23/Jun/2021:09:08:39 +0000] "POST /wp-admin/admin-ajax.php HTTP/1.0" 200 549 "http://wordpress-610281-1991885.cloudwaysapps.com/wp-admin/" "Mozilla/5.0 (Windows NT 10.0; Win64; x64) AppleWebKit/537.36 (KHTML, like Gecko) Chrome/91.0.4472.77 Safari/537.36"
127.0.0.1 - - [23/Jun/2021:09:10:32 +0000] "POST /wp-cron.php?doing_wp_cron=1624439432.4285309314727783203125 HTTP/1.0" 200 259 "http://wordpress-610281-1991885.cloudwaysapps.com/wp-cron.php?doing_wp_cron=1624439432.4285309314727783203125" "WordPress/5.7.2; http://wordpress-610281-1991885.cloudwaysapps.com"
146.185.59.194 - - [23/Jun/2021:09:10:32 +0000] "GET /exam/%d7%9e%d7%91%d7%97%d7%9f-%d7%a7%d7%a9%d7%94/ HTTP/1.0" 200 14881 "-" "Mozilla/5.0 (Windows NT 10.0; Win64; x64) AppleWebKit/537.36 (KHTML, like Gecko) Chrome/91.0.4472.114 Safari/537.36"
146.185.59.194 - - [23/Jun/2021:09:10:36 +0000] "POST /wp-admin/admin-ajax.php HTTP/1.0" 200 602 "https://wordpress-610281-1991885.cloudwaysapps.com/wp-admin/post.php?post=1141&action=edit" "Mozilla/5.0 (Windows NT 10.0; Win64; x64) AppleWebKit/537.36 (KHTML, like Gecko) Chrome/91.0.4472.114 Safari/537.36"
176.229.204.135 - - [23/Jun/2021:09:10:40 +0000] "POST /wp-admin/admin-ajax.php HTTP/1.0" 200 549 "http://wordpress-610281-1991885.cloudwaysapps.com/wp-admin/" "Mozilla/5.0 (Windows NT 10.0; Win64; x64) AppleWebKit/537.36 (KHTML, like Gecko) Chrome/91.0.4472.77 Safari/537.36"
127.0.0.1 - - [23/Jun/2021:09:12:37 +0000] "POST /wp-cron.php?doing_wp_cron=1624439557.7108600139617919921875 HTTP/1.0" 200 259 "https://wordpress-610281-1991885.cloudwaysapps.com/wp-cron.php?doing_wp_cron=1624439557.7108600139617919921875" "WordPress/5.7.2; https://wordpress-610281-1991885.cloudwaysapps.com"
146.185.59.194 - - [23/Jun/2021:09:12:37 +0000] "POST /wp-admin/admin-ajax.php HTTP/1.0" 200 602 "https://wordpress-610281-1991885.cloudwaysapps.com/wp-admin/post.php?post=1141&action=edit" "Mozilla/5.0 (Windows NT 10.0; Win64; x64) AppleWebKit/537.36 (KHTML, like Gecko) Chrome/91.0.4472.114 Safari/537.36"
176.229.204.135 - - [23/Jun/2021:09:12:41 +0000] "POST /wp-admin/admin-ajax.php HTTP/1.0" 200 549 "http://wordpress-610281-1991885.cloudwaysapps.com/wp-admin/" "Mozilla/5.0 (Windows NT 10.0; Win64; x64) AppleWebKit/537.36 (KHTML, like Gecko) Chrome/91.0.4472.77 Safari/537.36"
127.0.0.1 - - [23/Jun/2021:09:13:08 +0000] "POST /wp-cron.php?doing_wp_cron=1624439588.0792109966278076171875 HTTP/1.0" 200 259 "http://wordpress-610281-1991885.cloudwaysapps.com/wp-cron.php?doing_wp_cron=1624439588.0792109966278076171875" "WordPress/5.7.2; http://wordpress-610281-1991885.cloudwaysapps.com"
146.185.59.194 - - [23/Jun/2021:09:13:07 +0000] "GET /exam/%d7%9e%d7%91%d7%97%d7%9f-%d7%a7%d7%a9%d7%94/ HTTP/1.0" 200 14881 "-" "Mozilla/5.0 (Windows NT 10.0; Win64; x64) AppleWebKit/537.36 (KHTML, like Gecko) Chrome/91.0.4472.114 Safari/537.36"
127.0.0.1 - - [23/Jun/2021:09:14:38 +0000] "POST /wp-cron.php?doing_wp_cron=1624439678.8084731101989746093750 HTTP/1.0" 200 259 "https://wordpress-610281-1991885.cloudwaysapps.com/wp-cron.php?doing_wp_cron=1624439678.8084731101989746093750" "WordPress/5.7.2; https://wordpress-610281-1991885.cloudwaysapps.com"
146.185.59.194 - - [23/Jun/2021:09:14:38 +0000] "POST /wp-admin/admin-ajax.php HTTP/1.0" 200 602 "https://wordpress-610281-1991885.cloudwaysapps.com/wp-admin/post.php?post=1141&action=edit" "Mozilla/5.0 (Windows NT 10.0; Win64; x64) AppleWebKit/537.36 (KHTML, like Gecko) Chrome/91.0.4472.114 Safari/537.36"
176.229.204.135 - - [23/Jun/2021:09:14:42 +0000] "POST /wp-admin/admin-ajax.php HTTP/1.0" 200 549 "http://wordpress-610281-1991885.cloudwaysapps.com/wp-admin/" "Mozilla/5.0 (Windows NT 10.0; Win64; x64) AppleWebKit/537.36 (KHTML, like Gecko) Chrome/91.0.4472.77 Safari/537.36"
146.185.59.194 - - [23/Jun/2021:09:14:48 +0000] "GET /exam/%d7%9e%d7%91%d7%97%d7%9f-%d7%a7%d7%a9%d7%94/ HTTP/1.0" 200 14881 "-" "Mozilla/5.0 (Windows NT 10.0; Win64; x64) AppleWebKit/537.36 (KHTML, like Gecko) Chrome/91.0.4472.114 Safari/537.36"
127.0.0.1 - - [23/Jun/2021:09:16:39 +0000] "POST /wp-cron.php?doing_wp_cron=1624439799.6102399826049804687500 HTTP/1.0" 200 259 "https://wordpress-610281-1991885.cloudwaysapps.com/wp-cron.php?doing_wp_cron=1624439799.6102399826049804687500" "WordPress/5.7.2; https://wordpress-610281-1991885.cloudwaysapps.com"
146.185.59.194 - - [23/Jun/2021:09:16:39 +0000] "POST /wp-admin/admin-ajax.php HTTP/1.0" 200 602 "https://wordpress-610281-1991885.cloudwaysapps.com/wp-admin/post.php?post=1141&action=edit" "Mozilla/5.0 (Windows NT 10.0; Win64; x64) AppleWebKit/537.36 (KHTML, like Gecko) Chrome/91.0.4472.114 Safari/537.36"
176.229.204.135 - - [23/Jun/2021:09:16:43 +0000] "POST /wp-admin/admin-ajax.php HTTP/1.0" 200 549 "http://wordpress-610281-1991885.cloudwaysapps.com/wp-admin/" "Mozilla/5.0 (Windows NT 10.0; Win64; x64) AppleWebKit/537.36 (KHTML, like Gecko) Chrome/91.0.4472.77 Safari/537.36"
127.0.0.1 - - [23/Jun/2021:09:16:53 +0000] "POST /wp-cron.php?doing_wp_cron=1624439813.0124840736389160156250 HTTP/1.0" 200 259 "http://wordpress-610281-1991885.cloudwaysapps.com/wp-cron.php?doing_wp_cron=1624439813.0124840736389160156250" "WordPress/5.7.2; http://wordpress-610281-1991885.cloudwaysapps.com"
146.185.59.194 - - [23/Jun/2021:09:16:52 +0000] "GET /exam/%d7%9e%d7%91%d7%97%d7%9f-%d7%a7%d7%a9%d7%94/ HTTP/1.0" 200 14881 "-" "Mozilla/5.0 (Windows NT 10.0; Win64; x64) AppleWebKit/537.36 (KHTML, like Gecko) Chrome/91.0.4472.114 Safari/537.36"
127.0.0.1 - - [23/Jun/2021:09:18:40 +0000] "POST /wp-cron.php?doing_wp_cron=1624439920.6630780696868896484375 HTTP/1.0" 200 259 "https://wordpress-610281-1991885.cloudwaysapps.com/wp-cron.php?doing_wp_cron=1624439920.6630780696868896484375" "WordPress/5.7.2; https://wordpress-610281-1991885.cloudwaysapps.com"
146.185.59.194 - - [23/Jun/2021:09:18:40 +0000] "POST /wp-admin/admin-ajax.php HTTP/1.0" 200 602 "https://wordpress-610281-1991885.cloudwaysapps.com/wp-admin/post.php?post=1141&action=edit" "Mozilla/5.0 (Windows NT 10.0; Win64; x64) AppleWebKit/537.36 (KHTML, like Gecko) Chrome/91.0.4472.114 Safari/537.36"
176.229.204.135 - - [23/Jun/2021:09:18:44 +0000] "POST /wp-admin/admin-ajax.php HTTP/1.0" 200 549 "http://wordpress-610281-1991885.cloudwaysapps.com/wp-admin/" "Mozilla/5.0 (Windows NT 10.0; Win64; x64) AppleWebKit/537.36 (KHTML, like Gecko) Chrome/91.0.4472.77 Safari/537.36"
127.0.0.1 - - [23/Jun/2021:09:18:58 +0000] "POST /wp-cron.php?doing_wp_cron=1624439937.9935510158538818359375 HTTP/1.0" 200 259 "http://wordpress-610281-1991885.cloudwaysapps.com/wp-cron.php?doing_wp_cron=1624439937.9935510158538818359375" "WordPress/5.7.2; http://wordpress-610281-1991885.cloudwaysapps.com"
146.185.59.194 - - [23/Jun/2021:09:18:57 +0000] "GET /exam/%d7%9e%d7%91%d7%97%d7%9f-%d7%a7%d7%a9%d7%94/ HTTP/1.0" 200 14886 "-" "Mozilla/5.0 (Windows NT 10.0; Win64; x64) AppleWebKit/537.36 (KHTML, like Gecko) Chrome/91.0.4472.114 Safari/537.36"
146.185.59.194 - - [23/Jun/2021:09:19:13 +0000] "POST /wp-admin/admin-ajax.php HTTP/1.0" 200 602 "https://wordpress-610281-1991885.cloudwaysapps.com/wp-admin/post.php?post=1141&action=edit" "Mozilla/5.0 (Windows NT 10.0; Win64; x64) AppleWebKit/537.36 (KHTML, like Gecko) Chrome/91.0.4472.114 Safari/537.36"
146.185.59.194 - - [23/Jun/2021:09:19:14 +0000] "GET /wp-admin/users.php HTTP/1.0" 200 29814 "https://wordpress-610281-1991885.cloudwaysapps.com/wp-admin/post.php?post=1141&action=edit" "Mozilla/5.0 (Windows NT 10.0; Win64; x64) AppleWebKit/537.36 (KHTML, like Gecko) Chrome/91.0.4472.114 Safari/537.36"
146.185.59.194 - - [23/Jun/2021:09:19:15 +0000] "POST /wp-admin/admin-ajax.php HTTP/1.0" 200 584 "https://wordpress-610281-1991885.cloudwaysapps.com/wp-admin/post.php?post=1141&action=edit" "Mozilla/5.0 (Windows NT 10.0; Win64; x64) AppleWebKit/537.36 (KHTML, like Gecko) Chrome/91.0.4472.114 Safari/537.36"
146.185.59.194 - - [23/Jun/2021:09:19:22 +0000] "GET /wp-admin/users.php?s=&_wpnonce=bbaeb82e13&_wp_http_referer=%2Fwp-admin%2Fusers.php&action=-1&new_role=subscriber&changeit=%D7%9C%D7%A9%D7%A0%D7%95%D7%AA&paged=1&users%5B%5D=99&action2=-1&new_role2=subscriber HTTP/1.0" 302 403 "https://wordpress-610281-1991885.cloudwaysapps.com/wp-admin/users.php" "Mozilla/5.0 (Windows NT 10.0; Win64; x64) AppleWebKit/537.36 (KHTML, like Gecko) Chrome/91.0.4472.114 Safari/537.36"
146.185.59.194 - - [23/Jun/2021:09:19:22 +0000] "GET /wp-admin/users.php?update=promote HTTP/1.0" 200 29856 "https://wordpress-610281-1991885.cloudwaysapps.com/wp-admin/users.php" "Mozilla/5.0 (Windows NT 10.0; Win64; x64) AppleWebKit/537.36 (KHTML, like Gecko) Chrome/91.0.4472.114 Safari/537.36"
146.185.59.194 - - [23/Jun/2021:09:19:28 +0000] "GET /exam/%d7%9e%d7%91%d7%97%d7%9f-%d7%a7%d7%a9%d7%94/ HTTP/1.0" 200 14885 "-" "Mozilla/5.0 (Windows NT 10.0; Win64; x64) AppleWebKit/537.36 (KHTML, like Gecko) Chrome/91.0.4472.114 Safari/537.36"
127.0.0.1 - - [23/Jun/2021:09:19:59 +0000] "POST /wp-cron.php?doing_wp_cron=1624439999.8616559505462646484375 HTTP/1.0" 200 259 "https://wordpress-610281-1991885.cloudwaysapps.com/wp-cron.php?doing_wp_cron=1624439999.8616559505462646484375" "WordPress/5.7.2; https://wordpress-610281-1991885.cloudwaysapps.com"
146.185.59.194 - - [23/Jun/2021:09:19:59 +0000] "GET /wp-admin/users.php?s=&_wpnonce=bbaeb82e13&_wp_http_referer=%2Fwp-admin%2Fusers.php%3Fupdate%3Dpromote&action=-1&new_role=past_customer&changeit=%D7%9C%D7%A9%D7%A0%D7%95%D7%AA&paged=1&users%5B%5D=99&action2=-1&new_role2=past_customer HTTP/1.0" 302 403 "https://wordpress-610281-1991885.cloudwaysapps.com/wp-admin/users.php" "Mozilla/5.0 (Windows NT 10.0; Win64; x64) AppleWebKit/537.36 (KHTML, like Gecko) Chrome/91.0.4472.114 Safari/537.36"
146.185.59.194 - - [23/Jun/2021:09:20:00 +0000] "GET /wp-admin/users.php?update=promote HTTP/1.0" 200 29876 "https://wordpress-610281-1991885.cloudwaysapps.com/wp-admin/users.php" "Mozilla/5.0 (Windows NT 10.0; Win64; x64) AppleWebKit/537.36 (KHTML, like Gecko) Chrome/91.0.4472.114 Safari/537.36"
146.185.59.194 - - [23/Jun/2021:09:20:03 +0000] "GET /wp-login.php?action=login_as_user&user_id=99&back_url=%2F%2Fwordpress-610281-1991885.cloudwaysapps.com%2Fwp-admin%2Fusers.php%3Fupdate%3Dpromote&_wpnonce=658ad18bc4 HTTP/1.0" 302 4026 "https://wordpress-610281-1991885.cloudwaysapps.com/wp-admin/users.php" "Mozilla/5.0 (Windows NT 10.0; Win64; x64) AppleWebKit/537.36 (KHTML, like Gecko) Chrome/91.0.4472.114 Safari/537.36"
146.185.59.194 - - [23/Jun/2021:09:20:04 +0000] "GET /?logged_in_as_user=true HTTP/1.0" 200 8433 "https://wordpress-610281-1991885.cloudwaysapps.com/wp-admin/users.php" "Mozilla/5.0 (Windows NT 10.0; Win64; x64) AppleWebKit/537.36 (KHTML, like Gecko) Chrome/91.0.4472.114 Safari/537.36"
146.185.59.194 - - [23/Jun/2021:09:20:05 +0000] "POST /?wc-ajax=get_refreshed_fragments HTTP/1.0" 200 916 "https://wordpress-610281-1991885.cloudwaysapps.com/?logged_in_as_user=true" "Mozilla/5.0 (Windows NT 10.0; Win64; x64) AppleWebKit/537.36 (KHTML, like Gecko) Chrome/91.0.4472.114 Safari/537.36"
146.185.59.194 - - [23/Jun/2021:09:20:07 +0000] "GET /dashboard HTTP/1.0" 301 373 "https://wordpress-610281-1991885.cloudwaysapps.com/?logged_in_as_user=true" "Mozilla/5.0 (Windows NT 10.0; Win64; x64) AppleWebKit/537.36 (KHTML, like Gecko) Chrome/91.0.4472.114 Safari/537.36"
146.185.59.194 - - [23/Jun/2021:09:20:07 +0000] "GET /dashboard/ HTTP/1.0" 200 10407 "https://wordpress-610281-1991885.cloudwaysapps.com/?logged_in_as_user=true" "Mozilla/5.0 (Windows NT 10.0; Win64; x64) AppleWebKit/537.36 (KHTML, like Gecko) Chrome/91.0.4472.114 Safari/537.36"
146.185.59.194 - - [23/Jun/2021:09:20:11 +0000] "GET /all-tests HTTP/1.0" 301 373 "https://wordpress-610281-1991885.cloudwaysapps.com/dashboard/" "Mozilla/5.0 (Windows NT 10.0; Win64; x64) AppleWebKit/537.36 (KHTML, like Gecko) Chrome/91.0.4472.114 Safari/537.36"
146.185.59.194 - - [23/Jun/2021:09:20:11 +0000] "GET /all-tests/ HTTP/1.0" 200 6456 "https://wordpress-610281-1991885.cloudwaysapps.com/dashboard/" "Mozilla/5.0 (Windows NT 10.0; Win64; x64) AppleWebKit/537.36 (KHTML, like Gecko) Chrome/91.0.4472.114 Safari/537.36"
146.185.59.194 - - [23/Jun/2021:09:20:12 +0000] "GET /test-page/?id=1141 HTTP/1.0" 200 7000 "https://wordpress-610281-1991885.cloudwaysapps.com/all-tests/" "Mozilla/5.0 (Windows NT 10.0; Win64; x64) AppleWebKit/537.36 (KHTML, like Gecko) Chrome/91.0.4472.114 Safari/537.36"
146.185.59.194 - - [23/Jun/2021:09:20:24 +0000] "GET /exam/%d7%9e%d7%91%d7%97%d7%9f-%d7%a7%d7%a9%d7%94/ HTTP/1.0" 200 13026 "-" "Mozilla/5.0 (Windows NT 10.0; Win64; x64) AppleWebKit/537.36 (KHTML, like Gecko) Chrome/91.0.4472.114 Safari/537.36"
146.185.59.194 - - [23/Jun/2021:09:20:24 +0000] "POST /?wc-ajax=get_refreshed_fragments HTTP/1.0" 200 721 "http://wordpress-610281-1991885.cloudwaysapps.com/exam/%d7%9e%d7%91%d7%97%d7%9f-%d7%a7%d7%a9%d7%94/" "Mozilla/5.0 (Windows NT 10.0; Win64; x64) AppleWebKit/537.36 (KHTML, like Gecko) Chrome/91.0.4472.114 Safari/537.36"
146.185.59.194 - - [23/Jun/2021:09:20:25 +0000] "POST /?wc-ajax=get_refreshed_fragments HTTP/1.0" 200 721 "http://wordpress-610281-1991885.cloudwaysapps.com/exam/%d7%91%d7%93%d7%99%d7%a7%d7%94-10-2/?uniqe_id=73a87860-9487-4f32-95f7-a2e8fb14936f" "Mozilla/5.0 (Windows NT 10.0; Win64; x64) AppleWebKit/537.36 (KHTML, like Gecko) Chrome/91.0.4472.114 Safari/537.36"
146.185.59.194 - - [23/Jun/2021:09:20:34 +0000] "GET /wp-login.php?action=login_as_olduser&_wpnonce=f51317f288 HTTP/1.0" 302 3714 "https://wordpress-610281-1991885.cloudwaysapps.com/test-page/?id=1141" "Mozilla/5.0 (Windows NT 10.0; Win64; x64) AppleWebKit/537.36 (KHTML, like Gecko) Chrome/91.0.4472.114 Safari/537.36"
146.185.59.194 - - [23/Jun/2021:09:20:35 +0000] "GET /wp-admin/users.php?update=promote&logged_in_as_user=true HTTP/1.0" 302 508 "-" "Mozilla/5.0 (Windows NT 10.0; Win64; x64) AppleWebKit/537.36 (KHTML, like Gecko) Chrome/91.0.4472.114 Safari/537.36"
146.185.59.194 - - [23/Jun/2021:09:20:35 +0000] "GET /wp-login.php?redirect_to=http%3A%2F%2Fwordpress-610281-1991885.cloudwaysapps.com%2Fwp-admin%2Fusers.php%3Fupdate%3Dpromote%26logged_in_as_user%3Dtrue&reauth=1 HTTP/1.0" 200 5263 "-" "Mozilla/5.0 (Windows NT 10.0; Win64; x64) AppleWebKit/537.36 (KHTML, like Gecko) Chrome/91.0.4472.114 Safari/537.36"
176.229.204.135 - - [23/Jun/2021:09:20:45 +0000] "POST /wp-admin/admin-ajax.php HTTP/1.0" 200 549 "http://wordpress-610281-1991885.cloudwaysapps.com/wp-admin/" "Mozilla/5.0 (Windows NT 10.0; Win64; x64) AppleWebKit/537.36 (KHTML, like Gecko) Chrome/91.0.4472.77 Safari/537.36"
127.0.0.1 - - [23/Jun/2021:09:22:46 +0000] "POST /wp-cron.php?doing_wp_cron=1624440166.5709049701690673828125 HTTP/1.0" 200 259 "http://wordpress-610281-1991885.cloudwaysapps.com/wp-cron.php?doing_wp_cron=1624440166.5709049701690673828125" "WordPress/5.7.2; http://wordpress-610281-1991885.cloudwaysapps.com"
176.229.204.135 - - [23/Jun/2021:09:22:46 +0000] "POST /wp-admin/admin-ajax.php HTTP/1.0" 200 549 "http://wordpress-610281-1991885.cloudwaysapps.com/wp-admin/" "Mozilla/5.0 (Windows NT 10.0; Win64; x64) AppleWebKit/537.36 (KHTML, like Gecko) Chrome/91.0.4472.77 Safari/537.36"
127.0.0.1 - - [23/Jun/2021:09:22:57 +0000] "POST /wp-cron.php?doing_wp_cron=1624440177.9790289402008056640625 HTTP/1.0" 200 259 "http://wordpress-610281-1991885.cloudwaysapps.com/wp-cron.php?doing_wp_cron=1624440177.9790289402008056640625" "WordPress/5.7.2; http://wordpress-610281-1991885.cloudwaysapps.com"
146.185.59.194 - - [23/Jun/2021:09:22:57 +0000] "POST /wp-login.php HTTP/1.0" 302 1787 "http://wordpress-610281-1991885.cloudwaysapps.com/wp-login.php?redirect_to=http%3A%2F%2Fwordpress-610281-1991885.cloudwaysapps.com%2Fwp-admin%2Fusers.php%3Fupdate%3Dpromote%26logged_in_as_user%3Dtrue&reauth=1" "Mozilla/5.0 (Windows NT 10.0; Win64; x64) AppleWebKit/537.36 (KHTML, like Gecko) Chrome/91.0.4472.114 Safari/537.36"
146.185.59.194 - - [23/Jun/2021:09:22:58 +0000] "GET / HTTP/1.0" 200 10205 "http://wordpress-610281-1991885.cloudwaysapps.com/wp-login.php?redirect_to=http%3A%2F%2Fwordpress-610281-1991885.cloudwaysapps.com%2Fwp-admin%2Fusers.php%3Fupdate%3Dpromote%26logged_in_as_user%3Dtrue&reauth=1" "Mozilla/5.0 (Windows NT 10.0; Win64; x64) AppleWebKit/537.36 (KHTML, like Gecko) Chrome/91.0.4472.114 Safari/537.36"
146.185.59.194 - - [23/Jun/2021:09:22:58 +0000] "POST /?wc-ajax=get_refreshed_fragments HTTP/1.0" 200 3448 "http://wordpress-610281-1991885.cloudwaysapps.com/" "Mozilla/5.0 (Windows NT 10.0; Win64; x64) AppleWebKit/537.36 (KHTML, like Gecko) Chrome/91.0.4472.114 Safari/537.36"
146.185.59.194 - - [23/Jun/2021:09:22:59 +0000] "POST /?wc-ajax=get_refreshed_fragments HTTP/1.0" 200 3448 "http://wordpress-610281-1991885.cloudwaysapps.com/exam/%d7%91%d7%93%d7%99%d7%a7%d7%94-10-2/?uniqe_id=73a87860-9487-4f32-95f7-a2e8fb14936f" "Mozilla/5.0 (Windows NT 10.0; Win64; x64) AppleWebKit/537.36 (KHTML, like Gecko) Chrome/91.0.4472.114 Safari/537.36"
146.185.59.194 - - [23/Jun/2021:09:23:09 +0000] "GET /%d7%a8%d7%9b%d7%99%d7%a9%d7%aa-%d7%97%d7%91%d7%99%d7%9c%d7%95%d7%aa/ HTTP/1.0" 200 9400 "http://wordpress-610281-1991885.cloudwaysapps.com/" "Mozilla/5.0 (Windows NT 10.0; Win64; x64) AppleWebKit/537.36 (KHTML, like Gecko) Chrome/91.0.4472.114 Safari/537.36"
127.0.0.1 - - [23/Jun/2021:09:24:47 +0000] "POST /wp-cron.php?doing_wp_cron=1624440287.5693390369415283203125 HTTP/1.0" 200 259 "http://wordpress-610281-1991885.cloudwaysapps.com/wp-cron.php?doing_wp_cron=1624440287.5693390369415283203125" "WordPress/5.7.2; http://wordpress-610281-1991885.cloudwaysapps.com"
176.229.204.135 - - [23/Jun/2021:09:24:47 +0000] "POST /wp-admin/admin-ajax.php HTTP/1.0" 200 549 "http://wordpress-610281-1991885.cloudwaysapps.com/wp-admin/" "Mozilla/5.0 (Windows NT 10.0; Win64; x64) AppleWebKit/537.36 (KHTML, like Gecko) Chrome/91.0.4472.77 Safari/537.36"
127.0.0.1 - - [23/Jun/2021:09:26:48 +0000] "POST /wp-cron.php?doing_wp_cron=1624440408.5928220748901367187500 HTTP/1.0" 200 259 "http://wordpress-610281-1991885.cloudwaysapps.com/wp-cron.php?doing_wp_cron=1624440408.5928220748901367187500" "WordPress/5.7.2; http://wordpress-610281-1991885.cloudwaysapps.com"
176.229.204.135 - - [23/Jun/2021:09:26:48 +0000] "POST /wp-admin/admin-ajax.php HTTP/1.0" 200 549 "http://wordpress-610281-1991885.cloudwaysapps.com/wp-admin/" "Mozilla/5.0 (Windows NT 10.0; Win64; x64) AppleWebKit/537.36 (KHTML, like Gecko) Chrome/91.0.4472.77 Safari/537.36"
127.0.0.1 - - [23/Jun/2021:09:28:49 +0000] "POST /wp-cron.php?doing_wp_cron=1624440529.6266710758209228515625 HTTP/1.0" 200 259 "http://wordpress-610281-1991885.cloudwaysapps.com/wp-cron.php?doing_wp_cron=1624440529.6266710758209228515625" "WordPress/5.7.2; http://wordpress-610281-1991885.cloudwaysapps.com"
176.229.204.135 - - [23/Jun/2021:09:28:49 +0000] "POST /wp-admin/admin-ajax.php HTTP/1.0" 200 549 "http://wordpress-610281-1991885.cloudwaysapps.com/wp-admin/" "Mozilla/5.0 (Windows NT 10.0; Win64; x64) AppleWebKit/537.36 (KHTML, like Gecko) Chrome/91.0.4472.77 Safari/537.36"
127.0.0.1 - - [23/Jun/2021:09:30:50 +0000] "POST /wp-cron.php?doing_wp_cron=1624440650.7691769599914550781250 HTTP/1.0" 200 259 "http://wordpress-610281-1991885.cloudwaysapps.com/wp-cron.php?doing_wp_cron=1624440650.7691769599914550781250" "WordPress/5.7.2; http://wordpress-610281-1991885.cloudwaysapps.com"
176.229.204.135 - - [23/Jun/2021:09:30:50 +0000] "POST /wp-admin/admin-ajax.php HTTP/1.0" 200 549 "http://wordpress-610281-1991885.cloudwaysapps.com/wp-admin/" "Mozilla/5.0 (Windows NT 10.0; Win64; x64) AppleWebKit/537.36 (KHTML, like Gecko) Chrome/91.0.4472.77 Safari/537.36"
127.0.0.1 - - [23/Jun/2021:09:32:51 +0000] "POST /wp-cron.php?doing_wp_cron=1624440771.5973269939422607421875 HTTP/1.0" 200 259 "http://wordpress-610281-1991885.cloudwaysapps.com/wp-cron.php?doing_wp_cron=1624440771.5973269939422607421875" "WordPress/5.7.2; http://wordpress-610281-1991885.cloudwaysapps.com"
176.229.204.135 - - [23/Jun/2021:09:32:51 +0000] "POST /wp-admin/admin-ajax.php HTTP/1.0" 200 549 "http://wordpress-610281-1991885.cloudwaysapps.com/wp-admin/" "Mozilla/5.0 (Windows NT 10.0; Win64; x64) AppleWebKit/537.36 (KHTML, like Gecko) Chrome/91.0.4472.77 Safari/537.36"
127.0.0.1 - - [23/Jun/2021:09:34:52 +0000] "POST /wp-cron.php?doing_wp_cron=1624440892.6057629585266113281250 HTTP/1.0" 200 259 "http://wordpress-610281-1991885.cloudwaysapps.com/wp-cron.php?doing_wp_cron=1624440892.6057629585266113281250" "WordPress/5.7.2; http://wordpress-610281-1991885.cloudwaysapps.com"
176.229.204.135 - - [23/Jun/2021:09:34:52 +0000] "POST /wp-admin/admin-ajax.php HTTP/1.0" 200 549 "http://wordpress-610281-1991885.cloudwaysapps.com/wp-admin/" "Mozilla/5.0 (Windows NT 10.0; Win64; x64) AppleWebKit/537.36 (KHTML, like Gecko) Chrome/91.0.4472.77 Safari/537.36"
