127.0.0.1 - - [22/Jun/2021:12:18:01 +0000] "POST /wp-cron.php?doing_wp_cron=1624364281.6572320461273193359375 HTTP/1.0" 200 259 "http://wordpress-610281-1991885.cloudwaysapps.com/wp-cron.php?doing_wp_cron=1624364281.6572320461273193359375" "WordPress/5.7.2; http://wordpress-610281-1991885.cloudwaysapps.com"
146.185.59.194 - - [22/Jun/2021:12:18:01 +0000] "POST /wp-admin/admin-ajax.php HTTP/1.0" 200 549 "http://wordpress-610281-1991885.cloudwaysapps.com/wp-admin/users.php" "Mozilla/5.0 (Windows NT 10.0; Win64; x64) AppleWebKit/537.36 (KHTML, like Gecko) Chrome/91.0.4472.106 Safari/537.36"
127.0.0.1 - - [22/Jun/2021:12:19:01 +0000] "POST /wp-cron.php?doing_wp_cron=1624364341.3176219463348388671875 HTTP/1.0" 200 259 "http://wordpress-610281-1991885.cloudwaysapps.com/wp-cron.php?doing_wp_cron=1624364341.3176219463348388671875" "WordPress/5.7.2; http://wordpress-610281-1991885.cloudwaysapps.com"
146.185.59.194 - - [22/Jun/2021:12:19:01 +0000] "POST /wp-admin/admin-ajax.php HTTP/1.0" 200 549 "http://wordpress-610281-1991885.cloudwaysapps.com/wp-admin/users.php" "Mozilla/5.0 (Windows NT 10.0; Win64; x64) AppleWebKit/537.36 (KHTML, like Gecko) Chrome/91.0.4472.106 Safari/537.36"
127.0.0.1 - - [22/Jun/2021:12:20:01 +0000] "POST /wp-cron.php?doing_wp_cron=1624364401.4963541030883789062500 HTTP/1.0" 200 259 "http://wordpress-610281-1991885.cloudwaysapps.com/wp-cron.php?doing_wp_cron=1624364401.4963541030883789062500" "WordPress/5.7.2; http://wordpress-610281-1991885.cloudwaysapps.com"
146.185.59.194 - - [22/Jun/2021:12:20:01 +0000] "POST /wp-admin/admin-ajax.php HTTP/1.0" 200 549 "http://wordpress-610281-1991885.cloudwaysapps.com/wp-admin/users.php" "Mozilla/5.0 (Windows NT 10.0; Win64; x64) AppleWebKit/537.36 (KHTML, like Gecko) Chrome/91.0.4472.106 Safari/537.36"
127.0.0.1 - - [22/Jun/2021:12:21:01 +0000] "POST /wp-cron.php?doing_wp_cron=1624364461.7265980243682861328125 HTTP/1.0" 200 259 "http://wordpress-610281-1991885.cloudwaysapps.com/wp-cron.php?doing_wp_cron=1624364461.7265980243682861328125" "WordPress/5.7.2; http://wordpress-610281-1991885.cloudwaysapps.com"
146.185.59.194 - - [22/Jun/2021:12:21:01 +0000] "POST /wp-admin/admin-ajax.php HTTP/1.0" 200 549 "http://wordpress-610281-1991885.cloudwaysapps.com/wp-admin/users.php" "Mozilla/5.0 (Windows NT 10.0; Win64; x64) AppleWebKit/537.36 (KHTML, like Gecko) Chrome/91.0.4472.106 Safari/537.36"
146.185.59.194 - - [22/Jun/2021:12:21:51 +0000] "GET /wp-login.php?action=login_as_user&user_id=99&back_url=%2F%2Fwordpress-610281-1991885.cloudwaysapps.com%2Fwp-admin%2Fusers.php&_wpnonce=57c0b12bc5 HTTP/1.0" 302 3951 "http://wordpress-610281-1991885.cloudwaysapps.com/wp-admin/users.php" "Mozilla/5.0 (Windows NT 10.0; Win64; x64) AppleWebKit/537.36 (KHTML, like Gecko) Chrome/91.0.4472.106 Safari/537.36"
127.0.0.1 - - [22/Jun/2021:12:21:51 +0000] "POST /wp-cron.php?doing_wp_cron=1624364511.7625870704650878906250 HTTP/1.0" 200 259 "http://wordpress-610281-1991885.cloudwaysapps.com/wp-cron.php?doing_wp_cron=1624364511.7625870704650878906250" "WordPress/5.7.2; http://wordpress-610281-1991885.cloudwaysapps.com"
146.185.59.194 - - [22/Jun/2021:12:21:51 +0000] "GET /?logged_in_as_user=true HTTP/1.0" 200 8434 "http://wordpress-610281-1991885.cloudwaysapps.com/wp-admin/users.php" "Mozilla/5.0 (Windows NT 10.0; Win64; x64) AppleWebKit/537.36 (KHTML, like Gecko) Chrome/91.0.4472.106 Safari/537.36"
146.185.59.194 - - [22/Jun/2021:12:21:54 +0000] "GET /dashboard HTTP/1.0" 301 372 "http://wordpress-610281-1991885.cloudwaysapps.com/?logged_in_as_user=true" "Mozilla/5.0 (Windows NT 10.0; Win64; x64) AppleWebKit/537.36 (KHTML, like Gecko) Chrome/91.0.4472.106 Safari/537.36"
146.185.59.194 - - [22/Jun/2021:12:21:55 +0000] "GET /dashboard/ HTTP/1.0" 200 10301 "http://wordpress-610281-1991885.cloudwaysapps.com/?logged_in_as_user=true" "Mozilla/5.0 (Windows NT 10.0; Win64; x64) AppleWebKit/537.36 (KHTML, like Gecko) Chrome/91.0.4472.106 Safari/537.36"
176.229.204.135 - - [22/Jun/2021:12:22:01 +0000] "GET /wp-admin/ HTTP/1.0" 200 37022 "http://wordpress-610281-1991885.cloudwaysapps.com/contact/" "Mozilla/5.0 (Windows NT 10.0; Win64; x64) AppleWebKit/537.36 (KHTML, like Gecko) Chrome/91.0.4472.77 Safari/537.36"
176.229.204.135 - - [22/Jun/2021:12:22:05 +0000] "GET /wp-content/plugins/woocommerce/assets/fonts/WooCommerce.woff HTTP/1.0" 304 145 "http://wordpress-610281-1991885.cloudwaysapps.com/wp-content/plugins/woocommerce/assets/css/menu-rtl.css?ver=5.3.0" "Mozilla/5.0 (Windows NT 10.0; Win64; x64) AppleWebKit/537.36 (KHTML, like Gecko) Chrome/91.0.4472.77 Safari/537.36"
176.229.204.135 - - [22/Jun/2021:12:22:06 +0000] "POST /wp-admin/admin-ajax.php HTTP/1.0" 200 594 "http://wordpress-610281-1991885.cloudwaysapps.com/wp-admin/" "Mozilla/5.0 (Windows NT 10.0; Win64; x64) AppleWebKit/537.36 (KHTML, like Gecko) Chrome/91.0.4472.77 Safari/537.36"
176.229.204.135 - - [22/Jun/2021:12:22:06 +0000] "POST /wp-admin/admin-ajax.php HTTP/1.0" 200 594 "http://wordpress-610281-1991885.cloudwaysapps.com/wp-admin/" "Mozilla/5.0 (Windows NT 10.0; Win64; x64) AppleWebKit/537.36 (KHTML, like Gecko) Chrome/91.0.4472.77 Safari/537.36"
176.229.204.135 - - [22/Jun/2021:12:22:06 +0000] "POST /wp-admin/admin-ajax.php HTTP/1.0" 200 2070 "http://wordpress-610281-1991885.cloudwaysapps.com/wp-admin/" "Mozilla/5.0 (Windows NT 10.0; Win64; x64) AppleWebKit/537.36 (KHTML, like Gecko) Chrome/91.0.4472.77 Safari/537.36"
127.0.0.1 - - [22/Jun/2021:12:23:07 +0000] "POST /wp-cron.php?doing_wp_cron=1624364587.5792360305786132812500 HTTP/1.0" 200 259 "http://wordpress-610281-1991885.cloudwaysapps.com/wp-cron.php?doing_wp_cron=1624364587.5792360305786132812500" "WordPress/5.7.2; http://wordpress-610281-1991885.cloudwaysapps.com"
176.229.204.135 - - [22/Jun/2021:12:23:07 +0000] "GET /wp-admin/edit.php?post_type=page HTTP/1.0" 200 34618 "http://wordpress-610281-1991885.cloudwaysapps.com/wp-admin/" "Mozilla/5.0 (Windows NT 10.0; Win64; x64) AppleWebKit/537.36 (KHTML, like Gecko) Chrome/91.0.4472.77 Safari/537.36"
176.229.204.135 - - [22/Jun/2021:12:23:12 +0000] "POST /wp-admin/admin-ajax.php HTTP/1.0" 200 549 "http://wordpress-610281-1991885.cloudwaysapps.com/wp-admin/edit.php?post_type=page" "Mozilla/5.0 (Windows NT 10.0; Win64; x64) AppleWebKit/537.36 (KHTML, like Gecko) Chrome/91.0.4472.77 Safari/537.36"
176.229.204.135 - - [22/Jun/2021:12:23:27 +0000] "POST /wp-admin/admin-ajax.php HTTP/1.0" 200 549 "http://wordpress-610281-1991885.cloudwaysapps.com/wp-admin/edit.php?post_type=page" "Mozilla/5.0 (Windows NT 10.0; Win64; x64) AppleWebKit/537.36 (KHTML, like Gecko) Chrome/91.0.4472.77 Safari/537.36"
176.229.204.135 - - [22/Jun/2021:12:23:42 +0000] "POST /wp-admin/admin-ajax.php HTTP/1.0" 200 549 "http://wordpress-610281-1991885.cloudwaysapps.com/wp-admin/edit.php?post_type=page" "Mozilla/5.0 (Windows NT 10.0; Win64; x64) AppleWebKit/537.36 (KHTML, like Gecko) Chrome/91.0.4472.77 Safari/537.36"
127.0.0.1 - - [22/Jun/2021:12:23:57 +0000] "POST /wp-cron.php?doing_wp_cron=1624364637.6561069488525390625000 HTTP/1.0" 200 259 "http://wordpress-610281-1991885.cloudwaysapps.com/wp-cron.php?doing_wp_cron=1624364637.6561069488525390625000" "WordPress/5.7.2; http://wordpress-610281-1991885.cloudwaysapps.com"
176.229.204.135 - - [22/Jun/2021:12:23:57 +0000] "POST /wp-admin/admin-ajax.php HTTP/1.0" 200 549 "http://wordpress-610281-1991885.cloudwaysapps.com/wp-admin/edit.php?post_type=page" "Mozilla/5.0 (Windows NT 10.0; Win64; x64) AppleWebKit/537.36 (KHTML, like Gecko) Chrome/91.0.4472.77 Safari/537.36"
176.229.204.135 - - [22/Jun/2021:12:24:09 +0000] "GET /wp-admin/edit.php?post_type=question HTTP/1.0" 200 32471 "http://wordpress-610281-1991885.cloudwaysapps.com/wp-admin/edit.php?post_type=page" "Mozilla/5.0 (Windows NT 10.0; Win64; x64) AppleWebKit/537.36 (KHTML, like Gecko) Chrome/91.0.4472.77 Safari/537.36"
176.229.204.135 - - [22/Jun/2021:12:24:10 +0000] "POST /wp-admin/admin-ajax.php HTTP/1.0" 200 549 "http://wordpress-610281-1991885.cloudwaysapps.com/wp-admin/edit.php?post_type=question" "Mozilla/5.0 (Windows NT 10.0; Win64; x64) AppleWebKit/537.36 (KHTML, like Gecko) Chrome/91.0.4472.77 Safari/537.36"
176.229.204.135 - - [22/Jun/2021:12:24:13 +0000] "GET /wp-admin/post-new.php?post_type=question HTTP/1.0" 200 43598 "http://wordpress-610281-1991885.cloudwaysapps.com/wp-admin/edit.php?post_type=question" "Mozilla/5.0 (Windows NT 10.0; Win64; x64) AppleWebKit/537.36 (KHTML, like Gecko) Chrome/91.0.4472.77 Safari/537.36"
176.229.204.135 - - [22/Jun/2021:12:24:30 +0000] "POST /wp-admin/admin-ajax.php HTTP/1.0" 200 601 "http://wordpress-610281-1991885.cloudwaysapps.com/wp-admin/post-new.php?post_type=question" "Mozilla/5.0 (Windows NT 10.0; Win64; x64) AppleWebKit/537.36 (KHTML, like Gecko) Chrome/91.0.4472.77 Safari/537.36"
127.0.0.1 - - [22/Jun/2021:12:24:59 +0000] "POST /wp-cron.php?doing_wp_cron=1624364699.4357080459594726562500 HTTP/1.0" 200 259 "http://wordpress-610281-1991885.cloudwaysapps.com/wp-cron.php?doing_wp_cron=1624364699.4357080459594726562500" "WordPress/5.7.2; http://wordpress-610281-1991885.cloudwaysapps.com"
176.229.204.135 - - [22/Jun/2021:12:24:59 +0000] "POST /wp-admin/admin-ajax.php HTTP/1.0" 200 601 "http://wordpress-610281-1991885.cloudwaysapps.com/wp-admin/post-new.php?post_type=question" "Mozilla/5.0 (Windows NT 10.0; Win64; x64) AppleWebKit/537.36 (KHTML, like Gecko) Chrome/91.0.4472.77 Safari/537.36"
176.229.204.135 - - [22/Jun/2021:12:25:14 +0000] "POST /wp-admin/admin-ajax.php HTTP/1.0" 200 601 "http://wordpress-610281-1991885.cloudwaysapps.com/wp-admin/post-new.php?post_type=question" "Mozilla/5.0 (Windows NT 10.0; Win64; x64) AppleWebKit/537.36 (KHTML, like Gecko) Chrome/91.0.4472.77 Safari/537.36"
176.229.204.135 - - [22/Jun/2021:12:25:29 +0000] "POST /wp-admin/admin-ajax.php HTTP/1.0" 200 601 "http://wordpress-610281-1991885.cloudwaysapps.com/wp-admin/post-new.php?post_type=question" "Mozilla/5.0 (Windows NT 10.0; Win64; x64) AppleWebKit/537.36 (KHTML, like Gecko) Chrome/91.0.4472.77 Safari/537.36"
127.0.0.1 - - [22/Jun/2021:12:27:29 +0000] "POST /wp-cron.php?doing_wp_cron=1624364849.9469690322875976562500 HTTP/1.0" 200 259 "http://wordpress-610281-1991885.cloudwaysapps.com/wp-cron.php?doing_wp_cron=1624364849.9469690322875976562500" "WordPress/5.7.2; http://wordpress-610281-1991885.cloudwaysapps.com"
176.229.204.135 - - [22/Jun/2021:12:27:29 +0000] "POST /wp-admin/admin-ajax.php HTTP/1.0" 200 601 "http://wordpress-610281-1991885.cloudwaysapps.com/wp-admin/post-new.php?post_type=question" "Mozilla/5.0 (Windows NT 10.0; Win64; x64) AppleWebKit/537.36 (KHTML, like Gecko) Chrome/91.0.4472.77 Safari/537.36"
127.0.0.1 - - [22/Jun/2021:12:27:51 +0000] "POST /wp-cron.php?doing_wp_cron=1624364871.3678119182586669921875 HTTP/1.0" 200 259 "http://wordpress-610281-1991885.cloudwaysapps.com/wp-cron.php?doing_wp_cron=1624364871.3678119182586669921875" "WordPress/5.7.2; http://wordpress-610281-1991885.cloudwaysapps.com"
176.229.204.135 - - [22/Jun/2021:12:27:51 +0000] "POST /wp-admin/admin-ajax.php HTTP/1.0" 200 601 "http://wordpress-610281-1991885.cloudwaysapps.com/wp-admin/post-new.php?post_type=question" "Mozilla/5.0 (Windows NT 10.0; Win64; x64) AppleWebKit/537.36 (KHTML, like Gecko) Chrome/91.0.4472.77 Safari/537.36"
176.229.204.135 - - [22/Jun/2021:12:27:53 +0000] "POST /wp-admin/admin-ajax.php HTTP/1.0" 200 549 "http://wordpress-610281-1991885.cloudwaysapps.com/wp-admin/edit.php?post_type=question" "Mozilla/5.0 (Windows NT 10.0; Win64; x64) AppleWebKit/537.36 (KHTML, like Gecko) Chrome/91.0.4472.77 Safari/537.36"
176.229.204.135 - - [22/Jun/2021:12:28:11 +0000] "POST /wp-admin/admin-ajax.php HTTP/1.0" 200 549 "http://wordpress-610281-1991885.cloudwaysapps.com/wp-admin/edit.php?post_type=question" "Mozilla/5.0 (Windows NT 10.0; Win64; x64) AppleWebKit/537.36 (KHTML, like Gecko) Chrome/91.0.4472.77 Safari/537.36"
127.0.0.1 - - [22/Jun/2021:12:29:22 +0000] "POST /wp-cron.php?doing_wp_cron=1624364962.5727748870849609375000 HTTP/1.0" 200 259 "http://wordpress-610281-1991885.cloudwaysapps.com/wp-cron.php?doing_wp_cron=1624364962.5727748870849609375000" "WordPress/5.7.2; http://wordpress-610281-1991885.cloudwaysapps.com"
176.229.204.135 - - [22/Jun/2021:12:29:22 +0000] "POST /wp-admin/admin-ajax.php HTTP/1.0" 200 549 "http://wordpress-610281-1991885.cloudwaysapps.com/wp-admin/edit.php?post_type=question" "Mozilla/5.0 (Windows NT 10.0; Win64; x64) AppleWebKit/537.36 (KHTML, like Gecko) Chrome/91.0.4472.77 Safari/537.36"
176.229.204.135 - - [22/Jun/2021:12:29:23 +0000] "GET /wp-admin/post-new.php?post_type=question HTTP/1.0" 200 43599 "http://wordpress-610281-1991885.cloudwaysapps.com/wp-admin/edit.php?post_type=question" "Mozilla/5.0 (Windows NT 10.0; Win64; x64) AppleWebKit/537.36 (KHTML, like Gecko) Chrome/91.0.4472.77 Safari/537.36"
176.229.204.135 - - [22/Jun/2021:12:29:31 +0000] "POST /wp-admin/admin-ajax.php HTTP/1.0" 200 720 "http://wordpress-610281-1991885.cloudwaysapps.com/wp-admin/post-new.php?post_type=question" "Mozilla/5.0 (Windows NT 10.0; Win64; x64) AppleWebKit/537.36 (KHTML, like Gecko) Chrome/91.0.4472.77 Safari/537.36"
176.229.204.135 - - [22/Jun/2021:12:29:31 +0000] "POST /wp-admin/admin-ajax.php HTTP/1.0" 200 900 "http://wordpress-610281-1991885.cloudwaysapps.com/wp-admin/post-new.php?post_type=question" "Mozilla/5.0 (Windows NT 10.0; Win64; x64) AppleWebKit/537.36 (KHTML, like Gecko) Chrome/91.0.4472.77 Safari/537.36"
176.229.204.135 - - [22/Jun/2021:12:29:33 +0000] "GET /wp-admin/admin-ajax.php?action=ajax-tag-search&tax=category_question&q=%D7%99%D7%9B%D7%95 HTTP/1.0" 200 506 "http://wordpress-610281-1991885.cloudwaysapps.com/wp-admin/post-new.php?post_type=question" "Mozilla/5.0 (Windows NT 10.0; Win64; x64) AppleWebKit/537.36 (KHTML, like Gecko) Chrome/91.0.4472.77 Safari/537.36"
176.229.204.135 - - [22/Jun/2021:12:29:37 +0000] "POST /wp-admin/admin-ajax.php HTTP/1.0" 200 1558 "http://wordpress-610281-1991885.cloudwaysapps.com/wp-admin/post-new.php?post_type=question" "Mozilla/5.0 (Windows NT 10.0; Win64; x64) AppleWebKit/537.36 (KHTML, like Gecko) Chrome/91.0.4472.77 Safari/537.36"
176.229.204.135 - - [22/Jun/2021:12:29:46 +0000] "POST /wp-admin/admin-ajax.php HTTP/1.0" 200 601 "http://wordpress-610281-1991885.cloudwaysapps.com/wp-admin/post-new.php?post_type=question" "Mozilla/5.0 (Windows NT 10.0; Win64; x64) AppleWebKit/537.36 (KHTML, like Gecko) Chrome/91.0.4472.77 Safari/537.36"
127.0.0.1 - - [22/Jun/2021:12:30:01 +0000] "POST /wp-cron.php?doing_wp_cron=1624365001.8029129505157470703125 HTTP/1.0" 200 259 "http://wordpress-610281-1991885.cloudwaysapps.com/wp-cron.php?doing_wp_cron=1624365001.8029129505157470703125" "WordPress/5.7.2; http://wordpress-610281-1991885.cloudwaysapps.com"
176.229.204.135 - - [22/Jun/2021:12:30:01 +0000] "POST /wp-admin/admin-ajax.php HTTP/1.0" 200 601 "http://wordpress-610281-1991885.cloudwaysapps.com/wp-admin/post-new.php?post_type=question" "Mozilla/5.0 (Windows NT 10.0; Win64; x64) AppleWebKit/537.36 (KHTML, like Gecko) Chrome/91.0.4472.77 Safari/537.36"
176.229.204.135 - - [22/Jun/2021:12:30:16 +0000] "POST /wp-admin/admin-ajax.php HTTP/1.0" 200 601 "http://wordpress-610281-1991885.cloudwaysapps.com/wp-admin/post-new.php?post_type=question" "Mozilla/5.0 (Windows NT 10.0; Win64; x64) AppleWebKit/537.36 (KHTML, like Gecko) Chrome/91.0.4472.77 Safari/537.36"
176.229.204.135 - - [22/Jun/2021:12:30:31 +0000] "POST /wp-admin/admin-ajax.php HTTP/1.0" 200 601 "http://wordpress-610281-1991885.cloudwaysapps.com/wp-admin/post-new.php?post_type=question" "Mozilla/5.0 (Windows NT 10.0; Win64; x64) AppleWebKit/537.36 (KHTML, like Gecko) Chrome/91.0.4472.77 Safari/537.36"
176.229.204.135 - - [22/Jun/2021:12:30:34 +0000] "POST /wp-admin/admin-ajax.php HTTP/1.0" 200 548 "http://wordpress-610281-1991885.cloudwaysapps.com/wp-admin/post-new.php?post_type=question&wp-post-new-reload=true" "Mozilla/5.0 (Windows NT 10.0; Win64; x64) AppleWebKit/537.36 (KHTML, like Gecko) Chrome/91.0.4472.77 Safari/537.36"
176.229.204.135 - - [22/Jun/2021:12:30:35 +0000] "POST /wp-admin/post.php HTTP/1.0" 302 587 "http://wordpress-610281-1991885.cloudwaysapps.com/wp-admin/post-new.php?post_type=question&wp-post-new-reload=true&wp-post-new-reload=true" "Mozilla/5.0 (Windows NT 10.0; Win64; x64) AppleWebKit/537.36 (KHTML, like Gecko) Chrome/91.0.4472.77 Safari/537.36"
176.229.204.135 - - [22/Jun/2021:12:30:35 +0000] "GET /wp-admin/post.php?post=1075&action=edit&message=6 HTTP/1.0" 200 44261 "http://wordpress-610281-1991885.cloudwaysapps.com/wp-admin/post-new.php?post_type=question&wp-post-new-reload=true&wp-post-new-reload=true" "Mozilla/5.0 (Windows NT 10.0; Win64; x64) AppleWebKit/537.36 (KHTML, like Gecko) Chrome/91.0.4472.77 Safari/537.36"
176.229.204.135 - - [22/Jun/2021:12:30:37 +0000] "GET /wp-admin/admin-ajax.php?action=oembed-cache&post=1075 HTTP/1.0" 200 463 "http://wordpress-610281-1991885.cloudwaysapps.com/wp-admin/post.php?post=1075&action=edit" "Mozilla/5.0 (Windows NT 10.0; Win64; x64) AppleWebKit/537.36 (KHTML, like Gecko) Chrome/91.0.4472.77 Safari/537.36"
176.229.204.135 - - [22/Jun/2021:12:30:40 +0000] "GET /wp-admin/post-new.php?post_type=question HTTP/1.0" 200 43611 "http://wordpress-610281-1991885.cloudwaysapps.com/wp-admin/post.php?post=1075&action=edit" "Mozilla/5.0 (Windows NT 10.0; Win64; x64) AppleWebKit/537.36 (KHTML, like Gecko) Chrome/91.0.4472.77 Safari/537.36"
176.229.204.135 - - [22/Jun/2021:12:30:45 +0000] "POST /wp-admin/admin-ajax.php HTTP/1.0" 200 583 "http://wordpress-610281-1991885.cloudwaysapps.com/wp-admin/post.php?post=1075&action=edit" "Mozilla/5.0 (Windows NT 10.0; Win64; x64) AppleWebKit/537.36 (KHTML, like Gecko) Chrome/91.0.4472.77 Safari/537.36"
176.229.204.135 - - [22/Jun/2021:12:30:47 +0000] "GET /wp-admin/admin-ajax.php?action=ajax-tag-search&tax=category_question&q=%D7%99%D7%9B HTTP/1.0" 200 506 "http://wordpress-610281-1991885.cloudwaysapps.com/wp-admin/post-new.php?post_type=question" "Mozilla/5.0 (Windows NT 10.0; Win64; x64) AppleWebKit/537.36 (KHTML, like Gecko) Chrome/91.0.4472.77 Safari/537.36"
176.229.204.135 - - [22/Jun/2021:12:30:48 +0000] "POST /wp-admin/admin-ajax.php HTTP/1.0" 200 720 "http://wordpress-610281-1991885.cloudwaysapps.com/wp-admin/post-new.php?post_type=question" "Mozilla/5.0 (Windows NT 10.0; Win64; x64) AppleWebKit/537.36 (KHTML, like Gecko) Chrome/91.0.4472.77 Safari/537.36"
127.0.0.1 - - [22/Jun/2021:12:30:50 +0000] "POST /wp-cron.php?doing_wp_cron=1624365050.4755239486694335937500 HTTP/1.0" 200 259 "http://wordpress-610281-1991885.cloudwaysapps.com/wp-cron.php?doing_wp_cron=1624365050.4755239486694335937500" "WordPress/5.7.2; http://wordpress-610281-1991885.cloudwaysapps.com"
176.229.204.135 - - [22/Jun/2021:12:30:50 +0000] "POST /wp-admin/admin-ajax.php HTTP/1.0" 200 900 "http://wordpress-610281-1991885.cloudwaysapps.com/wp-admin/post-new.php?post_type=question" "Mozilla/5.0 (Windows NT 10.0; Win64; x64) AppleWebKit/537.36 (KHTML, like Gecko) Chrome/91.0.4472.77 Safari/537.36"
176.229.204.135 - - [22/Jun/2021:12:30:51 +0000] "POST /wp-admin/admin-ajax.php HTTP/1.0" 200 1558 "http://wordpress-610281-1991885.cloudwaysapps.com/wp-admin/post-new.php?post_type=question" "Mozilla/5.0 (Windows NT 10.0; Win64; x64) AppleWebKit/537.36 (KHTML, like Gecko) Chrome/91.0.4472.77 Safari/537.36"
176.229.204.135 - - [22/Jun/2021:12:31:01 +0000] "POST /wp-admin/admin-ajax.php HTTP/1.0" 200 601 "http://wordpress-610281-1991885.cloudwaysapps.com/wp-admin/post-new.php?post_type=question" "Mozilla/5.0 (Windows NT 10.0; Win64; x64) AppleWebKit/537.36 (KHTML, like Gecko) Chrome/91.0.4472.77 Safari/537.36"
176.229.204.135 - - [22/Jun/2021:12:31:16 +0000] "POST /wp-admin/admin-ajax.php HTTP/1.0" 200 601 "http://wordpress-610281-1991885.cloudwaysapps.com/wp-admin/post-new.php?post_type=question" "Mozilla/5.0 (Windows NT 10.0; Win64; x64) AppleWebKit/537.36 (KHTML, like Gecko) Chrome/91.0.4472.77 Safari/537.36"
176.229.204.135 - - [22/Jun/2021:12:31:31 +0000] "POST /wp-admin/admin-ajax.php HTTP/1.0" 200 601 "http://wordpress-610281-1991885.cloudwaysapps.com/wp-admin/post-new.php?post_type=question" "Mozilla/5.0 (Windows NT 10.0; Win64; x64) AppleWebKit/537.36 (KHTML, like Gecko) Chrome/91.0.4472.77 Safari/537.36"
176.229.204.135 - - [22/Jun/2021:12:31:46 +0000] "POST /wp-admin/admin-ajax.php HTTP/1.0" 200 601 "http://wordpress-610281-1991885.cloudwaysapps.com/wp-admin/post-new.php?post_type=question" "Mozilla/5.0 (Windows NT 10.0; Win64; x64) AppleWebKit/537.36 (KHTML, like Gecko) Chrome/91.0.4472.77 Safari/537.36"
127.0.0.1 - - [22/Jun/2021:12:32:01 +0000] "POST /wp-cron.php?doing_wp_cron=1624365121.6978709697723388671875 HTTP/1.0" 200 259 "http://wordpress-610281-1991885.cloudwaysapps.com/wp-cron.php?doing_wp_cron=1624365121.6978709697723388671875" "WordPress/5.7.2; http://wordpress-610281-1991885.cloudwaysapps.com"
176.229.204.135 - - [22/Jun/2021:12:32:01 +0000] "POST /wp-admin/admin-ajax.php HTTP/1.0" 200 601 "http://wordpress-610281-1991885.cloudwaysapps.com/wp-admin/post-new.php?post_type=question" "Mozilla/5.0 (Windows NT 10.0; Win64; x64) AppleWebKit/537.36 (KHTML, like Gecko) Chrome/91.0.4472.77 Safari/537.36"
176.229.204.135 - - [22/Jun/2021:12:32:16 +0000] "POST /wp-admin/admin-ajax.php HTTP/1.0" 200 601 "http://wordpress-610281-1991885.cloudwaysapps.com/wp-admin/post-new.php?post_type=question" "Mozilla/5.0 (Windows NT 10.0; Win64; x64) AppleWebKit/537.36 (KHTML, like Gecko) Chrome/91.0.4472.77 Safari/537.36"
176.229.204.135 - - [22/Jun/2021:12:32:31 +0000] "POST /wp-admin/admin-ajax.php HTTP/1.0" 200 601 "http://wordpress-610281-1991885.cloudwaysapps.com/wp-admin/post-new.php?post_type=question" "Mozilla/5.0 (Windows NT 10.0; Win64; x64) AppleWebKit/537.36 (KHTML, like Gecko) Chrome/91.0.4472.77 Safari/537.36"
176.229.204.135 - - [22/Jun/2021:12:32:41 +0000] "POST /wp-admin/admin-ajax.php HTTP/1.0" 200 548 "http://wordpress-610281-1991885.cloudwaysapps.com/wp-admin/post-new.php?post_type=question&wp-post-new-reload=true" "Mozilla/5.0 (Windows NT 10.0; Win64; x64) AppleWebKit/537.36 (KHTML, like Gecko) Chrome/91.0.4472.77 Safari/537.36"
176.229.204.135 - - [22/Jun/2021:12:32:41 +0000] "POST /wp-admin/post.php HTTP/1.0" 302 587 "http://wordpress-610281-1991885.cloudwaysapps.com/wp-admin/post-new.php?post_type=question&wp-post-new-reload=true&wp-post-new-reload=true" "Mozilla/5.0 (Windows NT 10.0; Win64; x64) AppleWebKit/537.36 (KHTML, like Gecko) Chrome/91.0.4472.77 Safari/537.36"
176.229.204.135 - - [22/Jun/2021:12:32:42 +0000] "GET /wp-admin/post.php?post=1076&action=edit&message=6 HTTP/1.0" 200 44231 "http://wordpress-610281-1991885.cloudwaysapps.com/wp-admin/post-new.php?post_type=question&wp-post-new-reload=true&wp-post-new-reload=true" "Mozilla/5.0 (Windows NT 10.0; Win64; x64) AppleWebKit/537.36 (KHTML, like Gecko) Chrome/91.0.4472.77 Safari/537.36"
176.229.204.135 - - [22/Jun/2021:12:32:43 +0000] "GET /wp-admin/admin-ajax.php?action=oembed-cache&post=1076 HTTP/1.0" 200 463 "http://wordpress-610281-1991885.cloudwaysapps.com/wp-admin/post.php?post=1076&action=edit" "Mozilla/5.0 (Windows NT 10.0; Win64; x64) AppleWebKit/537.36 (KHTML, like Gecko) Chrome/91.0.4472.77 Safari/537.36"
127.0.0.1 - - [22/Jun/2021:12:32:50 +0000] "POST /wp-cron.php?doing_wp_cron=1624365170.5403609275817871093750 HTTP/1.0" 200 259 "http://wordpress-610281-1991885.cloudwaysapps.com/wp-cron.php?doing_wp_cron=1624365170.5403609275817871093750" "WordPress/5.7.2; http://wordpress-610281-1991885.cloudwaysapps.com"
176.229.204.135 - - [22/Jun/2021:12:32:50 +0000] "GET /wp-admin/post-new.php?post_type=question HTTP/1.0" 200 43607 "http://wordpress-610281-1991885.cloudwaysapps.com/wp-admin/post.php?post=1076&action=edit" "Mozilla/5.0 (Windows NT 10.0; Win64; x64) AppleWebKit/537.36 (KHTML, like Gecko) Chrome/91.0.4472.77 Safari/537.36"
176.229.204.135 - - [22/Jun/2021:12:32:51 +0000] "POST /wp-admin/admin-ajax.php HTTP/1.0" 200 583 "http://wordpress-610281-1991885.cloudwaysapps.com/wp-admin/post.php?post=1076&action=edit" "Mozilla/5.0 (Windows NT 10.0; Win64; x64) AppleWebKit/537.36 (KHTML, like Gecko) Chrome/91.0.4472.77 Safari/537.36"
176.229.204.135 - - [22/Jun/2021:12:32:56 +0000] "POST /wp-admin/admin-ajax.php HTTP/1.0" 200 720 "http://wordpress-610281-1991885.cloudwaysapps.com/wp-admin/post-new.php?post_type=question" "Mozilla/5.0 (Windows NT 10.0; Win64; x64) AppleWebKit/537.36 (KHTML, like Gecko) Chrome/91.0.4472.77 Safari/537.36"
176.229.204.135 - - [22/Jun/2021:12:32:56 +0000] "POST /wp-admin/admin-ajax.php HTTP/1.0" 200 900 "http://wordpress-610281-1991885.cloudwaysapps.com/wp-admin/post-new.php?post_type=question" "Mozilla/5.0 (Windows NT 10.0; Win64; x64) AppleWebKit/537.36 (KHTML, like Gecko) Chrome/91.0.4472.77 Safari/537.36"
176.229.204.135 - - [22/Jun/2021:12:32:56 +0000] "GET /wp-admin/admin-ajax.php?action=ajax-tag-search&tax=category_question&q=%D7%99%D7%9B HTTP/1.0" 200 506 "http://wordpress-610281-1991885.cloudwaysapps.com/wp-admin/post-new.php?post_type=question" "Mozilla/5.0 (Windows NT 10.0; Win64; x64) AppleWebKit/537.36 (KHTML, like Gecko) Chrome/91.0.4472.77 Safari/537.36"
176.229.204.135 - - [22/Jun/2021:12:32:59 +0000] "POST /wp-admin/admin-ajax.php HTTP/1.0" 200 1558 "http://wordpress-610281-1991885.cloudwaysapps.com/wp-admin/post-new.php?post_type=question" "Mozilla/5.0 (Windows NT 10.0; Win64; x64) AppleWebKit/537.36 (KHTML, like Gecko) Chrome/91.0.4472.77 Safari/537.36"
176.229.204.135 - - [22/Jun/2021:12:33:11 +0000] "POST /wp-admin/admin-ajax.php HTTP/1.0" 200 601 "http://wordpress-610281-1991885.cloudwaysapps.com/wp-admin/post-new.php?post_type=question" "Mozilla/5.0 (Windows NT 10.0; Win64; x64) AppleWebKit/537.36 (KHTML, like Gecko) Chrome/91.0.4472.77 Safari/537.36"
176.229.204.135 - - [22/Jun/2021:12:33:26 +0000] "POST /wp-admin/admin-ajax.php HTTP/1.0" 200 601 "http://wordpress-610281-1991885.cloudwaysapps.com/wp-admin/post-new.php?post_type=question" "Mozilla/5.0 (Windows NT 10.0; Win64; x64) AppleWebKit/537.36 (KHTML, like Gecko) Chrome/91.0.4472.77 Safari/537.36"
176.229.204.135 - - [22/Jun/2021:12:33:41 +0000] "POST /wp-admin/admin-ajax.php HTTP/1.0" 200 601 "http://wordpress-610281-1991885.cloudwaysapps.com/wp-admin/post-new.php?post_type=question" "Mozilla/5.0 (Windows NT 10.0; Win64; x64) AppleWebKit/537.36 (KHTML, like Gecko) Chrome/91.0.4472.77 Safari/537.36"
127.0.0.1 - - [22/Jun/2021:12:33:56 +0000] "POST /wp-cron.php?doing_wp_cron=1624365236.9791851043701171875000 HTTP/1.0" 200 259 "http://wordpress-610281-1991885.cloudwaysapps.com/wp-cron.php?doing_wp_cron=1624365236.9791851043701171875000" "WordPress/5.7.2; http://wordpress-610281-1991885.cloudwaysapps.com"
176.229.204.135 - - [22/Jun/2021:12:33:56 +0000] "POST /wp-admin/admin-ajax.php HTTP/1.0" 200 601 "http://wordpress-610281-1991885.cloudwaysapps.com/wp-admin/post-new.php?post_type=question" "Mozilla/5.0 (Windows NT 10.0; Win64; x64) AppleWebKit/537.36 (KHTML, like Gecko) Chrome/91.0.4472.77 Safari/537.36"
176.229.204.135 - - [22/Jun/2021:12:34:04 +0000] "POST /wp-admin/admin-ajax.php HTTP/1.0" 200 548 "http://wordpress-610281-1991885.cloudwaysapps.com/wp-admin/post-new.php?post_type=question&wp-post-new-reload=true" "Mozilla/5.0 (Windows NT 10.0; Win64; x64) AppleWebKit/537.36 (KHTML, like Gecko) Chrome/91.0.4472.77 Safari/537.36"
176.229.204.135 - - [22/Jun/2021:12:34:05 +0000] "POST /wp-admin/post.php HTTP/1.0" 302 587 "http://wordpress-610281-1991885.cloudwaysapps.com/wp-admin/post-new.php?post_type=question&wp-post-new-reload=true&wp-post-new-reload=true" "Mozilla/5.0 (Windows NT 10.0; Win64; x64) AppleWebKit/537.36 (KHTML, like Gecko) Chrome/91.0.4472.77 Safari/537.36"
176.229.204.135 - - [22/Jun/2021:12:34:06 +0000] "GET /wp-admin/post.php?post=1077&action=edit&message=6 HTTP/1.0" 200 44245 "http://wordpress-610281-1991885.cloudwaysapps.com/wp-admin/post-new.php?post_type=question&wp-post-new-reload=true&wp-post-new-reload=true" "Mozilla/5.0 (Windows NT 10.0; Win64; x64) AppleWebKit/537.36 (KHTML, like Gecko) Chrome/91.0.4472.77 Safari/537.36"
176.229.204.135 - - [22/Jun/2021:12:34:07 +0000] "GET /wp-admin/admin-ajax.php?action=oembed-cache&post=1077 HTTP/1.0" 200 463 "http://wordpress-610281-1991885.cloudwaysapps.com/wp-admin/post.php?post=1077&action=edit" "Mozilla/5.0 (Windows NT 10.0; Win64; x64) AppleWebKit/537.36 (KHTML, like Gecko) Chrome/91.0.4472.77 Safari/537.36"
176.229.204.135 - - [22/Jun/2021:12:34:22 +0000] "POST /wp-admin/admin-ajax.php HTTP/1.0" 200 601 "http://wordpress-610281-1991885.cloudwaysapps.com/wp-admin/post.php?post=1077&action=edit" "Mozilla/5.0 (Windows NT 10.0; Win64; x64) AppleWebKit/537.36 (KHTML, like Gecko) Chrome/91.0.4472.77 Safari/537.36"
176.229.204.135 - - [22/Jun/2021:12:34:35 +0000] "GET /wp-admin/post-new.php?post_type=question HTTP/1.0" 200 43610 "http://wordpress-610281-1991885.cloudwaysapps.com/wp-admin/post.php?post=1077&action=edit" "Mozilla/5.0 (Windows NT 10.0; Win64; x64) AppleWebKit/537.36 (KHTML, like Gecko) Chrome/91.0.4472.77 Safari/537.36"
176.229.204.135 - - [22/Jun/2021:12:34:36 +0000] "POST /wp-admin/admin-ajax.php HTTP/1.0" 200 583 "http://wordpress-610281-1991885.cloudwaysapps.com/wp-admin/post.php?post=1077&action=edit" "Mozilla/5.0 (Windows NT 10.0; Win64; x64) AppleWebKit/537.36 (KHTML, like Gecko) Chrome/91.0.4472.77 Safari/537.36"
127.0.0.1 - - [22/Jun/2021:12:34:52 +0000] "POST /wp-cron.php?doing_wp_cron=1624365292.3963708877563476562500 HTTP/1.0" 200 259 "http://wordpress-610281-1991885.cloudwaysapps.com/wp-cron.php?doing_wp_cron=1624365292.3963708877563476562500" "WordPress/5.7.2; http://wordpress-610281-1991885.cloudwaysapps.com"
176.229.204.135 - - [22/Jun/2021:12:34:52 +0000] "POST /wp-admin/admin-ajax.php HTTP/1.0" 200 601 "http://wordpress-610281-1991885.cloudwaysapps.com/wp-admin/post-new.php?post_type=question" "Mozilla/5.0 (Windows NT 10.0; Win64; x64) AppleWebKit/537.36 (KHTML, like Gecko) Chrome/91.0.4472.77 Safari/537.36"
127.0.0.1 - - [22/Jun/2021:12:35:02 +0000] "POST /wp-cron.php?doing_wp_cron=1624365302.1338210105895996093750 HTTP/1.0" 200 259 "http://wordpress-610281-1991885.cloudwaysapps.com/wp-cron.php?doing_wp_cron=1624365302.1338210105895996093750" "WordPress/5.7.2; http://wordpress-610281-1991885.cloudwaysapps.com"
176.229.204.135 - - [22/Jun/2021:12:35:01 +0000] "POST /wp-admin/admin-ajax.php HTTP/1.0" 200 720 "http://wordpress-610281-1991885.cloudwaysapps.com/wp-admin/post-new.php?post_type=question" "Mozilla/5.0 (Windows NT 10.0; Win64; x64) AppleWebKit/537.36 (KHTML, like Gecko) Chrome/91.0.4472.77 Safari/537.36"
176.229.204.135 - - [22/Jun/2021:12:35:02 +0000] "POST /wp-admin/admin-ajax.php HTTP/1.0" 200 900 "http://wordpress-610281-1991885.cloudwaysapps.com/wp-admin/post-new.php?post_type=question" "Mozilla/5.0 (Windows NT 10.0; Win64; x64) AppleWebKit/537.36 (KHTML, like Gecko) Chrome/91.0.4472.77 Safari/537.36"
176.229.204.135 - - [22/Jun/2021:12:35:03 +0000] "GET /wp-admin/admin-ajax.php?action=ajax-tag-search&tax=category_question&q=%D7%99%D7%9B%D7%95%D7%9C HTTP/1.0" 200 494 "http://wordpress-610281-1991885.cloudwaysapps.com/wp-admin/post-new.php?post_type=question" "Mozilla/5.0 (Windows NT 10.0; Win64; x64) AppleWebKit/537.36 (KHTML, like Gecko) Chrome/91.0.4472.77 Safari/537.36"
127.0.0.1 - - [22/Jun/2021:12:35:05 +0000] "POST /wp-cron.php?doing_wp_cron=1624365305.6104099750518798828125 HTTP/1.0" 200 259 "http://wordpress-610281-1991885.cloudwaysapps.com/wp-cron.php?doing_wp_cron=1624365305.6104099750518798828125" "WordPress/5.7.2; http://wordpress-610281-1991885.cloudwaysapps.com"
176.229.204.135 - - [22/Jun/2021:12:35:05 +0000] "POST /wp-admin/admin-ajax.php HTTP/1.0" 200 1558 "http://wordpress-610281-1991885.cloudwaysapps.com/wp-admin/post-new.php?post_type=question" "Mozilla/5.0 (Windows NT 10.0; Win64; x64) AppleWebKit/537.36 (KHTML, like Gecko) Chrome/91.0.4472.77 Safari/537.36"
176.229.204.135 - - [22/Jun/2021:12:35:16 +0000] "POST /wp-admin/admin-ajax.php HTTP/1.0" 200 601 "http://wordpress-610281-1991885.cloudwaysapps.com/wp-admin/post-new.php?post_type=question" "Mozilla/5.0 (Windows NT 10.0; Win64; x64) AppleWebKit/537.36 (KHTML, like Gecko) Chrome/91.0.4472.77 Safari/537.36"
176.229.204.135 - - [22/Jun/2021:12:35:32 +0000] "POST /wp-admin/admin-ajax.php HTTP/1.0" 200 601 "http://wordpress-610281-1991885.cloudwaysapps.com/wp-admin/post-new.php?post_type=question" "Mozilla/5.0 (Windows NT 10.0; Win64; x64) AppleWebKit/537.36 (KHTML, like Gecko) Chrome/91.0.4472.77 Safari/537.36"
176.229.204.135 - - [22/Jun/2021:12:35:47 +0000] "POST /wp-admin/admin-ajax.php HTTP/1.0" 200 601 "http://wordpress-610281-1991885.cloudwaysapps.com/wp-admin/post-new.php?post_type=question" "Mozilla/5.0 (Windows NT 10.0; Win64; x64) AppleWebKit/537.36 (KHTML, like Gecko) Chrome/91.0.4472.77 Safari/537.36"
127.0.0.1 - - [22/Jun/2021:12:36:02 +0000] "POST /wp-cron.php?doing_wp_cron=1624365362.2909300327301025390625 HTTP/1.0" 200 259 "http://wordpress-610281-1991885.cloudwaysapps.com/wp-cron.php?doing_wp_cron=1624365362.2909300327301025390625" "WordPress/5.7.2; http://wordpress-610281-1991885.cloudwaysapps.com"
176.229.204.135 - - [22/Jun/2021:12:36:02 +0000] "POST /wp-admin/admin-ajax.php HTTP/1.0" 200 601 "http://wordpress-610281-1991885.cloudwaysapps.com/wp-admin/post-new.php?post_type=question" "Mozilla/5.0 (Windows NT 10.0; Win64; x64) AppleWebKit/537.36 (KHTML, like Gecko) Chrome/91.0.4472.77 Safari/537.36"
176.229.204.135 - - [22/Jun/2021:12:36:08 +0000] "POST /wp-admin/admin-ajax.php HTTP/1.0" 200 548 "http://wordpress-610281-1991885.cloudwaysapps.com/wp-admin/post-new.php?post_type=question&wp-post-new-reload=true" "Mozilla/5.0 (Windows NT 10.0; Win64; x64) AppleWebKit/537.36 (KHTML, like Gecko) Chrome/91.0.4472.77 Safari/537.36"
176.229.204.135 - - [22/Jun/2021:12:36:09 +0000] "POST /wp-admin/post.php HTTP/1.0" 302 587 "http://wordpress-610281-1991885.cloudwaysapps.com/wp-admin/post-new.php?post_type=question&wp-post-new-reload=true&wp-post-new-reload=true" "Mozilla/5.0 (Windows NT 10.0; Win64; x64) AppleWebKit/537.36 (KHTML, like Gecko) Chrome/91.0.4472.77 Safari/537.36"
176.229.204.135 - - [22/Jun/2021:12:36:09 +0000] "GET /wp-admin/post.php?post=1078&action=edit&message=6 HTTP/1.0" 200 44213 "http://wordpress-610281-1991885.cloudwaysapps.com/wp-admin/post-new.php?post_type=question&wp-post-new-reload=true&wp-post-new-reload=true" "Mozilla/5.0 (Windows NT 10.0; Win64; x64) AppleWebKit/537.36 (KHTML, like Gecko) Chrome/91.0.4472.77 Safari/537.36"
176.229.204.135 - - [22/Jun/2021:12:36:10 +0000] "GET /wp-admin/admin-ajax.php?action=oembed-cache&post=1078 HTTP/1.0" 200 463 "http://wordpress-610281-1991885.cloudwaysapps.com/wp-admin/post.php?post=1078&action=edit" "Mozilla/5.0 (Windows NT 10.0; Win64; x64) AppleWebKit/537.36 (KHTML, like Gecko) Chrome/91.0.4472.77 Safari/537.36"
176.229.204.135 - - [22/Jun/2021:12:36:20 +0000] "GET /wp-admin/post-new.php?post_type=question HTTP/1.0" 200 43608 "http://wordpress-610281-1991885.cloudwaysapps.com/wp-admin/post.php?post=1078&action=edit" "Mozilla/5.0 (Windows NT 10.0; Win64; x64) AppleWebKit/537.36 (KHTML, like Gecko) Chrome/91.0.4472.77 Safari/537.36"
176.229.204.135 - - [22/Jun/2021:12:36:21 +0000] "POST /wp-admin/admin-ajax.php HTTP/1.0" 200 583 "http://wordpress-610281-1991885.cloudwaysapps.com/wp-admin/post.php?post=1078&action=edit" "Mozilla/5.0 (Windows NT 10.0; Win64; x64) AppleWebKit/537.36 (KHTML, like Gecko) Chrome/91.0.4472.77 Safari/537.36"
176.229.204.135 - - [22/Jun/2021:12:36:22 +0000] "GET /wp-admin/edit.php?post_type=question HTTP/1.0" 200 32458 "http://wordpress-610281-1991885.cloudwaysapps.com/wp-admin/post-new.php?post_type=question" "Mozilla/5.0 (Windows NT 10.0; Win64; x64) AppleWebKit/537.36 (KHTML, like Gecko) Chrome/91.0.4472.77 Safari/537.36"
176.229.204.135 - - [22/Jun/2021:12:36:23 +0000] "POST /wp-admin/admin-ajax.php HTTP/1.0" 200 549 "http://wordpress-610281-1991885.cloudwaysapps.com/wp-admin/edit.php?post_type=question" "Mozilla/5.0 (Windows NT 10.0; Win64; x64) AppleWebKit/537.36 (KHTML, like Gecko) Chrome/91.0.4472.77 Safari/537.36"
176.229.204.135 - - [22/Jun/2021:12:36:26 +0000] "GET /wp-admin/post-new.php?post_type=question HTTP/1.0" 200 43596 "http://wordpress-610281-1991885.cloudwaysapps.com/wp-admin/edit.php?post_type=question" "Mozilla/5.0 (Windows NT 10.0; Win64; x64) AppleWebKit/537.36 (KHTML, like Gecko) Chrome/91.0.4472.77 Safari/537.36"
176.229.204.135 - - [22/Jun/2021:12:36:31 +0000] "POST /wp-admin/admin-ajax.php HTTP/1.0" 200 720 "http://wordpress-610281-1991885.cloudwaysapps.com/wp-admin/post-new.php?post_type=question" "Mozilla/5.0 (Windows NT 10.0; Win64; x64) AppleWebKit/537.36 (KHTML, like Gecko) Chrome/91.0.4472.77 Safari/537.36"
176.229.204.135 - - [22/Jun/2021:12:36:32 +0000] "POST /wp-admin/admin-ajax.php HTTP/1.0" 200 900 "http://wordpress-610281-1991885.cloudwaysapps.com/wp-admin/post-new.php?post_type=question" "Mozilla/5.0 (Windows NT 10.0; Win64; x64) AppleWebKit/537.36 (KHTML, like Gecko) Chrome/91.0.4472.77 Safari/537.36"
176.229.204.135 - - [22/Jun/2021:12:36:32 +0000] "GET /wp-admin/admin-ajax.php?action=ajax-tag-search&tax=category_question&q=%D7%99%D7%9B HTTP/1.0" 200 506 "http://wordpress-610281-1991885.cloudwaysapps.com/wp-admin/post-new.php?post_type=question" "Mozilla/5.0 (Windows NT 10.0; Win64; x64) AppleWebKit/537.36 (KHTML, like Gecko) Chrome/91.0.4472.77 Safari/537.36"
176.229.204.135 - - [22/Jun/2021:12:36:35 +0000] "POST /wp-admin/admin-ajax.php HTTP/1.0" 200 1558 "http://wordpress-610281-1991885.cloudwaysapps.com/wp-admin/post-new.php?post_type=question" "Mozilla/5.0 (Windows NT 10.0; Win64; x64) AppleWebKit/537.36 (KHTML, like Gecko) Chrome/91.0.4472.77 Safari/537.36"
176.229.204.135 - - [22/Jun/2021:12:36:46 +0000] "POST /wp-admin/admin-ajax.php HTTP/1.0" 200 601 "http://wordpress-610281-1991885.cloudwaysapps.com/wp-admin/post-new.php?post_type=question" "Mozilla/5.0 (Windows NT 10.0; Win64; x64) AppleWebKit/537.36 (KHTML, like Gecko) Chrome/91.0.4472.77 Safari/537.36"
127.0.0.1 - - [22/Jun/2021:12:37:02 +0000] "POST /wp-cron.php?doing_wp_cron=1624365422.2459580898284912109375 HTTP/1.0" 200 259 "http://wordpress-610281-1991885.cloudwaysapps.com/wp-cron.php?doing_wp_cron=1624365422.2459580898284912109375" "WordPress/5.7.2; http://wordpress-610281-1991885.cloudwaysapps.com"
176.229.204.135 - - [22/Jun/2021:12:37:01 +0000] "POST /wp-admin/admin-ajax.php HTTP/1.0" 200 601 "http://wordpress-610281-1991885.cloudwaysapps.com/wp-admin/post-new.php?post_type=question" "Mozilla/5.0 (Windows NT 10.0; Win64; x64) AppleWebKit/537.36 (KHTML, like Gecko) Chrome/91.0.4472.77 Safari/537.36"
176.229.204.135 - - [22/Jun/2021:12:37:16 +0000] "POST /wp-admin/admin-ajax.php HTTP/1.0" 200 601 "http://wordpress-610281-1991885.cloudwaysapps.com/wp-admin/post-new.php?post_type=question" "Mozilla/5.0 (Windows NT 10.0; Win64; x64) AppleWebKit/537.36 (KHTML, like Gecko) Chrome/91.0.4472.77 Safari/537.36"
176.229.204.135 - - [22/Jun/2021:12:37:31 +0000] "POST /wp-admin/admin-ajax.php HTTP/1.0" 200 601 "http://wordpress-610281-1991885.cloudwaysapps.com/wp-admin/post-new.php?post_type=question" "Mozilla/5.0 (Windows NT 10.0; Win64; x64) AppleWebKit/537.36 (KHTML, like Gecko) Chrome/91.0.4472.77 Safari/537.36"
176.229.204.135 - - [22/Jun/2021:12:37:34 +0000] "POST /wp-admin/admin-ajax.php HTTP/1.0" 200 548 "http://wordpress-610281-1991885.cloudwaysapps.com/wp-admin/post-new.php?post_type=question&wp-post-new-reload=true" "Mozilla/5.0 (Windows NT 10.0; Win64; x64) AppleWebKit/537.36 (KHTML, like Gecko) Chrome/91.0.4472.77 Safari/537.36"
176.229.204.135 - - [22/Jun/2021:12:37:35 +0000] "POST /wp-admin/post.php HTTP/1.0" 302 587 "http://wordpress-610281-1991885.cloudwaysapps.com/wp-admin/post-new.php?post_type=question&wp-post-new-reload=true&wp-post-new-reload=true" "Mozilla/5.0 (Windows NT 10.0; Win64; x64) AppleWebKit/537.36 (KHTML, like Gecko) Chrome/91.0.4472.77 Safari/537.36"
176.229.204.135 - - [22/Jun/2021:12:37:35 +0000] "GET /wp-admin/post.php?post=1080&action=edit&message=6 HTTP/1.0" 200 44160 "http://wordpress-610281-1991885.cloudwaysapps.com/wp-admin/post-new.php?post_type=question&wp-post-new-reload=true&wp-post-new-reload=true" "Mozilla/5.0 (Windows NT 10.0; Win64; x64) AppleWebKit/537.36 (KHTML, like Gecko) Chrome/91.0.4472.77 Safari/537.36"
176.229.204.135 - - [22/Jun/2021:12:37:37 +0000] "GET /wp-admin/admin-ajax.php?action=oembed-cache&post=1080 HTTP/1.0" 200 463 "http://wordpress-610281-1991885.cloudwaysapps.com/wp-admin/post.php?post=1080&action=edit" "Mozilla/5.0 (Windows NT 10.0; Win64; x64) AppleWebKit/537.36 (KHTML, like Gecko) Chrome/91.0.4472.77 Safari/537.36"
127.0.0.1 - - [22/Jun/2021:12:37:52 +0000] "POST /wp-cron.php?doing_wp_cron=1624365472.2249081134796142578125 HTTP/1.0" 200 259 "http://wordpress-610281-1991885.cloudwaysapps.com/wp-cron.php?doing_wp_cron=1624365472.2249081134796142578125" "WordPress/5.7.2; http://wordpress-610281-1991885.cloudwaysapps.com"
176.229.204.135 - - [22/Jun/2021:12:37:52 +0000] "POST /wp-admin/admin-ajax.php HTTP/1.0" 200 601 "http://wordpress-610281-1991885.cloudwaysapps.com/wp-admin/post.php?post=1080&action=edit" "Mozilla/5.0 (Windows NT 10.0; Win64; x64) AppleWebKit/537.36 (KHTML, like Gecko) Chrome/91.0.4472.77 Safari/537.36"
176.229.204.135 - - [22/Jun/2021:12:37:56 +0000] "GET /wp-admin/edit.php?post_type=question HTTP/1.0" 200 32456 "http://wordpress-610281-1991885.cloudwaysapps.com/wp-admin/post.php?post=1080&action=edit" "Mozilla/5.0 (Windows NT 10.0; Win64; x64) AppleWebKit/537.36 (KHTML, like Gecko) Chrome/91.0.4472.77 Safari/537.36"
176.229.204.135 - - [22/Jun/2021:12:37:57 +0000] "POST /wp-admin/admin-ajax.php HTTP/1.0" 200 583 "http://wordpress-610281-1991885.cloudwaysapps.com/wp-admin/post.php?post=1080&action=edit" "Mozilla/5.0 (Windows NT 10.0; Win64; x64) AppleWebKit/537.36 (KHTML, like Gecko) Chrome/91.0.4472.77 Safari/537.36"
176.229.204.135 - - [22/Jun/2021:12:37:58 +0000] "POST /wp-admin/admin-ajax.php HTTP/1.0" 200 549 "http://wordpress-610281-1991885.cloudwaysapps.com/wp-admin/edit.php?post_type=question" "Mozilla/5.0 (Windows NT 10.0; Win64; x64) AppleWebKit/537.36 (KHTML, like Gecko) Chrome/91.0.4472.77 Safari/537.36"
176.229.204.135 - - [22/Jun/2021:12:38:03 +0000] "GET /wp-admin/edit-tags.php?taxonomy=category_question&post_type=question HTTP/1.0" 200 36134 "http://wordpress-610281-1991885.cloudwaysapps.com/wp-admin/edit.php?post_type=question" "Mozilla/5.0 (Windows NT 10.0; Win64; x64) AppleWebKit/537.36 (KHTML, like Gecko) Chrome/91.0.4472.77 Safari/537.36"
176.229.204.135 - - [22/Jun/2021:12:38:10 +0000] "GET /wp-admin/term.php?taxonomy=category_question&tag_ID=26&post_type=question&wp_http_referer=%2Fwp-admin%2Fedit-tags.php%3Ftaxonomy%3Dcategory_question%26post_type%3Dquestion HTTP/1.0" 200 30395 "http://wordpress-610281-1991885.cloudwaysapps.com/wp-admin/edit-tags.php?taxonomy=category_question&post_type=question" "Mozilla/5.0 (Windows NT 10.0; Win64; x64) AppleWebKit/537.36 (KHTML, like Gecko) Chrome/91.0.4472.77 Safari/537.36"
176.229.204.135 - - [22/Jun/2021:12:38:16 +0000] "GET /wp-admin/term.php?taxonomy=category_question&tag_ID=32&post_type=question&wp_http_referer=%2Fwp-admin%2Fedit-tags.php%3Ftaxonomy%3Dcategory_question%26post_type%3Dquestion HTTP/1.0" 200 30397 "http://wordpress-610281-1991885.cloudwaysapps.com/wp-admin/edit-tags.php?taxonomy=category_question&post_type=question" "Mozilla/5.0 (Windows NT 10.0; Win64; x64) AppleWebKit/537.36 (KHTML, like Gecko) Chrome/91.0.4472.77 Safari/537.36"
176.229.204.135 - - [22/Jun/2021:12:38:27 +0000] "POST /wp-admin/admin-ajax.php HTTP/1.0" 200 548 "http://wordpress-610281-1991885.cloudwaysapps.com/wp-admin/term.php?taxonomy=category_question&tag_ID=32&post_type=question&wp_http_referer=%2Fwp-admin%2Fedit-tags.php%3Ftaxonomy%3Dcategory_question%26post_type%3Dquestion" "Mozilla/5.0 (Windows NT 10.0; Win64; x64) AppleWebKit/537.36 (KHTML, like Gecko) Chrome/91.0.4472.77 Safari/537.36"
176.229.204.135 - - [22/Jun/2021:12:38:27 +0000] "POST /wp-admin/edit-tags.php HTTP/1.0" 302 561 "http://wordpress-610281-1991885.cloudwaysapps.com/wp-admin/term.php?taxonomy=category_question&tag_ID=32&post_type=question&wp_http_referer=%2Fwp-admin%2Fedit-tags.php%3Ftaxonomy%3Dcategory_question%26post_type%3Dquestion" "Mozilla/5.0 (Windows NT 10.0; Win64; x64) AppleWebKit/537.36 (KHTML, like Gecko) Chrome/91.0.4472.77 Safari/537.36"
176.229.204.135 - - [22/Jun/2021:12:38:28 +0000] "GET /wp-admin/term.php?taxonomy=category_question&tag_ID=32&post_type=question&wp_http_referer=%2Fwp-admin%2Fedit-tags.php%3Ftaxonomy%3Dcategory_question%26post_type%3Dquestion&message=3 HTTP/1.0" 200 30486 "http://wordpress-610281-1991885.cloudwaysapps.com/wp-admin/term.php?taxonomy=category_question&tag_ID=32&post_type=question&wp_http_referer=%2Fwp-admin%2Fedit-tags.php%3Ftaxonomy%3Dcategory_question%26post_type%3Dquestion" "Mozilla/5.0 (Windows NT 10.0; Win64; x64) AppleWebKit/537.36 (KHTML, like Gecko) Chrome/91.0.4472.77 Safari/537.36"
176.229.204.135 - - [22/Jun/2021:12:38:34 +0000] "GET /wp-admin/edit-tags.php?taxonomy=category_question&post_type=question HTTP/1.0" 200 36134 "http://wordpress-610281-1991885.cloudwaysapps.com/wp-admin/term.php?taxonomy=category_question&tag_ID=32&post_type=question&wp_http_referer=%2Fwp-admin%2Fedit-tags.php%3Ftaxonomy%3Dcategory_question%26post_type%3Dquestion" "Mozilla/5.0 (Windows NT 10.0; Win64; x64) AppleWebKit/537.36 (KHTML, like Gecko) Chrome/91.0.4472.77 Safari/537.36"
176.229.204.135 - - [22/Jun/2021:12:38:37 +0000] "GET /wp-admin/term.php?taxonomy=category_question&tag_ID=33&post_type=question&wp_http_referer=%2Fwp-admin%2Fedit-tags.php%3Ftaxonomy%3Dcategory_question%26post_type%3Dquestion HTTP/1.0" 200 30407 "http://wordpress-610281-1991885.cloudwaysapps.com/wp-admin/edit-tags.php?taxonomy=category_question&post_type=question" "Mozilla/5.0 (Windows NT 10.0; Win64; x64) AppleWebKit/537.36 (KHTML, like Gecko) Chrome/91.0.4472.77 Safari/537.36"
176.229.204.135 - - [22/Jun/2021:12:38:46 +0000] "POST /wp-admin/admin-ajax.php HTTP/1.0" 200 548 "http://wordpress-610281-1991885.cloudwaysapps.com/wp-admin/term.php?taxonomy=category_question&tag_ID=33&post_type=question&wp_http_referer=%2Fwp-admin%2Fedit-tags.php%3Ftaxonomy%3Dcategory_question%26post_type%3Dquestion" "Mozilla/5.0 (Windows NT 10.0; Win64; x64) AppleWebKit/537.36 (KHTML, like Gecko) Chrome/91.0.4472.77 Safari/537.36"
176.229.204.135 - - [22/Jun/2021:12:38:46 +0000] "POST /wp-admin/edit-tags.php HTTP/1.0" 302 561 "http://wordpress-610281-1991885.cloudwaysapps.com/wp-admin/term.php?taxonomy=category_question&tag_ID=33&post_type=question&wp_http_referer=%2Fwp-admin%2Fedit-tags.php%3Ftaxonomy%3Dcategory_question%26post_type%3Dquestion" "Mozilla/5.0 (Windows NT 10.0; Win64; x64) AppleWebKit/537.36 (KHTML, like Gecko) Chrome/91.0.4472.77 Safari/537.36"
176.229.204.135 - - [22/Jun/2021:12:38:47 +0000] "GET /wp-admin/term.php?taxonomy=category_question&tag_ID=33&post_type=question&wp_http_referer=%2Fwp-admin%2Fedit-tags.php%3Ftaxonomy%3Dcategory_question%26post_type%3Dquestion&message=3 HTTP/1.0" 200 30495 "http://wordpress-610281-1991885.cloudwaysapps.com/wp-admin/term.php?taxonomy=category_question&tag_ID=33&post_type=question&wp_http_referer=%2Fwp-admin%2Fedit-tags.php%3Ftaxonomy%3Dcategory_question%26post_type%3Dquestion" "Mozilla/5.0 (Windows NT 10.0; Win64; x64) AppleWebKit/537.36 (KHTML, like Gecko) Chrome/91.0.4472.77 Safari/537.36"
127.0.0.1 - - [22/Jun/2021:12:38:54 +0000] "POST /wp-cron.php?doing_wp_cron=1624365534.8743948936462402343750 HTTP/1.0" 200 259 "http://wordpress-610281-1991885.cloudwaysapps.com/wp-cron.php?doing_wp_cron=1624365534.8743948936462402343750" "WordPress/5.7.2; http://wordpress-610281-1991885.cloudwaysapps.com"
176.229.204.135 - - [22/Jun/2021:12:38:54 +0000] "GET /wp-admin/edit-tags.php?taxonomy=category_question&post_type=question HTTP/1.0" 200 36134 "http://wordpress-610281-1991885.cloudwaysapps.com/wp-admin/term.php?taxonomy=category_question&tag_ID=33&post_type=question&wp_http_referer=%2Fwp-admin%2Fedit-tags.php%3Ftaxonomy%3Dcategory_question%26post_type%3Dquestion" "Mozilla/5.0 (Windows NT 10.0; Win64; x64) AppleWebKit/537.36 (KHTML, like Gecko) Chrome/91.0.4472.77 Safari/537.36"
176.229.204.135 - - [22/Jun/2021:12:38:58 +0000] "GET /wp-admin/term.php?taxonomy=category_question&tag_ID=27&post_type=question&wp_http_referer=%2Fwp-admin%2Fedit-tags.php%3Ftaxonomy%3Dcategory_question%26post_type%3Dquestion HTTP/1.0" 200 30397 "http://wordpress-610281-1991885.cloudwaysapps.com/wp-admin/edit-tags.php?taxonomy=category_question&post_type=question" "Mozilla/5.0 (Windows NT 10.0; Win64; x64) AppleWebKit/537.36 (KHTML, like Gecko) Chrome/91.0.4472.77 Safari/537.36"
176.229.204.135 - - [22/Jun/2021:12:39:01 +0000] "POST /wp-admin/admin-ajax.php HTTP/1.0" 200 548 "http://wordpress-610281-1991885.cloudwaysapps.com/wp-admin/term.php?taxonomy=category_question&tag_ID=27&post_type=question&wp_http_referer=%2Fwp-admin%2Fedit-tags.php%3Ftaxonomy%3Dcategory_question%26post_type%3Dquestion" "Mozilla/5.0 (Windows NT 10.0; Win64; x64) AppleWebKit/537.36 (KHTML, like Gecko) Chrome/91.0.4472.77 Safari/537.36"
176.229.204.135 - - [22/Jun/2021:12:39:01 +0000] "POST /wp-admin/edit-tags.php HTTP/1.0" 302 561 "http://wordpress-610281-1991885.cloudwaysapps.com/wp-admin/term.php?taxonomy=category_question&tag_ID=27&post_type=question&wp_http_referer=%2Fwp-admin%2Fedit-tags.php%3Ftaxonomy%3Dcategory_question%26post_type%3Dquestion" "Mozilla/5.0 (Windows NT 10.0; Win64; x64) AppleWebKit/537.36 (KHTML, like Gecko) Chrome/91.0.4472.77 Safari/537.36"
