146.185.59.194 - - [23/Jun/2021:06:45:55 +0000] "GET /wp-admin/users.php HTTP/1.0" 200 30047 "http://wordpress-610281-1991885.cloudwaysapps.com/wp-admin/" "Mozilla/5.0 (Windows NT 10.0; Win64; x64) AppleWebKit/537.36 (KHTML, like Gecko) Chrome/91.0.4472.114 Safari/537.36"
146.185.59.194 - - [23/Jun/2021:06:46:03 +0000] "GET /wp-admin/edit.php?post_type=shop_order HTTP/1.0" 200 149786 "http://wordpress-610281-1991885.cloudwaysapps.com/wp-admin/users.php" "Mozilla/5.0 (Windows NT 10.0; Win64; x64) AppleWebKit/537.36 (KHTML, like Gecko) Chrome/91.0.4472.114 Safari/537.36"
146.185.59.194 - - [23/Jun/2021:06:46:05 +0000] "GET /wp-json/wc-analytics/admin/notes?page=1&per_page=25&status=unactioned&type%5B0%5D=info&type%5B1%5D=marketing&type%5B2%5D=survey&type%5B3%5D=warning&orderby=date&order=desc&_locale=user HTTP/1.0" 200 20983 "http://wordpress-610281-1991885.cloudwaysapps.com/wp-admin/edit.php?post_type=shop_order" "Mozilla/5.0 (Windows NT 10.0; Win64; x64) AppleWebKit/537.36 (KHTML, like Gecko) Chrome/91.0.4472.114 Safari/537.36"
146.185.59.194 - - [23/Jun/2021:06:46:05 +0000] "GET /wp-json/wc-admin/options?options=woocommerce_ces_tracks_queue&_locale=user HTTP/1.0" 200 642 "http://wordpress-610281-1991885.cloudwaysapps.com/wp-admin/edit.php?post_type=shop_order" "Mozilla/5.0 (Windows NT 10.0; Win64; x64) AppleWebKit/537.36 (KHTML, like Gecko) Chrome/91.0.4472.114 Safari/537.36"
146.185.59.194 - - [23/Jun/2021:06:46:05 +0000] "POST /wp-admin/admin-ajax.php HTTP/1.0" 200 549 "http://wordpress-610281-1991885.cloudwaysapps.com/wp-admin/edit.php?post_type=shop_order" "Mozilla/5.0 (Windows NT 10.0; Win64; x64) AppleWebKit/537.36 (KHTML, like Gecko) Chrome/91.0.4472.114 Safari/537.36"
146.185.59.194 - - [23/Jun/2021:06:46:05 +0000] "GET /wp-json/wc-analytics/admin/notes?page=1&per_page=25&type=error%2Cupdate&status=unactioned&_locale=user HTTP/1.0" 200 1779 "http://wordpress-610281-1991885.cloudwaysapps.com/wp-admin/edit.php?post_type=shop_order" "Mozilla/5.0 (Windows NT 10.0; Win64; x64) AppleWebKit/537.36 (KHTML, like Gecko) Chrome/91.0.4472.114 Safari/537.36"
146.185.59.194 - - [23/Jun/2021:06:46:20 +0000] "GET /wp-admin/edit.php?s=&post_status=all&post_type=shop_order&_wpnonce=2ee4779d55&_wp_http_referer=%2Fwp-admin%2Fedit.php%3Fpost_type%3Dshop_order&action=trash&m=0&_customer_user=&shop_order_subtype=&paged=1&post%5B%5D=1135&action2=trash HTTP/1.0" 302 454 "http://wordpress-610281-1991885.cloudwaysapps.com/wp-admin/edit.php?post_type=shop_order" "Mozilla/5.0 (Windows NT 10.0; Win64; x64) AppleWebKit/537.36 (KHTML, like Gecko) Chrome/91.0.4472.114 Safari/537.36"
146.185.59.194 - - [23/Jun/2021:06:46:20 +0000] "POST /wp-admin/admin-ajax.php HTTP/1.0" 200 549 "http://wordpress-610281-1991885.cloudwaysapps.com/wp-admin/edit.php?post_type=shop_order" "Mozilla/5.0 (Windows NT 10.0; Win64; x64) AppleWebKit/537.36 (KHTML, like Gecko) Chrome/91.0.4472.114 Safari/537.36"
146.185.59.194 - - [23/Jun/2021:06:46:21 +0000] "GET /wp-admin/edit.php?post_type=shop_order&paged=1&trashed=1&ids=1135&locked=0 HTTP/1.0" 200 149606 "http://wordpress-610281-1991885.cloudwaysapps.com/wp-admin/edit.php?post_type=shop_order" "Mozilla/5.0 (Windows NT 10.0; Win64; x64) AppleWebKit/537.36 (KHTML, like Gecko) Chrome/91.0.4472.114 Safari/537.36"
146.185.59.194 - - [23/Jun/2021:06:46:22 +0000] "GET /wp-json/wc-analytics/admin/notes?page=1&per_page=25&status=unactioned&type%5B0%5D=info&type%5B1%5D=marketing&type%5B2%5D=survey&type%5B3%5D=warning&orderby=date&order=desc&_locale=user HTTP/1.0" 200 20983 "http://wordpress-610281-1991885.cloudwaysapps.com/wp-admin/edit.php?post_type=shop_order&paged=1" "Mozilla/5.0 (Windows NT 10.0; Win64; x64) AppleWebKit/537.36 (KHTML, like Gecko) Chrome/91.0.4472.114 Safari/537.36"
146.185.59.194 - - [23/Jun/2021:06:46:22 +0000] "GET /wp-json/wc-admin/options?options=woocommerce_ces_tracks_queue&_locale=user HTTP/1.0" 200 642 "http://wordpress-610281-1991885.cloudwaysapps.com/wp-admin/edit.php?post_type=shop_order&paged=1" "Mozilla/5.0 (Windows NT 10.0; Win64; x64) AppleWebKit/537.36 (KHTML, like Gecko) Chrome/91.0.4472.114 Safari/537.36"
146.185.59.194 - - [23/Jun/2021:06:46:22 +0000] "POST /wp-admin/admin-ajax.php HTTP/1.0" 200 549 "http://wordpress-610281-1991885.cloudwaysapps.com/wp-admin/edit.php?post_type=shop_order&paged=1" "Mozilla/5.0 (Windows NT 10.0; Win64; x64) AppleWebKit/537.36 (KHTML, like Gecko) Chrome/91.0.4472.114 Safari/537.36"
146.185.59.194 - - [23/Jun/2021:06:46:22 +0000] "GET /wp-json/wc-analytics/admin/notes?page=1&per_page=25&type=error%2Cupdate&status=unactioned&_locale=user HTTP/1.0" 200 1779 "http://wordpress-610281-1991885.cloudwaysapps.com/wp-admin/edit.php?post_type=shop_order&paged=1" "Mozilla/5.0 (Windows NT 10.0; Win64; x64) AppleWebKit/537.36 (KHTML, like Gecko) Chrome/91.0.4472.114 Safari/537.36"
146.185.59.194 - - [23/Jun/2021:06:46:24 +0000] "GET /wp-admin/users.php HTTP/1.0" 200 30035 "http://wordpress-610281-1991885.cloudwaysapps.com/wp-admin/edit.php?post_type=shop_order&paged=1" "Mozilla/5.0 (Windows NT 10.0; Win64; x64) AppleWebKit/537.36 (KHTML, like Gecko) Chrome/91.0.4472.114 Safari/537.36"
127.0.0.1 - - [23/Jun/2021:06:47:26 +0000] "POST /wp-cron.php?doing_wp_cron=1624430846.4439830780029296875000 HTTP/1.0" 200 259 "http://wordpress-610281-1991885.cloudwaysapps.com/wp-cron.php?doing_wp_cron=1624430846.4439830780029296875000" "WordPress/5.7.2; http://wordpress-610281-1991885.cloudwaysapps.com"
146.185.59.194 - - [23/Jun/2021:06:47:26 +0000] "POST /wp-admin/admin-ajax.php HTTP/1.0" 200 549 "http://wordpress-610281-1991885.cloudwaysapps.com/wp-admin/users.php" "Mozilla/5.0 (Windows NT 10.0; Win64; x64) AppleWebKit/537.36 (KHTML, like Gecko) Chrome/91.0.4472.114 Safari/537.36"
176.229.204.135 - - [23/Jun/2021:06:47:29 +0000] "POST /wp-admin/admin-ajax.php HTTP/1.0" 200 549 "http://wordpress-610281-1991885.cloudwaysapps.com/wp-admin/" "Mozilla/5.0 (Windows NT 10.0; Win64; x64) AppleWebKit/537.36 (KHTML, like Gecko) Chrome/91.0.4472.77 Safari/537.36"
127.0.0.1 - - [23/Jun/2021:06:47:26 +0000] "POST /wp-admin/admin-ajax.php?action=as_async_request_queue_runner&nonce=c68ba65745 HTTP/1.0" 200 394 "http://wordpress-610281-1991885.cloudwaysapps.com/wp-admin/admin-ajax.php?action=as_async_request_queue_runner&nonce=c68ba65745" "WordPress/5.7.2; http://wordpress-610281-1991885.cloudwaysapps.com"
127.0.0.1 - - [23/Jun/2021:06:48:33 +0000] "POST /wp-cron.php?doing_wp_cron=1624430913.1594979763031005859375 HTTP/1.0" 200 259 "http://wordpress-610281-1991885.cloudwaysapps.com/wp-cron.php?doing_wp_cron=1624430913.1594979763031005859375" "WordPress/5.7.2; http://wordpress-610281-1991885.cloudwaysapps.com"
146.185.59.194 - - [23/Jun/2021:06:48:32 +0000] "POST /wp-admin/admin-ajax.php HTTP/1.0" 200 549 "http://wordpress-610281-1991885.cloudwaysapps.com/wp-admin/users.php" "Mozilla/5.0 (Windows NT 10.0; Win64; x64) AppleWebKit/537.36 (KHTML, like Gecko) Chrome/91.0.4472.114 Safari/537.36"
146.185.59.194 - - [23/Jun/2021:06:49:26 +0000] "GET /wp-login.php?action=login_as_user&user_id=99&back_url=%2F%2Fwordpress-610281-1991885.cloudwaysapps.com%2Fwp-admin%2Fusers.php&_wpnonce=df53efcd21 HTTP/1.0" 302 3951 "http://wordpress-610281-1991885.cloudwaysapps.com/wp-admin/users.php" "Mozilla/5.0 (Windows NT 10.0; Win64; x64) AppleWebKit/537.36 (KHTML, like Gecko) Chrome/91.0.4472.114 Safari/537.36"
127.0.0.1 - - [23/Jun/2021:06:49:27 +0000] "POST /wp-cron.php?doing_wp_cron=1624430967.2597930431365966796875 HTTP/1.0" 200 259 "http://wordpress-610281-1991885.cloudwaysapps.com/wp-cron.php?doing_wp_cron=1624430967.2597930431365966796875" "WordPress/5.7.2; http://wordpress-610281-1991885.cloudwaysapps.com"
146.185.59.194 - - [23/Jun/2021:06:49:27 +0000] "GET /?logged_in_as_user=true HTTP/1.0" 200 8434 "http://wordpress-610281-1991885.cloudwaysapps.com/wp-admin/users.php" "Mozilla/5.0 (Windows NT 10.0; Win64; x64) AppleWebKit/537.36 (KHTML, like Gecko) Chrome/91.0.4472.114 Safari/537.36"
176.229.204.135 - - [23/Jun/2021:06:49:30 +0000] "POST /wp-admin/admin-ajax.php HTTP/1.0" 200 549 "http://wordpress-610281-1991885.cloudwaysapps.com/wp-admin/" "Mozilla/5.0 (Windows NT 10.0; Win64; x64) AppleWebKit/537.36 (KHTML, like Gecko) Chrome/91.0.4472.77 Safari/537.36"
146.185.59.194 - - [23/Jun/2021:06:49:30 +0000] "GET /%d7%a8%d7%9b%d7%99%d7%a9%d7%aa-%d7%97%d7%91%d7%99%d7%9c%d7%95%d7%aa/ HTTP/1.0" 200 7779 "http://wordpress-610281-1991885.cloudwaysapps.com/?logged_in_as_user=true" "Mozilla/5.0 (Windows NT 10.0; Win64; x64) AppleWebKit/537.36 (KHTML, like Gecko) Chrome/91.0.4472.114 Safari/537.36"
146.185.59.194 - - [23/Jun/2021:06:49:33 +0000] "GET /checkout/?add-to-cart=247&quantity=1 HTTP/1.0" 302 941 "http://wordpress-610281-1991885.cloudwaysapps.com/%d7%a8%d7%9b%d7%99%d7%a9%d7%aa-%d7%97%d7%91%d7%99%d7%9c%d7%95%d7%aa/" "Mozilla/5.0 (Windows NT 10.0; Win64; x64) AppleWebKit/537.36 (KHTML, like Gecko) Chrome/91.0.4472.114 Safari/537.36"
146.185.59.194 - - [23/Jun/2021:06:49:33 +0000] "GET /checkout/ HTTP/1.0" 200 31283 "http://wordpress-610281-1991885.cloudwaysapps.com/%d7%a8%d7%9b%d7%99%d7%a9%d7%aa-%d7%97%d7%91%d7%99%d7%9c%d7%95%d7%aa/" "Mozilla/5.0 (Windows NT 10.0; Win64; x64) AppleWebKit/537.36 (KHTML, like Gecko) Chrome/91.0.4472.114 Safari/537.36"
146.185.59.194 - - [23/Jun/2021:06:49:34 +0000] "POST /?wc-ajax=get_refreshed_fragments HTTP/1.0" 200 3448 "http://wordpress-610281-1991885.cloudwaysapps.com/checkout/" "Mozilla/5.0 (Windows NT 10.0; Win64; x64) AppleWebKit/537.36 (KHTML, like Gecko) Chrome/91.0.4472.114 Safari/537.36"
146.185.59.194 - - [23/Jun/2021:06:49:34 +0000] "POST /?wc-ajax=update_order_review HTTP/1.0" 200 6849 "http://wordpress-610281-1991885.cloudwaysapps.com/checkout/" "Mozilla/5.0 (Windows NT 10.0; Win64; x64) AppleWebKit/537.36 (KHTML, like Gecko) Chrome/91.0.4472.114 Safari/537.36"
146.185.59.194 - - [23/Jun/2021:06:49:35 +0000] "POST /?wc-ajax=checkout HTTP/1.0" 200 779 "http://wordpress-610281-1991885.cloudwaysapps.com/checkout/" "Mozilla/5.0 (Windows NT 10.0; Win64; x64) AppleWebKit/537.36 (KHTML, like Gecko) Chrome/91.0.4472.114 Safari/537.36"
146.185.59.194 - - [23/Jun/2021:06:49:36 +0000] "GET /checkout/order-received/1137/?key=wc_order_qqPv3VB66yzf6 HTTP/1.0" 200 27660 "http://wordpress-610281-1991885.cloudwaysapps.com/checkout/" "Mozilla/5.0 (Windows NT 10.0; Win64; x64) AppleWebKit/537.36 (KHTML, like Gecko) Chrome/91.0.4472.114 Safari/537.36"
146.185.59.194 - - [23/Jun/2021:06:49:37 +0000] "POST /?wc-ajax=get_refreshed_fragments HTTP/1.0" 200 721 "http://wordpress-610281-1991885.cloudwaysapps.com/checkout/order-received/1137/?key=wc_order_qqPv3VB66yzf6" "Mozilla/5.0 (Windows NT 10.0; Win64; x64) AppleWebKit/537.36 (KHTML, like Gecko) Chrome/91.0.4472.114 Safari/537.36"
146.185.59.194 - - [23/Jun/2021:06:49:43 +0000] "GET /wp-login.php?action=logout HTTP/1.0" 403 3140 "http://wordpress-610281-1991885.cloudwaysapps.com/checkout/order-received/1137/?key=wc_order_qqPv3VB66yzf6" "Mozilla/5.0 (Windows NT 10.0; Win64; x64) AppleWebKit/537.36 (KHTML, like Gecko) Chrome/91.0.4472.114 Safari/537.36"
146.185.59.194 - - [23/Jun/2021:06:49:44 +0000] "GET /wp-login.php?action=logout&_wpnonce=1e53e6d7ba HTTP/1.0" 302 3158 "http://wordpress-610281-1991885.cloudwaysapps.com/wp-login.php?action=logout" "Mozilla/5.0 (Windows NT 10.0; Win64; x64) AppleWebKit/537.36 (KHTML, like Gecko) Chrome/91.0.4472.114 Safari/537.36"
146.185.59.194 - - [23/Jun/2021:06:49:44 +0000] "GET /wp-login.php?loggedout=true&wp_lang=he_IL HTTP/1.0" 302 262 "http://wordpress-610281-1991885.cloudwaysapps.com/wp-login.php?action=logout" "Mozilla/5.0 (Windows NT 10.0; Win64; x64) AppleWebKit/537.36 (KHTML, like Gecko) Chrome/91.0.4472.114 Safari/537.36"
146.185.59.194 - - [23/Jun/2021:06:49:45 +0000] "GET /login/ HTTP/1.0" 200 5801 "http://wordpress-610281-1991885.cloudwaysapps.com/wp-login.php?action=logout" "Mozilla/5.0 (Windows NT 10.0; Win64; x64) AppleWebKit/537.36 (KHTML, like Gecko) Chrome/91.0.4472.114 Safari/537.36"
127.0.0.1 - - [23/Jun/2021:06:50:06 +0000] "POST /wp-cron.php?doing_wp_cron=1624431006.6085290908813476562500 HTTP/1.0" 200 259 "http://wordpress-610281-1991885.cloudwaysapps.com/wp-cron.php?doing_wp_cron=1624431006.6085290908813476562500" "WordPress/5.7.2; http://wordpress-610281-1991885.cloudwaysapps.com"
146.185.59.194 - - [23/Jun/2021:06:50:06 +0000] "POST /wp-login.php HTTP/1.0" 302 1619 "http://wordpress-610281-1991885.cloudwaysapps.com/login/" "Mozilla/5.0 (Windows NT 10.0; Win64; x64) AppleWebKit/537.36 (KHTML, like Gecko) Chrome/91.0.4472.114 Safari/537.36"
146.185.59.194 - - [23/Jun/2021:06:50:06 +0000] "GET / HTTP/1.0" 200 10205 "http://wordpress-610281-1991885.cloudwaysapps.com/login/" "Mozilla/5.0 (Windows NT 10.0; Win64; x64) AppleWebKit/537.36 (KHTML, like Gecko) Chrome/91.0.4472.114 Safari/537.36"
146.185.59.194 - - [23/Jun/2021:06:50:07 +0000] "POST /?wc-ajax=get_refreshed_fragments HTTP/1.0" 200 3448 "http://wordpress-610281-1991885.cloudwaysapps.com/" "Mozilla/5.0 (Windows NT 10.0; Win64; x64) AppleWebKit/537.36 (KHTML, like Gecko) Chrome/91.0.4472.114 Safari/537.36"
146.185.59.194 - - [23/Jun/2021:06:50:11 +0000] "GET /wp-admin/ HTTP/1.0" 200 37653 "http://wordpress-610281-1991885.cloudwaysapps.com/" "Mozilla/5.0 (Windows NT 10.0; Win64; x64) AppleWebKit/537.36 (KHTML, like Gecko) Chrome/91.0.4472.114 Safari/537.36"
146.185.59.194 - - [23/Jun/2021:06:50:12 +0000] "POST /wp-admin/admin-ajax.php HTTP/1.0" 200 518 "http://wordpress-610281-1991885.cloudwaysapps.com/wp-admin/" "Mozilla/5.0 (Windows NT 10.0; Win64; x64) AppleWebKit/537.36 (KHTML, like Gecko) Chrome/91.0.4472.114 Safari/537.36"
146.185.59.194 - - [23/Jun/2021:06:50:12 +0000] "POST /wp-admin/admin-ajax.php HTTP/1.0" 200 518 "http://wordpress-610281-1991885.cloudwaysapps.com/wp-admin/" "Mozilla/5.0 (Windows NT 10.0; Win64; x64) AppleWebKit/537.36 (KHTML, like Gecko) Chrome/91.0.4472.114 Safari/537.36"
146.185.59.194 - - [23/Jun/2021:06:50:23 +0000] "GET /wp-admin/users.php HTTP/1.0" 200 30018 "http://wordpress-610281-1991885.cloudwaysapps.com/wp-admin/" "Mozilla/5.0 (Windows NT 10.0; Win64; x64) AppleWebKit/537.36 (KHTML, like Gecko) Chrome/91.0.4472.114 Safari/537.36"
127.0.0.1 - - [23/Jun/2021:06:51:24 +0000] "POST /wp-cron.php?doing_wp_cron=1624431084.4377489089965820312500 HTTP/1.0" 200 259 "http://wordpress-610281-1991885.cloudwaysapps.com/wp-cron.php?doing_wp_cron=1624431084.4377489089965820312500" "WordPress/5.7.2; http://wordpress-610281-1991885.cloudwaysapps.com"
146.185.59.194 - - [23/Jun/2021:06:51:24 +0000] "POST /wp-admin/admin-ajax.php HTTP/1.0" 200 549 "http://wordpress-610281-1991885.cloudwaysapps.com/wp-admin/users.php" "Mozilla/5.0 (Windows NT 10.0; Win64; x64) AppleWebKit/537.36 (KHTML, like Gecko) Chrome/91.0.4472.114 Safari/537.36"
176.229.204.135 - - [23/Jun/2021:06:51:31 +0000] "POST /wp-admin/admin-ajax.php HTTP/1.0" 200 549 "http://wordpress-610281-1991885.cloudwaysapps.com/wp-admin/" "Mozilla/5.0 (Windows NT 10.0; Win64; x64) AppleWebKit/537.36 (KHTML, like Gecko) Chrome/91.0.4472.77 Safari/537.36"
127.0.0.1 - - [23/Jun/2021:06:53:25 +0000] "POST /wp-cron.php?doing_wp_cron=1624431205.4469940662384033203125 HTTP/1.0" 200 259 "http://wordpress-610281-1991885.cloudwaysapps.com/wp-cron.php?doing_wp_cron=1624431205.4469940662384033203125" "WordPress/5.7.2; http://wordpress-610281-1991885.cloudwaysapps.com"
146.185.59.194 - - [23/Jun/2021:06:53:25 +0000] "POST /wp-admin/admin-ajax.php HTTP/1.0" 200 549 "http://wordpress-610281-1991885.cloudwaysapps.com/wp-admin/users.php" "Mozilla/5.0 (Windows NT 10.0; Win64; x64) AppleWebKit/537.36 (KHTML, like Gecko) Chrome/91.0.4472.114 Safari/537.36"
176.229.204.135 - - [23/Jun/2021:06:53:32 +0000] "POST /wp-admin/admin-ajax.php HTTP/1.0" 200 549 "http://wordpress-610281-1991885.cloudwaysapps.com/wp-admin/" "Mozilla/5.0 (Windows NT 10.0; Win64; x64) AppleWebKit/537.36 (KHTML, like Gecko) Chrome/91.0.4472.77 Safari/537.36"
127.0.0.1 - - [23/Jun/2021:06:55:26 +0000] "POST /wp-cron.php?doing_wp_cron=1624431326.4332299232482910156250 HTTP/1.0" 200 259 "http://wordpress-610281-1991885.cloudwaysapps.com/wp-cron.php?doing_wp_cron=1624431326.4332299232482910156250" "WordPress/5.7.2; http://wordpress-610281-1991885.cloudwaysapps.com"
146.185.59.194 - - [23/Jun/2021:06:55:26 +0000] "POST /wp-admin/admin-ajax.php HTTP/1.0" 200 549 "http://wordpress-610281-1991885.cloudwaysapps.com/wp-admin/users.php" "Mozilla/5.0 (Windows NT 10.0; Win64; x64) AppleWebKit/537.36 (KHTML, like Gecko) Chrome/91.0.4472.114 Safari/537.36"
127.0.0.1 - - [23/Jun/2021:06:55:26 +0000] "POST /wp-admin/admin-ajax.php?action=as_async_request_queue_runner&nonce=9a69202f00 HTTP/1.0" 200 394 "http://wordpress-610281-1991885.cloudwaysapps.com/wp-admin/admin-ajax.php?action=as_async_request_queue_runner&nonce=9a69202f00" "WordPress/5.7.2; http://wordpress-610281-1991885.cloudwaysapps.com"
176.229.204.135 - - [23/Jun/2021:06:55:33 +0000] "POST /wp-admin/admin-ajax.php HTTP/1.0" 200 549 "http://wordpress-610281-1991885.cloudwaysapps.com/wp-admin/" "Mozilla/5.0 (Windows NT 10.0; Win64; x64) AppleWebKit/537.36 (KHTML, like Gecko) Chrome/91.0.4472.77 Safari/537.36"
127.0.0.1 - - [23/Jun/2021:06:57:27 +0000] "POST /wp-cron.php?doing_wp_cron=1624431447.4228339195251464843750 HTTP/1.0" 200 259 "http://wordpress-610281-1991885.cloudwaysapps.com/wp-cron.php?doing_wp_cron=1624431447.4228339195251464843750" "WordPress/5.7.2; http://wordpress-610281-1991885.cloudwaysapps.com"
146.185.59.194 - - [23/Jun/2021:06:57:27 +0000] "POST /wp-admin/admin-ajax.php HTTP/1.0" 200 549 "http://wordpress-610281-1991885.cloudwaysapps.com/wp-admin/users.php" "Mozilla/5.0 (Windows NT 10.0; Win64; x64) AppleWebKit/537.36 (KHTML, like Gecko) Chrome/91.0.4472.114 Safari/537.36"
176.229.204.135 - - [23/Jun/2021:06:57:34 +0000] "POST /wp-admin/admin-ajax.php HTTP/1.0" 200 549 "http://wordpress-610281-1991885.cloudwaysapps.com/wp-admin/" "Mozilla/5.0 (Windows NT 10.0; Win64; x64) AppleWebKit/537.36 (KHTML, like Gecko) Chrome/91.0.4472.77 Safari/537.36"
127.0.0.1 - - [23/Jun/2021:06:59:28 +0000] "POST /wp-cron.php?doing_wp_cron=1624431568.4293749332427978515625 HTTP/1.0" 200 259 "http://wordpress-610281-1991885.cloudwaysapps.com/wp-cron.php?doing_wp_cron=1624431568.4293749332427978515625" "WordPress/5.7.2; http://wordpress-610281-1991885.cloudwaysapps.com"
146.185.59.194 - - [23/Jun/2021:06:59:28 +0000] "POST /wp-admin/admin-ajax.php HTTP/1.0" 200 549 "http://wordpress-610281-1991885.cloudwaysapps.com/wp-admin/users.php" "Mozilla/5.0 (Windows NT 10.0; Win64; x64) AppleWebKit/537.36 (KHTML, like Gecko) Chrome/91.0.4472.114 Safari/537.36"
176.229.204.135 - - [23/Jun/2021:06:59:35 +0000] "POST /wp-admin/admin-ajax.php HTTP/1.0" 200 549 "http://wordpress-610281-1991885.cloudwaysapps.com/wp-admin/" "Mozilla/5.0 (Windows NT 10.0; Win64; x64) AppleWebKit/537.36 (KHTML, like Gecko) Chrome/91.0.4472.77 Safari/537.36"
127.0.0.1 - - [23/Jun/2021:07:01:29 +0000] "POST /wp-cron.php?doing_wp_cron=1624431689.4727671146392822265625 HTTP/1.0" 200 259 "http://wordpress-610281-1991885.cloudwaysapps.com/wp-cron.php?doing_wp_cron=1624431689.4727671146392822265625" "WordPress/5.7.2; http://wordpress-610281-1991885.cloudwaysapps.com"
146.185.59.194 - - [23/Jun/2021:07:01:29 +0000] "POST /wp-admin/admin-ajax.php HTTP/1.0" 200 549 "http://wordpress-610281-1991885.cloudwaysapps.com/wp-admin/users.php" "Mozilla/5.0 (Windows NT 10.0; Win64; x64) AppleWebKit/537.36 (KHTML, like Gecko) Chrome/91.0.4472.114 Safari/537.36"
127.0.0.1 - - [23/Jun/2021:07:01:29 +0000] "POST /wp-admin/admin-ajax.php?action=as_async_request_queue_runner&nonce=9a69202f00 HTTP/1.0" 200 394 "http://wordpress-610281-1991885.cloudwaysapps.com/wp-admin/admin-ajax.php?action=as_async_request_queue_runner&nonce=9a69202f00" "WordPress/5.7.2; http://wordpress-610281-1991885.cloudwaysapps.com"
176.229.204.135 - - [23/Jun/2021:07:01:36 +0000] "POST /wp-admin/admin-ajax.php HTTP/1.0" 200 549 "http://wordpress-610281-1991885.cloudwaysapps.com/wp-admin/" "Mozilla/5.0 (Windows NT 10.0; Win64; x64) AppleWebKit/537.36 (KHTML, like Gecko) Chrome/91.0.4472.77 Safari/537.36"
127.0.0.1 - - [23/Jun/2021:07:03:37 +0000] "POST /wp-cron.php?doing_wp_cron=1624431817.6280770301818847656250 HTTP/1.0" 200 259 "http://wordpress-610281-1991885.cloudwaysapps.com/wp-cron.php?doing_wp_cron=1624431817.6280770301818847656250" "WordPress/5.7.2; http://wordpress-610281-1991885.cloudwaysapps.com"
176.229.204.135 - - [23/Jun/2021:07:03:37 +0000] "POST /wp-admin/admin-ajax.php HTTP/1.0" 200 549 "http://wordpress-610281-1991885.cloudwaysapps.com/wp-admin/" "Mozilla/5.0 (Windows NT 10.0; Win64; x64) AppleWebKit/537.36 (KHTML, like Gecko) Chrome/91.0.4472.77 Safari/537.36"
127.0.0.1 - - [23/Jun/2021:07:05:38 +0000] "POST /wp-cron.php?doing_wp_cron=1624431938.7425510883331298828125 HTTP/1.0" 200 259 "http://wordpress-610281-1991885.cloudwaysapps.com/wp-cron.php?doing_wp_cron=1624431938.7425510883331298828125" "WordPress/5.7.2; http://wordpress-610281-1991885.cloudwaysapps.com"
176.229.204.135 - - [23/Jun/2021:07:05:38 +0000] "POST /wp-admin/admin-ajax.php HTTP/1.0" 200 549 "http://wordpress-610281-1991885.cloudwaysapps.com/wp-admin/" "Mozilla/5.0 (Windows NT 10.0; Win64; x64) AppleWebKit/537.36 (KHTML, like Gecko) Chrome/91.0.4472.77 Safari/537.36"
127.0.0.1 - - [23/Jun/2021:07:05:38 +0000] "POST /wp-admin/admin-ajax.php?action=as_async_request_queue_runner&nonce=d96c85c1a0 HTTP/1.0" 200 394 "http://wordpress-610281-1991885.cloudwaysapps.com/wp-admin/admin-ajax.php?action=as_async_request_queue_runner&nonce=d96c85c1a0" "WordPress/5.7.2; http://wordpress-610281-1991885.cloudwaysapps.com"
127.0.0.1 - - [23/Jun/2021:07:07:39 +0000] "POST /wp-cron.php?doing_wp_cron=1624432059.6229729652404785156250 HTTP/1.0" 200 259 "http://wordpress-610281-1991885.cloudwaysapps.com/wp-cron.php?doing_wp_cron=1624432059.6229729652404785156250" "WordPress/5.7.2; http://wordpress-610281-1991885.cloudwaysapps.com"
176.229.204.135 - - [23/Jun/2021:07:07:39 +0000] "POST /wp-admin/admin-ajax.php HTTP/1.0" 200 549 "http://wordpress-610281-1991885.cloudwaysapps.com/wp-admin/" "Mozilla/5.0 (Windows NT 10.0; Win64; x64) AppleWebKit/537.36 (KHTML, like Gecko) Chrome/91.0.4472.77 Safari/537.36"
127.0.0.1 - - [23/Jun/2021:07:09:13 +0000] "POST /wp-cron.php?doing_wp_cron=1624432153.3880870342254638671875 HTTP/1.0" 200 259 "http://wordpress-610281-1991885.cloudwaysapps.com/wp-cron.php?doing_wp_cron=1624432153.3880870342254638671875" "WordPress/5.7.2; http://wordpress-610281-1991885.cloudwaysapps.com"
146.185.59.194 - - [23/Jun/2021:07:09:12 +0000] "POST /wp-admin/admin-ajax.php HTTP/1.0" 200 549 "http://wordpress-610281-1991885.cloudwaysapps.com/wp-admin/users.php" "Mozilla/5.0 (Windows NT 10.0; Win64; x64) AppleWebKit/537.36 (KHTML, like Gecko) Chrome/91.0.4472.114 Safari/537.36"
146.185.59.194 - - [23/Jun/2021:07:09:20 +0000] "GET /wp-admin/users.php HTTP/1.0" 200 30019 "http://wordpress-610281-1991885.cloudwaysapps.com/wp-admin/" "Mozilla/5.0 (Windows NT 10.0; Win64; x64) AppleWebKit/537.36 (KHTML, like Gecko) Chrome/91.0.4472.114 Safari/537.36"
146.185.59.194 - - [23/Jun/2021:07:09:20 +0000] "GET /wp-admin/load-styles.php?c=1&dir=rtl&load%5Bchunk_0%5D=dashicons,admin-bar,common,forms,admin-menu,dashboard,list-tables,edit,revisions,media,themes,about,nav-menus,wp-pointer,widgets&load%5Bchunk_1%5D=,site-icon,l10n,buttons,wp-auth-check,media-views&ver=5.7.2 HTTP/1.0" 200 104477 "http://wordpress-610281-1991885.cloudwaysapps.com/wp-admin/users.php" "Mozilla/5.0 (Windows NT 10.0; Win64; x64) AppleWebKit/537.36 (KHTML, like Gecko) Chrome/91.0.4472.114 Safari/537.36"
146.185.59.194 - - [23/Jun/2021:07:09:21 +0000] "GET /wp-admin/load-scripts.php?c=1&load%5Bchunk_0%5D=jquery-core,jquery-migrate,utils,moxiejs,plupload&ver=5.7.2 HTTP/1.0" 200 67111 "http://wordpress-610281-1991885.cloudwaysapps.com/wp-admin/users.php" "Mozilla/5.0 (Windows NT 10.0; Win64; x64) AppleWebKit/537.36 (KHTML, like Gecko) Chrome/91.0.4472.114 Safari/537.36"
146.185.59.194 - - [23/Jun/2021:07:09:21 +0000] "GET /wp-admin/load-scripts.php?c=1&load%5Bchunk_0%5D=hoverIntent&ver=5.7.2 HTTP/1.0" 200 815 "http://wordpress-610281-1991885.cloudwaysapps.com/wp-admin/users.php" "Mozilla/5.0 (Windows NT 10.0; Win64; x64) AppleWebKit/537.36 (KHTML, like Gecko) Chrome/91.0.4472.114 Safari/537.36"
146.185.59.194 - - [23/Jun/2021:07:09:36 +0000] "GET /wp-login.php?action=login_as_user&user_id=99&back_url=%2F%2Fwordpress-610281-1991885.cloudwaysapps.com%2Fwp-admin%2Fusers.php&_wpnonce=a15c6d4407 HTTP/1.0" 302 3951 "http://wordpress-610281-1991885.cloudwaysapps.com/wp-admin/users.php" "Mozilla/5.0 (Windows NT 10.0; Win64; x64) AppleWebKit/537.36 (KHTML, like Gecko) Chrome/91.0.4472.114 Safari/537.36"
146.185.59.194 - - [23/Jun/2021:07:09:36 +0000] "GET /?logged_in_as_user=true HTTP/1.0" 200 8434 "http://wordpress-610281-1991885.cloudwaysapps.com/wp-admin/users.php" "Mozilla/5.0 (Windows NT 10.0; Win64; x64) AppleWebKit/537.36 (KHTML, like Gecko) Chrome/91.0.4472.114 Safari/537.36"
176.229.204.135 - - [23/Jun/2021:07:09:40 +0000] "POST /wp-admin/admin-ajax.php HTTP/1.0" 200 549 "http://wordpress-610281-1991885.cloudwaysapps.com/wp-admin/" "Mozilla/5.0 (Windows NT 10.0; Win64; x64) AppleWebKit/537.36 (KHTML, like Gecko) Chrome/91.0.4472.77 Safari/537.36"
146.185.59.194 - - [23/Jun/2021:07:09:40 +0000] "GET /dashboard HTTP/1.0" 301 372 "http://wordpress-610281-1991885.cloudwaysapps.com/?logged_in_as_user=true" "Mozilla/5.0 (Windows NT 10.0; Win64; x64) AppleWebKit/537.36 (KHTML, like Gecko) Chrome/91.0.4472.114 Safari/537.36"
146.185.59.194 - - [23/Jun/2021:07:09:41 +0000] "GET /dashboard/ HTTP/1.0" 200 10304 "http://wordpress-610281-1991885.cloudwaysapps.com/?logged_in_as_user=true" "Mozilla/5.0 (Windows NT 10.0; Win64; x64) AppleWebKit/537.36 (KHTML, like Gecko) Chrome/91.0.4472.114 Safari/537.36"
127.0.0.1 - - [23/Jun/2021:07:09:53 +0000] "POST /wp-cron.php?doing_wp_cron=1624432193.5172441005706787109375 HTTP/1.0" 200 259 "http://wordpress-610281-1991885.cloudwaysapps.com/wp-cron.php?doing_wp_cron=1624432193.5172441005706787109375" "WordPress/5.7.2; http://wordpress-610281-1991885.cloudwaysapps.com"
146.185.59.194 - - [23/Jun/2021:07:09:53 +0000] "GET /wp-login.php?action=logout HTTP/1.0" 403 3334 "http://wordpress-610281-1991885.cloudwaysapps.com/dashboard/" "Mozilla/5.0 (Windows NT 10.0; Win64; x64) AppleWebKit/537.36 (KHTML, like Gecko) Chrome/91.0.4472.114 Safari/537.36"
146.185.59.194 - - [23/Jun/2021:07:09:54 +0000] "GET /wp-login.php?action=logout&_wpnonce=0e43434dbb HTTP/1.0" 302 3158 "http://wordpress-610281-1991885.cloudwaysapps.com/wp-login.php?action=logout" "Mozilla/5.0 (Windows NT 10.0; Win64; x64) AppleWebKit/537.36 (KHTML, like Gecko) Chrome/91.0.4472.114 Safari/537.36"
146.185.59.194 - - [23/Jun/2021:07:09:55 +0000] "GET /wp-login.php?loggedout=true&wp_lang=he_IL HTTP/1.0" 302 262 "http://wordpress-610281-1991885.cloudwaysapps.com/wp-login.php?action=logout" "Mozilla/5.0 (Windows NT 10.0; Win64; x64) AppleWebKit/537.36 (KHTML, like Gecko) Chrome/91.0.4472.114 Safari/537.36"
146.185.59.194 - - [23/Jun/2021:07:09:55 +0000] "GET /login/ HTTP/1.0" 200 5801 "http://wordpress-610281-1991885.cloudwaysapps.com/wp-login.php?action=logout" "Mozilla/5.0 (Windows NT 10.0; Win64; x64) AppleWebKit/537.36 (KHTML, like Gecko) Chrome/91.0.4472.114 Safari/537.36"
146.185.59.194 - - [23/Jun/2021:07:09:55 +0000] "POST /?wc-ajax=get_refreshed_fragments HTTP/1.0" 200 721 "http://wordpress-610281-1991885.cloudwaysapps.com/login/" "Mozilla/5.0 (Windows NT 10.0; Win64; x64) AppleWebKit/537.36 (KHTML, like Gecko) Chrome/91.0.4472.114 Safari/537.36"
146.185.59.194 - - [23/Jun/2021:07:10:07 +0000] "POST /wp-login.php HTTP/1.0" 302 1619 "http://wordpress-610281-1991885.cloudwaysapps.com/login/" "Mozilla/5.0 (Windows NT 10.0; Win64; x64) AppleWebKit/537.36 (KHTML, like Gecko) Chrome/91.0.4472.114 Safari/537.36"
146.185.59.194 - - [23/Jun/2021:07:10:08 +0000] "GET / HTTP/1.0" 200 10205 "http://wordpress-610281-1991885.cloudwaysapps.com/login/" "Mozilla/5.0 (Windows NT 10.0; Win64; x64) AppleWebKit/537.36 (KHTML, like Gecko) Chrome/91.0.4472.114 Safari/537.36"
146.185.59.194 - - [23/Jun/2021:07:10:08 +0000] "POST /?wc-ajax=get_refreshed_fragments HTTP/1.0" 200 3448 "http://wordpress-610281-1991885.cloudwaysapps.com/" "Mozilla/5.0 (Windows NT 10.0; Win64; x64) AppleWebKit/537.36 (KHTML, like Gecko) Chrome/91.0.4472.114 Safari/537.36"
127.0.0.1 - - [23/Jun/2021:07:10:55 +0000] "POST /wp-cron.php?doing_wp_cron=1624432255.5165081024169921875000 HTTP/1.0" 200 259 "http://wordpress-610281-1991885.cloudwaysapps.com/wp-cron.php?doing_wp_cron=1624432255.5165081024169921875000" "WordPress/5.7.2; http://wordpress-610281-1991885.cloudwaysapps.com"
146.185.59.194 - - [23/Jun/2021:07:10:55 +0000] "GET /wp-admin/ HTTP/1.0" 200 37660 "http://wordpress-610281-1991885.cloudwaysapps.com/" "Mozilla/5.0 (Windows NT 10.0; Win64; x64) AppleWebKit/537.36 (KHTML, like Gecko) Chrome/91.0.4472.114 Safari/537.36"
146.185.59.194 - - [23/Jun/2021:07:10:56 +0000] "POST /wp-admin/admin-ajax.php HTTP/1.0" 200 518 "http://wordpress-610281-1991885.cloudwaysapps.com/wp-admin/" "Mozilla/5.0 (Windows NT 10.0; Win64; x64) AppleWebKit/537.36 (KHTML, like Gecko) Chrome/91.0.4472.114 Safari/537.36"
146.185.59.194 - - [23/Jun/2021:07:10:56 +0000] "POST /wp-admin/admin-ajax.php HTTP/1.0" 200 518 "http://wordpress-610281-1991885.cloudwaysapps.com/wp-admin/" "Mozilla/5.0 (Windows NT 10.0; Win64; x64) AppleWebKit/537.36 (KHTML, like Gecko) Chrome/91.0.4472.114 Safari/537.36"
146.185.59.194 - - [23/Jun/2021:07:11:00 +0000] "GET /wp-admin/edit.php?post_type=shop_order HTTP/1.0" 200 149789 "http://wordpress-610281-1991885.cloudwaysapps.com/wp-admin/" "Mozilla/5.0 (Windows NT 10.0; Win64; x64) AppleWebKit/537.36 (KHTML, like Gecko) Chrome/91.0.4472.114 Safari/537.36"
146.185.59.194 - - [23/Jun/2021:07:11:01 +0000] "GET /wp-json/wc-analytics/admin/notes?page=1&per_page=25&status=unactioned&type%5B0%5D=info&type%5B1%5D=marketing&type%5B2%5D=survey&type%5B3%5D=warning&orderby=date&order=desc&_locale=user HTTP/1.0" 200 20983 "http://wordpress-610281-1991885.cloudwaysapps.com/wp-admin/edit.php?post_type=shop_order" "Mozilla/5.0 (Windows NT 10.0; Win64; x64) AppleWebKit/537.36 (KHTML, like Gecko) Chrome/91.0.4472.114 Safari/537.36"
146.185.59.194 - - [23/Jun/2021:07:11:01 +0000] "GET /wp-json/wc-admin/options?options=woocommerce_ces_tracks_queue&_locale=user HTTP/1.0" 200 642 "http://wordpress-610281-1991885.cloudwaysapps.com/wp-admin/edit.php?post_type=shop_order" "Mozilla/5.0 (Windows NT 10.0; Win64; x64) AppleWebKit/537.36 (KHTML, like Gecko) Chrome/91.0.4472.114 Safari/537.36"
146.185.59.194 - - [23/Jun/2021:07:11:01 +0000] "GET /wp-json/wc-analytics/admin/notes?page=1&per_page=25&type=error%2Cupdate&status=unactioned&_locale=user HTTP/1.0" 200 1779 "http://wordpress-610281-1991885.cloudwaysapps.com/wp-admin/edit.php?post_type=shop_order" "Mozilla/5.0 (Windows NT 10.0; Win64; x64) AppleWebKit/537.36 (KHTML, like Gecko) Chrome/91.0.4472.114 Safari/537.36"
146.185.59.194 - - [23/Jun/2021:07:11:01 +0000] "POST /wp-admin/admin-ajax.php HTTP/1.0" 200 549 "http://wordpress-610281-1991885.cloudwaysapps.com/wp-admin/edit.php?post_type=shop_order" "Mozilla/5.0 (Windows NT 10.0; Win64; x64) AppleWebKit/537.36 (KHTML, like Gecko) Chrome/91.0.4472.114 Safari/537.36"
146.185.59.194 - - [23/Jun/2021:07:11:12 +0000] "GET /wp-admin/edit.php?s=&post_status=all&post_type=shop_order&_wpnonce=468705bce0&_wp_http_referer=%2Fwp-admin%2Fedit.php%3Fpost_type%3Dshop_order&action=trash&m=0&_customer_user=&shop_order_subtype=&paged=1&post%5B%5D=1137&action2=trash HTTP/1.0" 302 454 "http://wordpress-610281-1991885.cloudwaysapps.com/wp-admin/edit.php?post_type=shop_order" "Mozilla/5.0 (Windows NT 10.0; Win64; x64) AppleWebKit/537.36 (KHTML, like Gecko) Chrome/91.0.4472.114 Safari/537.36"
146.185.59.194 - - [23/Jun/2021:07:11:13 +0000] "GET /wp-admin/edit.php?post_type=shop_order&paged=1&trashed=1&ids=1137&locked=0 HTTP/1.0" 200 149610 "http://wordpress-610281-1991885.cloudwaysapps.com/wp-admin/edit.php?post_type=shop_order" "Mozilla/5.0 (Windows NT 10.0; Win64; x64) AppleWebKit/537.36 (KHTML, like Gecko) Chrome/91.0.4472.114 Safari/537.36"
146.185.59.194 - - [23/Jun/2021:07:11:14 +0000] "GET /wp-json/wc-analytics/admin/notes?page=1&per_page=25&status=unactioned&type%5B0%5D=info&type%5B1%5D=marketing&type%5B2%5D=survey&type%5B3%5D=warning&orderby=date&order=desc&_locale=user HTTP/1.0" 200 20983 "http://wordpress-610281-1991885.cloudwaysapps.com/wp-admin/edit.php?post_type=shop_order&paged=1" "Mozilla/5.0 (Windows NT 10.0; Win64; x64) AppleWebKit/537.36 (KHTML, like Gecko) Chrome/91.0.4472.114 Safari/537.36"
146.185.59.194 - - [23/Jun/2021:07:11:14 +0000] "GET /wp-json/wc-admin/options?options=woocommerce_ces_tracks_queue&_locale=user HTTP/1.0" 200 642 "http://wordpress-610281-1991885.cloudwaysapps.com/wp-admin/edit.php?post_type=shop_order&paged=1" "Mozilla/5.0 (Windows NT 10.0; Win64; x64) AppleWebKit/537.36 (KHTML, like Gecko) Chrome/91.0.4472.114 Safari/537.36"
146.185.59.194 - - [23/Jun/2021:07:11:14 +0000] "POST /wp-admin/admin-ajax.php HTTP/1.0" 200 549 "http://wordpress-610281-1991885.cloudwaysapps.com/wp-admin/edit.php?post_type=shop_order&paged=1" "Mozilla/5.0 (Windows NT 10.0; Win64; x64) AppleWebKit/537.36 (KHTML, like Gecko) Chrome/91.0.4472.114 Safari/537.36"
146.185.59.194 - - [23/Jun/2021:07:11:14 +0000] "GET /wp-json/wc-analytics/admin/notes?page=1&per_page=25&type=error%2Cupdate&status=unactioned&_locale=user HTTP/1.0" 200 1779 "http://wordpress-610281-1991885.cloudwaysapps.com/wp-admin/edit.php?post_type=shop_order&paged=1" "Mozilla/5.0 (Windows NT 10.0; Win64; x64) AppleWebKit/537.36 (KHTML, like Gecko) Chrome/91.0.4472.114 Safari/537.36"
146.185.59.194 - - [23/Jun/2021:07:11:19 +0000] "GET /wp-admin/users.php HTTP/1.0" 200 30035 "http://wordpress-610281-1991885.cloudwaysapps.com/wp-admin/edit.php?post_type=shop_order&paged=1" "Mozilla/5.0 (Windows NT 10.0; Win64; x64) AppleWebKit/537.36 (KHTML, like Gecko) Chrome/91.0.4472.114 Safari/537.36"
146.185.59.194 - - [23/Jun/2021:07:11:21 +0000] "GET /wp-login.php?action=login_as_user&user_id=99&back_url=%2F%2Fwordpress-610281-1991885.cloudwaysapps.com%2Fwp-admin%2Fusers.php&_wpnonce=658ad18bc4 HTTP/1.0" 302 3951 "http://wordpress-610281-1991885.cloudwaysapps.com/wp-admin/users.php" "Mozilla/5.0 (Windows NT 10.0; Win64; x64) AppleWebKit/537.36 (KHTML, like Gecko) Chrome/91.0.4472.114 Safari/537.36"
146.185.59.194 - - [23/Jun/2021:07:11:21 +0000] "GET /?logged_in_as_user=true HTTP/1.0" 200 8435 "http://wordpress-610281-1991885.cloudwaysapps.com/wp-admin/users.php" "Mozilla/5.0 (Windows NT 10.0; Win64; x64) AppleWebKit/537.36 (KHTML, like Gecko) Chrome/91.0.4472.114 Safari/537.36"
146.185.59.194 - - [23/Jun/2021:07:11:25 +0000] "GET /dashboard HTTP/1.0" 301 372 "http://wordpress-610281-1991885.cloudwaysapps.com/?logged_in_as_user=true" "Mozilla/5.0 (Windows NT 10.0; Win64; x64) AppleWebKit/537.36 (KHTML, like Gecko) Chrome/91.0.4472.114 Safari/537.36"
146.185.59.194 - - [23/Jun/2021:07:11:25 +0000] "GET /dashboard/ HTTP/1.0" 200 10309 "http://wordpress-610281-1991885.cloudwaysapps.com/?logged_in_as_user=true" "Mozilla/5.0 (Windows NT 10.0; Win64; x64) AppleWebKit/537.36 (KHTML, like Gecko) Chrome/91.0.4472.114 Safari/537.36"
176.229.204.135 - - [23/Jun/2021:07:11:41 +0000] "POST /wp-admin/admin-ajax.php HTTP/1.0" 200 549 "http://wordpress-610281-1991885.cloudwaysapps.com/wp-admin/" "Mozilla/5.0 (Windows NT 10.0; Win64; x64) AppleWebKit/537.36 (KHTML, like Gecko) Chrome/91.0.4472.77 Safari/537.36"
127.0.0.1 - - [23/Jun/2021:07:13:42 +0000] "POST /wp-cron.php?doing_wp_cron=1624432422.6210870742797851562500 HTTP/1.0" 200 259 "http://wordpress-610281-1991885.cloudwaysapps.com/wp-cron.php?doing_wp_cron=1624432422.6210870742797851562500" "WordPress/5.7.2; http://wordpress-610281-1991885.cloudwaysapps.com"
176.229.204.135 - - [23/Jun/2021:07:13:42 +0000] "POST /wp-admin/admin-ajax.php HTTP/1.0" 200 549 "http://wordpress-610281-1991885.cloudwaysapps.com/wp-admin/" "Mozilla/5.0 (Windows NT 10.0; Win64; x64) AppleWebKit/537.36 (KHTML, like Gecko) Chrome/91.0.4472.77 Safari/537.36"
127.0.0.1 - - [23/Jun/2021:07:13:42 +0000] "POST /wp-admin/admin-ajax.php?action=as_async_request_queue_runner&nonce=d96c85c1a0 HTTP/1.0" 200 394 "http://wordpress-610281-1991885.cloudwaysapps.com/wp-admin/admin-ajax.php?action=as_async_request_queue_runner&nonce=d96c85c1a0" "WordPress/5.7.2; http://wordpress-610281-1991885.cloudwaysapps.com"
127.0.0.1 - - [23/Jun/2021:07:15:01 +0000] "POST /wp-cron.php?doing_wp_cron=1624432501.8496139049530029296875 HTTP/1.0" 200 259 "http://wordpress-610281-1991885.cloudwaysapps.com/wp-cron.php?doing_wp_cron=1624432501.8496139049530029296875" "WordPress/5.7.2; http://wordpress-610281-1991885.cloudwaysapps.com"
146.185.59.194 - - [23/Jun/2021:07:15:01 +0000] "GET /all-tests HTTP/1.0" 301 372 "http://wordpress-610281-1991885.cloudwaysapps.com/dashboard/" "Mozilla/5.0 (Windows NT 10.0; Win64; x64) AppleWebKit/537.36 (KHTML, like Gecko) Chrome/91.0.4472.114 Safari/537.36"
146.185.59.194 - - [23/Jun/2021:07:15:02 +0000] "GET /all-tests/ HTTP/1.0" 200 6298 "http://wordpress-610281-1991885.cloudwaysapps.com/dashboard/" "Mozilla/5.0 (Windows NT 10.0; Win64; x64) AppleWebKit/537.36 (KHTML, like Gecko) Chrome/91.0.4472.114 Safari/537.36"
146.185.59.194 - - [23/Jun/2021:07:15:04 +0000] "GET /all-tests HTTP/1.0" 301 372 "http://wordpress-610281-1991885.cloudwaysapps.com/all-tests/" "Mozilla/5.0 (Windows NT 10.0; Win64; x64) AppleWebKit/537.36 (KHTML, like Gecko) Chrome/91.0.4472.114 Safari/537.36"
146.185.59.194 - - [23/Jun/2021:07:15:04 +0000] "GET /all-tests/ HTTP/1.0" 200 6298 "http://wordpress-610281-1991885.cloudwaysapps.com/all-tests/" "Mozilla/5.0 (Windows NT 10.0; Win64; x64) AppleWebKit/537.36 (KHTML, like Gecko) Chrome/91.0.4472.114 Safari/537.36"
146.185.59.194 - - [23/Jun/2021:07:15:07 +0000] "GET /profile HTTP/1.0" 301 370 "http://wordpress-610281-1991885.cloudwaysapps.com/all-tests/" "Mozilla/5.0 (Windows NT 10.0; Win64; x64) AppleWebKit/537.36 (KHTML, like Gecko) Chrome/91.0.4472.114 Safari/537.36"
146.185.59.194 - - [23/Jun/2021:07:15:07 +0000] "GET /profile/ HTTP/1.0" 200 7609 "http://wordpress-610281-1991885.cloudwaysapps.com/all-tests/" "Mozilla/5.0 (Windows NT 10.0; Win64; x64) AppleWebKit/537.36 (KHTML, like Gecko) Chrome/91.0.4472.114 Safari/537.36"
146.185.59.194 - - [23/Jun/2021:07:15:29 +0000] "GET /dashboard HTTP/1.0" 301 372 "http://wordpress-610281-1991885.cloudwaysapps.com/profile/" "Mozilla/5.0 (Windows NT 10.0; Win64; x64) AppleWebKit/537.36 (KHTML, like Gecko) Chrome/91.0.4472.114 Safari/537.36"
146.185.59.194 - - [23/Jun/2021:07:15:29 +0000] "GET /dashboard/ HTTP/1.0" 200 10309 "http://wordpress-610281-1991885.cloudwaysapps.com/profile/" "Mozilla/5.0 (Windows NT 10.0; Win64; x64) AppleWebKit/537.36 (KHTML, like Gecko) Chrome/91.0.4472.114 Safari/537.36"
176.229.204.135 - - [23/Jun/2021:07:15:43 +0000] "POST /wp-admin/admin-ajax.php HTTP/1.0" 200 549 "http://wordpress-610281-1991885.cloudwaysapps.com/wp-admin/" "Mozilla/5.0 (Windows NT 10.0; Win64; x64) AppleWebKit/537.36 (KHTML, like Gecko) Chrome/91.0.4472.77 Safari/537.36"
127.0.0.1 - - [23/Jun/2021:07:16:35 +0000] "POST /wp-cron.php?doing_wp_cron=1624432595.8113880157470703125000 HTTP/1.0" 200 259 "http://wordpress-610281-1991885.cloudwaysapps.com/wp-cron.php?doing_wp_cron=1624432595.8113880157470703125000" "WordPress/5.7.2; http://wordpress-610281-1991885.cloudwaysapps.com"
146.185.59.194 - - [23/Jun/2021:07:16:35 +0000] "GET /%d7%a8%d7%9b%d7%99%d7%a9%d7%aa-%d7%97%d7%91%d7%99%d7%9c%d7%95%d7%aa/ HTTP/1.0" 200 7779 "http://wordpress-610281-1991885.cloudwaysapps.com/dashboard/" "Mozilla/5.0 (Windows NT 10.0; Win64; x64) AppleWebKit/537.36 (KHTML, like Gecko) Chrome/91.0.4472.114 Safari/537.36"
146.185.59.194 - - [23/Jun/2021:07:16:38 +0000] "GET /checkout/?add-to-cart=247&quantity=1 HTTP/1.0" 302 941 "http://wordpress-610281-1991885.cloudwaysapps.com/%d7%a8%d7%9b%d7%99%d7%a9%d7%aa-%d7%97%d7%91%d7%99%d7%9c%d7%95%d7%aa/" "Mozilla/5.0 (Windows NT 10.0; Win64; x64) AppleWebKit/537.36 (KHTML, like Gecko) Chrome/91.0.4472.114 Safari/537.36"
146.185.59.194 - - [23/Jun/2021:07:16:38 +0000] "GET /checkout/ HTTP/1.0" 200 31284 "http://wordpress-610281-1991885.cloudwaysapps.com/%d7%a8%d7%9b%d7%99%d7%a9%d7%aa-%d7%97%d7%91%d7%99%d7%9c%d7%95%d7%aa/" "Mozilla/5.0 (Windows NT 10.0; Win64; x64) AppleWebKit/537.36 (KHTML, like Gecko) Chrome/91.0.4472.114 Safari/537.36"
146.185.59.194 - - [23/Jun/2021:07:16:39 +0000] "POST /?wc-ajax=get_refreshed_fragments HTTP/1.0" 200 3448 "http://wordpress-610281-1991885.cloudwaysapps.com/checkout/" "Mozilla/5.0 (Windows NT 10.0; Win64; x64) AppleWebKit/537.36 (KHTML, like Gecko) Chrome/91.0.4472.114 Safari/537.36"
146.185.59.194 - - [23/Jun/2021:07:16:39 +0000] "POST /?wc-ajax=update_order_review HTTP/1.0" 200 6849 "http://wordpress-610281-1991885.cloudwaysapps.com/checkout/" "Mozilla/5.0 (Windows NT 10.0; Win64; x64) AppleWebKit/537.36 (KHTML, like Gecko) Chrome/91.0.4472.114 Safari/537.36"
146.185.59.194 - - [23/Jun/2021:07:16:40 +0000] "POST /?wc-ajax=checkout HTTP/1.0" 200 779 "http://wordpress-610281-1991885.cloudwaysapps.com/checkout/" "Mozilla/5.0 (Windows NT 10.0; Win64; x64) AppleWebKit/537.36 (KHTML, like Gecko) Chrome/91.0.4472.114 Safari/537.36"
146.185.59.194 - - [23/Jun/2021:07:16:41 +0000] "GET /checkout/order-received/1139/?key=wc_order_rZG6u8MKNjGKq HTTP/1.0" 200 27661 "http://wordpress-610281-1991885.cloudwaysapps.com/checkout/" "Mozilla/5.0 (Windows NT 10.0; Win64; x64) AppleWebKit/537.36 (KHTML, like Gecko) Chrome/91.0.4472.114 Safari/537.36"
146.185.59.194 - - [23/Jun/2021:07:16:42 +0000] "POST /?wc-ajax=get_refreshed_fragments HTTP/1.0" 200 721 "http://wordpress-610281-1991885.cloudwaysapps.com/checkout/order-received/1139/?key=wc_order_rZG6u8MKNjGKq" "Mozilla/5.0 (Windows NT 10.0; Win64; x64) AppleWebKit/537.36 (KHTML, like Gecko) Chrome/91.0.4472.114 Safari/537.36"
146.185.59.194 - - [23/Jun/2021:07:16:46 +0000] "GET /dashboard HTTP/1.0" 301 372 "http://wordpress-610281-1991885.cloudwaysapps.com/checkout/order-received/1139/?key=wc_order_rZG6u8MKNjGKq" "Mozilla/5.0 (Windows NT 10.0; Win64; x64) AppleWebKit/537.36 (KHTML, like Gecko) Chrome/91.0.4472.114 Safari/537.36"
146.185.59.194 - - [23/Jun/2021:07:16:46 +0000] "GET /dashboard/ HTTP/1.0" 200 10304 "http://wordpress-610281-1991885.cloudwaysapps.com/checkout/order-received/1139/?key=wc_order_rZG6u8MKNjGKq" "Mozilla/5.0 (Windows NT 10.0; Win64; x64) AppleWebKit/537.36 (KHTML, like Gecko) Chrome/91.0.4472.114 Safari/537.36"
127.0.0.1 - - [23/Jun/2021:07:16:50 +0000] "POST /wp-cron.php?doing_wp_cron=1624432610.1053960323333740234375 HTTP/1.0" 200 259 "http://wordpress-610281-1991885.cloudwaysapps.com/wp-cron.php?doing_wp_cron=1624432610.1053960323333740234375" "WordPress/5.7.2; http://wordpress-610281-1991885.cloudwaysapps.com"
146.185.59.194 - - [23/Jun/2021:07:16:49 +0000] "GET /test-builder HTTP/1.0" 301 375 "http://wordpress-610281-1991885.cloudwaysapps.com/dashboard/" "Mozilla/5.0 (Windows NT 10.0; Win64; x64) AppleWebKit/537.36 (KHTML, like Gecko) Chrome/91.0.4472.114 Safari/537.36"
146.185.59.194 - - [23/Jun/2021:07:16:50 +0000] "GET /test-builder/ HTTP/1.0" 200 9092 "http://wordpress-610281-1991885.cloudwaysapps.com/dashboard/" "Mozilla/5.0 (Windows NT 10.0; Win64; x64) AppleWebKit/537.36 (KHTML, like Gecko) Chrome/91.0.4472.114 Safari/537.36"
176.229.204.135 - - [23/Jun/2021:07:17:44 +0000] "POST /wp-admin/admin-ajax.php HTTP/1.0" 200 549 "http://wordpress-610281-1991885.cloudwaysapps.com/wp-admin/" "Mozilla/5.0 (Windows NT 10.0; Win64; x64) AppleWebKit/537.36 (KHTML, like Gecko) Chrome/91.0.4472.77 Safari/537.36"
146.185.59.194 - - [23/Jun/2021:07:17:45 +0000] "POST /wp-admin/admin-ajax.php?action=mynw_test_builder HTTP/1.0" 200 697 "http://wordpress-610281-1991885.cloudwaysapps.com/test-builder/" "Mozilla/5.0 (Windows NT 10.0; Win64; x64) AppleWebKit/537.36 (KHTML, like Gecko) Chrome/91.0.4472.114 Safari/537.36"
127.0.0.1 - - [23/Jun/2021:07:17:53 +0000] "POST /wp-cron.php?doing_wp_cron=1624432673.8685359954833984375000 HTTP/1.0" 200 259 "http://wordpress-610281-1991885.cloudwaysapps.com/wp-cron.php?doing_wp_cron=1624432673.8685359954833984375000" "WordPress/5.7.2; http://wordpress-610281-1991885.cloudwaysapps.com"
146.185.59.194 - - [23/Jun/2021:07:17:53 +0000] "GET /dashboard HTTP/1.0" 301 372 "http://wordpress-610281-1991885.cloudwaysapps.com/test-builder/" "Mozilla/5.0 (Windows NT 10.0; Win64; x64) AppleWebKit/537.36 (KHTML, like Gecko) Chrome/91.0.4472.114 Safari/537.36"
146.185.59.194 - - [23/Jun/2021:07:17:54 +0000] "GET /dashboard/ HTTP/1.0" 200 10401 "http://wordpress-610281-1991885.cloudwaysapps.com/test-builder/" "Mozilla/5.0 (Windows NT 10.0; Win64; x64) AppleWebKit/537.36 (KHTML, like Gecko) Chrome/91.0.4472.114 Safari/537.36"
146.185.59.194 - - [23/Jun/2021:07:18:01 +0000] "GET /test-page/?id=1141 HTTP/1.0" 200 6999 "http://wordpress-610281-1991885.cloudwaysapps.com/dashboard/" "Mozilla/5.0 (Windows NT 10.0; Win64; x64) AppleWebKit/537.36 (KHTML, like Gecko) Chrome/91.0.4472.114 Safari/537.36"
146.185.59.194 - - [23/Jun/2021:07:18:30 +0000] "GET /exam/%d7%9e%d7%91%d7%97%d7%9f-%d7%a7%d7%a9%d7%94/ HTTP/1.0" 200 13337 "-" "Mozilla/5.0 (Windows NT 10.0; Win64; x64) AppleWebKit/537.36 (KHTML, like Gecko) Chrome/91.0.4472.114 Safari/537.36"
146.185.59.194 - - [23/Jun/2021:07:18:31 +0000] "POST /?wc-ajax=get_refreshed_fragments HTTP/1.0" 200 721 "http://wordpress-610281-1991885.cloudwaysapps.com/exam/%d7%9e%d7%91%d7%97%d7%9f-%d7%a7%d7%a9%d7%94/" "Mozilla/5.0 (Windows NT 10.0; Win64; x64) AppleWebKit/537.36 (KHTML, like Gecko) Chrome/91.0.4472.114 Safari/537.36"
127.0.0.1 - - [23/Jun/2021:07:19:45 +0000] "POST /wp-cron.php?doing_wp_cron=1624432785.5918359756469726562500 HTTP/1.0" 200 259 "http://wordpress-610281-1991885.cloudwaysapps.com/wp-cron.php?doing_wp_cron=1624432785.5918359756469726562500" "WordPress/5.7.2; http://wordpress-610281-1991885.cloudwaysapps.com"
176.229.204.135 - - [23/Jun/2021:07:19:45 +0000] "POST /wp-admin/admin-ajax.php HTTP/1.0" 200 549 "http://wordpress-610281-1991885.cloudwaysapps.com/wp-admin/" "Mozilla/5.0 (Windows NT 10.0; Win64; x64) AppleWebKit/537.36 (KHTML, like Gecko) Chrome/91.0.4472.77 Safari/537.36"
127.0.0.1 - - [23/Jun/2021:07:21:14 +0000] "POST /wp-cron.php?doing_wp_cron=1624432874.1616740226745605468750 HTTP/1.0" 200 259 "http://wordpress-610281-1991885.cloudwaysapps.com/wp-cron.php?doing_wp_cron=1624432874.1616740226745605468750" "WordPress/5.7.2; http://wordpress-610281-1991885.cloudwaysapps.com"
146.185.59.194 - - [23/Jun/2021:07:21:13 +0000] "GET /exam/%d7%91%d7%93%d7%99%d7%a7%d7%94-10-2/?uniqe_id=73a87860-9487-4f32-95f7-a2e8fb14936f HTTP/1.0" 200 16255 "-" "Mozilla/5.0 (Windows NT 10.0; Win64; x64) AppleWebKit/537.36 (KHTML, like Gecko) Chrome/91.0.4472.114 Safari/537.36"
146.185.59.194 - - [23/Jun/2021:07:21:14 +0000] "POST /?wc-ajax=get_refreshed_fragments HTTP/1.0" 200 721 "http://wordpress-610281-1991885.cloudwaysapps.com/exam/%d7%91%d7%93%d7%99%d7%a7%d7%94-10-2/?uniqe_id=73a87860-9487-4f32-95f7-a2e8fb14936f" "Mozilla/5.0 (Windows NT 10.0; Win64; x64) AppleWebKit/537.36 (KHTML, like Gecko) Chrome/91.0.4472.114 Safari/537.36"
176.229.204.135 - - [23/Jun/2021:07:21:46 +0000] "POST /wp-admin/admin-ajax.php HTTP/1.0" 200 549 "http://wordpress-610281-1991885.cloudwaysapps.com/wp-admin/" "Mozilla/5.0 (Windows NT 10.0; Win64; x64) AppleWebKit/537.36 (KHTML, like Gecko) Chrome/91.0.4472.77 Safari/537.36"
127.0.0.1 - - [23/Jun/2021:07:21:46 +0000] "POST /wp-admin/admin-ajax.php?action=as_async_request_queue_runner&nonce=d96c85c1a0 HTTP/1.0" 200 394 "http://wordpress-610281-1991885.cloudwaysapps.com/wp-admin/admin-ajax.php?action=as_async_request_queue_runner&nonce=d96c85c1a0" "WordPress/5.7.2; http://wordpress-610281-1991885.cloudwaysapps.com"
127.0.0.1 - - [23/Jun/2021:07:23:47 +0000] "POST /wp-cron.php?doing_wp_cron=1624433027.6026439666748046875000 HTTP/1.0" 200 259 "http://wordpress-610281-1991885.cloudwaysapps.com/wp-cron.php?doing_wp_cron=1624433027.6026439666748046875000" "WordPress/5.7.2; http://wordpress-610281-1991885.cloudwaysapps.com"
176.229.204.135 - - [23/Jun/2021:07:23:47 +0000] "POST /wp-admin/admin-ajax.php HTTP/1.0" 200 549 "http://wordpress-610281-1991885.cloudwaysapps.com/wp-admin/" "Mozilla/5.0 (Windows NT 10.0; Win64; x64) AppleWebKit/537.36 (KHTML, like Gecko) Chrome/91.0.4472.77 Safari/537.36"
127.0.0.1 - - [23/Jun/2021:07:25:48 +0000] "POST /wp-cron.php?doing_wp_cron=1624433148.8740301132202148437500 HTTP/1.0" 200 259 "http://wordpress-610281-1991885.cloudwaysapps.com/wp-cron.php?doing_wp_cron=1624433148.8740301132202148437500" "WordPress/5.7.2; http://wordpress-610281-1991885.cloudwaysapps.com"
176.229.204.135 - - [23/Jun/2021:07:25:48 +0000] "POST /wp-admin/admin-ajax.php HTTP/1.0" 200 549 "http://wordpress-610281-1991885.cloudwaysapps.com/wp-admin/" "Mozilla/5.0 (Windows NT 10.0; Win64; x64) AppleWebKit/537.36 (KHTML, like Gecko) Chrome/91.0.4472.77 Safari/537.36"
127.0.0.1 - - [23/Jun/2021:07:27:18 +0000] "POST /wp-cron.php?doing_wp_cron=1624433238.7168929576873779296875 HTTP/1.0" 200 259 "http://wordpress-610281-1991885.cloudwaysapps.com/wp-cron.php?doing_wp_cron=1624433238.7168929576873779296875" "WordPress/5.7.2; http://wordpress-610281-1991885.cloudwaysapps.com"
146.185.59.194 - - [23/Jun/2021:07:27:18 +0000] "GET /dashboard HTTP/1.0" 301 372 "http://wordpress-610281-1991885.cloudwaysapps.com/test-page/?id=1141" "Mozilla/5.0 (Windows NT 10.0; Win64; x64) AppleWebKit/537.36 (KHTML, like Gecko) Chrome/91.0.4472.114 Safari/537.36"
146.185.59.194 - - [23/Jun/2021:07:27:18 +0000] "GET /dashboard/ HTTP/1.0" 200 10401 "http://wordpress-610281-1991885.cloudwaysapps.com/test-page/?id=1141" "Mozilla/5.0 (Windows NT 10.0; Win64; x64) AppleWebKit/537.36 (KHTML, like Gecko) Chrome/91.0.4472.114 Safari/537.36"
