176.229.204.135 - - [23/Jun/2021:05:59:05 +0000] "POST /wp-admin/admin-ajax.php HTTP/1.0" 200 549 "http://wordpress-610281-1991885.cloudwaysapps.com/wp-admin/" "Mozilla/5.0 (Windows NT 10.0; Win64; x64) AppleWebKit/537.36 (KHTML, like Gecko) Chrome/91.0.4472.77 Safari/537.36"
127.0.0.1 - - [23/Jun/2021:06:01:06 +0000] "POST /wp-cron.php?doing_wp_cron=1624428066.8041830062866210937500 HTTP/1.0" 200 259 "http://wordpress-610281-1991885.cloudwaysapps.com/wp-cron.php?doing_wp_cron=1624428066.8041830062866210937500" "WordPress/5.7.2; http://wordpress-610281-1991885.cloudwaysapps.com"
176.229.204.135 - - [23/Jun/2021:06:01:06 +0000] "POST /wp-admin/admin-ajax.php HTTP/1.0" 200 549 "http://wordpress-610281-1991885.cloudwaysapps.com/wp-admin/" "Mozilla/5.0 (Windows NT 10.0; Win64; x64) AppleWebKit/537.36 (KHTML, like Gecko) Chrome/91.0.4472.77 Safari/537.36"
127.0.0.1 - - [23/Jun/2021:06:03:07 +0000] "POST /wp-cron.php?doing_wp_cron=1624428187.6026360988616943359375 HTTP/1.0" 200 259 "http://wordpress-610281-1991885.cloudwaysapps.com/wp-cron.php?doing_wp_cron=1624428187.6026360988616943359375" "WordPress/5.7.2; http://wordpress-610281-1991885.cloudwaysapps.com"
176.229.204.135 - - [23/Jun/2021:06:03:07 +0000] "POST /wp-admin/admin-ajax.php HTTP/1.0" 200 549 "http://wordpress-610281-1991885.cloudwaysapps.com/wp-admin/" "Mozilla/5.0 (Windows NT 10.0; Win64; x64) AppleWebKit/537.36 (KHTML, like Gecko) Chrome/91.0.4472.77 Safari/537.36"
127.0.0.1 - - [23/Jun/2021:06:05:08 +0000] "POST /wp-cron.php?doing_wp_cron=1624428308.6831490993499755859375 HTTP/1.0" 200 259 "http://wordpress-610281-1991885.cloudwaysapps.com/wp-cron.php?doing_wp_cron=1624428308.6831490993499755859375" "WordPress/5.7.2; http://wordpress-610281-1991885.cloudwaysapps.com"
176.229.204.135 - - [23/Jun/2021:06:05:08 +0000] "POST /wp-admin/admin-ajax.php HTTP/1.0" 200 549 "http://wordpress-610281-1991885.cloudwaysapps.com/wp-admin/" "Mozilla/5.0 (Windows NT 10.0; Win64; x64) AppleWebKit/537.36 (KHTML, like Gecko) Chrome/91.0.4472.77 Safari/537.36"
127.0.0.1 - - [23/Jun/2021:06:07:09 +0000] "POST /wp-cron.php?doing_wp_cron=1624428429.6117320060729980468750 HTTP/1.0" 200 259 "http://wordpress-610281-1991885.cloudwaysapps.com/wp-cron.php?doing_wp_cron=1624428429.6117320060729980468750" "WordPress/5.7.2; http://wordpress-610281-1991885.cloudwaysapps.com"
176.229.204.135 - - [23/Jun/2021:06:07:09 +0000] "POST /wp-admin/admin-ajax.php HTTP/1.0" 200 549 "http://wordpress-610281-1991885.cloudwaysapps.com/wp-admin/" "Mozilla/5.0 (Windows NT 10.0; Win64; x64) AppleWebKit/537.36 (KHTML, like Gecko) Chrome/91.0.4472.77 Safari/537.36"
127.0.0.1 - - [23/Jun/2021:06:09:10 +0000] "POST /wp-cron.php?doing_wp_cron=1624428550.6331601142883300781250 HTTP/1.0" 200 259 "http://wordpress-610281-1991885.cloudwaysapps.com/wp-cron.php?doing_wp_cron=1624428550.6331601142883300781250" "WordPress/5.7.2; http://wordpress-610281-1991885.cloudwaysapps.com"
176.229.204.135 - - [23/Jun/2021:06:09:10 +0000] "POST /wp-admin/admin-ajax.php HTTP/1.0" 200 549 "http://wordpress-610281-1991885.cloudwaysapps.com/wp-admin/" "Mozilla/5.0 (Windows NT 10.0; Win64; x64) AppleWebKit/537.36 (KHTML, like Gecko) Chrome/91.0.4472.77 Safari/537.36"
127.0.0.1 - - [23/Jun/2021:06:11:11 +0000] "POST /wp-cron.php?doing_wp_cron=1624428671.7164809703826904296875 HTTP/1.0" 200 259 "http://wordpress-610281-1991885.cloudwaysapps.com/wp-cron.php?doing_wp_cron=1624428671.7164809703826904296875" "WordPress/5.7.2; http://wordpress-610281-1991885.cloudwaysapps.com"
176.229.204.135 - - [23/Jun/2021:06:11:11 +0000] "POST /wp-admin/admin-ajax.php HTTP/1.0" 200 549 "http://wordpress-610281-1991885.cloudwaysapps.com/wp-admin/" "Mozilla/5.0 (Windows NT 10.0; Win64; x64) AppleWebKit/537.36 (KHTML, like Gecko) Chrome/91.0.4472.77 Safari/537.36"
127.0.0.1 - - [23/Jun/2021:06:12:14 +0000] "POST /wp-cron.php?doing_wp_cron=1624428734.4096210002899169921875 HTTP/1.0" 200 259 "http://wordpress-610281-1991885.cloudwaysapps.com/wp-cron.php?doing_wp_cron=1624428734.4096210002899169921875" "WordPress/5.7.2; http://wordpress-610281-1991885.cloudwaysapps.com"
146.185.59.194 - - [23/Jun/2021:06:12:14 +0000] "GET / HTTP/1.0" 200 8565 "-" "Mozilla/5.0 (Windows NT 10.0; Win64; x64) AppleWebKit/537.36 (KHTML, like Gecko) Chrome/91.0.4472.114 Safari/537.36"
146.185.59.194 - - [23/Jun/2021:06:12:15 +0000] "POST /?wc-ajax=get_refreshed_fragments HTTP/1.0" 200 3448 "http://wordpress-610281-1991885.cloudwaysapps.com/" "Mozilla/5.0 (Windows NT 10.0; Win64; x64) AppleWebKit/537.36 (KHTML, like Gecko) Chrome/91.0.4472.114 Safari/537.36"
127.0.0.1 - - [23/Jun/2021:06:13:04 +0000] "POST /wp-cron.php?doing_wp_cron=1624428783.9934470653533935546875 HTTP/1.0" 200 259 "http://wordpress-610281-1991885.cloudwaysapps.com/wp-cron.php?doing_wp_cron=1624428783.9934470653533935546875" "WordPress/5.7.2; http://wordpress-610281-1991885.cloudwaysapps.com"
146.185.59.194 - - [23/Jun/2021:06:13:03 +0000] "GET /wp-login.php?action=logout HTTP/1.0" 403 3140 "http://wordpress-610281-1991885.cloudwaysapps.com/" "Mozilla/5.0 (Windows NT 10.0; Win64; x64) AppleWebKit/537.36 (KHTML, like Gecko) Chrome/91.0.4472.114 Safari/537.36"
146.185.59.194 - - [23/Jun/2021:06:13:05 +0000] "GET /wp-login.php?action=logout&_wpnonce=cee58f38b7 HTTP/1.0" 302 3352 "http://wordpress-610281-1991885.cloudwaysapps.com/wp-login.php?action=logout" "Mozilla/5.0 (Windows NT 10.0; Win64; x64) AppleWebKit/537.36 (KHTML, like Gecko) Chrome/91.0.4472.114 Safari/537.36"
146.185.59.194 - - [23/Jun/2021:06:13:06 +0000] "GET /wp-login.php?loggedout=true&wp_lang=he_IL HTTP/1.0" 302 262 "http://wordpress-610281-1991885.cloudwaysapps.com/wp-login.php?action=logout" "Mozilla/5.0 (Windows NT 10.0; Win64; x64) AppleWebKit/537.36 (KHTML, like Gecko) Chrome/91.0.4472.114 Safari/537.36"
146.185.59.194 - - [23/Jun/2021:06:13:06 +0000] "GET /login/ HTTP/1.0" 200 5801 "http://wordpress-610281-1991885.cloudwaysapps.com/wp-login.php?action=logout" "Mozilla/5.0 (Windows NT 10.0; Win64; x64) AppleWebKit/537.36 (KHTML, like Gecko) Chrome/91.0.4472.114 Safari/537.36"
146.185.59.194 - - [23/Jun/2021:06:13:06 +0000] "POST /?wc-ajax=get_refreshed_fragments HTTP/1.0" 200 721 "http://wordpress-610281-1991885.cloudwaysapps.com/login/" "Mozilla/5.0 (Windows NT 10.0; Win64; x64) AppleWebKit/537.36 (KHTML, like Gecko) Chrome/91.0.4472.114 Safari/537.36"
176.229.204.135 - - [23/Jun/2021:06:13:12 +0000] "POST /wp-admin/admin-ajax.php HTTP/1.0" 200 549 "http://wordpress-610281-1991885.cloudwaysapps.com/wp-admin/" "Mozilla/5.0 (Windows NT 10.0; Win64; x64) AppleWebKit/537.36 (KHTML, like Gecko) Chrome/91.0.4472.77 Safari/537.36"
146.185.59.194 - - [23/Jun/2021:06:13:39 +0000] "POST /wp-login.php HTTP/1.0" 302 1619 "http://wordpress-610281-1991885.cloudwaysapps.com/login/" "Mozilla/5.0 (Windows NT 10.0; Win64; x64) AppleWebKit/537.36 (KHTML, like Gecko) Chrome/91.0.4472.114 Safari/537.36"
146.185.59.194 - - [23/Jun/2021:06:13:39 +0000] "GET / HTTP/1.0" 200 10205 "http://wordpress-610281-1991885.cloudwaysapps.com/login/" "Mozilla/5.0 (Windows NT 10.0; Win64; x64) AppleWebKit/537.36 (KHTML, like Gecko) Chrome/91.0.4472.114 Safari/537.36"
146.185.59.194 - - [23/Jun/2021:06:13:40 +0000] "POST /?wc-ajax=get_refreshed_fragments HTTP/1.0" 200 3448 "http://wordpress-610281-1991885.cloudwaysapps.com/" "Mozilla/5.0 (Windows NT 10.0; Win64; x64) AppleWebKit/537.36 (KHTML, like Gecko) Chrome/91.0.4472.114 Safari/537.36"
146.185.59.194 - - [23/Jun/2021:06:13:42 +0000] "GET /wp-admin/ HTTP/1.0" 200 36872 "http://wordpress-610281-1991885.cloudwaysapps.com/" "Mozilla/5.0 (Windows NT 10.0; Win64; x64) AppleWebKit/537.36 (KHTML, like Gecko) Chrome/91.0.4472.114 Safari/537.36"
146.185.59.194 - - [23/Jun/2021:06:13:44 +0000] "GET /wp-content/plugins/woocommerce/assets/fonts/WooCommerce.woff HTTP/1.0" 304 145 "http://wordpress-610281-1991885.cloudwaysapps.com/wp-content/plugins/woocommerce/assets/css/menu-rtl.css?ver=5.3.0" "Mozilla/5.0 (Windows NT 10.0; Win64; x64) AppleWebKit/537.36 (KHTML, like Gecko) Chrome/91.0.4472.114 Safari/537.36"
146.185.59.194 - - [23/Jun/2021:06:13:44 +0000] "POST /wp-admin/admin-ajax.php HTTP/1.0" 200 518 "http://wordpress-610281-1991885.cloudwaysapps.com/wp-admin/" "Mozilla/5.0 (Windows NT 10.0; Win64; x64) AppleWebKit/537.36 (KHTML, like Gecko) Chrome/91.0.4472.114 Safari/537.36"
146.185.59.194 - - [23/Jun/2021:06:13:44 +0000] "POST /wp-admin/admin-ajax.php HTTP/1.0" 200 518 "http://wordpress-610281-1991885.cloudwaysapps.com/wp-admin/" "Mozilla/5.0 (Windows NT 10.0; Win64; x64) AppleWebKit/537.36 (KHTML, like Gecko) Chrome/91.0.4472.114 Safari/537.36"
146.185.59.194 - - [23/Jun/2021:06:13:44 +0000] "POST /wp-admin/admin-ajax.php HTTP/1.0" 200 1993 "http://wordpress-610281-1991885.cloudwaysapps.com/wp-admin/" "Mozilla/5.0 (Windows NT 10.0; Win64; x64) AppleWebKit/537.36 (KHTML, like Gecko) Chrome/91.0.4472.114 Safari/537.36"
146.185.59.194 - - [23/Jun/2021:06:13:44 +0000] "GET /wp-admin/admin-ajax.php?action=dashboard-widgets&widget=dashboard_primary&pagenow=dashboard HTTP/1.0" 200 892 "http://wordpress-610281-1991885.cloudwaysapps.com/wp-admin/" "Mozilla/5.0 (Windows NT 10.0; Win64; x64) AppleWebKit/537.36 (KHTML, like Gecko) Chrome/91.0.4472.114 Safari/537.36"
146.185.59.194 - - [23/Jun/2021:06:13:45 +0000] "GET /wp-admin/users.php HTTP/1.0" 200 30069 "http://wordpress-610281-1991885.cloudwaysapps.com/wp-admin/" "Mozilla/5.0 (Windows NT 10.0; Win64; x64) AppleWebKit/537.36 (KHTML, like Gecko) Chrome/91.0.4472.114 Safari/537.36"
127.0.0.1 - - [23/Jun/2021:06:14:47 +0000] "POST /wp-cron.php?doing_wp_cron=1624428887.1943709850311279296875 HTTP/1.0" 200 259 "http://wordpress-610281-1991885.cloudwaysapps.com/wp-cron.php?doing_wp_cron=1624428887.1943709850311279296875" "WordPress/5.7.2; http://wordpress-610281-1991885.cloudwaysapps.com"
146.185.59.194 - - [23/Jun/2021:06:14:46 +0000] "POST /wp-admin/admin-ajax.php HTTP/1.0" 200 549 "http://wordpress-610281-1991885.cloudwaysapps.com/wp-admin/users.php" "Mozilla/5.0 (Windows NT 10.0; Win64; x64) AppleWebKit/537.36 (KHTML, like Gecko) Chrome/91.0.4472.114 Safari/537.36"
127.0.0.1 - - [23/Jun/2021:06:15:13 +0000] "POST /wp-cron.php?doing_wp_cron=1624428913.5897850990295410156250 HTTP/1.0" 200 259 "http://wordpress-610281-1991885.cloudwaysapps.com/wp-cron.php?doing_wp_cron=1624428913.5897850990295410156250" "WordPress/5.7.2; http://wordpress-610281-1991885.cloudwaysapps.com"
176.229.204.135 - - [23/Jun/2021:06:15:13 +0000] "POST /wp-admin/admin-ajax.php HTTP/1.0" 200 549 "http://wordpress-610281-1991885.cloudwaysapps.com/wp-admin/" "Mozilla/5.0 (Windows NT 10.0; Win64; x64) AppleWebKit/537.36 (KHTML, like Gecko) Chrome/91.0.4472.77 Safari/537.36"
146.185.59.194 - - [23/Jun/2021:06:15:48 +0000] "POST /wp-admin/admin-ajax.php HTTP/1.0" 200 549 "http://wordpress-610281-1991885.cloudwaysapps.com/wp-admin/users.php" "Mozilla/5.0 (Windows NT 10.0; Win64; x64) AppleWebKit/537.36 (KHTML, like Gecko) Chrome/91.0.4472.114 Safari/537.36"
127.0.0.1 - - [23/Jun/2021:06:16:39 +0000] "POST /wp-cron.php?doing_wp_cron=1624428999.9481360912322998046875 HTTP/1.0" 200 259 "http://wordpress-610281-1991885.cloudwaysapps.com/wp-cron.php?doing_wp_cron=1624428999.9481360912322998046875" "WordPress/5.7.2; http://wordpress-610281-1991885.cloudwaysapps.com"
146.185.59.194 - - [23/Jun/2021:06:16:39 +0000] "GET /wp-admin/edit.php?post_type=shop_order HTTP/1.0" 200 151545 "http://wordpress-610281-1991885.cloudwaysapps.com/wp-admin/users.php" "Mozilla/5.0 (Windows NT 10.0; Win64; x64) AppleWebKit/537.36 (KHTML, like Gecko) Chrome/91.0.4472.114 Safari/537.36"
146.185.59.194 - - [23/Jun/2021:06:16:41 +0000] "GET /wp-json/wc-admin/options?options=woocommerce_ces_tracks_queue&_locale=user HTTP/1.0" 200 642 "http://wordpress-610281-1991885.cloudwaysapps.com/wp-admin/edit.php?post_type=shop_order" "Mozilla/5.0 (Windows NT 10.0; Win64; x64) AppleWebKit/537.36 (KHTML, like Gecko) Chrome/91.0.4472.114 Safari/537.36"
146.185.59.194 - - [23/Jun/2021:06:16:41 +0000] "GET /wp-json/wc-analytics/admin/notes?page=1&per_page=25&status=unactioned&type%5B0%5D=info&type%5B1%5D=marketing&type%5B2%5D=survey&type%5B3%5D=warning&orderby=date&order=desc&_locale=user HTTP/1.0" 200 20983 "http://wordpress-610281-1991885.cloudwaysapps.com/wp-admin/edit.php?post_type=shop_order" "Mozilla/5.0 (Windows NT 10.0; Win64; x64) AppleWebKit/537.36 (KHTML, like Gecko) Chrome/91.0.4472.114 Safari/537.36"
146.185.59.194 - - [23/Jun/2021:06:16:41 +0000] "POST /wp-admin/admin-ajax.php HTTP/1.0" 200 549 "http://wordpress-610281-1991885.cloudwaysapps.com/wp-admin/edit.php?post_type=shop_order" "Mozilla/5.0 (Windows NT 10.0; Win64; x64) AppleWebKit/537.36 (KHTML, like Gecko) Chrome/91.0.4472.114 Safari/537.36"
146.185.59.194 - - [23/Jun/2021:06:16:41 +0000] "GET /wp-json/wc-analytics/admin/notes?page=1&per_page=25&type=error%2Cupdate&status=unactioned&_locale=user HTTP/1.0" 200 1779 "http://wordpress-610281-1991885.cloudwaysapps.com/wp-admin/edit.php?post_type=shop_order" "Mozilla/5.0 (Windows NT 10.0; Win64; x64) AppleWebKit/537.36 (KHTML, like Gecko) Chrome/91.0.4472.114 Safari/537.36"
127.0.0.1 - - [23/Jun/2021:06:16:56 +0000] "POST /wp-cron.php?doing_wp_cron=1624429016.9569799900054931640625 HTTP/1.0" 200 259 "http://wordpress-610281-1991885.cloudwaysapps.com/wp-cron.php?doing_wp_cron=1624429016.9569799900054931640625" "WordPress/5.7.2; http://wordpress-610281-1991885.cloudwaysapps.com"
146.185.59.194 - - [23/Jun/2021:06:16:56 +0000] "POST /wp-admin/admin-ajax.php HTTP/1.0" 200 549 "http://wordpress-610281-1991885.cloudwaysapps.com/wp-admin/edit.php?post_type=shop_order" "Mozilla/5.0 (Windows NT 10.0; Win64; x64) AppleWebKit/537.36 (KHTML, like Gecko) Chrome/91.0.4472.114 Safari/537.36"
146.185.59.194 - - [23/Jun/2021:06:17:11 +0000] "POST /wp-admin/admin-ajax.php HTTP/1.0" 200 549 "http://wordpress-610281-1991885.cloudwaysapps.com/wp-admin/edit.php?post_type=shop_order" "Mozilla/5.0 (Windows NT 10.0; Win64; x64) AppleWebKit/537.36 (KHTML, like Gecko) Chrome/91.0.4472.114 Safari/537.36"
176.229.204.135 - - [23/Jun/2021:06:17:14 +0000] "POST /wp-admin/admin-ajax.php HTTP/1.0" 200 549 "http://wordpress-610281-1991885.cloudwaysapps.com/wp-admin/" "Mozilla/5.0 (Windows NT 10.0; Win64; x64) AppleWebKit/537.36 (KHTML, like Gecko) Chrome/91.0.4472.77 Safari/537.36"
146.185.59.194 - - [23/Jun/2021:06:17:18 +0000] "GET /wp-admin/edit.php?post_type=shop_order HTTP/1.0" 200 151545 "http://wordpress-610281-1991885.cloudwaysapps.com/wp-admin/edit.php?post_type=shop_order" "Mozilla/5.0 (Windows NT 10.0; Win64; x64) AppleWebKit/537.36 (KHTML, like Gecko) Chrome/91.0.4472.114 Safari/537.36"
146.185.59.194 - - [23/Jun/2021:06:17:19 +0000] "POST /wp-admin/admin-ajax.php HTTP/1.0" 200 549 "http://wordpress-610281-1991885.cloudwaysapps.com/wp-admin/edit.php?post_type=shop_order" "Mozilla/5.0 (Windows NT 10.0; Win64; x64) AppleWebKit/537.36 (KHTML, like Gecko) Chrome/91.0.4472.114 Safari/537.36"
146.185.59.194 - - [23/Jun/2021:06:17:19 +0000] "GET /wp-json/wc-analytics/admin/notes?page=1&per_page=25&status=unactioned&type%5B0%5D=info&type%5B1%5D=marketing&type%5B2%5D=survey&type%5B3%5D=warning&orderby=date&order=desc&_locale=user HTTP/1.0" 200 20983 "http://wordpress-610281-1991885.cloudwaysapps.com/wp-admin/edit.php?post_type=shop_order" "Mozilla/5.0 (Windows NT 10.0; Win64; x64) AppleWebKit/537.36 (KHTML, like Gecko) Chrome/91.0.4472.114 Safari/537.36"
146.185.59.194 - - [23/Jun/2021:06:17:19 +0000] "GET /wp-json/wc-admin/options?options=woocommerce_ces_tracks_queue&_locale=user HTTP/1.0" 200 642 "http://wordpress-610281-1991885.cloudwaysapps.com/wp-admin/edit.php?post_type=shop_order" "Mozilla/5.0 (Windows NT 10.0; Win64; x64) AppleWebKit/537.36 (KHTML, like Gecko) Chrome/91.0.4472.114 Safari/537.36"
146.185.59.194 - - [23/Jun/2021:06:17:20 +0000] "GET /wp-json/wc-analytics/admin/notes?page=1&per_page=25&type=error%2Cupdate&status=unactioned&_locale=user HTTP/1.0" 200 1779 "http://wordpress-610281-1991885.cloudwaysapps.com/wp-admin/edit.php?post_type=shop_order" "Mozilla/5.0 (Windows NT 10.0; Win64; x64) AppleWebKit/537.36 (KHTML, like Gecko) Chrome/91.0.4472.114 Safari/537.36"
146.185.59.194 - - [23/Jun/2021:06:17:24 +0000] "GET /wp-admin/admin-ajax.php?order_id=1124&action=woocommerce_get_order_details&security=9d896776c6 HTTP/1.0" 200 4874 "http://wordpress-610281-1991885.cloudwaysapps.com/wp-admin/edit.php?post_type=shop_order" "Mozilla/5.0 (Windows NT 10.0; Win64; x64) AppleWebKit/537.36 (KHTML, like Gecko) Chrome/91.0.4472.114 Safari/537.36"
146.185.59.194 - - [23/Jun/2021:06:17:27 +0000] "POST /wp-admin/admin-ajax.php HTTP/1.0" 200 549 "http://wordpress-610281-1991885.cloudwaysapps.com/wp-admin/edit.php?post_type=shop_order" "Mozilla/5.0 (Windows NT 10.0; Win64; x64) AppleWebKit/537.36 (KHTML, like Gecko) Chrome/91.0.4472.114 Safari/537.36"
146.185.59.194 - - [23/Jun/2021:06:17:34 +0000] "POST /wp-admin/admin-ajax.php HTTP/1.0" 200 549 "http://wordpress-610281-1991885.cloudwaysapps.com/wp-admin/edit.php?post_type=shop_order" "Mozilla/5.0 (Windows NT 10.0; Win64; x64) AppleWebKit/537.36 (KHTML, like Gecko) Chrome/91.0.4472.114 Safari/537.36"
146.185.59.194 - - [23/Jun/2021:06:17:42 +0000] "POST /wp-admin/admin-ajax.php HTTP/1.0" 200 549 "http://wordpress-610281-1991885.cloudwaysapps.com/wp-admin/edit.php?post_type=shop_order" "Mozilla/5.0 (Windows NT 10.0; Win64; x64) AppleWebKit/537.36 (KHTML, like Gecko) Chrome/91.0.4472.114 Safari/537.36"
127.0.0.1 - - [23/Jun/2021:06:17:56 +0000] "POST /wp-cron.php?doing_wp_cron=1624429076.5887920856475830078125 HTTP/1.0" 200 259 "http://wordpress-610281-1991885.cloudwaysapps.com/wp-cron.php?doing_wp_cron=1624429076.5887920856475830078125" "WordPress/5.7.2; http://wordpress-610281-1991885.cloudwaysapps.com"
146.185.59.194 - - [23/Jun/2021:06:17:57 +0000] "POST /wp-admin/admin-ajax.php HTTP/1.0" 200 549 "http://wordpress-610281-1991885.cloudwaysapps.com/wp-admin/edit.php?post_type=shop_order" "Mozilla/5.0 (Windows NT 10.0; Win64; x64) AppleWebKit/537.36 (KHTML, like Gecko) Chrome/91.0.4472.114 Safari/537.36"
146.185.59.194 - - [23/Jun/2021:06:17:56 +0000] "GET /wp-admin/edit.php?s=&post_status=all&post_type=shop_order&_wpnonce=7e1b032085&_wp_http_referer=%2Fwp-admin%2Fedit.php%3Fpost_type%3Dshop_order&action=trash&m=0&_customer_user=&shop_order_subtype=&paged=1&post%5B%5D=1124&post%5B%5D=1121&post%5B%5D=1119&post%5B%5D=1117&post%5B%5D=1115&post%5B%5D=1113&post%5B%5D=1111&post%5B%5D=1109&post%5B%5D=1107&post%5B%5D=1099&post%5B%5D=1097&post%5B%5D=1072&action2=trash HTTP/1.0" 302 532 "http://wordpress-610281-1991885.cloudwaysapps.com/wp-admin/edit.php?post_type=shop_order" "Mozilla/5.0 (Windows NT 10.0; Win64; x64) AppleWebKit/537.36 (KHTML, like Gecko) Chrome/91.0.4472.114 Safari/537.36"
146.185.59.194 - - [23/Jun/2021:06:17:58 +0000] "GET /wp-admin/edit.php?post_type=shop_order&paged=1&trashed=12&ids=1124%2C1121%2C1119%2C1117%2C1115%2C1113%2C1111%2C1109%2C1107%2C1099%2C1097%2C1072&locked=0 HTTP/1.0" 200 149667 "http://wordpress-610281-1991885.cloudwaysapps.com/wp-admin/edit.php?post_type=shop_order" "Mozilla/5.0 (Windows NT 10.0; Win64; x64) AppleWebKit/537.36 (KHTML, like Gecko) Chrome/91.0.4472.114 Safari/537.36"
146.185.59.194 - - [23/Jun/2021:06:18:00 +0000] "POST /wp-admin/admin-ajax.php HTTP/1.0" 200 549 "http://wordpress-610281-1991885.cloudwaysapps.com/wp-admin/edit.php?post_type=shop_order&paged=1" "Mozilla/5.0 (Windows NT 10.0; Win64; x64) AppleWebKit/537.36 (KHTML, like Gecko) Chrome/91.0.4472.114 Safari/537.36"
146.185.59.194 - - [23/Jun/2021:06:17:59 +0000] "GET /wp-json/wc-admin/options?options=woocommerce_ces_tracks_queue&_locale=user HTTP/1.0" 200 642 "http://wordpress-610281-1991885.cloudwaysapps.com/wp-admin/edit.php?post_type=shop_order&paged=1" "Mozilla/5.0 (Windows NT 10.0; Win64; x64) AppleWebKit/537.36 (KHTML, like Gecko) Chrome/91.0.4472.114 Safari/537.36"
146.185.59.194 - - [23/Jun/2021:06:17:59 +0000] "GET /wp-json/wc-analytics/admin/notes?page=1&per_page=25&status=unactioned&type%5B0%5D=info&type%5B1%5D=marketing&type%5B2%5D=survey&type%5B3%5D=warning&orderby=date&order=desc&_locale=user HTTP/1.0" 200 20983 "http://wordpress-610281-1991885.cloudwaysapps.com/wp-admin/edit.php?post_type=shop_order&paged=1" "Mozilla/5.0 (Windows NT 10.0; Win64; x64) AppleWebKit/537.36 (KHTML, like Gecko) Chrome/91.0.4472.114 Safari/537.36"
146.185.59.194 - - [23/Jun/2021:06:18:00 +0000] "GET /wp-json/wc-analytics/admin/notes?page=1&per_page=25&type=error%2Cupdate&status=unactioned&_locale=user HTTP/1.0" 200 1779 "http://wordpress-610281-1991885.cloudwaysapps.com/wp-admin/edit.php?post_type=shop_order&paged=1" "Mozilla/5.0 (Windows NT 10.0; Win64; x64) AppleWebKit/537.36 (KHTML, like Gecko) Chrome/91.0.4472.114 Safari/537.36"
146.185.59.194 - - [23/Jun/2021:06:18:04 +0000] "GET /wp-admin/users.php HTTP/1.0" 200 30038 "http://wordpress-610281-1991885.cloudwaysapps.com/wp-admin/edit.php?post_type=shop_order&paged=1" "Mozilla/5.0 (Windows NT 10.0; Win64; x64) AppleWebKit/537.36 (KHTML, like Gecko) Chrome/91.0.4472.114 Safari/537.36"
127.0.0.1 - - [23/Jun/2021:06:19:06 +0000] "POST /wp-cron.php?doing_wp_cron=1624429146.4268100261688232421875 HTTP/1.0" 200 259 "http://wordpress-610281-1991885.cloudwaysapps.com/wp-cron.php?doing_wp_cron=1624429146.4268100261688232421875" "WordPress/5.7.2; http://wordpress-610281-1991885.cloudwaysapps.com"
146.185.59.194 - - [23/Jun/2021:06:19:06 +0000] "POST /wp-admin/admin-ajax.php HTTP/1.0" 200 549 "http://wordpress-610281-1991885.cloudwaysapps.com/wp-admin/users.php" "Mozilla/5.0 (Windows NT 10.0; Win64; x64) AppleWebKit/537.36 (KHTML, like Gecko) Chrome/91.0.4472.114 Safari/537.36"
127.0.0.1 - - [23/Jun/2021:06:19:06 +0000] "POST /wp-admin/admin-ajax.php?action=as_async_request_queue_runner&nonce=ca7f5e515e HTTP/1.0" 200 394 "http://wordpress-610281-1991885.cloudwaysapps.com/wp-admin/admin-ajax.php?action=as_async_request_queue_runner&nonce=ca7f5e515e" "WordPress/5.7.2; http://wordpress-610281-1991885.cloudwaysapps.com"
176.229.204.135 - - [23/Jun/2021:06:19:15 +0000] "POST /wp-admin/admin-ajax.php HTTP/1.0" 200 549 "http://wordpress-610281-1991885.cloudwaysapps.com/wp-admin/" "Mozilla/5.0 (Windows NT 10.0; Win64; x64) AppleWebKit/537.36 (KHTML, like Gecko) Chrome/91.0.4472.77 Safari/537.36"
127.0.0.1 - - [23/Jun/2021:06:19:53 +0000] "POST /wp-cron.php?doing_wp_cron=1624429193.9277420043945312500000 HTTP/1.0" 200 259 "http://wordpress-610281-1991885.cloudwaysapps.com/wp-cron.php?doing_wp_cron=1624429193.9277420043945312500000" "WordPress/5.7.2; http://wordpress-610281-1991885.cloudwaysapps.com"
146.185.59.194 - - [23/Jun/2021:06:19:53 +0000] "GET / HTTP/1.0" 200 9990 "-" "Mozilla/5.0 (Windows NT 10.0; Win64; x64) AppleWebKit/537.36 (KHTML, like Gecko) Chrome/91.0.4472.114 Safari/537.36"
146.185.59.194 - - [23/Jun/2021:06:20:04 +0000] "GET /%d7%a8%d7%9b%d7%99%d7%a9%d7%aa-%d7%97%d7%91%d7%99%d7%9c%d7%95%d7%aa/ HTTP/1.0" 200 9400 "http://wordpress-610281-1991885.cloudwaysapps.com/" "Mozilla/5.0 (Windows NT 10.0; Win64; x64) AppleWebKit/537.36 (KHTML, like Gecko) Chrome/91.0.4472.114 Safari/537.36"
146.185.59.194 - - [23/Jun/2021:06:20:16 +0000] "GET /checkout/?add-to-cart=247&quantity=1 HTTP/1.0" 302 511 "http://wordpress-610281-1991885.cloudwaysapps.com/%d7%a8%d7%9b%d7%99%d7%a9%d7%aa-%d7%97%d7%91%d7%99%d7%9c%d7%95%d7%aa/" "Mozilla/5.0 (Windows NT 10.0; Win64; x64) AppleWebKit/537.36 (KHTML, like Gecko) Chrome/91.0.4472.114 Safari/537.36"
146.185.59.194 - - [23/Jun/2021:06:20:17 +0000] "GET /checkout/ HTTP/1.0" 200 33052 "http://wordpress-610281-1991885.cloudwaysapps.com/%d7%a8%d7%9b%d7%99%d7%a9%d7%aa-%d7%97%d7%91%d7%99%d7%9c%d7%95%d7%aa/" "Mozilla/5.0 (Windows NT 10.0; Win64; x64) AppleWebKit/537.36 (KHTML, like Gecko) Chrome/91.0.4472.114 Safari/537.36"
146.185.59.194 - - [23/Jun/2021:06:20:17 +0000] "POST /?wc-ajax=get_refreshed_fragments HTTP/1.0" 200 3448 "http://wordpress-610281-1991885.cloudwaysapps.com/checkout/" "Mozilla/5.0 (Windows NT 10.0; Win64; x64) AppleWebKit/537.36 (KHTML, like Gecko) Chrome/91.0.4472.114 Safari/537.36"
146.185.59.194 - - [23/Jun/2021:06:20:17 +0000] "POST /?wc-ajax=update_order_review HTTP/1.0" 200 6849 "http://wordpress-610281-1991885.cloudwaysapps.com/checkout/" "Mozilla/5.0 (Windows NT 10.0; Win64; x64) AppleWebKit/537.36 (KHTML, like Gecko) Chrome/91.0.4472.114 Safari/537.36"
127.0.0.1 - - [23/Jun/2021:06:21:16 +0000] "POST /wp-cron.php?doing_wp_cron=1624429276.6887340545654296875000 HTTP/1.0" 200 259 "http://wordpress-610281-1991885.cloudwaysapps.com/wp-cron.php?doing_wp_cron=1624429276.6887340545654296875000" "WordPress/5.7.2; http://wordpress-610281-1991885.cloudwaysapps.com"
176.229.204.135 - - [23/Jun/2021:06:21:16 +0000] "POST /wp-admin/admin-ajax.php HTTP/1.0" 200 625 "http://wordpress-610281-1991885.cloudwaysapps.com/wp-admin/" "Mozilla/5.0 (Windows NT 10.0; Win64; x64) AppleWebKit/537.36 (KHTML, like Gecko) Chrome/91.0.4472.77 Safari/537.36"
127.0.0.1 - - [23/Jun/2021:06:23:17 +0000] "POST /wp-cron.php?doing_wp_cron=1624429397.6435580253601074218750 HTTP/1.0" 200 259 "http://wordpress-610281-1991885.cloudwaysapps.com/wp-cron.php?doing_wp_cron=1624429397.6435580253601074218750" "WordPress/5.7.2; http://wordpress-610281-1991885.cloudwaysapps.com"
176.229.204.135 - - [23/Jun/2021:06:23:17 +0000] "POST /wp-admin/admin-ajax.php HTTP/1.0" 200 549 "http://wordpress-610281-1991885.cloudwaysapps.com/wp-admin/" "Mozilla/5.0 (Windows NT 10.0; Win64; x64) AppleWebKit/537.36 (KHTML, like Gecko) Chrome/91.0.4472.77 Safari/537.36"
127.0.0.1 - - [23/Jun/2021:06:23:17 +0000] "POST /wp-admin/admin-ajax.php?action=as_async_request_queue_runner&nonce=d96c85c1a0 HTTP/1.0" 200 394 "http://wordpress-610281-1991885.cloudwaysapps.com/wp-admin/admin-ajax.php?action=as_async_request_queue_runner&nonce=d96c85c1a0" "WordPress/5.7.2; http://wordpress-610281-1991885.cloudwaysapps.com"
127.0.0.1 - - [23/Jun/2021:06:25:18 +0000] "POST /wp-cron.php?doing_wp_cron=1624429518.6342329978942871093750 HTTP/1.0" 200 259 "http://wordpress-610281-1991885.cloudwaysapps.com/wp-cron.php?doing_wp_cron=1624429518.6342329978942871093750" "WordPress/5.7.2; http://wordpress-610281-1991885.cloudwaysapps.com"
176.229.204.135 - - [23/Jun/2021:06:25:18 +0000] "POST /wp-admin/admin-ajax.php HTTP/1.0" 200 549 "http://wordpress-610281-1991885.cloudwaysapps.com/wp-admin/" "Mozilla/5.0 (Windows NT 10.0; Win64; x64) AppleWebKit/537.36 (KHTML, like Gecko) Chrome/91.0.4472.77 Safari/537.36"
127.0.0.1 - - [23/Jun/2021:06:27:19 +0000] "POST /wp-cron.php?doing_wp_cron=1624429639.5993449687957763671875 HTTP/1.0" 200 259 "http://wordpress-610281-1991885.cloudwaysapps.com/wp-cron.php?doing_wp_cron=1624429639.5993449687957763671875" "WordPress/5.7.2; http://wordpress-610281-1991885.cloudwaysapps.com"
176.229.204.135 - - [23/Jun/2021:06:27:19 +0000] "POST /wp-admin/admin-ajax.php HTTP/1.0" 200 549 "http://wordpress-610281-1991885.cloudwaysapps.com/wp-admin/" "Mozilla/5.0 (Windows NT 10.0; Win64; x64) AppleWebKit/537.36 (KHTML, like Gecko) Chrome/91.0.4472.77 Safari/537.36"
127.0.0.1 - - [23/Jun/2021:06:29:20 +0000] "POST /wp-cron.php?doing_wp_cron=1624429760.6024520397186279296875 HTTP/1.0" 200 259 "http://wordpress-610281-1991885.cloudwaysapps.com/wp-cron.php?doing_wp_cron=1624429760.6024520397186279296875" "WordPress/5.7.2; http://wordpress-610281-1991885.cloudwaysapps.com"
176.229.204.135 - - [23/Jun/2021:06:29:20 +0000] "POST /wp-admin/admin-ajax.php HTTP/1.0" 200 549 "http://wordpress-610281-1991885.cloudwaysapps.com/wp-admin/" "Mozilla/5.0 (Windows NT 10.0; Win64; x64) AppleWebKit/537.36 (KHTML, like Gecko) Chrome/91.0.4472.77 Safari/537.36"
127.0.0.1 - - [23/Jun/2021:06:29:20 +0000] "POST /wp-admin/admin-ajax.php?action=as_async_request_queue_runner&nonce=d96c85c1a0 HTTP/1.0" 200 394 "http://wordpress-610281-1991885.cloudwaysapps.com/wp-admin/admin-ajax.php?action=as_async_request_queue_runner&nonce=d96c85c1a0" "WordPress/5.7.2; http://wordpress-610281-1991885.cloudwaysapps.com"
127.0.0.1 - - [23/Jun/2021:06:31:21 +0000] "POST /wp-cron.php?doing_wp_cron=1624429881.7171430587768554687500 HTTP/1.0" 200 259 "http://wordpress-610281-1991885.cloudwaysapps.com/wp-cron.php?doing_wp_cron=1624429881.7171430587768554687500" "WordPress/5.7.2; http://wordpress-610281-1991885.cloudwaysapps.com"
176.229.204.135 - - [23/Jun/2021:06:31:21 +0000] "POST /wp-admin/admin-ajax.php HTTP/1.0" 200 549 "http://wordpress-610281-1991885.cloudwaysapps.com/wp-admin/" "Mozilla/5.0 (Windows NT 10.0; Win64; x64) AppleWebKit/537.36 (KHTML, like Gecko) Chrome/91.0.4472.77 Safari/537.36"
127.0.0.1 - - [23/Jun/2021:06:33:22 +0000] "POST /wp-cron.php?doing_wp_cron=1624430002.7120659351348876953125 HTTP/1.0" 200 259 "http://wordpress-610281-1991885.cloudwaysapps.com/wp-cron.php?doing_wp_cron=1624430002.7120659351348876953125" "WordPress/5.7.2; http://wordpress-610281-1991885.cloudwaysapps.com"
176.229.204.135 - - [23/Jun/2021:06:33:22 +0000] "POST /wp-admin/admin-ajax.php HTTP/1.0" 200 549 "http://wordpress-610281-1991885.cloudwaysapps.com/wp-admin/" "Mozilla/5.0 (Windows NT 10.0; Win64; x64) AppleWebKit/537.36 (KHTML, like Gecko) Chrome/91.0.4472.77 Safari/537.36"
127.0.0.1 - - [23/Jun/2021:06:33:22 +0000] "POST /wp-admin/admin-ajax.php?action=as_async_request_queue_runner&nonce=d96c85c1a0 HTTP/1.0" 200 394 "http://wordpress-610281-1991885.cloudwaysapps.com/wp-admin/admin-ajax.php?action=as_async_request_queue_runner&nonce=d96c85c1a0" "WordPress/5.7.2; http://wordpress-610281-1991885.cloudwaysapps.com"
127.0.0.1 - - [23/Jun/2021:06:35:23 +0000] "POST /wp-cron.php?doing_wp_cron=1624430123.7523849010467529296875 HTTP/1.0" 200 259 "http://wordpress-610281-1991885.cloudwaysapps.com/wp-cron.php?doing_wp_cron=1624430123.7523849010467529296875" "WordPress/5.7.2; http://wordpress-610281-1991885.cloudwaysapps.com"
176.229.204.135 - - [23/Jun/2021:06:35:23 +0000] "POST /wp-admin/admin-ajax.php HTTP/1.0" 200 549 "http://wordpress-610281-1991885.cloudwaysapps.com/wp-admin/" "Mozilla/5.0 (Windows NT 10.0; Win64; x64) AppleWebKit/537.36 (KHTML, like Gecko) Chrome/91.0.4472.77 Safari/537.36"
146.185.59.194 - - [23/Jun/2021:06:35:28 +0000] "GET /wp-admin/ HTTP/1.0" 200 37532 "http://wordpress-610281-1991885.cloudwaysapps.com/checkout/" "Mozilla/5.0 (Windows NT 10.0; Win64; x64) AppleWebKit/537.36 (KHTML, like Gecko) Chrome/91.0.4472.114 Safari/537.36"
146.185.59.194 - - [23/Jun/2021:06:35:29 +0000] "POST /wp-admin/admin-ajax.php HTTP/1.0" 200 518 "http://wordpress-610281-1991885.cloudwaysapps.com/wp-admin/" "Mozilla/5.0 (Windows NT 10.0; Win64; x64) AppleWebKit/537.36 (KHTML, like Gecko) Chrome/91.0.4472.114 Safari/537.36"
146.185.59.194 - - [23/Jun/2021:06:35:29 +0000] "POST /wp-admin/admin-ajax.php HTTP/1.0" 200 518 "http://wordpress-610281-1991885.cloudwaysapps.com/wp-admin/" "Mozilla/5.0 (Windows NT 10.0; Win64; x64) AppleWebKit/537.36 (KHTML, like Gecko) Chrome/91.0.4472.114 Safari/537.36"
146.185.59.194 - - [23/Jun/2021:06:35:34 +0000] "GET /wp-admin/edit.php?post_type=product HTTP/1.0" 200 135938 "http://wordpress-610281-1991885.cloudwaysapps.com/wp-admin/" "Mozilla/5.0 (Windows NT 10.0; Win64; x64) AppleWebKit/537.36 (KHTML, like Gecko) Chrome/91.0.4472.114 Safari/537.36"
146.185.59.194 - - [23/Jun/2021:06:35:36 +0000] "GET /wp-json/wc-analytics/admin/notes?page=1&per_page=25&status=unactioned&type%5B0%5D=info&type%5B1%5D=marketing&type%5B2%5D=survey&type%5B3%5D=warning&orderby=date&order=desc&_locale=user HTTP/1.0" 200 20983 "http://wordpress-610281-1991885.cloudwaysapps.com/wp-admin/edit.php?post_type=product" "Mozilla/5.0 (Windows NT 10.0; Win64; x64) AppleWebKit/537.36 (KHTML, like Gecko) Chrome/91.0.4472.114 Safari/537.36"
146.185.59.194 - - [23/Jun/2021:06:35:36 +0000] "POST /wp-admin/admin-ajax.php HTTP/1.0" 200 549 "http://wordpress-610281-1991885.cloudwaysapps.com/wp-admin/edit.php?post_type=product" "Mozilla/5.0 (Windows NT 10.0; Win64; x64) AppleWebKit/537.36 (KHTML, like Gecko) Chrome/91.0.4472.114 Safari/537.36"
146.185.59.194 - - [23/Jun/2021:06:35:36 +0000] "GET /wp-json/wc-admin/options?options=woocommerce_ces_tracks_queue&_locale=user HTTP/1.0" 200 642 "http://wordpress-610281-1991885.cloudwaysapps.com/wp-admin/edit.php?post_type=product" "Mozilla/5.0 (Windows NT 10.0; Win64; x64) AppleWebKit/537.36 (KHTML, like Gecko) Chrome/91.0.4472.114 Safari/537.36"
146.185.59.194 - - [23/Jun/2021:06:35:36 +0000] "GET /wp-json/wc-analytics/admin/notes?page=1&per_page=25&type=error%2Cupdate&status=unactioned&_locale=user HTTP/1.0" 200 1779 "http://wordpress-610281-1991885.cloudwaysapps.com/wp-admin/edit.php?post_type=product" "Mozilla/5.0 (Windows NT 10.0; Win64; x64) AppleWebKit/537.36 (KHTML, like Gecko) Chrome/91.0.4472.114 Safari/537.36"
146.185.59.194 - - [23/Jun/2021:06:35:44 +0000] "GET /wp-admin/post.php?post=247&action=edit HTTP/1.0" 200 156611 "http://wordpress-610281-1991885.cloudwaysapps.com/wp-admin/edit.php?post_type=product" "Mozilla/5.0 (Windows NT 10.0; Win64; x64) AppleWebKit/537.36 (KHTML, like Gecko) Chrome/91.0.4472.114 Safari/537.36"
146.185.59.194 - - [23/Jun/2021:06:35:46 +0000] "GET /wp-json/wc-analytics/admin/notes?page=1&per_page=25&status=unactioned&type%5B0%5D=info&type%5B1%5D=marketing&type%5B2%5D=survey&type%5B3%5D=warning&orderby=date&order=desc&_locale=user HTTP/1.0" 200 20983 "http://wordpress-610281-1991885.cloudwaysapps.com/wp-admin/post.php?post=247&action=edit" "Mozilla/5.0 (Windows NT 10.0; Win64; x64) AppleWebKit/537.36 (KHTML, like Gecko) Chrome/91.0.4472.114 Safari/537.36"
146.185.59.194 - - [23/Jun/2021:06:35:46 +0000] "GET /wp-json/wc-admin/options?options=woocommerce_ces_tracks_queue&_locale=user HTTP/1.0" 200 642 "http://wordpress-610281-1991885.cloudwaysapps.com/wp-admin/post.php?post=247&action=edit" "Mozilla/5.0 (Windows NT 10.0; Win64; x64) AppleWebKit/537.36 (KHTML, like Gecko) Chrome/91.0.4472.114 Safari/537.36"
146.185.59.194 - - [23/Jun/2021:06:35:46 +0000] "GET /wp-json/wc-analytics/admin/notes?page=1&per_page=25&type=error%2Cupdate&status=unactioned&_locale=user HTTP/1.0" 200 1779 "http://wordpress-610281-1991885.cloudwaysapps.com/wp-admin/post.php?post=247&action=edit" "Mozilla/5.0 (Windows NT 10.0; Win64; x64) AppleWebKit/537.36 (KHTML, like Gecko) Chrome/91.0.4472.114 Safari/537.36"
127.0.0.1 - - [23/Jun/2021:06:36:01 +0000] "POST /wp-cron.php?doing_wp_cron=1624430161.7243919372558593750000 HTTP/1.0" 200 259 "http://wordpress-610281-1991885.cloudwaysapps.com/wp-cron.php?doing_wp_cron=1624430161.7243919372558593750000" "WordPress/5.7.2; http://wordpress-610281-1991885.cloudwaysapps.com"
146.185.59.194 - - [23/Jun/2021:06:36:01 +0000] "POST /wp-admin/admin-ajax.php HTTP/1.0" 200 601 "http://wordpress-610281-1991885.cloudwaysapps.com/wp-admin/post.php?post=247&action=edit" "Mozilla/5.0 (Windows NT 10.0; Win64; x64) AppleWebKit/537.36 (KHTML, like Gecko) Chrome/91.0.4472.114 Safari/537.36"
146.185.59.194 - - [23/Jun/2021:06:36:16 +0000] "POST /wp-admin/admin-ajax.php HTTP/1.0" 200 601 "http://wordpress-610281-1991885.cloudwaysapps.com/wp-admin/post.php?post=247&action=edit" "Mozilla/5.0 (Windows NT 10.0; Win64; x64) AppleWebKit/537.36 (KHTML, like Gecko) Chrome/91.0.4472.114 Safari/537.36"
146.185.59.194 - - [23/Jun/2021:06:36:31 +0000] "POST /wp-admin/admin-ajax.php HTTP/1.0" 200 601 "http://wordpress-610281-1991885.cloudwaysapps.com/wp-admin/post.php?post=247&action=edit" "Mozilla/5.0 (Windows NT 10.0; Win64; x64) AppleWebKit/537.36 (KHTML, like Gecko) Chrome/91.0.4472.114 Safari/537.36"
146.185.59.194 - - [23/Jun/2021:06:36:46 +0000] "POST /wp-admin/admin-ajax.php HTTP/1.0" 200 601 "http://wordpress-610281-1991885.cloudwaysapps.com/wp-admin/post.php?post=247&action=edit" "Mozilla/5.0 (Windows NT 10.0; Win64; x64) AppleWebKit/537.36 (KHTML, like Gecko) Chrome/91.0.4472.114 Safari/537.36"
127.0.0.1 - - [23/Jun/2021:06:37:01 +0000] "POST /wp-cron.php?doing_wp_cron=1624430221.7740769386291503906250 HTTP/1.0" 200 259 "http://wordpress-610281-1991885.cloudwaysapps.com/wp-cron.php?doing_wp_cron=1624430221.7740769386291503906250" "WordPress/5.7.2; http://wordpress-610281-1991885.cloudwaysapps.com"
146.185.59.194 - - [23/Jun/2021:06:37:01 +0000] "POST /wp-admin/admin-ajax.php HTTP/1.0" 200 601 "http://wordpress-610281-1991885.cloudwaysapps.com/wp-admin/post.php?post=247&action=edit" "Mozilla/5.0 (Windows NT 10.0; Win64; x64) AppleWebKit/537.36 (KHTML, like Gecko) Chrome/91.0.4472.114 Safari/537.36"
146.185.59.194 - - [23/Jun/2021:06:37:16 +0000] "POST /wp-admin/admin-ajax.php HTTP/1.0" 200 601 "http://wordpress-610281-1991885.cloudwaysapps.com/wp-admin/post.php?post=247&action=edit" "Mozilla/5.0 (Windows NT 10.0; Win64; x64) AppleWebKit/537.36 (KHTML, like Gecko) Chrome/91.0.4472.114 Safari/537.36"
176.229.204.135 - - [23/Jun/2021:06:37:24 +0000] "POST /wp-admin/admin-ajax.php HTTP/1.0" 200 549 "http://wordpress-610281-1991885.cloudwaysapps.com/wp-admin/" "Mozilla/5.0 (Windows NT 10.0; Win64; x64) AppleWebKit/537.36 (KHTML, like Gecko) Chrome/91.0.4472.77 Safari/537.36"
146.185.59.194 - - [23/Jun/2021:06:37:32 +0000] "POST /wp-admin/admin-ajax.php HTTP/1.0" 200 601 "http://wordpress-610281-1991885.cloudwaysapps.com/wp-admin/post.php?post=247&action=edit" "Mozilla/5.0 (Windows NT 10.0; Win64; x64) AppleWebKit/537.36 (KHTML, like Gecko) Chrome/91.0.4472.114 Safari/537.36"
127.0.0.1 - - [23/Jun/2021:06:39:25 +0000] "POST /wp-cron.php?doing_wp_cron=1624430365.6085660457611083984375 HTTP/1.0" 200 259 "http://wordpress-610281-1991885.cloudwaysapps.com/wp-cron.php?doing_wp_cron=1624430365.6085660457611083984375" "WordPress/5.7.2; http://wordpress-610281-1991885.cloudwaysapps.com"
176.229.204.135 - - [23/Jun/2021:06:39:25 +0000] "POST /wp-admin/admin-ajax.php HTTP/1.0" 200 549 "http://wordpress-610281-1991885.cloudwaysapps.com/wp-admin/" "Mozilla/5.0 (Windows NT 10.0; Win64; x64) AppleWebKit/537.36 (KHTML, like Gecko) Chrome/91.0.4472.77 Safari/537.36"
146.185.59.194 - - [23/Jun/2021:06:39:33 +0000] "POST /wp-admin/admin-ajax.php HTTP/1.0" 200 601 "http://wordpress-610281-1991885.cloudwaysapps.com/wp-admin/post.php?post=247&action=edit" "Mozilla/5.0 (Windows NT 10.0; Win64; x64) AppleWebKit/537.36 (KHTML, like Gecko) Chrome/91.0.4472.114 Safari/537.36"
127.0.0.1 - - [23/Jun/2021:06:40:10 +0000] "POST /wp-cron.php?doing_wp_cron=1624430410.8571228981018066406250 HTTP/1.0" 200 259 "http://wordpress-610281-1991885.cloudwaysapps.com/wp-cron.php?doing_wp_cron=1624430410.8571228981018066406250" "WordPress/5.7.2; http://wordpress-610281-1991885.cloudwaysapps.com"
146.185.59.194 - - [23/Jun/2021:06:40:10 +0000] "POST /wp-admin/admin-ajax.php HTTP/1.0" 200 601 "http://wordpress-610281-1991885.cloudwaysapps.com/wp-admin/post.php?post=247&action=edit" "Mozilla/5.0 (Windows NT 10.0; Win64; x64) AppleWebKit/537.36 (KHTML, like Gecko) Chrome/91.0.4472.114 Safari/537.36"
146.185.59.194 - - [23/Jun/2021:06:40:25 +0000] "POST /wp-admin/admin-ajax.php HTTP/1.0" 200 601 "http://wordpress-610281-1991885.cloudwaysapps.com/wp-admin/post.php?post=247&action=edit" "Mozilla/5.0 (Windows NT 10.0; Win64; x64) AppleWebKit/537.36 (KHTML, like Gecko) Chrome/91.0.4472.114 Safari/537.36"
146.185.59.194 - - [23/Jun/2021:06:40:41 +0000] "POST /wp-admin/admin-ajax.php HTTP/1.0" 200 601 "http://wordpress-610281-1991885.cloudwaysapps.com/wp-admin/post.php?post=247&action=edit" "Mozilla/5.0 (Windows NT 10.0; Win64; x64) AppleWebKit/537.36 (KHTML, like Gecko) Chrome/91.0.4472.114 Safari/537.36"
127.0.0.1 - - [23/Jun/2021:06:40:57 +0000] "POST /wp-cron.php?doing_wp_cron=1624430457.3961789608001708984375 HTTP/1.0" 200 259 "http://wordpress-610281-1991885.cloudwaysapps.com/wp-cron.php?doing_wp_cron=1624430457.3961789608001708984375" "WordPress/5.7.2; http://wordpress-610281-1991885.cloudwaysapps.com"
146.185.59.194 - - [23/Jun/2021:06:40:57 +0000] "POST /wp-admin/admin-ajax.php HTTP/1.0" 200 601 "http://wordpress-610281-1991885.cloudwaysapps.com/wp-admin/post.php?post=247&action=edit" "Mozilla/5.0 (Windows NT 10.0; Win64; x64) AppleWebKit/537.36 (KHTML, like Gecko) Chrome/91.0.4472.114 Safari/537.36"
176.229.204.135 - - [23/Jun/2021:06:41:26 +0000] "POST /wp-admin/admin-ajax.php HTTP/1.0" 200 549 "http://wordpress-610281-1991885.cloudwaysapps.com/wp-admin/" "Mozilla/5.0 (Windows NT 10.0; Win64; x64) AppleWebKit/537.36 (KHTML, like Gecko) Chrome/91.0.4472.77 Safari/537.36"
127.0.0.1 - - [23/Jun/2021:06:42:58 +0000] "POST /wp-cron.php?doing_wp_cron=1624430578.4209339618682861328125 HTTP/1.0" 200 259 "http://wordpress-610281-1991885.cloudwaysapps.com/wp-cron.php?doing_wp_cron=1624430578.4209339618682861328125" "WordPress/5.7.2; http://wordpress-610281-1991885.cloudwaysapps.com"
146.185.59.194 - - [23/Jun/2021:06:42:58 +0000] "POST /wp-admin/admin-ajax.php HTTP/1.0" 200 601 "http://wordpress-610281-1991885.cloudwaysapps.com/wp-admin/post.php?post=247&action=edit" "Mozilla/5.0 (Windows NT 10.0; Win64; x64) AppleWebKit/537.36 (KHTML, like Gecko) Chrome/91.0.4472.114 Safari/537.36"
176.229.204.135 - - [23/Jun/2021:06:43:27 +0000] "POST /wp-admin/admin-ajax.php HTTP/1.0" 200 549 "http://wordpress-610281-1991885.cloudwaysapps.com/wp-admin/" "Mozilla/5.0 (Windows NT 10.0; Win64; x64) AppleWebKit/537.36 (KHTML, like Gecko) Chrome/91.0.4472.77 Safari/537.36"
127.0.0.1 - - [23/Jun/2021:06:44:04 +0000] "POST /wp-cron.php?doing_wp_cron=1624430644.5874390602111816406250 HTTP/1.0" 200 259 "http://wordpress-610281-1991885.cloudwaysapps.com/wp-cron.php?doing_wp_cron=1624430644.5874390602111816406250" "WordPress/5.7.2; http://wordpress-610281-1991885.cloudwaysapps.com"
146.185.59.194 - - [23/Jun/2021:06:44:04 +0000] "POST /wp-admin/admin-ajax.php HTTP/1.0" 200 601 "http://wordpress-610281-1991885.cloudwaysapps.com/wp-admin/post.php?post=247&action=edit" "Mozilla/5.0 (Windows NT 10.0; Win64; x64) AppleWebKit/537.36 (KHTML, like Gecko) Chrome/91.0.4472.114 Safari/537.36"
146.185.59.194 - - [23/Jun/2021:06:44:19 +0000] "POST /wp-admin/admin-ajax.php HTTP/1.0" 200 601 "http://wordpress-610281-1991885.cloudwaysapps.com/wp-admin/post.php?post=247&action=edit" "Mozilla/5.0 (Windows NT 10.0; Win64; x64) AppleWebKit/537.36 (KHTML, like Gecko) Chrome/91.0.4472.114 Safari/537.36"
146.185.59.194 - - [23/Jun/2021:06:44:33 +0000] "GET /wp-admin/users.php HTTP/1.0" 200 30038 "http://wordpress-610281-1991885.cloudwaysapps.com/wp-admin/post.php?post=247&action=edit" "Mozilla/5.0 (Windows NT 10.0; Win64; x64) AppleWebKit/537.36 (KHTML, like Gecko) Chrome/91.0.4472.114 Safari/537.36"
146.185.59.194 - - [23/Jun/2021:06:44:34 +0000] "POST /wp-admin/admin-ajax.php HTTP/1.0" 200 601 "http://wordpress-610281-1991885.cloudwaysapps.com/wp-admin/post.php?post=247&action=edit" "Mozilla/5.0 (Windows NT 10.0; Win64; x64) AppleWebKit/537.36 (KHTML, like Gecko) Chrome/91.0.4472.114 Safari/537.36"
146.185.59.194 - - [23/Jun/2021:06:44:38 +0000] "GET /wp-login.php?action=login_as_user&user_id=99&back_url=%2F%2Fwordpress-610281-1991885.cloudwaysapps.com%2Fwp-admin%2Fusers.php&_wpnonce=5779bb14a2 HTTP/1.0" 302 3951 "http://wordpress-610281-1991885.cloudwaysapps.com/wp-admin/users.php" "Mozilla/5.0 (Windows NT 10.0; Win64; x64) AppleWebKit/537.36 (KHTML, like Gecko) Chrome/91.0.4472.114 Safari/537.36"
127.0.0.1 - - [23/Jun/2021:06:44:38 +0000] "POST /wp-cron.php?doing_wp_cron=1624430678.5285689830780029296875 HTTP/1.0" 200 259 "http://wordpress-610281-1991885.cloudwaysapps.com/wp-cron.php?doing_wp_cron=1624430678.5285689830780029296875" "WordPress/5.7.2; http://wordpress-610281-1991885.cloudwaysapps.com"
146.185.59.194 - - [23/Jun/2021:06:44:38 +0000] "GET /?logged_in_as_user=true HTTP/1.0" 200 8434 "http://wordpress-610281-1991885.cloudwaysapps.com/wp-admin/users.php" "Mozilla/5.0 (Windows NT 10.0; Win64; x64) AppleWebKit/537.36 (KHTML, like Gecko) Chrome/91.0.4472.114 Safari/537.36"
146.185.59.194 - - [23/Jun/2021:06:44:41 +0000] "GET /%d7%a8%d7%9b%d7%99%d7%a9%d7%aa-%d7%97%d7%91%d7%99%d7%9c%d7%95%d7%aa/ HTTP/1.0" 200 7779 "http://wordpress-610281-1991885.cloudwaysapps.com/?logged_in_as_user=true" "Mozilla/5.0 (Windows NT 10.0; Win64; x64) AppleWebKit/537.36 (KHTML, like Gecko) Chrome/91.0.4472.114 Safari/537.36"
146.185.59.194 - - [23/Jun/2021:06:44:43 +0000] "GET /checkout/?add-to-cart=247&quantity=1 HTTP/1.0" 302 941 "http://wordpress-610281-1991885.cloudwaysapps.com/%d7%a8%d7%9b%d7%99%d7%a9%d7%aa-%d7%97%d7%91%d7%99%d7%9c%d7%95%d7%aa/" "Mozilla/5.0 (Windows NT 10.0; Win64; x64) AppleWebKit/537.36 (KHTML, like Gecko) Chrome/91.0.4472.114 Safari/537.36"
146.185.59.194 - - [23/Jun/2021:06:44:43 +0000] "GET /checkout/ HTTP/1.0" 200 31283 "http://wordpress-610281-1991885.cloudwaysapps.com/%d7%a8%d7%9b%d7%99%d7%a9%d7%aa-%d7%97%d7%91%d7%99%d7%9c%d7%95%d7%aa/" "Mozilla/5.0 (Windows NT 10.0; Win64; x64) AppleWebKit/537.36 (KHTML, like Gecko) Chrome/91.0.4472.114 Safari/537.36"
146.185.59.194 - - [23/Jun/2021:06:44:44 +0000] "POST /?wc-ajax=get_refreshed_fragments HTTP/1.0" 200 3448 "http://wordpress-610281-1991885.cloudwaysapps.com/checkout/" "Mozilla/5.0 (Windows NT 10.0; Win64; x64) AppleWebKit/537.36 (KHTML, like Gecko) Chrome/91.0.4472.114 Safari/537.36"
146.185.59.194 - - [23/Jun/2021:06:44:44 +0000] "POST /?wc-ajax=update_order_review HTTP/1.0" 200 6849 "http://wordpress-610281-1991885.cloudwaysapps.com/checkout/" "Mozilla/5.0 (Windows NT 10.0; Win64; x64) AppleWebKit/537.36 (KHTML, like Gecko) Chrome/91.0.4472.114 Safari/537.36"
146.185.59.194 - - [23/Jun/2021:06:44:46 +0000] "POST /?wc-ajax=checkout HTTP/1.0" 200 779 "http://wordpress-610281-1991885.cloudwaysapps.com/checkout/" "Mozilla/5.0 (Windows NT 10.0; Win64; x64) AppleWebKit/537.36 (KHTML, like Gecko) Chrome/91.0.4472.114 Safari/537.36"
146.185.59.194 - - [23/Jun/2021:06:44:47 +0000] "GET /checkout/order-received/1135/?key=wc_order_caogicLq0tw96 HTTP/1.0" 200 27658 "http://wordpress-610281-1991885.cloudwaysapps.com/checkout/" "Mozilla/5.0 (Windows NT 10.0; Win64; x64) AppleWebKit/537.36 (KHTML, like Gecko) Chrome/91.0.4472.114 Safari/537.36"
146.185.59.194 - - [23/Jun/2021:06:44:48 +0000] "POST /?wc-ajax=get_refreshed_fragments HTTP/1.0" 200 721 "http://wordpress-610281-1991885.cloudwaysapps.com/checkout/order-received/1135/?key=wc_order_caogicLq0tw96" "Mozilla/5.0 (Windows NT 10.0; Win64; x64) AppleWebKit/537.36 (KHTML, like Gecko) Chrome/91.0.4472.114 Safari/537.36"
127.0.0.1 - - [23/Jun/2021:06:45:22 +0000] "POST /wp-cron.php?doing_wp_cron=1624430722.1881120204925537109375 HTTP/1.0" 200 259 "http://wordpress-610281-1991885.cloudwaysapps.com/wp-cron.php?doing_wp_cron=1624430722.1881120204925537109375" "WordPress/5.7.2; http://wordpress-610281-1991885.cloudwaysapps.com"
146.185.59.194 - - [23/Jun/2021:06:45:22 +0000] "GET /wp-login.php?action=logout HTTP/1.0" 403 3140 "http://wordpress-610281-1991885.cloudwaysapps.com/checkout/order-received/1135/?key=wc_order_caogicLq0tw96" "Mozilla/5.0 (Windows NT 10.0; Win64; x64) AppleWebKit/537.36 (KHTML, like Gecko) Chrome/91.0.4472.114 Safari/537.36"
146.185.59.194 - - [23/Jun/2021:06:45:23 +0000] "GET /wp-login.php?action=logout&_wpnonce=4ff1d5dd5c HTTP/1.0" 302 3158 "http://wordpress-610281-1991885.cloudwaysapps.com/wp-login.php?action=logout" "Mozilla/5.0 (Windows NT 10.0; Win64; x64) AppleWebKit/537.36 (KHTML, like Gecko) Chrome/91.0.4472.114 Safari/537.36"
146.185.59.194 - - [23/Jun/2021:06:45:23 +0000] "GET /wp-login.php?loggedout=true&wp_lang=he_IL HTTP/1.0" 302 262 "http://wordpress-610281-1991885.cloudwaysapps.com/wp-login.php?action=logout" "Mozilla/5.0 (Windows NT 10.0; Win64; x64) AppleWebKit/537.36 (KHTML, like Gecko) Chrome/91.0.4472.114 Safari/537.36"
146.185.59.194 - - [23/Jun/2021:06:45:24 +0000] "GET /login/ HTTP/1.0" 200 5801 "http://wordpress-610281-1991885.cloudwaysapps.com/wp-login.php?action=logout" "Mozilla/5.0 (Windows NT 10.0; Win64; x64) AppleWebKit/537.36 (KHTML, like Gecko) Chrome/91.0.4472.114 Safari/537.36"
176.229.204.135 - - [23/Jun/2021:06:45:28 +0000] "POST /wp-admin/admin-ajax.php HTTP/1.0" 200 549 "http://wordpress-610281-1991885.cloudwaysapps.com/wp-admin/" "Mozilla/5.0 (Windows NT 10.0; Win64; x64) AppleWebKit/537.36 (KHTML, like Gecko) Chrome/91.0.4472.77 Safari/537.36"
146.185.59.194 - - [23/Jun/2021:06:45:49 +0000] "POST /wp-login.php HTTP/1.0" 302 1619 "http://wordpress-610281-1991885.cloudwaysapps.com/login/" "Mozilla/5.0 (Windows NT 10.0; Win64; x64) AppleWebKit/537.36 (KHTML, like Gecko) Chrome/91.0.4472.114 Safari/537.36"
146.185.59.194 - - [23/Jun/2021:06:45:49 +0000] "GET / HTTP/1.0" 200 10205 "http://wordpress-610281-1991885.cloudwaysapps.com/login/" "Mozilla/5.0 (Windows NT 10.0; Win64; x64) AppleWebKit/537.36 (KHTML, like Gecko) Chrome/91.0.4472.114 Safari/537.36"
127.0.0.1 - - [23/Jun/2021:06:45:50 +0000] "POST /wp-cron.php?doing_wp_cron=1624430750.5473930835723876953125 HTTP/1.0" 200 259 "http://wordpress-610281-1991885.cloudwaysapps.com/wp-cron.php?doing_wp_cron=1624430750.5473930835723876953125" "WordPress/5.7.2; http://wordpress-610281-1991885.cloudwaysapps.com"
146.185.59.194 - - [23/Jun/2021:06:45:50 +0000] "POST /?wc-ajax=get_refreshed_fragments HTTP/1.0" 200 3448 "http://wordpress-610281-1991885.cloudwaysapps.com/" "Mozilla/5.0 (Windows NT 10.0; Win64; x64) AppleWebKit/537.36 (KHTML, like Gecko) Chrome/91.0.4472.114 Safari/537.36"
146.185.59.194 - - [23/Jun/2021:06:45:52 +0000] "GET /wp-admin/ HTTP/1.0" 200 37652 "http://wordpress-610281-1991885.cloudwaysapps.com/" "Mozilla/5.0 (Windows NT 10.0; Win64; x64) AppleWebKit/537.36 (KHTML, like Gecko) Chrome/91.0.4472.114 Safari/537.36"
146.185.59.194 - - [23/Jun/2021:06:45:53 +0000] "POST /wp-admin/admin-ajax.php HTTP/1.0" 200 518 "http://wordpress-610281-1991885.cloudwaysapps.com/wp-admin/" "Mozilla/5.0 (Windows NT 10.0; Win64; x64) AppleWebKit/537.36 (KHTML, like Gecko) Chrome/91.0.4472.114 Safari/537.36"
146.185.59.194 - - [23/Jun/2021:06:45:53 +0000] "POST /wp-admin/admin-ajax.php HTTP/1.0" 200 518 "http://wordpress-610281-1991885.cloudwaysapps.com/wp-admin/" "Mozilla/5.0 (Windows NT 10.0; Win64; x64) AppleWebKit/537.36 (KHTML, like Gecko) Chrome/91.0.4472.114 Safari/537.36"
