146.185.59.194 - - [22/Jun/2021:06:46:23 +0000] "POST /wp-admin/admin-ajax.php HTTP/1.0" 200 601 "http://wordpress-610281-1991885.cloudwaysapps.com/wp-admin/post.php?post=935&action=edit" "Mozilla/5.0 (Windows NT 10.0; Win64; x64) AppleWebKit/537.36 (KHTML, like Gecko) Chrome/91.0.4472.106 Safari/537.36"
146.185.59.194 - - [22/Jun/2021:06:46:27 +0000] "POST /wp-admin/admin-ajax.php HTTP/1.0" 200 601 "http://wordpress-610281-1991885.cloudwaysapps.com/wp-admin/post-new.php?post_type=product&select_subscription=true&subscription_pointers=true" "Mozilla/5.0 (Windows NT 10.0; Win64; x64) AppleWebKit/537.36 (KHTML, like Gecko) Chrome/91.0.4472.106 Safari/537.36"
127.0.0.1 - - [22/Jun/2021:06:48:24 +0000] "POST /wp-cron.php?doing_wp_cron=1624344504.7421240806579589843750 HTTP/1.0" 200 259 "http://wordpress-610281-1991885.cloudwaysapps.com/wp-cron.php?doing_wp_cron=1624344504.7421240806579589843750" "WordPress/5.7.2; http://wordpress-610281-1991885.cloudwaysapps.com"
146.185.59.194 - - [22/Jun/2021:06:48:24 +0000] "POST /wp-admin/admin-ajax.php HTTP/1.0" 200 601 "http://wordpress-610281-1991885.cloudwaysapps.com/wp-admin/post.php?post=935&action=edit" "Mozilla/5.0 (Windows NT 10.0; Win64; x64) AppleWebKit/537.36 (KHTML, like Gecko) Chrome/91.0.4472.106 Safari/537.36"
146.185.59.194 - - [22/Jun/2021:06:48:28 +0000] "POST /wp-admin/admin-ajax.php HTTP/1.0" 200 601 "http://wordpress-610281-1991885.cloudwaysapps.com/wp-admin/post-new.php?post_type=product&select_subscription=true&subscription_pointers=true" "Mozilla/5.0 (Windows NT 10.0; Win64; x64) AppleWebKit/537.36 (KHTML, like Gecko) Chrome/91.0.4472.106 Safari/537.36"
127.0.0.1 - - [22/Jun/2021:06:50:25 +0000] "POST /wp-cron.php?doing_wp_cron=1624344625.6182920932769775390625 HTTP/1.0" 200 259 "http://wordpress-610281-1991885.cloudwaysapps.com/wp-cron.php?doing_wp_cron=1624344625.6182920932769775390625" "WordPress/5.7.2; http://wordpress-610281-1991885.cloudwaysapps.com"
146.185.59.194 - - [22/Jun/2021:06:50:25 +0000] "POST /wp-admin/admin-ajax.php HTTP/1.0" 200 601 "http://wordpress-610281-1991885.cloudwaysapps.com/wp-admin/post.php?post=935&action=edit" "Mozilla/5.0 (Windows NT 10.0; Win64; x64) AppleWebKit/537.36 (KHTML, like Gecko) Chrome/91.0.4472.106 Safari/537.36"
146.185.59.194 - - [22/Jun/2021:06:50:29 +0000] "POST /wp-admin/admin-ajax.php HTTP/1.0" 200 601 "http://wordpress-610281-1991885.cloudwaysapps.com/wp-admin/post-new.php?post_type=product&select_subscription=true&subscription_pointers=true" "Mozilla/5.0 (Windows NT 10.0; Win64; x64) AppleWebKit/537.36 (KHTML, like Gecko) Chrome/91.0.4472.106 Safari/537.36"
146.185.59.194 - - [22/Jun/2021:06:50:40 +0000] "POST /wp-admin/admin-ajax.php HTTP/1.0" 200 601 "http://wordpress-610281-1991885.cloudwaysapps.com/wp-admin/post.php?post=935&action=edit" "Mozilla/5.0 (Windows NT 10.0; Win64; x64) AppleWebKit/537.36 (KHTML, like Gecko) Chrome/91.0.4472.106 Safari/537.36"
127.0.0.1 - - [22/Jun/2021:06:50:55 +0000] "POST /wp-cron.php?doing_wp_cron=1624344655.5912981033325195312500 HTTP/1.0" 200 259 "http://wordpress-610281-1991885.cloudwaysapps.com/wp-cron.php?doing_wp_cron=1624344655.5912981033325195312500" "WordPress/5.7.2; http://wordpress-610281-1991885.cloudwaysapps.com"
146.185.59.194 - - [22/Jun/2021:06:50:55 +0000] "POST /wp-admin/admin-ajax.php HTTP/1.0" 200 601 "http://wordpress-610281-1991885.cloudwaysapps.com/wp-admin/post.php?post=935&action=edit" "Mozilla/5.0 (Windows NT 10.0; Win64; x64) AppleWebKit/537.36 (KHTML, like Gecko) Chrome/91.0.4472.106 Safari/537.36"
146.185.59.194 - - [22/Jun/2021:06:51:10 +0000] "POST /wp-admin/admin-ajax.php HTTP/1.0" 200 601 "http://wordpress-610281-1991885.cloudwaysapps.com/wp-admin/post.php?post=935&action=edit" "Mozilla/5.0 (Windows NT 10.0; Win64; x64) AppleWebKit/537.36 (KHTML, like Gecko) Chrome/91.0.4472.106 Safari/537.36"
146.185.59.194 - - [22/Jun/2021:06:51:25 +0000] "POST /wp-admin/admin-ajax.php HTTP/1.0" 200 601 "http://wordpress-610281-1991885.cloudwaysapps.com/wp-admin/post.php?post=935&action=edit" "Mozilla/5.0 (Windows NT 10.0; Win64; x64) AppleWebKit/537.36 (KHTML, like Gecko) Chrome/91.0.4472.106 Safari/537.36"
146.185.59.194 - - [22/Jun/2021:06:51:39 +0000] "POST /wp-admin/admin-ajax.php HTTP/1.0" 200 784 "http://wordpress-610281-1991885.cloudwaysapps.com/wp-admin/post.php?post=935&action=edit" "Mozilla/5.0 (Windows NT 10.0; Win64; x64) AppleWebKit/537.36 (KHTML, like Gecko) Chrome/91.0.4472.106 Safari/537.36"
146.185.59.194 - - [22/Jun/2021:06:51:40 +0000] "POST /wp-admin/admin-ajax.php HTTP/1.0" 200 601 "http://wordpress-610281-1991885.cloudwaysapps.com/wp-admin/post.php?post=935&action=edit" "Mozilla/5.0 (Windows NT 10.0; Win64; x64) AppleWebKit/537.36 (KHTML, like Gecko) Chrome/91.0.4472.106 Safari/537.36"
127.0.0.1 - - [22/Jun/2021:06:51:55 +0000] "POST /wp-cron.php?doing_wp_cron=1624344715.4978721141815185546875 HTTP/1.0" 200 259 "http://wordpress-610281-1991885.cloudwaysapps.com/wp-cron.php?doing_wp_cron=1624344715.4978721141815185546875" "WordPress/5.7.2; http://wordpress-610281-1991885.cloudwaysapps.com"
146.185.59.194 - - [22/Jun/2021:06:51:55 +0000] "POST /wp-admin/admin-ajax.php HTTP/1.0" 200 601 "http://wordpress-610281-1991885.cloudwaysapps.com/wp-admin/post.php?post=935&action=edit" "Mozilla/5.0 (Windows NT 10.0; Win64; x64) AppleWebKit/537.36 (KHTML, like Gecko) Chrome/91.0.4472.106 Safari/537.36"
146.185.59.194 - - [22/Jun/2021:06:52:10 +0000] "POST /wp-admin/admin-ajax.php HTTP/1.0" 200 601 "http://wordpress-610281-1991885.cloudwaysapps.com/wp-admin/post.php?post=935&action=edit" "Mozilla/5.0 (Windows NT 10.0; Win64; x64) AppleWebKit/537.36 (KHTML, like Gecko) Chrome/91.0.4472.106 Safari/537.36"
146.185.59.194 - - [22/Jun/2021:06:52:20 +0000] "POST /wp-admin/admin-ajax.php HTTP/1.0" 200 601 "http://wordpress-610281-1991885.cloudwaysapps.com/wp-admin/post-new.php?post_type=product&select_subscription=true&subscription_pointers=true" "Mozilla/5.0 (Windows NT 10.0; Win64; x64) AppleWebKit/537.36 (KHTML, like Gecko) Chrome/91.0.4472.106 Safari/537.36"
146.185.59.194 - - [22/Jun/2021:06:52:24 +0000] "POST /wp-admin/admin-ajax.php HTTP/1.0" 200 583 "http://wordpress-610281-1991885.cloudwaysapps.com/wp-admin/post-new.php?post_type=product&select_subscription=true&subscription_pointers=true" "Mozilla/5.0 (Windows NT 10.0; Win64; x64) AppleWebKit/537.36 (KHTML, like Gecko) Chrome/91.0.4472.106 Safari/537.36"
146.185.59.194 - - [22/Jun/2021:06:52:26 +0000] "POST /wp-admin/admin-ajax.php HTTP/1.0" 200 601 "http://wordpress-610281-1991885.cloudwaysapps.com/wp-admin/post.php?post=935&action=edit" "Mozilla/5.0 (Windows NT 10.0; Win64; x64) AppleWebKit/537.36 (KHTML, like Gecko) Chrome/91.0.4472.106 Safari/537.36"
146.185.59.194 - - [22/Jun/2021:06:52:32 +0000] "GET / HTTP/1.0" 200 9990 "-" "Mozilla/5.0 (Windows NT 10.0; Win64; x64) AppleWebKit/537.36 (KHTML, like Gecko) Chrome/91.0.4472.106 Safari/537.36"
146.185.59.194 - - [22/Jun/2021:06:52:33 +0000] "POST /?wc-ajax=get_refreshed_fragments HTTP/1.0" 200 3408 "http://wordpress-610281-1991885.cloudwaysapps.com/" "Mozilla/5.0 (Windows NT 10.0; Win64; x64) AppleWebKit/537.36 (KHTML, like Gecko) Chrome/91.0.4472.106 Safari/537.36"
146.185.59.194 - - [22/Jun/2021:06:52:42 +0000] "POST /wp-admin/admin-ajax.php HTTP/1.0" 200 601 "http://wordpress-610281-1991885.cloudwaysapps.com/wp-admin/post.php?post=935&action=edit" "Mozilla/5.0 (Windows NT 10.0; Win64; x64) AppleWebKit/537.36 (KHTML, like Gecko) Chrome/91.0.4472.106 Safari/537.36"
146.185.59.194 - - [22/Jun/2021:06:52:43 +0000] "GET /%d7%a8%d7%9b%d7%99%d7%a9%d7%aa-%d7%97%d7%91%d7%99%d7%9c%d7%95%d7%aa/ HTTP/1.0" 200 9422 "http://wordpress-610281-1991885.cloudwaysapps.com/" "Mozilla/5.0 (Windows NT 10.0; Win64; x64) AppleWebKit/537.36 (KHTML, like Gecko) Chrome/91.0.4472.106 Safari/537.36"
127.0.0.1 - - [22/Jun/2021:06:52:57 +0000] "POST /wp-cron.php?doing_wp_cron=1624344777.4676709175109863281250 HTTP/1.0" 200 259 "http://wordpress-610281-1991885.cloudwaysapps.com/wp-cron.php?doing_wp_cron=1624344777.4676709175109863281250" "WordPress/5.7.2; http://wordpress-610281-1991885.cloudwaysapps.com"
146.185.59.194 - - [22/Jun/2021:06:52:57 +0000] "POST /wp-admin/admin-ajax.php HTTP/1.0" 200 601 "http://wordpress-610281-1991885.cloudwaysapps.com/wp-admin/post.php?post=935&action=edit" "Mozilla/5.0 (Windows NT 10.0; Win64; x64) AppleWebKit/537.36 (KHTML, like Gecko) Chrome/91.0.4472.106 Safari/537.36"
146.185.59.194 - - [22/Jun/2021:06:53:12 +0000] "POST /wp-admin/admin-ajax.php HTTP/1.0" 200 601 "http://wordpress-610281-1991885.cloudwaysapps.com/wp-admin/post.php?post=935&action=edit" "Mozilla/5.0 (Windows NT 10.0; Win64; x64) AppleWebKit/537.36 (KHTML, like Gecko) Chrome/91.0.4472.106 Safari/537.36"
146.185.59.194 - - [22/Jun/2021:06:53:27 +0000] "POST /wp-admin/admin-ajax.php HTTP/1.0" 200 601 "http://wordpress-610281-1991885.cloudwaysapps.com/wp-admin/post.php?post=935&action=edit" "Mozilla/5.0 (Windows NT 10.0; Win64; x64) AppleWebKit/537.36 (KHTML, like Gecko) Chrome/91.0.4472.106 Safari/537.36"
146.185.59.194 - - [22/Jun/2021:06:53:42 +0000] "POST /wp-admin/admin-ajax.php HTTP/1.0" 200 601 "http://wordpress-610281-1991885.cloudwaysapps.com/wp-admin/post.php?post=935&action=edit" "Mozilla/5.0 (Windows NT 10.0; Win64; x64) AppleWebKit/537.36 (KHTML, like Gecko) Chrome/91.0.4472.106 Safari/537.36"
127.0.0.1 - - [22/Jun/2021:06:53:57 +0000] "POST /wp-cron.php?doing_wp_cron=1624344837.6560769081115722656250 HTTP/1.0" 200 259 "http://wordpress-610281-1991885.cloudwaysapps.com/wp-cron.php?doing_wp_cron=1624344837.6560769081115722656250" "WordPress/5.7.2; http://wordpress-610281-1991885.cloudwaysapps.com"
146.185.59.194 - - [22/Jun/2021:06:53:57 +0000] "POST /wp-admin/admin-ajax.php HTTP/1.0" 200 601 "http://wordpress-610281-1991885.cloudwaysapps.com/wp-admin/post.php?post=935&action=edit" "Mozilla/5.0 (Windows NT 10.0; Win64; x64) AppleWebKit/537.36 (KHTML, like Gecko) Chrome/91.0.4472.106 Safari/537.36"
146.185.59.194 - - [22/Jun/2021:06:54:12 +0000] "POST /wp-admin/admin-ajax.php HTTP/1.0" 200 601 "http://wordpress-610281-1991885.cloudwaysapps.com/wp-admin/post.php?post=935&action=edit" "Mozilla/5.0 (Windows NT 10.0; Win64; x64) AppleWebKit/537.36 (KHTML, like Gecko) Chrome/91.0.4472.106 Safari/537.36"
146.185.59.194 - - [22/Jun/2021:06:54:23 +0000] "POST /wp-admin/admin-ajax.php HTTP/1.0" 200 1250 "http://wordpress-610281-1991885.cloudwaysapps.com/wp-admin/post.php?post=935&action=edit" "Mozilla/5.0 (Windows NT 10.0; Win64; x64) AppleWebKit/537.36 (KHTML, like Gecko) Chrome/91.0.4472.106 Safari/537.36"
146.185.59.194 - - [22/Jun/2021:06:54:27 +0000] "POST /wp-admin/admin-ajax.php HTTP/1.0" 200 601 "http://wordpress-610281-1991885.cloudwaysapps.com/wp-admin/post.php?post=935&action=edit" "Mozilla/5.0 (Windows NT 10.0; Win64; x64) AppleWebKit/537.36 (KHTML, like Gecko) Chrome/91.0.4472.106 Safari/537.36"
146.185.59.194 - - [22/Jun/2021:06:54:42 +0000] "POST /wp-admin/admin-ajax.php HTTP/1.0" 200 601 "http://wordpress-610281-1991885.cloudwaysapps.com/wp-admin/post.php?post=935&action=edit" "Mozilla/5.0 (Windows NT 10.0; Win64; x64) AppleWebKit/537.36 (KHTML, like Gecko) Chrome/91.0.4472.106 Safari/537.36"
127.0.0.1 - - [22/Jun/2021:06:54:57 +0000] "POST /wp-cron.php?doing_wp_cron=1624344897.6461889743804931640625 HTTP/1.0" 200 259 "http://wordpress-610281-1991885.cloudwaysapps.com/wp-cron.php?doing_wp_cron=1624344897.6461889743804931640625" "WordPress/5.7.2; http://wordpress-610281-1991885.cloudwaysapps.com"
146.185.59.194 - - [22/Jun/2021:06:54:57 +0000] "POST /wp-admin/admin-ajax.php HTTP/1.0" 200 601 "http://wordpress-610281-1991885.cloudwaysapps.com/wp-admin/post.php?post=935&action=edit" "Mozilla/5.0 (Windows NT 10.0; Win64; x64) AppleWebKit/537.36 (KHTML, like Gecko) Chrome/91.0.4472.106 Safari/537.36"
146.185.59.194 - - [22/Jun/2021:06:55:12 +0000] "POST /wp-admin/admin-ajax.php HTTP/1.0" 200 601 "http://wordpress-610281-1991885.cloudwaysapps.com/wp-admin/post.php?post=935&action=edit" "Mozilla/5.0 (Windows NT 10.0; Win64; x64) AppleWebKit/537.36 (KHTML, like Gecko) Chrome/91.0.4472.106 Safari/537.36"
146.185.59.194 - - [22/Jun/2021:06:55:27 +0000] "POST /wp-admin/admin-ajax.php HTTP/1.0" 200 601 "http://wordpress-610281-1991885.cloudwaysapps.com/wp-admin/post.php?post=935&action=edit" "Mozilla/5.0 (Windows NT 10.0; Win64; x64) AppleWebKit/537.36 (KHTML, like Gecko) Chrome/91.0.4472.106 Safari/537.36"
146.185.59.194 - - [22/Jun/2021:06:55:38 +0000] "POST /wp-admin/admin-ajax.php HTTP/1.0" 200 583 "http://wordpress-610281-1991885.cloudwaysapps.com/wp-admin/post.php?post=935&action=edit" "Mozilla/5.0 (Windows NT 10.0; Win64; x64) AppleWebKit/537.36 (KHTML, like Gecko) Chrome/91.0.4472.106 Safari/537.36"
146.185.59.194 - - [22/Jun/2021:06:55:39 +0000] "POST /wp-admin/admin-ajax.php HTTP/1.0" 200 583 "http://wordpress-610281-1991885.cloudwaysapps.com/wp-admin/post.php?post=935&action=edit" "Mozilla/5.0 (Windows NT 10.0; Win64; x64) AppleWebKit/537.36 (KHTML, like Gecko) Chrome/91.0.4472.106 Safari/537.36"
146.185.59.194 - - [22/Jun/2021:06:55:42 +0000] "POST /wp-admin/admin-ajax.php HTTP/1.0" 200 601 "http://wordpress-610281-1991885.cloudwaysapps.com/wp-admin/post.php?post=935&action=edit" "Mozilla/5.0 (Windows NT 10.0; Win64; x64) AppleWebKit/537.36 (KHTML, like Gecko) Chrome/91.0.4472.106 Safari/537.36"
127.0.0.1 - - [22/Jun/2021:06:55:53 +0000] "POST /wp-cron.php?doing_wp_cron=1624344953.7844130992889404296875 HTTP/1.0" 200 259 "http://wordpress-610281-1991885.cloudwaysapps.com/wp-cron.php?doing_wp_cron=1624344953.7844130992889404296875" "WordPress/5.7.2; http://wordpress-610281-1991885.cloudwaysapps.com"
146.185.59.194 - - [22/Jun/2021:06:55:53 +0000] "GET /wp-admin/post.php?post=585&action=edit HTTP/1.0" 200 43866 "http://wordpress-610281-1991885.cloudwaysapps.com/wp-admin/post.php?post=935&action=edit" "Mozilla/5.0 (Windows NT 10.0; Win64; x64) AppleWebKit/537.36 (KHTML, like Gecko) Chrome/91.0.4472.106 Safari/537.36"
146.185.59.194 - - [22/Jun/2021:06:55:54 +0000] "POST /wp-admin/admin-ajax.php HTTP/1.0" 200 583 "http://wordpress-610281-1991885.cloudwaysapps.com/wp-admin/post.php?post=935&action=edit" "Mozilla/5.0 (Windows NT 10.0; Win64; x64) AppleWebKit/537.36 (KHTML, like Gecko) Chrome/91.0.4472.106 Safari/537.36"
146.185.59.194 - - [22/Jun/2021:06:55:54 +0000] "GET /wp-admin/load-scripts.php?c=1&load%5Bchunk_0%5D=jquery-core,jquery-migrate,utils,jquery-ui-core,jquery-ui-mouse,jquery-ui-sortable,moxiejs,plupload,jquery-ui-resizable&ver=5.7.2 HTTP/1.0" 200 85126 "http://wordpress-610281-1991885.cloudwaysapps.com/wp-admin/post.php?post=585&action=edit" "Mozilla/5.0 (Windows NT 10.0; Win64; x64) AppleWebKit/537.36 (KHTML, like Gecko) Chrome/91.0.4472.106 Safari/537.36"
146.185.59.194 - - [22/Jun/2021:06:55:55 +0000] "POST /wp-admin/admin-ajax.php HTTP/1.0" 200 601 "http://wordpress-610281-1991885.cloudwaysapps.com/wp-admin/post.php?post=585&action=edit" "Mozilla/5.0 (Windows NT 10.0; Win64; x64) AppleWebKit/537.36 (KHTML, like Gecko) Chrome/91.0.4472.106 Safari/537.36"
146.185.59.194 - - [22/Jun/2021:06:56:10 +0000] "POST /wp-admin/admin-ajax.php HTTP/1.0" 200 601 "http://wordpress-610281-1991885.cloudwaysapps.com/wp-admin/post.php?post=585&action=edit" "Mozilla/5.0 (Windows NT 10.0; Win64; x64) AppleWebKit/537.36 (KHTML, like Gecko) Chrome/91.0.4472.106 Safari/537.36"
146.185.59.194 - - [22/Jun/2021:06:56:25 +0000] "POST /wp-admin/admin-ajax.php HTTP/1.0" 200 601 "http://wordpress-610281-1991885.cloudwaysapps.com/wp-admin/post.php?post=585&action=edit" "Mozilla/5.0 (Windows NT 10.0; Win64; x64) AppleWebKit/537.36 (KHTML, like Gecko) Chrome/91.0.4472.106 Safari/537.36"
146.185.59.194 - - [22/Jun/2021:06:56:38 +0000] "POST /wp-admin/admin-ajax.php HTTP/1.0" 200 583 "http://wordpress-610281-1991885.cloudwaysapps.com/wp-admin/post.php?post=585&action=edit" "Mozilla/5.0 (Windows NT 10.0; Win64; x64) AppleWebKit/537.36 (KHTML, like Gecko) Chrome/91.0.4472.106 Safari/537.36"
146.185.59.194 - - [22/Jun/2021:06:56:38 +0000] "GET /wp-admin/post.php?post=935&action=edit HTTP/1.0" 200 156162 "http://wordpress-610281-1991885.cloudwaysapps.com/wp-admin/post.php?post=935&action=edit" "Mozilla/5.0 (Windows NT 10.0; Win64; x64) AppleWebKit/537.36 (KHTML, like Gecko) Chrome/91.0.4472.106 Safari/537.36"
146.185.59.194 - - [22/Jun/2021:06:56:39 +0000] "GET /wp-json/wc-admin/options?options=woocommerce_ces_tracks_queue&_locale=user HTTP/1.0" 200 642 "http://wordpress-610281-1991885.cloudwaysapps.com/wp-admin/post.php?post=935&action=edit" "Mozilla/5.0 (Windows NT 10.0; Win64; x64) AppleWebKit/537.36 (KHTML, like Gecko) Chrome/91.0.4472.106 Safari/537.36"
146.185.59.194 - - [22/Jun/2021:06:56:39 +0000] "GET /wp-json/wc-analytics/admin/notes?page=1&per_page=25&status=unactioned&type%5B0%5D=info&type%5B1%5D=marketing&type%5B2%5D=survey&type%5B3%5D=warning&orderby=date&order=desc&_locale=user HTTP/1.0" 200 19502 "http://wordpress-610281-1991885.cloudwaysapps.com/wp-admin/post.php?post=935&action=edit" "Mozilla/5.0 (Windows NT 10.0; Win64; x64) AppleWebKit/537.36 (KHTML, like Gecko) Chrome/91.0.4472.106 Safari/537.36"
146.185.59.194 - - [22/Jun/2021:06:56:40 +0000] "GET /wp-json/wc-analytics/admin/notes?page=1&per_page=25&type=error%2Cupdate&status=unactioned&_locale=user HTTP/1.0" 200 1779 "http://wordpress-610281-1991885.cloudwaysapps.com/wp-admin/post.php?post=935&action=edit" "Mozilla/5.0 (Windows NT 10.0; Win64; x64) AppleWebKit/537.36 (KHTML, like Gecko) Chrome/91.0.4472.106 Safari/537.36"
127.0.0.1 - - [22/Jun/2021:06:56:55 +0000] "POST /wp-cron.php?doing_wp_cron=1624345015.4477078914642333984375 HTTP/1.0" 200 259 "http://wordpress-610281-1991885.cloudwaysapps.com/wp-cron.php?doing_wp_cron=1624345015.4477078914642333984375" "WordPress/5.7.2; http://wordpress-610281-1991885.cloudwaysapps.com"
146.185.59.194 - - [22/Jun/2021:06:56:55 +0000] "POST /wp-admin/admin-ajax.php HTTP/1.0" 200 601 "http://wordpress-610281-1991885.cloudwaysapps.com/wp-admin/post.php?post=935&action=edit" "Mozilla/5.0 (Windows NT 10.0; Win64; x64) AppleWebKit/537.36 (KHTML, like Gecko) Chrome/91.0.4472.106 Safari/537.36"
146.185.59.194 - - [22/Jun/2021:06:57:00 +0000] "POST /wp-admin/admin-ajax.php HTTP/1.0" 200 784 "http://wordpress-610281-1991885.cloudwaysapps.com/wp-admin/post.php?post=935&action=edit" "Mozilla/5.0 (Windows NT 10.0; Win64; x64) AppleWebKit/537.36 (KHTML, like Gecko) Chrome/91.0.4472.106 Safari/537.36"
146.185.59.194 - - [22/Jun/2021:06:57:10 +0000] "POST /wp-admin/admin-ajax.php HTTP/1.0" 200 601 "http://wordpress-610281-1991885.cloudwaysapps.com/wp-admin/post.php?post=935&action=edit" "Mozilla/5.0 (Windows NT 10.0; Win64; x64) AppleWebKit/537.36 (KHTML, like Gecko) Chrome/91.0.4472.106 Safari/537.36"
146.185.59.194 - - [22/Jun/2021:06:57:13 +0000] "POST /wp-admin/admin-ajax.php HTTP/1.0" 200 548 "http://wordpress-610281-1991885.cloudwaysapps.com/wp-admin/post.php?post=935&action=edit" "Mozilla/5.0 (Windows NT 10.0; Win64; x64) AppleWebKit/537.36 (KHTML, like Gecko) Chrome/91.0.4472.106 Safari/537.36"
146.185.59.194 - - [22/Jun/2021:06:57:14 +0000] "POST /wp-admin/post.php HTTP/1.0" 302 585 "http://wordpress-610281-1991885.cloudwaysapps.com/wp-admin/post.php?post=935&action=edit" "Mozilla/5.0 (Windows NT 10.0; Win64; x64) AppleWebKit/537.36 (KHTML, like Gecko) Chrome/91.0.4472.106 Safari/537.36"
146.185.59.194 - - [22/Jun/2021:06:57:14 +0000] "GET /wp-admin/post.php?post=935&action=edit&message=1 HTTP/1.0" 200 156329 "http://wordpress-610281-1991885.cloudwaysapps.com/wp-admin/post.php?post=935&action=edit" "Mozilla/5.0 (Windows NT 10.0; Win64; x64) AppleWebKit/537.36 (KHTML, like Gecko) Chrome/91.0.4472.106 Safari/537.36"
146.185.59.194 - - [22/Jun/2021:06:57:16 +0000] "GET /wp-json/wc-admin/options?options=woocommerce_ces_tracks_queue&_locale=user HTTP/1.0" 200 642 "http://wordpress-610281-1991885.cloudwaysapps.com/wp-admin/post.php?post=935&action=edit" "Mozilla/5.0 (Windows NT 10.0; Win64; x64) AppleWebKit/537.36 (KHTML, like Gecko) Chrome/91.0.4472.106 Safari/537.36"
146.185.59.194 - - [22/Jun/2021:06:57:16 +0000] "GET /wp-json/wc-analytics/admin/notes?page=1&per_page=25&status=unactioned&type%5B0%5D=info&type%5B1%5D=marketing&type%5B2%5D=survey&type%5B3%5D=warning&orderby=date&order=desc&_locale=user HTTP/1.0" 200 19502 "http://wordpress-610281-1991885.cloudwaysapps.com/wp-admin/post.php?post=935&action=edit" "Mozilla/5.0 (Windows NT 10.0; Win64; x64) AppleWebKit/537.36 (KHTML, like Gecko) Chrome/91.0.4472.106 Safari/537.36"
146.185.59.194 - - [22/Jun/2021:06:57:16 +0000] "GET /wp-admin/admin-ajax.php?action=oembed-cache&post=935 HTTP/1.0" 200 463 "http://wordpress-610281-1991885.cloudwaysapps.com/wp-admin/post.php?post=935&action=edit" "Mozilla/5.0 (Windows NT 10.0; Win64; x64) AppleWebKit/537.36 (KHTML, like Gecko) Chrome/91.0.4472.106 Safari/537.36"
146.185.59.194 - - [22/Jun/2021:06:57:16 +0000] "GET /wp-json/wc-analytics/admin/notes?page=1&per_page=25&type=error%2Cupdate&status=unactioned&_locale=user HTTP/1.0" 200 1779 "http://wordpress-610281-1991885.cloudwaysapps.com/wp-admin/post.php?post=935&action=edit" "Mozilla/5.0 (Windows NT 10.0; Win64; x64) AppleWebKit/537.36 (KHTML, like Gecko) Chrome/91.0.4472.106 Safari/537.36"
146.185.59.194 - - [22/Jun/2021:06:57:31 +0000] "POST /wp-admin/admin-ajax.php HTTP/1.0" 200 601 "http://wordpress-610281-1991885.cloudwaysapps.com/wp-admin/post.php?post=935&action=edit" "Mozilla/5.0 (Windows NT 10.0; Win64; x64) AppleWebKit/537.36 (KHTML, like Gecko) Chrome/91.0.4472.106 Safari/537.36"
146.185.59.194 - - [22/Jun/2021:06:57:46 +0000] "POST /wp-admin/admin-ajax.php HTTP/1.0" 200 601 "http://wordpress-610281-1991885.cloudwaysapps.com/wp-admin/post.php?post=935&action=edit" "Mozilla/5.0 (Windows NT 10.0; Win64; x64) AppleWebKit/537.36 (KHTML, like Gecko) Chrome/91.0.4472.106 Safari/537.36"
127.0.0.1 - - [22/Jun/2021:06:58:01 +0000] "POST /wp-cron.php?doing_wp_cron=1624345081.5565609931945800781250 HTTP/1.0" 200 259 "http://wordpress-610281-1991885.cloudwaysapps.com/wp-cron.php?doing_wp_cron=1624345081.5565609931945800781250" "WordPress/5.7.2; http://wordpress-610281-1991885.cloudwaysapps.com"
146.185.59.194 - - [22/Jun/2021:06:58:01 +0000] "POST /wp-admin/admin-ajax.php HTTP/1.0" 200 601 "http://wordpress-610281-1991885.cloudwaysapps.com/wp-admin/post.php?post=935&action=edit" "Mozilla/5.0 (Windows NT 10.0; Win64; x64) AppleWebKit/537.36 (KHTML, like Gecko) Chrome/91.0.4472.106 Safari/537.36"
146.185.59.194 - - [22/Jun/2021:06:58:13 +0000] "GET /wp-admin/edit.php?post_type=product HTTP/1.0" 200 135886 "http://wordpress-610281-1991885.cloudwaysapps.com/wp-admin/post.php?post=935&action=edit" "Mozilla/5.0 (Windows NT 10.0; Win64; x64) AppleWebKit/537.36 (KHTML, like Gecko) Chrome/91.0.4472.106 Safari/537.36"
146.185.59.194 - - [22/Jun/2021:06:58:13 +0000] "POST /wp-admin/admin-ajax.php HTTP/1.0" 200 583 "http://wordpress-610281-1991885.cloudwaysapps.com/wp-admin/post.php?post=935&action=edit" "Mozilla/5.0 (Windows NT 10.0; Win64; x64) AppleWebKit/537.36 (KHTML, like Gecko) Chrome/91.0.4472.106 Safari/537.36"
146.185.59.194 - - [22/Jun/2021:06:58:14 +0000] "GET /wp-json/wc-analytics/admin/notes?page=1&per_page=25&status=unactioned&type%5B0%5D=info&type%5B1%5D=marketing&type%5B2%5D=survey&type%5B3%5D=warning&orderby=date&order=desc&_locale=user HTTP/1.0" 200 19502 "http://wordpress-610281-1991885.cloudwaysapps.com/wp-admin/edit.php?post_type=product" "Mozilla/5.0 (Windows NT 10.0; Win64; x64) AppleWebKit/537.36 (KHTML, like Gecko) Chrome/91.0.4472.106 Safari/537.36"
146.185.59.194 - - [22/Jun/2021:06:58:14 +0000] "GET /wp-json/wc-admin/options?options=woocommerce_ces_tracks_queue&_locale=user HTTP/1.0" 200 642 "http://wordpress-610281-1991885.cloudwaysapps.com/wp-admin/edit.php?post_type=product" "Mozilla/5.0 (Windows NT 10.0; Win64; x64) AppleWebKit/537.36 (KHTML, like Gecko) Chrome/91.0.4472.106 Safari/537.36"
146.185.59.194 - - [22/Jun/2021:06:58:14 +0000] "POST /wp-admin/admin-ajax.php HTTP/1.0" 200 549 "http://wordpress-610281-1991885.cloudwaysapps.com/wp-admin/edit.php?post_type=product" "Mozilla/5.0 (Windows NT 10.0; Win64; x64) AppleWebKit/537.36 (KHTML, like Gecko) Chrome/91.0.4472.106 Safari/537.36"
146.185.59.194 - - [22/Jun/2021:06:58:14 +0000] "GET /wp-json/wc-analytics/admin/notes?page=1&per_page=25&type=error%2Cupdate&status=unactioned&_locale=user HTTP/1.0" 200 1779 "http://wordpress-610281-1991885.cloudwaysapps.com/wp-admin/edit.php?post_type=product" "Mozilla/5.0 (Windows NT 10.0; Win64; x64) AppleWebKit/537.36 (KHTML, like Gecko) Chrome/91.0.4472.106 Safari/537.36"
146.185.59.194 - - [22/Jun/2021:06:58:25 +0000] "GET /wp-admin/post.php?post=935&action=edit HTTP/1.0" 200 156184 "http://wordpress-610281-1991885.cloudwaysapps.com/wp-admin/edit.php?post_type=product" "Mozilla/5.0 (Windows NT 10.0; Win64; x64) AppleWebKit/537.36 (KHTML, like Gecko) Chrome/91.0.4472.106 Safari/537.36"
146.185.59.194 - - [22/Jun/2021:06:58:27 +0000] "GET /wp-json/wc-admin/options?options=woocommerce_ces_tracks_queue&_locale=user HTTP/1.0" 200 642 "http://wordpress-610281-1991885.cloudwaysapps.com/wp-admin/post.php?post=935&action=edit" "Mozilla/5.0 (Windows NT 10.0; Win64; x64) AppleWebKit/537.36 (KHTML, like Gecko) Chrome/91.0.4472.106 Safari/537.36"
146.185.59.194 - - [22/Jun/2021:06:58:27 +0000] "GET /wp-json/wc-analytics/admin/notes?page=1&per_page=25&status=unactioned&type%5B0%5D=info&type%5B1%5D=marketing&type%5B2%5D=survey&type%5B3%5D=warning&orderby=date&order=desc&_locale=user HTTP/1.0" 200 19502 "http://wordpress-610281-1991885.cloudwaysapps.com/wp-admin/post.php?post=935&action=edit" "Mozilla/5.0 (Windows NT 10.0; Win64; x64) AppleWebKit/537.36 (KHTML, like Gecko) Chrome/91.0.4472.106 Safari/537.36"
146.185.59.194 - - [22/Jun/2021:06:58:27 +0000] "GET /wp-json/wc-analytics/admin/notes?page=1&per_page=25&type=error%2Cupdate&status=unactioned&_locale=user HTTP/1.0" 200 1779 "http://wordpress-610281-1991885.cloudwaysapps.com/wp-admin/post.php?post=935&action=edit" "Mozilla/5.0 (Windows NT 10.0; Win64; x64) AppleWebKit/537.36 (KHTML, like Gecko) Chrome/91.0.4472.106 Safari/537.36"
146.185.59.194 - - [22/Jun/2021:06:58:31 +0000] "POST /wp-admin/admin-ajax.php HTTP/1.0" 200 784 "http://wordpress-610281-1991885.cloudwaysapps.com/wp-admin/post.php?post=935&action=edit" "Mozilla/5.0 (Windows NT 10.0; Win64; x64) AppleWebKit/537.36 (KHTML, like Gecko) Chrome/91.0.4472.106 Safari/537.36"
146.185.59.194 - - [22/Jun/2021:06:58:36 +0000] "POST /wp-admin/admin-ajax.php HTTP/1.0" 200 784 "http://wordpress-610281-1991885.cloudwaysapps.com/wp-admin/post.php?post=935&action=edit" "Mozilla/5.0 (Windows NT 10.0; Win64; x64) AppleWebKit/537.36 (KHTML, like Gecko) Chrome/91.0.4472.106 Safari/537.36"
146.185.59.194 - - [22/Jun/2021:06:58:42 +0000] "POST /wp-admin/admin-ajax.php HTTP/1.0" 200 601 "http://wordpress-610281-1991885.cloudwaysapps.com/wp-admin/post.php?post=935&action=edit" "Mozilla/5.0 (Windows NT 10.0; Win64; x64) AppleWebKit/537.36 (KHTML, like Gecko) Chrome/91.0.4472.106 Safari/537.36"
146.185.59.194 - - [22/Jun/2021:06:58:45 +0000] "POST /wp-admin/admin-ajax.php HTTP/1.0" 200 548 "http://wordpress-610281-1991885.cloudwaysapps.com/wp-admin/post.php?post=935&action=edit" "Mozilla/5.0 (Windows NT 10.0; Win64; x64) AppleWebKit/537.36 (KHTML, like Gecko) Chrome/91.0.4472.106 Safari/537.36"
146.185.59.194 - - [22/Jun/2021:06:58:45 +0000] "POST /wp-admin/post.php HTTP/1.0" 302 585 "http://wordpress-610281-1991885.cloudwaysapps.com/wp-admin/post.php?post=935&action=edit" "Mozilla/5.0 (Windows NT 10.0; Win64; x64) AppleWebKit/537.36 (KHTML, like Gecko) Chrome/91.0.4472.106 Safari/537.36"
146.185.59.194 - - [22/Jun/2021:06:58:46 +0000] "GET /wp-admin/post.php?post=935&action=edit&message=1 HTTP/1.0" 200 156209 "http://wordpress-610281-1991885.cloudwaysapps.com/wp-admin/post.php?post=935&action=edit" "Mozilla/5.0 (Windows NT 10.0; Win64; x64) AppleWebKit/537.36 (KHTML, like Gecko) Chrome/91.0.4472.106 Safari/537.36"
146.185.59.194 - - [22/Jun/2021:06:58:47 +0000] "GET /wp-json/wc-analytics/admin/notes?page=1&per_page=25&status=unactioned&type%5B0%5D=info&type%5B1%5D=marketing&type%5B2%5D=survey&type%5B3%5D=warning&orderby=date&order=desc&_locale=user HTTP/1.0" 200 19502 "http://wordpress-610281-1991885.cloudwaysapps.com/wp-admin/post.php?post=935&action=edit" "Mozilla/5.0 (Windows NT 10.0; Win64; x64) AppleWebKit/537.36 (KHTML, like Gecko) Chrome/91.0.4472.106 Safari/537.36"
146.185.59.194 - - [22/Jun/2021:06:58:47 +0000] "GET /wp-json/wc-admin/options?options=woocommerce_ces_tracks_queue&_locale=user HTTP/1.0" 200 642 "http://wordpress-610281-1991885.cloudwaysapps.com/wp-admin/post.php?post=935&action=edit" "Mozilla/5.0 (Windows NT 10.0; Win64; x64) AppleWebKit/537.36 (KHTML, like Gecko) Chrome/91.0.4472.106 Safari/537.36"
146.185.59.194 - - [22/Jun/2021:06:58:47 +0000] "GET /wp-admin/admin-ajax.php?action=oembed-cache&post=935 HTTP/1.0" 200 463 "http://wordpress-610281-1991885.cloudwaysapps.com/wp-admin/post.php?post=935&action=edit" "Mozilla/5.0 (Windows NT 10.0; Win64; x64) AppleWebKit/537.36 (KHTML, like Gecko) Chrome/91.0.4472.106 Safari/537.36"
146.185.59.194 - - [22/Jun/2021:06:58:48 +0000] "GET /wp-json/wc-analytics/admin/notes?page=1&per_page=25&type=error%2Cupdate&status=unactioned&_locale=user HTTP/1.0" 200 1779 "http://wordpress-610281-1991885.cloudwaysapps.com/wp-admin/post.php?post=935&action=edit" "Mozilla/5.0 (Windows NT 10.0; Win64; x64) AppleWebKit/537.36 (KHTML, like Gecko) Chrome/91.0.4472.106 Safari/537.36"
127.0.0.1 - - [22/Jun/2021:06:58:50 +0000] "POST /wp-cron.php?doing_wp_cron=1624345130.4442150592803955078125 HTTP/1.0" 200 259 "http://wordpress-610281-1991885.cloudwaysapps.com/wp-cron.php?doing_wp_cron=1624345130.4442150592803955078125" "WordPress/5.7.2; http://wordpress-610281-1991885.cloudwaysapps.com"
146.185.59.194 - - [22/Jun/2021:06:58:50 +0000] "GET /wp-admin/edit.php?post_type=product HTTP/1.0" 200 135888 "http://wordpress-610281-1991885.cloudwaysapps.com/wp-admin/post.php?post=935&action=edit" "Mozilla/5.0 (Windows NT 10.0; Win64; x64) AppleWebKit/537.36 (KHTML, like Gecko) Chrome/91.0.4472.106 Safari/537.36"
146.185.59.194 - - [22/Jun/2021:06:58:51 +0000] "POST /wp-admin/admin-ajax.php HTTP/1.0" 200 583 "http://wordpress-610281-1991885.cloudwaysapps.com/wp-admin/post.php?post=935&action=edit" "Mozilla/5.0 (Windows NT 10.0; Win64; x64) AppleWebKit/537.36 (KHTML, like Gecko) Chrome/91.0.4472.106 Safari/537.36"
146.185.59.194 - - [22/Jun/2021:06:58:51 +0000] "POST /wp-admin/admin-ajax.php HTTP/1.0" 200 549 "http://wordpress-610281-1991885.cloudwaysapps.com/wp-admin/edit.php?post_type=product" "Mozilla/5.0 (Windows NT 10.0; Win64; x64) AppleWebKit/537.36 (KHTML, like Gecko) Chrome/91.0.4472.106 Safari/537.36"
146.185.59.194 - - [22/Jun/2021:06:58:51 +0000] "GET /wp-json/wc-admin/options?options=woocommerce_ces_tracks_queue&_locale=user HTTP/1.0" 200 642 "http://wordpress-610281-1991885.cloudwaysapps.com/wp-admin/edit.php?post_type=product" "Mozilla/5.0 (Windows NT 10.0; Win64; x64) AppleWebKit/537.36 (KHTML, like Gecko) Chrome/91.0.4472.106 Safari/537.36"
146.185.59.194 - - [22/Jun/2021:06:58:51 +0000] "GET /wp-json/wc-analytics/admin/notes?page=1&per_page=25&status=unactioned&type%5B0%5D=info&type%5B1%5D=marketing&type%5B2%5D=survey&type%5B3%5D=warning&orderby=date&order=desc&_locale=user HTTP/1.0" 200 19502 "http://wordpress-610281-1991885.cloudwaysapps.com/wp-admin/edit.php?post_type=product" "Mozilla/5.0 (Windows NT 10.0; Win64; x64) AppleWebKit/537.36 (KHTML, like Gecko) Chrome/91.0.4472.106 Safari/537.36"
146.185.59.194 - - [22/Jun/2021:06:58:51 +0000] "GET /wp-json/wc-analytics/admin/notes?page=1&per_page=25&type=error%2Cupdate&status=unactioned&_locale=user HTTP/1.0" 200 1779 "http://wordpress-610281-1991885.cloudwaysapps.com/wp-admin/edit.php?post_type=product" "Mozilla/5.0 (Windows NT 10.0; Win64; x64) AppleWebKit/537.36 (KHTML, like Gecko) Chrome/91.0.4472.106 Safari/537.36"
146.185.59.194 - - [22/Jun/2021:06:58:54 +0000] "GET /wp-admin/post.php?post=934&action=edit HTTP/1.0" 200 156181 "http://wordpress-610281-1991885.cloudwaysapps.com/wp-admin/edit.php?post_type=product" "Mozilla/5.0 (Windows NT 10.0; Win64; x64) AppleWebKit/537.36 (KHTML, like Gecko) Chrome/91.0.4472.106 Safari/537.36"
146.185.59.194 - - [22/Jun/2021:06:58:55 +0000] "GET /wp-json/wc-admin/options?options=woocommerce_ces_tracks_queue&_locale=user HTTP/1.0" 200 642 "http://wordpress-610281-1991885.cloudwaysapps.com/wp-admin/post.php?post=934&action=edit" "Mozilla/5.0 (Windows NT 10.0; Win64; x64) AppleWebKit/537.36 (KHTML, like Gecko) Chrome/91.0.4472.106 Safari/537.36"
146.185.59.194 - - [22/Jun/2021:06:58:55 +0000] "GET /wp-json/wc-analytics/admin/notes?page=1&per_page=25&status=unactioned&type%5B0%5D=info&type%5B1%5D=marketing&type%5B2%5D=survey&type%5B3%5D=warning&orderby=date&order=desc&_locale=user HTTP/1.0" 200 19502 "http://wordpress-610281-1991885.cloudwaysapps.com/wp-admin/post.php?post=934&action=edit" "Mozilla/5.0 (Windows NT 10.0; Win64; x64) AppleWebKit/537.36 (KHTML, like Gecko) Chrome/91.0.4472.106 Safari/537.36"
146.185.59.194 - - [22/Jun/2021:06:58:55 +0000] "GET /wp-json/wc-analytics/admin/notes?page=1&per_page=25&type=error%2Cupdate&status=unactioned&_locale=user HTTP/1.0" 200 1779 "http://wordpress-610281-1991885.cloudwaysapps.com/wp-admin/post.php?post=934&action=edit" "Mozilla/5.0 (Windows NT 10.0; Win64; x64) AppleWebKit/537.36 (KHTML, like Gecko) Chrome/91.0.4472.106 Safari/537.36"
146.185.59.194 - - [22/Jun/2021:06:59:00 +0000] "POST /wp-admin/admin-ajax.php HTTP/1.0" 200 784 "http://wordpress-610281-1991885.cloudwaysapps.com/wp-admin/post.php?post=934&action=edit" "Mozilla/5.0 (Windows NT 10.0; Win64; x64) AppleWebKit/537.36 (KHTML, like Gecko) Chrome/91.0.4472.106 Safari/537.36"
146.185.59.194 - - [22/Jun/2021:06:59:10 +0000] "POST /wp-admin/admin-ajax.php HTTP/1.0" 200 601 "http://wordpress-610281-1991885.cloudwaysapps.com/wp-admin/post.php?post=934&action=edit" "Mozilla/5.0 (Windows NT 10.0; Win64; x64) AppleWebKit/537.36 (KHTML, like Gecko) Chrome/91.0.4472.106 Safari/537.36"
146.185.59.194 - - [22/Jun/2021:06:59:11 +0000] "POST /wp-admin/admin-ajax.php HTTP/1.0" 200 548 "http://wordpress-610281-1991885.cloudwaysapps.com/wp-admin/post.php?post=934&action=edit" "Mozilla/5.0 (Windows NT 10.0; Win64; x64) AppleWebKit/537.36 (KHTML, like Gecko) Chrome/91.0.4472.106 Safari/537.36"
146.185.59.194 - - [22/Jun/2021:06:59:12 +0000] "POST /wp-admin/post.php HTTP/1.0" 302 585 "http://wordpress-610281-1991885.cloudwaysapps.com/wp-admin/post.php?post=934&action=edit" "Mozilla/5.0 (Windows NT 10.0; Win64; x64) AppleWebKit/537.36 (KHTML, like Gecko) Chrome/91.0.4472.106 Safari/537.36"
146.185.59.194 - - [22/Jun/2021:06:59:12 +0000] "GET /wp-admin/post.php?post=934&action=edit&message=1 HTTP/1.0" 200 156222 "http://wordpress-610281-1991885.cloudwaysapps.com/wp-admin/post.php?post=934&action=edit" "Mozilla/5.0 (Windows NT 10.0; Win64; x64) AppleWebKit/537.36 (KHTML, like Gecko) Chrome/91.0.4472.106 Safari/537.36"
146.185.59.194 - - [22/Jun/2021:06:59:13 +0000] "GET /wp-json/wc-admin/options?options=woocommerce_ces_tracks_queue&_locale=user HTTP/1.0" 200 642 "http://wordpress-610281-1991885.cloudwaysapps.com/wp-admin/post.php?post=934&action=edit" "Mozilla/5.0 (Windows NT 10.0; Win64; x64) AppleWebKit/537.36 (KHTML, like Gecko) Chrome/91.0.4472.106 Safari/537.36"
146.185.59.194 - - [22/Jun/2021:06:59:14 +0000] "GET /wp-admin/admin-ajax.php?action=oembed-cache&post=934 HTTP/1.0" 200 463 "http://wordpress-610281-1991885.cloudwaysapps.com/wp-admin/post.php?post=934&action=edit" "Mozilla/5.0 (Windows NT 10.0; Win64; x64) AppleWebKit/537.36 (KHTML, like Gecko) Chrome/91.0.4472.106 Safari/537.36"
146.185.59.194 - - [22/Jun/2021:06:59:13 +0000] "GET /wp-json/wc-analytics/admin/notes?page=1&per_page=25&status=unactioned&type%5B0%5D=info&type%5B1%5D=marketing&type%5B2%5D=survey&type%5B3%5D=warning&orderby=date&order=desc&_locale=user HTTP/1.0" 200 19502 "http://wordpress-610281-1991885.cloudwaysapps.com/wp-admin/post.php?post=934&action=edit" "Mozilla/5.0 (Windows NT 10.0; Win64; x64) AppleWebKit/537.36 (KHTML, like Gecko) Chrome/91.0.4472.106 Safari/537.36"
146.185.59.194 - - [22/Jun/2021:06:59:14 +0000] "GET /wp-json/wc-analytics/admin/notes?page=1&per_page=25&type=error%2Cupdate&status=unactioned&_locale=user HTTP/1.0" 200 1779 "http://wordpress-610281-1991885.cloudwaysapps.com/wp-admin/post.php?post=934&action=edit" "Mozilla/5.0 (Windows NT 10.0; Win64; x64) AppleWebKit/537.36 (KHTML, like Gecko) Chrome/91.0.4472.106 Safari/537.36"
146.185.59.194 - - [22/Jun/2021:06:59:15 +0000] "POST /wp-admin/admin-ajax.php HTTP/1.0" 200 583 "http://wordpress-610281-1991885.cloudwaysapps.com/wp-admin/post.php?post=934&action=edit" "Mozilla/5.0 (Windows NT 10.0; Win64; x64) AppleWebKit/537.36 (KHTML, like Gecko) Chrome/91.0.4472.106 Safari/537.36"
146.185.59.194 - - [22/Jun/2021:06:59:16 +0000] "GET /wp-admin/post.php?post=934&action=edit HTTP/1.0" 200 156077 "http://wordpress-610281-1991885.cloudwaysapps.com/wp-admin/post.php?post=934&action=edit" "Mozilla/5.0 (Windows NT 10.0; Win64; x64) AppleWebKit/537.36 (KHTML, like Gecko) Chrome/91.0.4472.106 Safari/537.36"
146.185.59.194 - - [22/Jun/2021:06:59:17 +0000] "GET /wp-json/wc-admin/options?options=woocommerce_ces_tracks_queue&_locale=user HTTP/1.0" 200 642 "http://wordpress-610281-1991885.cloudwaysapps.com/wp-admin/post.php?post=934&action=edit" "Mozilla/5.0 (Windows NT 10.0; Win64; x64) AppleWebKit/537.36 (KHTML, like Gecko) Chrome/91.0.4472.106 Safari/537.36"
146.185.59.194 - - [22/Jun/2021:06:59:17 +0000] "GET /wp-json/wc-analytics/admin/notes?page=1&per_page=25&status=unactioned&type%5B0%5D=info&type%5B1%5D=marketing&type%5B2%5D=survey&type%5B3%5D=warning&orderby=date&order=desc&_locale=user HTTP/1.0" 200 19502 "http://wordpress-610281-1991885.cloudwaysapps.com/wp-admin/post.php?post=934&action=edit" "Mozilla/5.0 (Windows NT 10.0; Win64; x64) AppleWebKit/537.36 (KHTML, like Gecko) Chrome/91.0.4472.106 Safari/537.36"
146.185.59.194 - - [22/Jun/2021:06:59:17 +0000] "GET /wp-json/wc-analytics/admin/notes?page=1&per_page=25&type=error%2Cupdate&status=unactioned&_locale=user HTTP/1.0" 200 1779 "http://wordpress-610281-1991885.cloudwaysapps.com/wp-admin/post.php?post=934&action=edit" "Mozilla/5.0 (Windows NT 10.0; Win64; x64) AppleWebKit/537.36 (KHTML, like Gecko) Chrome/91.0.4472.106 Safari/537.36"
146.185.59.194 - - [22/Jun/2021:06:59:18 +0000] "GET /wp-admin/edit.php?post_type=product HTTP/1.0" 200 135888 "http://wordpress-610281-1991885.cloudwaysapps.com/wp-admin/post.php?post=934&action=edit" "Mozilla/5.0 (Windows NT 10.0; Win64; x64) AppleWebKit/537.36 (KHTML, like Gecko) Chrome/91.0.4472.106 Safari/537.36"
146.185.59.194 - - [22/Jun/2021:06:59:19 +0000] "POST /wp-admin/admin-ajax.php HTTP/1.0" 200 583 "http://wordpress-610281-1991885.cloudwaysapps.com/wp-admin/post.php?post=934&action=edit" "Mozilla/5.0 (Windows NT 10.0; Win64; x64) AppleWebKit/537.36 (KHTML, like Gecko) Chrome/91.0.4472.106 Safari/537.36"
146.185.59.194 - - [22/Jun/2021:06:59:19 +0000] "POST /wp-admin/admin-ajax.php HTTP/1.0" 200 549 "http://wordpress-610281-1991885.cloudwaysapps.com/wp-admin/edit.php?post_type=product" "Mozilla/5.0 (Windows NT 10.0; Win64; x64) AppleWebKit/537.36 (KHTML, like Gecko) Chrome/91.0.4472.106 Safari/537.36"
146.185.59.194 - - [22/Jun/2021:06:59:19 +0000] "GET /wp-json/wc-admin/options?options=woocommerce_ces_tracks_queue&_locale=user HTTP/1.0" 200 642 "http://wordpress-610281-1991885.cloudwaysapps.com/wp-admin/edit.php?post_type=product" "Mozilla/5.0 (Windows NT 10.0; Win64; x64) AppleWebKit/537.36 (KHTML, like Gecko) Chrome/91.0.4472.106 Safari/537.36"
146.185.59.194 - - [22/Jun/2021:06:59:19 +0000] "GET /wp-json/wc-analytics/admin/notes?page=1&per_page=25&status=unactioned&type%5B0%5D=info&type%5B1%5D=marketing&type%5B2%5D=survey&type%5B3%5D=warning&orderby=date&order=desc&_locale=user HTTP/1.0" 200 19502 "http://wordpress-610281-1991885.cloudwaysapps.com/wp-admin/edit.php?post_type=product" "Mozilla/5.0 (Windows NT 10.0; Win64; x64) AppleWebKit/537.36 (KHTML, like Gecko) Chrome/91.0.4472.106 Safari/537.36"
146.185.59.194 - - [22/Jun/2021:06:59:19 +0000] "GET /wp-json/wc-analytics/admin/notes?page=1&per_page=25&type=error%2Cupdate&status=unactioned&_locale=user HTTP/1.0" 200 1779 "http://wordpress-610281-1991885.cloudwaysapps.com/wp-admin/edit.php?post_type=product" "Mozilla/5.0 (Windows NT 10.0; Win64; x64) AppleWebKit/537.36 (KHTML, like Gecko) Chrome/91.0.4472.106 Safari/537.36"
146.185.59.194 - - [22/Jun/2021:06:59:29 +0000] "GET /wp-admin/post.php?post=933&action=edit HTTP/1.0" 200 156197 "http://wordpress-610281-1991885.cloudwaysapps.com/wp-admin/edit.php?post_type=product" "Mozilla/5.0 (Windows NT 10.0; Win64; x64) AppleWebKit/537.36 (KHTML, like Gecko) Chrome/91.0.4472.106 Safari/537.36"
146.185.59.194 - - [22/Jun/2021:06:59:30 +0000] "GET /wp-json/wc-analytics/admin/notes?page=1&per_page=25&status=unactioned&type%5B0%5D=info&type%5B1%5D=marketing&type%5B2%5D=survey&type%5B3%5D=warning&orderby=date&order=desc&_locale=user HTTP/1.0" 200 19502 "http://wordpress-610281-1991885.cloudwaysapps.com/wp-admin/post.php?post=933&action=edit" "Mozilla/5.0 (Windows NT 10.0; Win64; x64) AppleWebKit/537.36 (KHTML, like Gecko) Chrome/91.0.4472.106 Safari/537.36"
146.185.59.194 - - [22/Jun/2021:06:59:30 +0000] "GET /wp-json/wc-admin/options?options=woocommerce_ces_tracks_queue&_locale=user HTTP/1.0" 200 642 "http://wordpress-610281-1991885.cloudwaysapps.com/wp-admin/post.php?post=933&action=edit" "Mozilla/5.0 (Windows NT 10.0; Win64; x64) AppleWebKit/537.36 (KHTML, like Gecko) Chrome/91.0.4472.106 Safari/537.36"
146.185.59.194 - - [22/Jun/2021:06:59:31 +0000] "GET /wp-json/wc-analytics/admin/notes?page=1&per_page=25&type=error%2Cupdate&status=unactioned&_locale=user HTTP/1.0" 200 1779 "http://wordpress-610281-1991885.cloudwaysapps.com/wp-admin/post.php?post=933&action=edit" "Mozilla/5.0 (Windows NT 10.0; Win64; x64) AppleWebKit/537.36 (KHTML, like Gecko) Chrome/91.0.4472.106 Safari/537.36"
146.185.59.194 - - [22/Jun/2021:06:59:35 +0000] "POST /wp-admin/admin-ajax.php HTTP/1.0" 200 784 "http://wordpress-610281-1991885.cloudwaysapps.com/wp-admin/post.php?post=933&action=edit" "Mozilla/5.0 (Windows NT 10.0; Win64; x64) AppleWebKit/537.36 (KHTML, like Gecko) Chrome/91.0.4472.106 Safari/537.36"
146.185.59.194 - - [22/Jun/2021:06:59:43 +0000] "POST /wp-admin/admin-ajax.php HTTP/1.0" 200 548 "http://wordpress-610281-1991885.cloudwaysapps.com/wp-admin/post.php?post=933&action=edit" "Mozilla/5.0 (Windows NT 10.0; Win64; x64) AppleWebKit/537.36 (KHTML, like Gecko) Chrome/91.0.4472.106 Safari/537.36"
146.185.59.194 - - [22/Jun/2021:06:59:43 +0000] "POST /wp-admin/post.php HTTP/1.0" 302 585 "http://wordpress-610281-1991885.cloudwaysapps.com/wp-admin/post.php?post=933&action=edit" "Mozilla/5.0 (Windows NT 10.0; Win64; x64) AppleWebKit/537.36 (KHTML, like Gecko) Chrome/91.0.4472.106 Safari/537.36"
146.185.59.194 - - [22/Jun/2021:06:59:44 +0000] "GET /wp-admin/post.php?post=933&action=edit&message=1 HTTP/1.0" 200 156237 "http://wordpress-610281-1991885.cloudwaysapps.com/wp-admin/post.php?post=933&action=edit" "Mozilla/5.0 (Windows NT 10.0; Win64; x64) AppleWebKit/537.36 (KHTML, like Gecko) Chrome/91.0.4472.106 Safari/537.36"
146.185.59.194 - - [22/Jun/2021:06:59:45 +0000] "GET /wp-json/wc-analytics/admin/notes?page=1&per_page=25&status=unactioned&type%5B0%5D=info&type%5B1%5D=marketing&type%5B2%5D=survey&type%5B3%5D=warning&orderby=date&order=desc&_locale=user HTTP/1.0" 200 19502 "http://wordpress-610281-1991885.cloudwaysapps.com/wp-admin/post.php?post=933&action=edit" "Mozilla/5.0 (Windows NT 10.0; Win64; x64) AppleWebKit/537.36 (KHTML, like Gecko) Chrome/91.0.4472.106 Safari/537.36"
146.185.59.194 - - [22/Jun/2021:06:59:45 +0000] "GET /wp-json/wc-admin/options?options=woocommerce_ces_tracks_queue&_locale=user HTTP/1.0" 200 642 "http://wordpress-610281-1991885.cloudwaysapps.com/wp-admin/post.php?post=933&action=edit" "Mozilla/5.0 (Windows NT 10.0; Win64; x64) AppleWebKit/537.36 (KHTML, like Gecko) Chrome/91.0.4472.106 Safari/537.36"
146.185.59.194 - - [22/Jun/2021:06:59:45 +0000] "GET /wp-admin/admin-ajax.php?action=oembed-cache&post=933 HTTP/1.0" 200 463 "http://wordpress-610281-1991885.cloudwaysapps.com/wp-admin/post.php?post=933&action=edit" "Mozilla/5.0 (Windows NT 10.0; Win64; x64) AppleWebKit/537.36 (KHTML, like Gecko) Chrome/91.0.4472.106 Safari/537.36"
146.185.59.194 - - [22/Jun/2021:06:59:45 +0000] "GET /wp-json/wc-analytics/admin/notes?page=1&per_page=25&type=error%2Cupdate&status=unactioned&_locale=user HTTP/1.0" 200 1779 "http://wordpress-610281-1991885.cloudwaysapps.com/wp-admin/post.php?post=933&action=edit" "Mozilla/5.0 (Windows NT 10.0; Win64; x64) AppleWebKit/537.36 (KHTML, like Gecko) Chrome/91.0.4472.106 Safari/537.36"
146.185.59.194 - - [22/Jun/2021:06:59:46 +0000] "GET /wp-admin/edit.php?post_type=product HTTP/1.0" 200 135889 "http://wordpress-610281-1991885.cloudwaysapps.com/wp-admin/post.php?post=933&action=edit" "Mozilla/5.0 (Windows NT 10.0; Win64; x64) AppleWebKit/537.36 (KHTML, like Gecko) Chrome/91.0.4472.106 Safari/537.36"
146.185.59.194 - - [22/Jun/2021:06:59:47 +0000] "POST /wp-admin/admin-ajax.php HTTP/1.0" 200 583 "http://wordpress-610281-1991885.cloudwaysapps.com/wp-admin/post.php?post=933&action=edit" "Mozilla/5.0 (Windows NT 10.0; Win64; x64) AppleWebKit/537.36 (KHTML, like Gecko) Chrome/91.0.4472.106 Safari/537.36"
146.185.59.194 - - [22/Jun/2021:06:59:48 +0000] "POST /wp-admin/admin-ajax.php HTTP/1.0" 200 549 "http://wordpress-610281-1991885.cloudwaysapps.com/wp-admin/edit.php?post_type=product" "Mozilla/5.0 (Windows NT 10.0; Win64; x64) AppleWebKit/537.36 (KHTML, like Gecko) Chrome/91.0.4472.106 Safari/537.36"
146.185.59.194 - - [22/Jun/2021:06:59:48 +0000] "GET /wp-json/wc-admin/options?options=woocommerce_ces_tracks_queue&_locale=user HTTP/1.0" 200 642 "http://wordpress-610281-1991885.cloudwaysapps.com/wp-admin/edit.php?post_type=product" "Mozilla/5.0 (Windows NT 10.0; Win64; x64) AppleWebKit/537.36 (KHTML, like Gecko) Chrome/91.0.4472.106 Safari/537.36"
146.185.59.194 - - [22/Jun/2021:06:59:48 +0000] "GET /wp-json/wc-analytics/admin/notes?page=1&per_page=25&status=unactioned&type%5B0%5D=info&type%5B1%5D=marketing&type%5B2%5D=survey&type%5B3%5D=warning&orderby=date&order=desc&_locale=user HTTP/1.0" 200 19502 "http://wordpress-610281-1991885.cloudwaysapps.com/wp-admin/edit.php?post_type=product" "Mozilla/5.0 (Windows NT 10.0; Win64; x64) AppleWebKit/537.36 (KHTML, like Gecko) Chrome/91.0.4472.106 Safari/537.36"
146.185.59.194 - - [22/Jun/2021:06:59:48 +0000] "GET /wp-json/wc-analytics/admin/notes?page=1&per_page=25&type=error%2Cupdate&status=unactioned&_locale=user HTTP/1.0" 200 1779 "http://wordpress-610281-1991885.cloudwaysapps.com/wp-admin/edit.php?post_type=product" "Mozilla/5.0 (Windows NT 10.0; Win64; x64) AppleWebKit/537.36 (KHTML, like Gecko) Chrome/91.0.4472.106 Safari/537.36"
127.0.0.1 - - [22/Jun/2021:06:59:52 +0000] "POST /wp-cron.php?doing_wp_cron=1624345192.6558420658111572265625 HTTP/1.0" 200 259 "http://wordpress-610281-1991885.cloudwaysapps.com/wp-cron.php?doing_wp_cron=1624345192.6558420658111572265625" "WordPress/5.7.2; http://wordpress-610281-1991885.cloudwaysapps.com"
146.185.59.194 - - [22/Jun/2021:06:59:52 +0000] "GET /wp-admin/post.php?post=250&action=edit HTTP/1.0" 200 156172 "http://wordpress-610281-1991885.cloudwaysapps.com/wp-admin/edit.php?post_type=product" "Mozilla/5.0 (Windows NT 10.0; Win64; x64) AppleWebKit/537.36 (KHTML, like Gecko) Chrome/91.0.4472.106 Safari/537.36"
146.185.59.194 - - [22/Jun/2021:06:59:53 +0000] "GET /wp-json/wc-admin/options?options=woocommerce_ces_tracks_queue&_locale=user HTTP/1.0" 200 642 "http://wordpress-610281-1991885.cloudwaysapps.com/wp-admin/post.php?post=250&action=edit" "Mozilla/5.0 (Windows NT 10.0; Win64; x64) AppleWebKit/537.36 (KHTML, like Gecko) Chrome/91.0.4472.106 Safari/537.36"
146.185.59.194 - - [22/Jun/2021:06:59:53 +0000] "GET /wp-json/wc-analytics/admin/notes?page=1&per_page=25&status=unactioned&type%5B0%5D=info&type%5B1%5D=marketing&type%5B2%5D=survey&type%5B3%5D=warning&orderby=date&order=desc&_locale=user HTTP/1.0" 200 19502 "http://wordpress-610281-1991885.cloudwaysapps.com/wp-admin/post.php?post=250&action=edit" "Mozilla/5.0 (Windows NT 10.0; Win64; x64) AppleWebKit/537.36 (KHTML, like Gecko) Chrome/91.0.4472.106 Safari/537.36"
146.185.59.194 - - [22/Jun/2021:06:59:53 +0000] "GET /wp-json/wc-analytics/admin/notes?page=1&per_page=25&type=error%2Cupdate&status=unactioned&_locale=user HTTP/1.0" 200 1779 "http://wordpress-610281-1991885.cloudwaysapps.com/wp-admin/post.php?post=250&action=edit" "Mozilla/5.0 (Windows NT 10.0; Win64; x64) AppleWebKit/537.36 (KHTML, like Gecko) Chrome/91.0.4472.106 Safari/537.36"
146.185.59.194 - - [22/Jun/2021:06:59:59 +0000] "POST /wp-admin/admin-ajax.php HTTP/1.0" 200 784 "http://wordpress-610281-1991885.cloudwaysapps.com/wp-admin/post.php?post=250&action=edit" "Mozilla/5.0 (Windows NT 10.0; Win64; x64) AppleWebKit/537.36 (KHTML, like Gecko) Chrome/91.0.4472.106 Safari/537.36"
146.185.59.194 - - [22/Jun/2021:07:00:07 +0000] "POST /wp-admin/admin-ajax.php HTTP/1.0" 200 548 "http://wordpress-610281-1991885.cloudwaysapps.com/wp-admin/post.php?post=250&action=edit" "Mozilla/5.0 (Windows NT 10.0; Win64; x64) AppleWebKit/537.36 (KHTML, like Gecko) Chrome/91.0.4472.106 Safari/537.36"
146.185.59.194 - - [22/Jun/2021:07:00:07 +0000] "POST /wp-admin/post.php HTTP/1.0" 302 585 "http://wordpress-610281-1991885.cloudwaysapps.com/wp-admin/post.php?post=250&action=edit" "Mozilla/5.0 (Windows NT 10.0; Win64; x64) AppleWebKit/537.36 (KHTML, like Gecko) Chrome/91.0.4472.106 Safari/537.36"
