146.185.59.194 - - [22/Jun/2021:07:26:09 +0000] "GET /wp-json/wc-analytics/admin/notes?page=1&per_page=25&status=unactioned&type%5B0%5D=info&type%5B1%5D=marketing&type%5B2%5D=survey&type%5B3%5D=warning&orderby=date&order=desc&_fields%5B0%5D=id&_fields%5B1%5D=name&_fields%5B2%5D=title&_fields%5B3%5D=content&_fields%5B4%5D=type&_fields%5B5%5D=status&_fields%5B6%5D=actions&_fields%5B7%5D=date_created&_fields%5B8%5D=date_created_gmt&_fields%5B9%5D=layout&_fields%5B10%5D=image&_fields%5B11%5D=is_deleted&_locale=user HTTP/1.0" 200 15064 "http://wordpress-610281-1991885.cloudwaysapps.com/wp-admin/admin.php?page=wc-admin" "Mozilla/5.0 (Windows NT 10.0; Win64; x64) AppleWebKit/537.36 (KHTML, like Gecko) Chrome/91.0.4472.106 Safari/537.36"
146.185.59.194 - - [22/Jun/2021:07:26:10 +0000] "GET /wp-json/wp/v2/users/56?context=edit&_locale=user HTTP/1.0" 200 4981 "http://wordpress-610281-1991885.cloudwaysapps.com/wp-admin/admin.php?page=wc-admin" "Mozilla/5.0 (Windows NT 10.0; Win64; x64) AppleWebKit/537.36 (KHTML, like Gecko) Chrome/91.0.4472.106 Safari/537.36"
146.185.59.194 - - [22/Jun/2021:07:26:10 +0000] "GET /wp-json/wc-analytics/reports/performance-indicators?after=2021-06-21T00%3A00%3A00&before=2021-06-21T23%3A59%3A59&stats=revenue%2Ftotal_sales%2Corders%2Forders_count&_locale=user HTTP/1.0" 200 1277 "http://wordpress-610281-1991885.cloudwaysapps.com/wp-admin/admin.php?page=wc-admin" "Mozilla/5.0 (Windows NT 10.0; Win64; x64) AppleWebKit/537.36 (KHTML, like Gecko) Chrome/91.0.4472.106 Safari/537.36"
146.185.59.194 - - [22/Jun/2021:07:26:10 +0000] "GET /wp-json/wc-analytics/reports/performance-indicators?after=2021-06-22T00%3A00%3A00&before=2021-06-22T10%3A26%3A00&stats=revenue%2Ftotal_sales%2Corders%2Forders_count&_locale=user HTTP/1.0" 200 1277 "http://wordpress-610281-1991885.cloudwaysapps.com/wp-admin/admin.php?page=wc-admin" "Mozilla/5.0 (Windows NT 10.0; Win64; x64) AppleWebKit/537.36 (KHTML, like Gecko) Chrome/91.0.4472.106 Safari/537.36"
146.185.59.194 - - [22/Jun/2021:07:26:14 +0000] "GET /wp-admin/admin.php?page=wc-settings HTTP/1.0" 200 58683 "http://wordpress-610281-1991885.cloudwaysapps.com/wp-admin/admin.php?page=wc-admin" "Mozilla/5.0 (Windows NT 10.0; Win64; x64) AppleWebKit/537.36 (KHTML, like Gecko) Chrome/91.0.4472.106 Safari/537.36"
146.185.59.194 - - [22/Jun/2021:07:26:16 +0000] "GET /wp-admin/admin.php?page=wc-settings&tab=checkout HTTP/1.0" 200 30712 "http://wordpress-610281-1991885.cloudwaysapps.com/wp-admin/admin.php?page=wc-settings" "Mozilla/5.0 (Windows NT 10.0; Win64; x64) AppleWebKit/537.36 (KHTML, like Gecko) Chrome/91.0.4472.106 Safari/537.36"
146.185.59.194 - - [22/Jun/2021:07:26:35 +0000] "GET /wp-admin/admin.php?page=wc-settings&tab=checkout&section=yaadpay HTTP/1.0" 200 31262 "http://wordpress-610281-1991885.cloudwaysapps.com/wp-admin/admin.php?page=wc-settings&tab=checkout" "Mozilla/5.0 (Windows NT 10.0; Win64; x64) AppleWebKit/537.36 (KHTML, like Gecko) Chrome/91.0.4472.106 Safari/537.36"
127.0.0.1 - - [22/Jun/2021:07:27:01 +0000] "POST /wp-cron.php?doing_wp_cron=1624346821.7564799785614013671875 HTTP/1.0" 200 259 "http://wordpress-610281-1991885.cloudwaysapps.com/wp-cron.php?doing_wp_cron=1624346821.7564799785614013671875" "WordPress/5.7.2; http://wordpress-610281-1991885.cloudwaysapps.com"
146.185.59.194 - - [22/Jun/2021:07:27:01 +0000] "POST /wp-admin/admin.php?page=wc-settings&tab=checkout&section=yaadpay HTTP/1.0" 200 31291 "http://wordpress-610281-1991885.cloudwaysapps.com/wp-admin/admin.php?page=wc-settings&tab=checkout&section=yaadpay" "Mozilla/5.0 (Windows NT 10.0; Win64; x64) AppleWebKit/537.36 (KHTML, like Gecko) Chrome/91.0.4472.106 Safari/537.36"
146.185.59.194 - - [22/Jun/2021:07:27:06 +0000] "GET /wp-admin/admin.php?page=wc-settings&tab=checkout HTTP/1.0" 200 30711 "http://wordpress-610281-1991885.cloudwaysapps.com/wp-admin/admin.php?page=wc-settings&tab=checkout&section=yaadpay" "Mozilla/5.0 (Windows NT 10.0; Win64; x64) AppleWebKit/537.36 (KHTML, like Gecko) Chrome/91.0.4472.106 Safari/537.36"
146.185.59.194 - - [22/Jun/2021:07:27:09 +0000] "GET /wp-admin/admin.php?page=wc-settings&tab=checkout&section=yaadpay HTTP/1.0" 200 31260 "http://wordpress-610281-1991885.cloudwaysapps.com/wp-admin/admin.php?page=wc-settings&tab=checkout" "Mozilla/5.0 (Windows NT 10.0; Win64; x64) AppleWebKit/537.36 (KHTML, like Gecko) Chrome/91.0.4472.106 Safari/537.36"
146.185.59.194 - - [22/Jun/2021:07:27:14 +0000] "POST /wp-admin/admin.php?page=wc-settings&tab=checkout&section=yaadpay HTTP/1.0" 200 31290 "http://wordpress-610281-1991885.cloudwaysapps.com/wp-admin/admin.php?page=wc-settings&tab=checkout&section=yaadpay" "Mozilla/5.0 (Windows NT 10.0; Win64; x64) AppleWebKit/537.36 (KHTML, like Gecko) Chrome/91.0.4472.106 Safari/537.36"
146.185.59.194 - - [22/Jun/2021:07:27:17 +0000] "GET /wp-admin/admin.php?page=wc-settings&tab=checkout HTTP/1.0" 200 30712 "http://wordpress-610281-1991885.cloudwaysapps.com/wp-admin/admin.php?page=wc-settings&tab=checkout&section=yaadpay" "Mozilla/5.0 (Windows NT 10.0; Win64; x64) AppleWebKit/537.36 (KHTML, like Gecko) Chrome/91.0.4472.106 Safari/537.36"
127.0.0.1 - - [22/Jun/2021:07:30:40 +0000] "POST /wp-cron.php?doing_wp_cron=1624347040.0071370601654052734375 HTTP/1.0" 200 259 "http://wordpress-610281-1991885.cloudwaysapps.com/wp-cron.php?doing_wp_cron=1624347040.0071370601654052734375" "WordPress/5.7.2; http://wordpress-610281-1991885.cloudwaysapps.com"
146.185.59.194 - - [22/Jun/2021:07:30:39 +0000] "GET /wp-admin/ HTTP/1.0" 200 37634 "http://wordpress-610281-1991885.cloudwaysapps.com/checkout/" "Mozilla/5.0 (Windows NT 10.0; Win64; x64) AppleWebKit/537.36 (KHTML, like Gecko) Chrome/91.0.4472.106 Safari/537.36"
146.185.59.194 - - [22/Jun/2021:07:30:41 +0000] "POST /wp-admin/admin-ajax.php HTTP/1.0" 200 518 "http://wordpress-610281-1991885.cloudwaysapps.com/wp-admin/" "Mozilla/5.0 (Windows NT 10.0; Win64; x64) AppleWebKit/537.36 (KHTML, like Gecko) Chrome/91.0.4472.106 Safari/537.36"
146.185.59.194 - - [22/Jun/2021:07:30:41 +0000] "POST /wp-admin/admin-ajax.php HTTP/1.0" 200 518 "http://wordpress-610281-1991885.cloudwaysapps.com/wp-admin/" "Mozilla/5.0 (Windows NT 10.0; Win64; x64) AppleWebKit/537.36 (KHTML, like Gecko) Chrome/91.0.4472.106 Safari/537.36"
146.185.59.194 - - [22/Jun/2021:07:30:45 +0000] "GET /wp-admin/admin.php?page=wc-settings HTTP/1.0" 200 58684 "http://wordpress-610281-1991885.cloudwaysapps.com/wp-admin/" "Mozilla/5.0 (Windows NT 10.0; Win64; x64) AppleWebKit/537.36 (KHTML, like Gecko) Chrome/91.0.4472.106 Safari/537.36"
146.185.59.194 - - [22/Jun/2021:07:30:47 +0000] "GET /wp-admin/admin.php?page=wc-settings&tab=subscriptions HTTP/1.0" 200 33213 "http://wordpress-610281-1991885.cloudwaysapps.com/wp-admin/admin.php?page=wc-settings" "Mozilla/5.0 (Windows NT 10.0; Win64; x64) AppleWebKit/537.36 (KHTML, like Gecko) Chrome/91.0.4472.106 Safari/537.36"
127.0.0.1 - - [22/Jun/2021:07:30:53 +0000] "POST /wp-cron.php?doing_wp_cron=1624347053.5131330490112304687500 HTTP/1.0" 200 259 "http://wordpress-610281-1991885.cloudwaysapps.com/wp-cron.php?doing_wp_cron=1624347053.5131330490112304687500" "WordPress/5.7.2; http://wordpress-610281-1991885.cloudwaysapps.com"
146.185.59.194 - - [22/Jun/2021:07:30:53 +0000] "POST /wp-admin/admin.php?page=wc-settings&tab=subscriptions HTTP/1.0" 200 33241 "http://wordpress-610281-1991885.cloudwaysapps.com/wp-admin/admin.php?page=wc-settings&tab=subscriptions" "Mozilla/5.0 (Windows NT 10.0; Win64; x64) AppleWebKit/537.36 (KHTML, like Gecko) Chrome/91.0.4472.106 Safari/537.36"
146.185.59.194 - - [22/Jun/2021:07:31:05 +0000] "GET / HTTP/1.0" 200 9990 "-" "Mozilla/5.0 (Windows NT 10.0; Win64; x64) AppleWebKit/537.36 (KHTML, like Gecko) Chrome/91.0.4472.106 Safari/537.36"
146.185.59.194 - - [22/Jun/2021:07:31:06 +0000] "POST /?wc-ajax=get_refreshed_fragments HTTP/1.0" 200 3454 "http://wordpress-610281-1991885.cloudwaysapps.com/" "Mozilla/5.0 (Windows NT 10.0; Win64; x64) AppleWebKit/537.36 (KHTML, like Gecko) Chrome/91.0.4472.106 Safari/537.36"
146.185.59.194 - - [22/Jun/2021:07:31:10 +0000] "GET /registration/ HTTP/1.0" 200 9825 "http://wordpress-610281-1991885.cloudwaysapps.com/" "Mozilla/5.0 (Windows NT 10.0; Win64; x64) AppleWebKit/537.36 (KHTML, like Gecko) Chrome/91.0.4472.106 Safari/537.36"
146.185.59.194 - - [22/Jun/2021:07:31:14 +0000] "GET /%d7%a8%d7%9b%d7%99%d7%a9%d7%aa-%d7%97%d7%91%d7%99%d7%9c%d7%95%d7%aa/ HTTP/1.0" 200 9424 "http://wordpress-610281-1991885.cloudwaysapps.com/registration/" "Mozilla/5.0 (Windows NT 10.0; Win64; x64) AppleWebKit/537.36 (KHTML, like Gecko) Chrome/91.0.4472.106 Safari/537.36"
146.185.59.194 - - [22/Jun/2021:07:31:16 +0000] "GET /checkout/?add-to-cart=247&quantity=1 HTTP/1.0" 200 33341 "http://wordpress-610281-1991885.cloudwaysapps.com/%d7%a8%d7%9b%d7%99%d7%a9%d7%aa-%d7%97%d7%91%d7%99%d7%9c%d7%95%d7%aa/" "Mozilla/5.0 (Windows NT 10.0; Win64; x64) AppleWebKit/537.36 (KHTML, like Gecko) Chrome/91.0.4472.106 Safari/537.36"
146.185.59.194 - - [22/Jun/2021:07:31:17 +0000] "POST /?wc-ajax=get_refreshed_fragments HTTP/1.0" 200 3454 "http://wordpress-610281-1991885.cloudwaysapps.com/checkout/?add-to-cart=247&quantity=1" "Mozilla/5.0 (Windows NT 10.0; Win64; x64) AppleWebKit/537.36 (KHTML, like Gecko) Chrome/91.0.4472.106 Safari/537.36"
146.185.59.194 - - [22/Jun/2021:07:31:17 +0000] "POST /?wc-ajax=update_order_review HTTP/1.0" 200 6867 "http://wordpress-610281-1991885.cloudwaysapps.com/checkout/?add-to-cart=247&quantity=1" "Mozilla/5.0 (Windows NT 10.0; Win64; x64) AppleWebKit/537.36 (KHTML, like Gecko) Chrome/91.0.4472.106 Safari/537.36"
146.185.59.194 - - [22/Jun/2021:07:31:22 +0000] "GET /cart/ HTTP/1.0" 200 28866 "http://wordpress-610281-1991885.cloudwaysapps.com/checkout/?add-to-cart=247&quantity=1" "Mozilla/5.0 (Windows NT 10.0; Win64; x64) AppleWebKit/537.36 (KHTML, like Gecko) Chrome/91.0.4472.106 Safari/537.36"
146.185.59.194 - - [22/Jun/2021:07:31:25 +0000] "POST /cart/ HTTP/1.0" 302 431 "http://wordpress-610281-1991885.cloudwaysapps.com/cart/" "Mozilla/5.0 (Windows NT 10.0; Win64; x64) AppleWebKit/537.36 (KHTML, like Gecko) Chrome/91.0.4472.106 Safari/537.36"
146.185.59.194 - - [22/Jun/2021:07:31:25 +0000] "GET /cart/ HTTP/1.0" 200 28885 "http://wordpress-610281-1991885.cloudwaysapps.com/cart/" "Mozilla/5.0 (Windows NT 10.0; Win64; x64) AppleWebKit/537.36 (KHTML, like Gecko) Chrome/91.0.4472.106 Safari/537.36"
146.185.59.194 - - [22/Jun/2021:07:31:26 +0000] "POST /?wc-ajax=get_refreshed_fragments HTTP/1.0" 200 3454 "http://wordpress-610281-1991885.cloudwaysapps.com/cart/" "Mozilla/5.0 (Windows NT 10.0; Win64; x64) AppleWebKit/537.36 (KHTML, like Gecko) Chrome/91.0.4472.106 Safari/537.36"
146.185.59.194 - - [22/Jun/2021:07:31:28 +0000] "GET /checkout/ HTTP/1.0" 200 32987 "http://wordpress-610281-1991885.cloudwaysapps.com/cart/" "Mozilla/5.0 (Windows NT 10.0; Win64; x64) AppleWebKit/537.36 (KHTML, like Gecko) Chrome/91.0.4472.106 Safari/537.36"
146.185.59.194 - - [22/Jun/2021:07:31:29 +0000] "POST /?wc-ajax=update_order_review HTTP/1.0" 200 6867 "http://wordpress-610281-1991885.cloudwaysapps.com/checkout/" "Mozilla/5.0 (Windows NT 10.0; Win64; x64) AppleWebKit/537.36 (KHTML, like Gecko) Chrome/91.0.4472.106 Safari/537.36"
127.0.0.1 - - [22/Jun/2021:07:31:54 +0000] "POST /wp-cron.php?doing_wp_cron=1624347114.5054280757904052734375 HTTP/1.0" 200 259 "http://wordpress-610281-1991885.cloudwaysapps.com/wp-cron.php?doing_wp_cron=1624347114.5054280757904052734375" "WordPress/5.7.2; http://wordpress-610281-1991885.cloudwaysapps.com"
146.185.59.194 - - [22/Jun/2021:07:31:54 +0000] "POST /wp-admin/admin-ajax.php HTTP/1.0" 200 549 "http://wordpress-610281-1991885.cloudwaysapps.com/wp-admin/admin.php?page=wc-settings&tab=subscriptions" "Mozilla/5.0 (Windows NT 10.0; Win64; x64) AppleWebKit/537.36 (KHTML, like Gecko) Chrome/91.0.4472.106 Safari/537.36"
146.185.59.194 - - [22/Jun/2021:07:32:18 +0000] "POST /?wc-ajax=update_order_review HTTP/1.0" 200 6867 "http://wordpress-610281-1991885.cloudwaysapps.com/checkout/" "Mozilla/5.0 (Windows NT 10.0; Win64; x64) AppleWebKit/537.36 (KHTML, like Gecko) Chrome/91.0.4472.106 Safari/537.36"
146.185.59.194 - - [22/Jun/2021:07:32:21 +0000] "POST /?wc-ajax=update_order_review HTTP/1.0" 200 6867 "http://wordpress-610281-1991885.cloudwaysapps.com/checkout/" "Mozilla/5.0 (Windows NT 10.0; Win64; x64) AppleWebKit/537.36 (KHTML, like Gecko) Chrome/91.0.4472.106 Safari/537.36"
146.185.59.194 - - [22/Jun/2021:07:32:28 +0000] "POST /?wc-ajax=checkout HTTP/1.0" 200 580 "http://wordpress-610281-1991885.cloudwaysapps.com/checkout/" "Mozilla/5.0 (Windows NT 10.0; Win64; x64) AppleWebKit/537.36 (KHTML, like Gecko) Chrome/91.0.4472.106 Safari/537.36"
146.185.59.194 - - [22/Jun/2021:07:32:29 +0000] "GET /checkout/order-pay/1044/?key=wc_order_sPs1ciZk4rrqv HTTP/1.0" 302 16463 "http://wordpress-610281-1991885.cloudwaysapps.com/checkout/" "Mozilla/5.0 (Windows NT 10.0; Win64; x64) AppleWebKit/537.36 (KHTML, like Gecko) Chrome/91.0.4472.106 Safari/537.36"
127.0.0.1 - - [22/Jun/2021:07:32:50 +0000] "POST /wp-cron.php?doing_wp_cron=1624347170.5553200244903564453125 HTTP/1.0" 200 259 "http://wordpress-610281-1991885.cloudwaysapps.com/wp-cron.php?doing_wp_cron=1624347170.5553200244903564453125" "WordPress/5.7.2; http://wordpress-610281-1991885.cloudwaysapps.com"
146.185.59.194 - - [22/Jun/2021:07:32:50 +0000] "POST /?wc-ajax=update_order_review HTTP/1.0" 200 6867 "http://wordpress-610281-1991885.cloudwaysapps.com/checkout/" "Mozilla/5.0 (Windows NT 10.0; Win64; x64) AppleWebKit/537.36 (KHTML, like Gecko) Chrome/91.0.4472.106 Safari/537.36"
146.185.59.194 - - [22/Jun/2021:07:32:54 +0000] "GET /wp-admin/ HTTP/1.0" 200 37634 "http://wordpress-610281-1991885.cloudwaysapps.com/checkout/" "Mozilla/5.0 (Windows NT 10.0; Win64; x64) AppleWebKit/537.36 (KHTML, like Gecko) Chrome/91.0.4472.106 Safari/537.36"
146.185.59.194 - - [22/Jun/2021:07:32:55 +0000] "POST /wp-admin/admin-ajax.php HTTP/1.0" 200 518 "http://wordpress-610281-1991885.cloudwaysapps.com/wp-admin/" "Mozilla/5.0 (Windows NT 10.0; Win64; x64) AppleWebKit/537.36 (KHTML, like Gecko) Chrome/91.0.4472.106 Safari/537.36"
146.185.59.194 - - [22/Jun/2021:07:32:55 +0000] "POST /wp-admin/admin-ajax.php HTTP/1.0" 200 518 "http://wordpress-610281-1991885.cloudwaysapps.com/wp-admin/" "Mozilla/5.0 (Windows NT 10.0; Win64; x64) AppleWebKit/537.36 (KHTML, like Gecko) Chrome/91.0.4472.106 Safari/537.36"
127.0.0.1 - - [22/Jun/2021:07:33:55 +0000] "POST /wp-cron.php?doing_wp_cron=1624347235.9501829147338867187500 HTTP/1.0" 200 259 "http://wordpress-610281-1991885.cloudwaysapps.com/wp-cron.php?doing_wp_cron=1624347235.9501829147338867187500" "WordPress/5.7.2; http://wordpress-610281-1991885.cloudwaysapps.com"
146.185.59.194 - - [22/Jun/2021:07:33:55 +0000] "POST /wp-admin/admin-ajax.php HTTP/1.0" 200 549 "http://wordpress-610281-1991885.cloudwaysapps.com/wp-admin/admin.php?page=wc-settings&tab=subscriptions" "Mozilla/5.0 (Windows NT 10.0; Win64; x64) AppleWebKit/537.36 (KHTML, like Gecko) Chrome/91.0.4472.106 Safari/537.36"
146.185.59.194 - - [22/Jun/2021:07:33:55 +0000] "POST /wp-admin/admin-ajax.php HTTP/1.0" 200 549 "http://wordpress-610281-1991885.cloudwaysapps.com/wp-admin/" "Mozilla/5.0 (Windows NT 10.0; Win64; x64) AppleWebKit/537.36 (KHTML, like Gecko) Chrome/91.0.4472.106 Safari/537.36"
127.0.0.1 - - [22/Jun/2021:07:34:56 +0000] "POST /wp-cron.php?doing_wp_cron=1624347296.6412200927734375000000 HTTP/1.0" 200 259 "http://wordpress-610281-1991885.cloudwaysapps.com/wp-cron.php?doing_wp_cron=1624347296.6412200927734375000000" "WordPress/5.7.2; http://wordpress-610281-1991885.cloudwaysapps.com"
146.185.59.194 - - [22/Jun/2021:07:34:56 +0000] "POST /wp-admin/admin-ajax.php HTTP/1.0" 200 549 "http://wordpress-610281-1991885.cloudwaysapps.com/wp-admin/" "Mozilla/5.0 (Windows NT 10.0; Win64; x64) AppleWebKit/537.36 (KHTML, like Gecko) Chrome/91.0.4472.106 Safari/537.36"
127.0.0.1 - - [22/Jun/2021:07:35:56 +0000] "POST /wp-cron.php?doing_wp_cron=1624347356.8125619888305664062500 HTTP/1.0" 200 259 "http://wordpress-610281-1991885.cloudwaysapps.com/wp-cron.php?doing_wp_cron=1624347356.8125619888305664062500" "WordPress/5.7.2; http://wordpress-610281-1991885.cloudwaysapps.com"
127.0.0.1 - - [22/Jun/2021:07:35:56 +0000] "POST /wp-cron.php?doing_wp_cron=1624347356.8129301071166992187500 HTTP/1.0" 200 259 "http://wordpress-610281-1991885.cloudwaysapps.com/wp-cron.php?doing_wp_cron=1624347356.8129301071166992187500" "WordPress/5.7.2; http://wordpress-610281-1991885.cloudwaysapps.com"
146.185.59.194 - - [22/Jun/2021:07:35:56 +0000] "POST /wp-admin/admin-ajax.php HTTP/1.0" 200 549 "http://wordpress-610281-1991885.cloudwaysapps.com/wp-admin/" "Mozilla/5.0 (Windows NT 10.0; Win64; x64) AppleWebKit/537.36 (KHTML, like Gecko) Chrome/91.0.4472.106 Safari/537.36"
146.185.59.194 - - [22/Jun/2021:07:35:56 +0000] "POST /wp-admin/admin-ajax.php HTTP/1.0" 200 549 "http://wordpress-610281-1991885.cloudwaysapps.com/wp-admin/admin.php?page=wc-settings&tab=subscriptions" "Mozilla/5.0 (Windows NT 10.0; Win64; x64) AppleWebKit/537.36 (KHTML, like Gecko) Chrome/91.0.4472.106 Safari/537.36"
127.0.0.1 - - [22/Jun/2021:07:37:57 +0000] "POST /wp-cron.php?doing_wp_cron=1624347477.8432619571685791015625 HTTP/1.0" 200 259 "http://wordpress-610281-1991885.cloudwaysapps.com/wp-cron.php?doing_wp_cron=1624347477.8432619571685791015625" "WordPress/5.7.2; http://wordpress-610281-1991885.cloudwaysapps.com"
146.185.59.194 - - [22/Jun/2021:07:37:57 +0000] "POST /wp-admin/admin-ajax.php HTTP/1.0" 200 549 "http://wordpress-610281-1991885.cloudwaysapps.com/wp-admin/admin.php?page=wc-settings&tab=subscriptions" "Mozilla/5.0 (Windows NT 10.0; Win64; x64) AppleWebKit/537.36 (KHTML, like Gecko) Chrome/91.0.4472.106 Safari/537.36"
146.185.59.194 - - [22/Jun/2021:07:37:57 +0000] "POST /wp-admin/admin-ajax.php HTTP/1.0" 200 549 "http://wordpress-610281-1991885.cloudwaysapps.com/wp-admin/" "Mozilla/5.0 (Windows NT 10.0; Win64; x64) AppleWebKit/537.36 (KHTML, like Gecko) Chrome/91.0.4472.106 Safari/537.36"
127.0.0.1 - - [22/Jun/2021:07:37:57 +0000] "POST /wp-admin/admin-ajax.php?action=as_async_request_queue_runner&nonce=7c5969fc95 HTTP/1.0" 200 394 "http://wordpress-610281-1991885.cloudwaysapps.com/wp-admin/admin-ajax.php?action=as_async_request_queue_runner&nonce=7c5969fc95" "WordPress/5.7.2; http://wordpress-610281-1991885.cloudwaysapps.com"
127.0.0.1 - - [22/Jun/2021:07:37:57 +0000] "POST /wp-admin/admin-ajax.php?action=as_async_request_queue_runner&nonce=7c5969fc95 HTTP/1.0" 200 394 "http://wordpress-610281-1991885.cloudwaysapps.com/wp-admin/admin-ajax.php?action=as_async_request_queue_runner&nonce=7c5969fc95" "WordPress/5.7.2; http://wordpress-610281-1991885.cloudwaysapps.com"
127.0.0.1 - - [22/Jun/2021:07:38:58 +0000] "POST /wp-cron.php?doing_wp_cron=1624347538.6307249069213867187500 HTTP/1.0" 200 259 "http://wordpress-610281-1991885.cloudwaysapps.com/wp-cron.php?doing_wp_cron=1624347538.6307249069213867187500" "WordPress/5.7.2; http://wordpress-610281-1991885.cloudwaysapps.com"
146.185.59.194 - - [22/Jun/2021:07:38:58 +0000] "POST /wp-admin/admin-ajax.php HTTP/1.0" 200 549 "http://wordpress-610281-1991885.cloudwaysapps.com/wp-admin/" "Mozilla/5.0 (Windows NT 10.0; Win64; x64) AppleWebKit/537.36 (KHTML, like Gecko) Chrome/91.0.4472.106 Safari/537.36"
146.185.59.194 - - [22/Jun/2021:07:39:40 +0000] "POST /wp-admin/admin-ajax.php HTTP/1.0" 200 549 "http://wordpress-610281-1991885.cloudwaysapps.com/wp-admin/admin.php?page=wc-settings&tab=subscriptions" "Mozilla/5.0 (Windows NT 10.0; Win64; x64) AppleWebKit/537.36 (KHTML, like Gecko) Chrome/91.0.4472.106 Safari/537.36"
146.185.59.194 - - [22/Jun/2021:07:39:46 +0000] "GET / HTTP/1.0" 200 9990 "-" "Mozilla/5.0 (Windows NT 10.0; Win64; x64) AppleWebKit/537.36 (KHTML, like Gecko) Chrome/91.0.4472.106 Safari/537.36"
127.0.0.1 - - [22/Jun/2021:07:40:02 +0000] "POST /wp-cron.php?doing_wp_cron=1624347602.9153299331665039062500 HTTP/1.0" 200 259 "http://wordpress-610281-1991885.cloudwaysapps.com/wp-cron.php?doing_wp_cron=1624347602.9153299331665039062500" "WordPress/5.7.2; http://wordpress-610281-1991885.cloudwaysapps.com"
146.185.59.194 - - [22/Jun/2021:07:40:02 +0000] "GET /dashboard HTTP/1.0" 301 622 "http://wordpress-610281-1991885.cloudwaysapps.com/" "Mozilla/5.0 (Windows NT 10.0; Win64; x64) AppleWebKit/537.36 (KHTML, like Gecko) Chrome/91.0.4472.106 Safari/537.36"
146.185.59.194 - - [22/Jun/2021:07:40:03 +0000] "GET /dashboard/ HTTP/1.0" 200 12324 "http://wordpress-610281-1991885.cloudwaysapps.com/" "Mozilla/5.0 (Windows NT 10.0; Win64; x64) AppleWebKit/537.36 (KHTML, like Gecko) Chrome/91.0.4472.106 Safari/537.36"
146.185.59.194 - - [22/Jun/2021:07:40:41 +0000] "POST /wp-admin/admin-ajax.php HTTP/1.0" 200 549 "http://wordpress-610281-1991885.cloudwaysapps.com/wp-admin/admin.php?page=wc-settings&tab=subscriptions" "Mozilla/5.0 (Windows NT 10.0; Win64; x64) AppleWebKit/537.36 (KHTML, like Gecko) Chrome/91.0.4472.106 Safari/537.36"
127.0.0.1 - - [22/Jun/2021:07:42:42 +0000] "POST /wp-cron.php?doing_wp_cron=1624347762.6682600975036621093750 HTTP/1.0" 200 259 "http://wordpress-610281-1991885.cloudwaysapps.com/wp-cron.php?doing_wp_cron=1624347762.6682600975036621093750" "WordPress/5.7.2; http://wordpress-610281-1991885.cloudwaysapps.com"
146.185.59.194 - - [22/Jun/2021:07:42:42 +0000] "POST /wp-admin/admin-ajax.php HTTP/1.0" 200 549 "http://wordpress-610281-1991885.cloudwaysapps.com/wp-admin/admin.php?page=wc-settings&tab=subscriptions" "Mozilla/5.0 (Windows NT 10.0; Win64; x64) AppleWebKit/537.36 (KHTML, like Gecko) Chrome/91.0.4472.106 Safari/537.36"
127.0.0.1 - - [22/Jun/2021:07:44:43 +0000] "POST /wp-cron.php?doing_wp_cron=1624347883.6545300483703613281250 HTTP/1.0" 200 259 "http://wordpress-610281-1991885.cloudwaysapps.com/wp-cron.php?doing_wp_cron=1624347883.6545300483703613281250" "WordPress/5.7.2; http://wordpress-610281-1991885.cloudwaysapps.com"
146.185.59.194 - - [22/Jun/2021:07:44:43 +0000] "POST /wp-admin/admin-ajax.php HTTP/1.0" 200 549 "http://wordpress-610281-1991885.cloudwaysapps.com/wp-admin/admin.php?page=wc-settings&tab=subscriptions" "Mozilla/5.0 (Windows NT 10.0; Win64; x64) AppleWebKit/537.36 (KHTML, like Gecko) Chrome/91.0.4472.106 Safari/537.36"
127.0.0.1 - - [22/Jun/2021:07:46:44 +0000] "POST /wp-cron.php?doing_wp_cron=1624348004.6662878990173339843750 HTTP/1.0" 200 259 "http://wordpress-610281-1991885.cloudwaysapps.com/wp-cron.php?doing_wp_cron=1624348004.6662878990173339843750" "WordPress/5.7.2; http://wordpress-610281-1991885.cloudwaysapps.com"
146.185.59.194 - - [22/Jun/2021:07:46:44 +0000] "POST /wp-admin/admin-ajax.php HTTP/1.0" 200 549 "http://wordpress-610281-1991885.cloudwaysapps.com/wp-admin/admin.php?page=wc-settings&tab=subscriptions" "Mozilla/5.0 (Windows NT 10.0; Win64; x64) AppleWebKit/537.36 (KHTML, like Gecko) Chrome/91.0.4472.106 Safari/537.36"
127.0.0.1 - - [22/Jun/2021:07:48:45 +0000] "POST /wp-cron.php?doing_wp_cron=1624348125.6396400928497314453125 HTTP/1.0" 200 259 "http://wordpress-610281-1991885.cloudwaysapps.com/wp-cron.php?doing_wp_cron=1624348125.6396400928497314453125" "WordPress/5.7.2; http://wordpress-610281-1991885.cloudwaysapps.com"
146.185.59.194 - - [22/Jun/2021:07:48:45 +0000] "POST /wp-admin/admin-ajax.php HTTP/1.0" 200 549 "http://wordpress-610281-1991885.cloudwaysapps.com/wp-admin/admin.php?page=wc-settings&tab=subscriptions" "Mozilla/5.0 (Windows NT 10.0; Win64; x64) AppleWebKit/537.36 (KHTML, like Gecko) Chrome/91.0.4472.106 Safari/537.36"
127.0.0.1 - - [22/Jun/2021:08:18:46 +0000] "POST /wp-cron.php?doing_wp_cron=1624349926.9412341117858886718750 HTTP/1.0" 200 259 "http://wordpress-610281-1991885.cloudwaysapps.com/wp-cron.php?doing_wp_cron=1624349926.9412341117858886718750" "WordPress/5.7.2; http://wordpress-610281-1991885.cloudwaysapps.com"
146.185.59.194 - - [22/Jun/2021:08:18:46 +0000] "GET /dashboard/ HTTP/1.0" 200 12341 "http://wordpress-610281-1991885.cloudwaysapps.com/" "Mozilla/5.0 (Windows NT 10.0; Win64; x64) AppleWebKit/537.36 (KHTML, like Gecko) Chrome/91.0.4472.106 Safari/537.36"
127.0.0.1 - - [22/Jun/2021:08:20:24 +0000] "POST /wp-cron.php?doing_wp_cron=1624350024.1868529319763183593750 HTTP/1.0" 200 259 "http://wordpress-610281-1991885.cloudwaysapps.com/wp-cron.php?doing_wp_cron=1624350024.1868529319763183593750" "WordPress/5.7.2; http://wordpress-610281-1991885.cloudwaysapps.com"
146.185.59.194 - - [22/Jun/2021:08:20:23 +0000] "GET /dashboard/ HTTP/1.0" 200 12338 "http://wordpress-610281-1991885.cloudwaysapps.com/" "Mozilla/5.0 (Windows NT 10.0; Win64; x64) AppleWebKit/537.36 (KHTML, like Gecko) Chrome/91.0.4472.106 Safari/537.36"
127.0.0.1 - - [22/Jun/2021:08:20:51 +0000] "POST /wp-cron.php?doing_wp_cron=1624350051.3916471004486083984375 HTTP/1.0" 200 259 "http://wordpress-610281-1991885.cloudwaysapps.com/wp-cron.php?doing_wp_cron=1624350051.3916471004486083984375" "WordPress/5.7.2; http://wordpress-610281-1991885.cloudwaysapps.com"
146.185.59.194 - - [22/Jun/2021:08:20:51 +0000] "GET /wp-admin/admin-ajax.php?action=mynw_fetch_exams&exam_offset=5 HTTP/1.0" 200 599 "http://wordpress-610281-1991885.cloudwaysapps.com/dashboard/" "Mozilla/5.0 (Windows NT 10.0; Win64; x64) AppleWebKit/537.36 (KHTML, like Gecko) Chrome/91.0.4472.106 Safari/537.36"
146.185.59.194 - - [22/Jun/2021:08:21:03 +0000] "GET /test-page/?id=994 HTTP/1.0" 200 9254 "http://wordpress-610281-1991885.cloudwaysapps.com/dashboard/" "Mozilla/5.0 (Windows NT 10.0; Win64; x64) AppleWebKit/537.36 (KHTML, like Gecko) Chrome/91.0.4472.106 Safari/537.36"
127.0.0.1 - - [22/Jun/2021:08:23:45 +0000] "POST /wp-cron.php?doing_wp_cron=1624350225.1317319869995117187500 HTTP/1.0" 200 259 "http://wordpress-610281-1991885.cloudwaysapps.com/wp-cron.php?doing_wp_cron=1624350225.1317319869995117187500" "WordPress/5.7.2; http://wordpress-610281-1991885.cloudwaysapps.com"
146.185.59.194 - - [22/Jun/2021:08:23:44 +0000] "GET /wp-admin/post.php?post=481&action=edit HTTP/1.0" 200 47936 "http://wordpress-610281-1991885.cloudwaysapps.com/dashboard/" "Mozilla/5.0 (Windows NT 10.0; Win64; x64) AppleWebKit/537.36 (KHTML, like Gecko) Chrome/91.0.4472.106 Safari/537.36"
146.185.59.194 - - [22/Jun/2021:08:23:45 +0000] "GET /wp-admin/load-styles.php?c=1&dir=rtl&load%5Bchunk_0%5D=dashicons,admin-bar,buttons,media-views,common,forms,admin-menu,dashboard,list-tables,edit,revisions,media,themes,about,nav-menu&load%5Bchunk_1%5D=s,wp-pointer,widgets,site-icon,l10n,wp-auth-check,wp-color-picker&ver=5.7.2 HTTP/1.0" 200 105332 "http://wordpress-610281-1991885.cloudwaysapps.com/wp-admin/post.php?post=481&action=edit" "Mozilla/5.0 (Windows NT 10.0; Win64; x64) AppleWebKit/537.36 (KHTML, like Gecko) Chrome/91.0.4472.106 Safari/537.36"
127.0.0.1 - - [22/Jun/2021:08:24:01 +0000] "POST /wp-cron.php?doing_wp_cron=1624350241.8706181049346923828125 HTTP/1.0" 200 259 "http://wordpress-610281-1991885.cloudwaysapps.com/wp-cron.php?doing_wp_cron=1624350241.8706181049346923828125" "WordPress/5.7.2; http://wordpress-610281-1991885.cloudwaysapps.com"
146.185.59.194 - - [22/Jun/2021:08:24:01 +0000] "POST /wp-admin/admin-ajax.php HTTP/1.0" 200 601 "http://wordpress-610281-1991885.cloudwaysapps.com/wp-admin/post.php?post=481&action=edit" "Mozilla/5.0 (Windows NT 10.0; Win64; x64) AppleWebKit/537.36 (KHTML, like Gecko) Chrome/91.0.4472.106 Safari/537.36"
146.185.59.194 - - [22/Jun/2021:08:24:02 +0000] "POST /wp-admin/admin-ajax.php HTTP/1.0" 200 583 "http://wordpress-610281-1991885.cloudwaysapps.com/wp-admin/post.php?post=481&action=edit" "Mozilla/5.0 (Windows NT 10.0; Win64; x64) AppleWebKit/537.36 (KHTML, like Gecko) Chrome/91.0.4472.106 Safari/537.36"
146.185.59.194 - - [22/Jun/2021:08:24:14 +0000] "GET /test-builder HTTP/1.0" 301 625 "http://wordpress-610281-1991885.cloudwaysapps.com/dashboard/" "Mozilla/5.0 (Windows NT 10.0; Win64; x64) AppleWebKit/537.36 (KHTML, like Gecko) Chrome/91.0.4472.106 Safari/537.36"
146.185.59.194 - - [22/Jun/2021:08:24:14 +0000] "GET /test-builder/ HTTP/1.0" 200 10648 "http://wordpress-610281-1991885.cloudwaysapps.com/dashboard/" "Mozilla/5.0 (Windows NT 10.0; Win64; x64) AppleWebKit/537.36 (KHTML, like Gecko) Chrome/91.0.4472.106 Safari/537.36"
127.0.0.1 - - [22/Jun/2021:08:28:34 +0000] "POST /wp-cron.php?doing_wp_cron=1624350514.4274439811706542968750 HTTP/1.0" 200 259 "http://wordpress-610281-1991885.cloudwaysapps.com/wp-cron.php?doing_wp_cron=1624350514.4274439811706542968750" "WordPress/5.7.2; http://wordpress-610281-1991885.cloudwaysapps.com"
146.185.59.194 - - [22/Jun/2021:08:28:34 +0000] "GET /wp-admin/post.php?post=481&action=edit HTTP/1.0" 200 47937 "http://wordpress-610281-1991885.cloudwaysapps.com/dashboard/" "Mozilla/5.0 (Windows NT 10.0; Win64; x64) AppleWebKit/537.36 (KHTML, like Gecko) Chrome/91.0.4472.106 Safari/537.36"
127.0.0.1 - - [22/Jun/2021:08:28:50 +0000] "POST /wp-cron.php?doing_wp_cron=1624350530.5762178897857666015625 HTTP/1.0" 200 259 "http://wordpress-610281-1991885.cloudwaysapps.com/wp-cron.php?doing_wp_cron=1624350530.5762178897857666015625" "WordPress/5.7.2; http://wordpress-610281-1991885.cloudwaysapps.com"
146.185.59.194 - - [22/Jun/2021:08:28:50 +0000] "POST /wp-admin/admin-ajax.php HTTP/1.0" 200 601 "http://wordpress-610281-1991885.cloudwaysapps.com/wp-admin/post.php?post=481&action=edit" "Mozilla/5.0 (Windows NT 10.0; Win64; x64) AppleWebKit/537.36 (KHTML, like Gecko) Chrome/91.0.4472.106 Safari/537.36"
146.185.59.194 - - [22/Jun/2021:08:29:06 +0000] "POST /wp-admin/admin-ajax.php HTTP/1.0" 200 601 "http://wordpress-610281-1991885.cloudwaysapps.com/wp-admin/post.php?post=481&action=edit" "Mozilla/5.0 (Windows NT 10.0; Win64; x64) AppleWebKit/537.36 (KHTML, like Gecko) Chrome/91.0.4472.106 Safari/537.36"
146.185.59.194 - - [22/Jun/2021:08:29:33 +0000] "POST /wp-admin/admin-ajax.php HTTP/1.0" 200 601 "http://wordpress-610281-1991885.cloudwaysapps.com/wp-admin/post.php?post=481&action=edit" "Mozilla/5.0 (Windows NT 10.0; Win64; x64) AppleWebKit/537.36 (KHTML, like Gecko) Chrome/91.0.4472.106 Safari/537.36"
146.185.59.194 - - [22/Jun/2021:08:29:35 +0000] "GET /wp-admin/users.php HTTP/1.0" 200 29998 "http://wordpress-610281-1991885.cloudwaysapps.com/wp-admin/post.php?post=481&action=edit" "Mozilla/5.0 (Windows NT 10.0; Win64; x64) AppleWebKit/537.36 (KHTML, like Gecko) Chrome/91.0.4472.106 Safari/537.36"
146.185.59.194 - - [22/Jun/2021:08:29:36 +0000] "POST /wp-admin/admin-ajax.php HTTP/1.0" 200 583 "http://wordpress-610281-1991885.cloudwaysapps.com/wp-admin/post.php?post=481&action=edit" "Mozilla/5.0 (Windows NT 10.0; Win64; x64) AppleWebKit/537.36 (KHTML, like Gecko) Chrome/91.0.4472.106 Safari/537.36"
146.185.59.194 - - [22/Jun/2021:08:29:42 +0000] "GET /wp-admin/profile.php?wp_http_referer=%2Fwp-admin%2Fusers.php HTTP/1.0" 200 58099 "http://wordpress-610281-1991885.cloudwaysapps.com/wp-admin/users.php" "Mozilla/5.0 (Windows NT 10.0; Win64; x64) AppleWebKit/537.36 (KHTML, like Gecko) Chrome/91.0.4472.106 Safari/537.36"
146.185.59.194 - - [22/Jun/2021:08:29:43 +0000] "GET /wp-admin/load-scripts.php?c=1&load%5Bchunk_0%5D=jquery-core,jquery-migrate,utils,zxcvbn-async,moxiejs,plupload,jquery-ui-core,jquery-ui-mouse,jquery-ui-sortable,jquery-ui-resiz&load%5Bchunk_1%5D=able&ver=5.7.2 HTTP/1.0" 200 84740 "http://wordpress-610281-1991885.cloudwaysapps.com/wp-admin/profile.php?wp_http_referer=%2Fwp-admin%2Fusers.php" "Mozilla/5.0 (Windows NT 10.0; Win64; x64) AppleWebKit/537.36 (KHTML, like Gecko) Chrome/91.0.4472.106 Safari/537.36"
127.0.0.1 - - [22/Jun/2021:08:30:03 +0000] "POST /wp-cron.php?doing_wp_cron=1624350603.7181169986724853515625 HTTP/1.0" 200 259 "http://wordpress-610281-1991885.cloudwaysapps.com/wp-cron.php?doing_wp_cron=1624350603.7181169986724853515625" "WordPress/5.7.2; http://wordpress-610281-1991885.cloudwaysapps.com"
146.185.59.194 - - [22/Jun/2021:08:30:03 +0000] "GET /wp-admin/edit.php?post_type=acf-field-group HTTP/1.0" 200 34702 "http://wordpress-610281-1991885.cloudwaysapps.com/wp-admin/profile.php?wp_http_referer=%2Fwp-admin%2Fusers.php" "Mozilla/5.0 (Windows NT 10.0; Win64; x64) AppleWebKit/537.36 (KHTML, like Gecko) Chrome/91.0.4472.106 Safari/537.36"
146.185.59.194 - - [22/Jun/2021:08:30:04 +0000] "POST /wp-admin/admin-ajax.php HTTP/1.0" 200 549 "http://wordpress-610281-1991885.cloudwaysapps.com/wp-admin/edit.php?post_type=acf-field-group" "Mozilla/5.0 (Windows NT 10.0; Win64; x64) AppleWebKit/537.36 (KHTML, like Gecko) Chrome/91.0.4472.106 Safari/537.36"
146.185.59.194 - - [22/Jun/2021:08:30:14 +0000] "GET /wp-admin/edit.php?post_type=page HTTP/1.0" 200 34813 "http://wordpress-610281-1991885.cloudwaysapps.com/wp-admin/edit.php?post_type=acf-field-group" "Mozilla/5.0 (Windows NT 10.0; Win64; x64) AppleWebKit/537.36 (KHTML, like Gecko) Chrome/91.0.4472.106 Safari/537.36"
146.185.59.194 - - [22/Jun/2021:08:30:15 +0000] "POST /wp-admin/admin-ajax.php HTTP/1.0" 200 549 "http://wordpress-610281-1991885.cloudwaysapps.com/wp-admin/edit.php?post_type=page" "Mozilla/5.0 (Windows NT 10.0; Win64; x64) AppleWebKit/537.36 (KHTML, like Gecko) Chrome/91.0.4472.106 Safari/537.36"
146.185.59.194 - - [22/Jun/2021:08:30:17 +0000] "GET /wp-admin/post.php?post=481&action=edit HTTP/1.0" 200 47944 "http://wordpress-610281-1991885.cloudwaysapps.com/wp-admin/edit.php?post_type=page" "Mozilla/5.0 (Windows NT 10.0; Win64; x64) AppleWebKit/537.36 (KHTML, like Gecko) Chrome/91.0.4472.106 Safari/537.36"
146.185.59.194 - - [22/Jun/2021:08:30:34 +0000] "POST /wp-admin/admin-ajax.php HTTP/1.0" 200 601 "http://wordpress-610281-1991885.cloudwaysapps.com/wp-admin/post.php?post=481&action=edit" "Mozilla/5.0 (Windows NT 10.0; Win64; x64) AppleWebKit/537.36 (KHTML, like Gecko) Chrome/91.0.4472.106 Safari/537.36"
146.185.59.194 - - [22/Jun/2021:08:30:49 +0000] "POST /wp-admin/admin-ajax.php HTTP/1.0" 200 601 "http://wordpress-610281-1991885.cloudwaysapps.com/wp-admin/post.php?post=481&action=edit" "Mozilla/5.0 (Windows NT 10.0; Win64; x64) AppleWebKit/537.36 (KHTML, like Gecko) Chrome/91.0.4472.106 Safari/537.36"
127.0.0.1 - - [22/Jun/2021:08:31:04 +0000] "POST /wp-cron.php?doing_wp_cron=1624350664.6594278812408447265625 HTTP/1.0" 200 259 "http://wordpress-610281-1991885.cloudwaysapps.com/wp-cron.php?doing_wp_cron=1624350664.6594278812408447265625" "WordPress/5.7.2; http://wordpress-610281-1991885.cloudwaysapps.com"
146.185.59.194 - - [22/Jun/2021:08:31:04 +0000] "POST /wp-admin/admin-ajax.php HTTP/1.0" 200 601 "http://wordpress-610281-1991885.cloudwaysapps.com/wp-admin/post.php?post=481&action=edit" "Mozilla/5.0 (Windows NT 10.0; Win64; x64) AppleWebKit/537.36 (KHTML, like Gecko) Chrome/91.0.4472.106 Safari/537.36"
146.185.59.194 - - [22/Jun/2021:08:31:08 +0000] "GET /wp-admin/edit.php?post_type=page HTTP/1.0" 200 34814 "http://wordpress-610281-1991885.cloudwaysapps.com/wp-admin/post.php?post=481&action=edit" "Mozilla/5.0 (Windows NT 10.0; Win64; x64) AppleWebKit/537.36 (KHTML, like Gecko) Chrome/91.0.4472.106 Safari/537.36"
146.185.59.194 - - [22/Jun/2021:08:31:09 +0000] "POST /wp-admin/admin-ajax.php HTTP/1.0" 200 583 "http://wordpress-610281-1991885.cloudwaysapps.com/wp-admin/post.php?post=481&action=edit" "Mozilla/5.0 (Windows NT 10.0; Win64; x64) AppleWebKit/537.36 (KHTML, like Gecko) Chrome/91.0.4472.106 Safari/537.36"
146.185.59.194 - - [22/Jun/2021:08:31:09 +0000] "POST /wp-admin/admin-ajax.php HTTP/1.0" 200 549 "http://wordpress-610281-1991885.cloudwaysapps.com/wp-admin/edit.php?post_type=page" "Mozilla/5.0 (Windows NT 10.0; Win64; x64) AppleWebKit/537.36 (KHTML, like Gecko) Chrome/91.0.4472.106 Safari/537.36"
146.185.59.194 - - [22/Jun/2021:08:31:12 +0000] "GET /wp-admin/post.php?post=477&action=edit HTTP/1.0" 200 48406 "http://wordpress-610281-1991885.cloudwaysapps.com/wp-admin/edit.php?post_type=page" "Mozilla/5.0 (Windows NT 10.0; Win64; x64) AppleWebKit/537.36 (KHTML, like Gecko) Chrome/91.0.4472.106 Safari/537.36"
146.185.59.194 - - [22/Jun/2021:08:31:21 +0000] "GET /wp-admin/edit.php?post_type=acf-field-group HTTP/1.0" 200 34702 "http://wordpress-610281-1991885.cloudwaysapps.com/wp-admin/post.php?post=477&action=edit" "Mozilla/5.0 (Windows NT 10.0; Win64; x64) AppleWebKit/537.36 (KHTML, like Gecko) Chrome/91.0.4472.106 Safari/537.36"
146.185.59.194 - - [22/Jun/2021:08:31:22 +0000] "POST /wp-admin/admin-ajax.php HTTP/1.0" 200 583 "http://wordpress-610281-1991885.cloudwaysapps.com/wp-admin/post.php?post=477&action=edit" "Mozilla/5.0 (Windows NT 10.0; Win64; x64) AppleWebKit/537.36 (KHTML, like Gecko) Chrome/91.0.4472.106 Safari/537.36"
146.185.59.194 - - [22/Jun/2021:08:31:22 +0000] "POST /wp-admin/admin-ajax.php HTTP/1.0" 200 549 "http://wordpress-610281-1991885.cloudwaysapps.com/wp-admin/edit.php?post_type=acf-field-group" "Mozilla/5.0 (Windows NT 10.0; Win64; x64) AppleWebKit/537.36 (KHTML, like Gecko) Chrome/91.0.4472.106 Safari/537.36"
146.185.59.194 - - [22/Jun/2021:08:31:37 +0000] "POST /wp-admin/admin-ajax.php HTTP/1.0" 200 549 "http://wordpress-610281-1991885.cloudwaysapps.com/wp-admin/edit.php?post_type=acf-field-group" "Mozilla/5.0 (Windows NT 10.0; Win64; x64) AppleWebKit/537.36 (KHTML, like Gecko) Chrome/91.0.4472.106 Safari/537.36"
127.0.0.1 - - [22/Jun/2021:08:31:53 +0000] "POST /wp-cron.php?doing_wp_cron=1624350713.6335880756378173828125 HTTP/1.0" 200 259 "http://wordpress-610281-1991885.cloudwaysapps.com/wp-cron.php?doing_wp_cron=1624350713.6335880756378173828125" "WordPress/5.7.2; http://wordpress-610281-1991885.cloudwaysapps.com"
146.185.59.194 - - [22/Jun/2021:08:31:53 +0000] "POST /wp-admin/admin-ajax.php HTTP/1.0" 200 549 "http://wordpress-610281-1991885.cloudwaysapps.com/wp-admin/edit.php?post_type=acf-field-group" "Mozilla/5.0 (Windows NT 10.0; Win64; x64) AppleWebKit/537.36 (KHTML, like Gecko) Chrome/91.0.4472.106 Safari/537.36"
146.185.59.194 - - [22/Jun/2021:08:32:10 +0000] "POST /wp-admin/admin-ajax.php HTTP/1.0" 200 549 "http://wordpress-610281-1991885.cloudwaysapps.com/wp-admin/edit.php?post_type=acf-field-group" "Mozilla/5.0 (Windows NT 10.0; Win64; x64) AppleWebKit/537.36 (KHTML, like Gecko) Chrome/91.0.4472.106 Safari/537.36"
146.185.59.194 - - [22/Jun/2021:08:32:16 +0000] "GET /wp-admin/post.php?post=627&action=edit HTTP/1.0" 200 50125 "http://wordpress-610281-1991885.cloudwaysapps.com/wp-admin/edit.php?post_type=acf-field-group" "Mozilla/5.0 (Windows NT 10.0; Win64; x64) AppleWebKit/537.36 (KHTML, like Gecko) Chrome/91.0.4472.106 Safari/537.36"
146.185.59.194 - - [22/Jun/2021:08:32:16 +0000] "GET /wp-admin/post.php?post=555&action=edit HTTP/1.0" 200 51492 "http://wordpress-610281-1991885.cloudwaysapps.com/wp-admin/edit.php?post_type=acf-field-group" "Mozilla/5.0 (Windows NT 10.0; Win64; x64) AppleWebKit/537.36 (KHTML, like Gecko) Chrome/91.0.4472.106 Safari/537.36"
146.185.59.194 - - [22/Jun/2021:08:32:17 +0000] "POST /wp-admin/admin-ajax.php HTTP/1.0" 200 601 "http://wordpress-610281-1991885.cloudwaysapps.com/wp-admin/post.php?post=627&action=edit" "Mozilla/5.0 (Windows NT 10.0; Win64; x64) AppleWebKit/537.36 (KHTML, like Gecko) Chrome/91.0.4472.106 Safari/537.36"
146.185.59.194 - - [22/Jun/2021:08:32:17 +0000] "POST /wp-admin/admin-ajax.php HTTP/1.0" 200 601 "http://wordpress-610281-1991885.cloudwaysapps.com/wp-admin/post.php?post=555&action=edit" "Mozilla/5.0 (Windows NT 10.0; Win64; x64) AppleWebKit/537.36 (KHTML, like Gecko) Chrome/91.0.4472.106 Safari/537.36"
146.185.59.194 - - [22/Jun/2021:08:32:26 +0000] "POST /wp-admin/admin-ajax.php HTTP/1.0" 200 549 "http://wordpress-610281-1991885.cloudwaysapps.com/wp-admin/edit.php?post_type=acf-field-group" "Mozilla/5.0 (Windows NT 10.0; Win64; x64) AppleWebKit/537.36 (KHTML, like Gecko) Chrome/91.0.4472.106 Safari/537.36"
146.185.59.194 - - [22/Jun/2021:08:32:26 +0000] "POST /wp-admin/admin-ajax.php HTTP/1.0" 200 583 "http://wordpress-610281-1991885.cloudwaysapps.com/wp-admin/post.php?post=627&action=edit" "Mozilla/5.0 (Windows NT 10.0; Win64; x64) AppleWebKit/537.36 (KHTML, like Gecko) Chrome/91.0.4472.106 Safari/537.36"
146.185.59.194 - - [22/Jun/2021:08:32:26 +0000] "POST /wp-admin/admin-ajax.php HTTP/1.0" 200 583 "http://wordpress-610281-1991885.cloudwaysapps.com/wp-admin/post.php?post=555&action=edit" "Mozilla/5.0 (Windows NT 10.0; Win64; x64) AppleWebKit/537.36 (KHTML, like Gecko) Chrome/91.0.4472.106 Safari/537.36"
146.185.59.194 - - [22/Jun/2021:08:32:36 +0000] "GET /wp-admin/post.php?post=594&action=edit HTTP/1.0" 200 42024 "http://wordpress-610281-1991885.cloudwaysapps.com/wp-admin/edit.php?post_type=acf-field-group" "Mozilla/5.0 (Windows NT 10.0; Win64; x64) AppleWebKit/537.36 (KHTML, like Gecko) Chrome/91.0.4472.106 Safari/537.36"
146.185.59.194 - - [22/Jun/2021:08:32:37 +0000] "POST /wp-admin/admin-ajax.php HTTP/1.0" 200 601 "http://wordpress-610281-1991885.cloudwaysapps.com/wp-admin/post.php?post=594&action=edit" "Mozilla/5.0 (Windows NT 10.0; Win64; x64) AppleWebKit/537.36 (KHTML, like Gecko) Chrome/91.0.4472.106 Safari/537.36"
127.0.0.1 - - [22/Jun/2021:08:32:52 +0000] "POST /wp-cron.php?doing_wp_cron=1624350772.7893500328063964843750 HTTP/1.0" 200 259 "http://wordpress-610281-1991885.cloudwaysapps.com/wp-cron.php?doing_wp_cron=1624350772.7893500328063964843750" "WordPress/5.7.2; http://wordpress-610281-1991885.cloudwaysapps.com"
146.185.59.194 - - [22/Jun/2021:08:32:52 +0000] "POST /wp-admin/admin-ajax.php HTTP/1.0" 200 601 "http://wordpress-610281-1991885.cloudwaysapps.com/wp-admin/post.php?post=594&action=edit" "Mozilla/5.0 (Windows NT 10.0; Win64; x64) AppleWebKit/537.36 (KHTML, like Gecko) Chrome/91.0.4472.106 Safari/537.36"
146.185.59.194 - - [22/Jun/2021:08:33:07 +0000] "POST /wp-admin/admin-ajax.php HTTP/1.0" 200 601 "http://wordpress-610281-1991885.cloudwaysapps.com/wp-admin/post.php?post=594&action=edit" "Mozilla/5.0 (Windows NT 10.0; Win64; x64) AppleWebKit/537.36 (KHTML, like Gecko) Chrome/91.0.4472.106 Safari/537.36"
146.185.59.194 - - [22/Jun/2021:08:33:22 +0000] "POST /wp-admin/admin-ajax.php HTTP/1.0" 200 601 "http://wordpress-610281-1991885.cloudwaysapps.com/wp-admin/post.php?post=594&action=edit" "Mozilla/5.0 (Windows NT 10.0; Win64; x64) AppleWebKit/537.36 (KHTML, like Gecko) Chrome/91.0.4472.106 Safari/537.36"
146.185.59.194 - - [22/Jun/2021:08:33:33 +0000] "GET /wp-admin/users.php HTTP/1.0" 200 29999 "http://wordpress-610281-1991885.cloudwaysapps.com/wp-admin/post.php?post=594&action=edit" "Mozilla/5.0 (Windows NT 10.0; Win64; x64) AppleWebKit/537.36 (KHTML, like Gecko) Chrome/91.0.4472.106 Safari/537.36"
146.185.59.194 - - [22/Jun/2021:08:33:34 +0000] "POST /wp-admin/admin-ajax.php HTTP/1.0" 200 583 "http://wordpress-610281-1991885.cloudwaysapps.com/wp-admin/post.php?post=594&action=edit" "Mozilla/5.0 (Windows NT 10.0; Win64; x64) AppleWebKit/537.36 (KHTML, like Gecko) Chrome/91.0.4472.106 Safari/537.36"
146.185.59.194 - - [22/Jun/2021:08:33:41 +0000] "GET /wp-admin/user-new.php HTTP/1.0" 200 32042 "http://wordpress-610281-1991885.cloudwaysapps.com/wp-admin/users.php" "Mozilla/5.0 (Windows NT 10.0; Win64; x64) AppleWebKit/537.36 (KHTML, like Gecko) Chrome/91.0.4472.106 Safari/537.36"
127.0.0.1 - - [22/Jun/2021:08:34:42 +0000] "POST /wp-cron.php?doing_wp_cron=1624350882.5423069000244140625000 HTTP/1.0" 200 259 "http://wordpress-610281-1991885.cloudwaysapps.com/wp-cron.php?doing_wp_cron=1624350882.5423069000244140625000" "WordPress/5.7.2; http://wordpress-610281-1991885.cloudwaysapps.com"
146.185.59.194 - - [22/Jun/2021:08:34:42 +0000] "POST /wp-admin/admin-ajax.php HTTP/1.0" 200 549 "http://wordpress-610281-1991885.cloudwaysapps.com/wp-admin/user-new.php" "Mozilla/5.0 (Windows NT 10.0; Win64; x64) AppleWebKit/537.36 (KHTML, like Gecko) Chrome/91.0.4472.106 Safari/537.36"
127.0.0.1 - - [22/Jun/2021:08:35:34 +0000] "POST /wp-cron.php?doing_wp_cron=1624350934.1456649303436279296875 HTTP/1.0" 200 259 "http://wordpress-610281-1991885.cloudwaysapps.com/wp-cron.php?doing_wp_cron=1624350934.1456649303436279296875" "WordPress/5.7.2; http://wordpress-610281-1991885.cloudwaysapps.com"
146.185.59.194 - - [22/Jun/2021:08:35:33 +0000] "GET /wp-admin/user-edit.php?user_id=98&wp_http_referer=%2Fwp-admin%2Fusers.php HTTP/1.0" 200 58637 "http://wordpress-610281-1991885.cloudwaysapps.com/wp-admin/users.php" "Mozilla/5.0 (Windows NT 10.0; Win64; x64) AppleWebKit/537.36 (KHTML, like Gecko) Chrome/91.0.4472.106 Safari/537.36"
127.0.0.1 - - [22/Jun/2021:08:36:31 +0000] "POST /wp-cron.php?doing_wp_cron=1624350991.1767508983612060546875 HTTP/1.0" 200 259 "http://wordpress-610281-1991885.cloudwaysapps.com/wp-cron.php?doing_wp_cron=1624350991.1767508983612060546875" "WordPress/5.7.2; http://wordpress-610281-1991885.cloudwaysapps.com"
146.185.59.194 - - [22/Jun/2021:08:36:30 +0000] "GET /wp-admin/edit.php?post_type=acf-field-group HTTP/1.0" 200 34702 "http://wordpress-610281-1991885.cloudwaysapps.com/wp-admin/user-edit.php?user_id=98&wp_http_referer=%2Fwp-admin%2Fusers.php" "Mozilla/5.0 (Windows NT 10.0; Win64; x64) AppleWebKit/537.36 (KHTML, like Gecko) Chrome/91.0.4472.106 Safari/537.36"
146.185.59.194 - - [22/Jun/2021:08:36:31 +0000] "POST /wp-admin/admin-ajax.php HTTP/1.0" 200 549 "http://wordpress-610281-1991885.cloudwaysapps.com/wp-admin/edit.php?post_type=acf-field-group" "Mozilla/5.0 (Windows NT 10.0; Win64; x64) AppleWebKit/537.36 (KHTML, like Gecko) Chrome/91.0.4472.106 Safari/537.36"
146.185.59.194 - - [22/Jun/2021:08:36:35 +0000] "GET /wp-admin/post.php?post=594&action=edit HTTP/1.0" 200 42025 "http://wordpress-610281-1991885.cloudwaysapps.com/wp-admin/edit.php?post_type=acf-field-group" "Mozilla/5.0 (Windows NT 10.0; Win64; x64) AppleWebKit/537.36 (KHTML, like Gecko) Chrome/91.0.4472.106 Safari/537.36"
146.185.59.194 - - [22/Jun/2021:08:36:36 +0000] "POST /wp-admin/admin-ajax.php HTTP/1.0" 200 601 "http://wordpress-610281-1991885.cloudwaysapps.com/wp-admin/post.php?post=594&action=edit" "Mozilla/5.0 (Windows NT 10.0; Win64; x64) AppleWebKit/537.36 (KHTML, like Gecko) Chrome/91.0.4472.106 Safari/537.36"
127.0.0.1 - - [22/Jun/2021:08:36:51 +0000] "POST /wp-cron.php?doing_wp_cron=1624351011.7431170940399169921875 HTTP/1.0" 200 259 "http://wordpress-610281-1991885.cloudwaysapps.com/wp-cron.php?doing_wp_cron=1624351011.7431170940399169921875" "WordPress/5.7.2; http://wordpress-610281-1991885.cloudwaysapps.com"
146.185.59.194 - - [22/Jun/2021:08:36:51 +0000] "POST /wp-admin/admin-ajax.php HTTP/1.0" 200 601 "http://wordpress-610281-1991885.cloudwaysapps.com/wp-admin/post.php?post=594&action=edit" "Mozilla/5.0 (Windows NT 10.0; Win64; x64) AppleWebKit/537.36 (KHTML, like Gecko) Chrome/91.0.4472.106 Safari/537.36"
146.185.59.194 - - [22/Jun/2021:08:36:58 +0000] "POST /wp-admin/post.php HTTP/1.0" 302 477 "http://wordpress-610281-1991885.cloudwaysapps.com/wp-admin/post.php?post=594&action=edit" "Mozilla/5.0 (Windows NT 10.0; Win64; x64) AppleWebKit/537.36 (KHTML, like Gecko) Chrome/91.0.4472.106 Safari/537.36"
146.185.59.194 - - [22/Jun/2021:08:36:59 +0000] "GET /wp-admin/post.php?post=594&action=edit&message=1 HTTP/1.0" 200 42153 "http://wordpress-610281-1991885.cloudwaysapps.com/wp-admin/post.php?post=594&action=edit" "Mozilla/5.0 (Windows NT 10.0; Win64; x64) AppleWebKit/537.36 (KHTML, like Gecko) Chrome/91.0.4472.106 Safari/537.36"
146.185.59.194 - - [22/Jun/2021:08:36:59 +0000] "GET /wp-admin/admin-ajax.php?action=oembed-cache&post=594 HTTP/1.0" 200 463 "http://wordpress-610281-1991885.cloudwaysapps.com/wp-admin/post.php?post=594&action=edit" "Mozilla/5.0 (Windows NT 10.0; Win64; x64) AppleWebKit/537.36 (KHTML, like Gecko) Chrome/91.0.4472.106 Safari/537.36"
146.185.59.194 - - [22/Jun/2021:08:36:59 +0000] "POST /wp-admin/admin-ajax.php HTTP/1.0" 200 601 "http://wordpress-610281-1991885.cloudwaysapps.com/wp-admin/post.php?post=594&action=edit" "Mozilla/5.0 (Windows NT 10.0; Win64; x64) AppleWebKit/537.36 (KHTML, like Gecko) Chrome/91.0.4472.106 Safari/537.36"
146.185.59.194 - - [22/Jun/2021:08:37:15 +0000] "POST /wp-admin/admin-ajax.php HTTP/1.0" 200 601 "http://wordpress-610281-1991885.cloudwaysapps.com/wp-admin/post.php?post=594&action=edit" "Mozilla/5.0 (Windows NT 10.0; Win64; x64) AppleWebKit/537.36 (KHTML, like Gecko) Chrome/91.0.4472.106 Safari/537.36"
146.185.59.194 - - [22/Jun/2021:08:37:30 +0000] "POST /wp-admin/admin-ajax.php HTTP/1.0" 200 601 "http://wordpress-610281-1991885.cloudwaysapps.com/wp-admin/post.php?post=594&action=edit" "Mozilla/5.0 (Windows NT 10.0; Win64; x64) AppleWebKit/537.36 (KHTML, like Gecko) Chrome/91.0.4472.106 Safari/537.36"
146.185.59.194 - - [22/Jun/2021:08:37:31 +0000] "GET /wp-admin/users.php HTTP/1.0" 200 29999 "http://wordpress-610281-1991885.cloudwaysapps.com/wp-admin/post.php?post=594&action=edit" "Mozilla/5.0 (Windows NT 10.0; Win64; x64) AppleWebKit/537.36 (KHTML, like Gecko) Chrome/91.0.4472.106 Safari/537.36"
146.185.59.194 - - [22/Jun/2021:08:37:32 +0000] "POST /wp-admin/admin-ajax.php HTTP/1.0" 200 583 "http://wordpress-610281-1991885.cloudwaysapps.com/wp-admin/post.php?post=594&action=edit" "Mozilla/5.0 (Windows NT 10.0; Win64; x64) AppleWebKit/537.36 (KHTML, like Gecko) Chrome/91.0.4472.106 Safari/537.36"
146.185.59.194 - - [22/Jun/2021:08:37:43 +0000] "GET /wp-admin/user-edit.php?user_id=69&wp_http_referer=%2Fwp-admin%2Fusers.php HTTP/1.0" 200 58668 "http://wordpress-610281-1991885.cloudwaysapps.com/wp-admin/users.php" "Mozilla/5.0 (Windows NT 10.0; Win64; x64) AppleWebKit/537.36 (KHTML, like Gecko) Chrome/91.0.4472.106 Safari/537.36"
127.0.0.1 - - [22/Jun/2021:08:38:26 +0000] "POST /wp-cron.php?doing_wp_cron=1624351106.7748870849609375000000 HTTP/1.0" 200 259 "http://wordpress-610281-1991885.cloudwaysapps.com/wp-cron.php?doing_wp_cron=1624351106.7748870849609375000000" "WordPress/5.7.2; http://wordpress-610281-1991885.cloudwaysapps.com"
146.185.59.194 - - [22/Jun/2021:08:38:26 +0000] "POST /wp-admin/admin-ajax.php HTTP/1.0" 200 549 "http://wordpress-610281-1991885.cloudwaysapps.com/wp-admin/admin.php?page=wc-settings&tab=subscriptions" "Mozilla/5.0 (Windows NT 10.0; Win64; x64) AppleWebKit/537.36 (KHTML, like Gecko) Chrome/91.0.4472.106 Safari/537.36"
