146.185.59.194 - - [23/Jun/2021:07:27:20 +0000] "GET /test-builder HTTP/1.0" 301 375 "http://wordpress-610281-1991885.cloudwaysapps.com/dashboard/" "Mozilla/5.0 (Windows NT 10.0; Win64; x64) AppleWebKit/537.36 (KHTML, like Gecko) Chrome/91.0.4472.114 Safari/537.36"
146.185.59.194 - - [23/Jun/2021:07:27:21 +0000] "GET /test-builder/ HTTP/1.0" 200 9092 "http://wordpress-610281-1991885.cloudwaysapps.com/dashboard/" "Mozilla/5.0 (Windows NT 10.0; Win64; x64) AppleWebKit/537.36 (KHTML, like Gecko) Chrome/91.0.4472.114 Safari/537.36"
176.229.204.135 - - [23/Jun/2021:07:27:49 +0000] "POST /wp-admin/admin-ajax.php HTTP/1.0" 200 549 "http://wordpress-610281-1991885.cloudwaysapps.com/wp-admin/" "Mozilla/5.0 (Windows NT 10.0; Win64; x64) AppleWebKit/537.36 (KHTML, like Gecko) Chrome/91.0.4472.77 Safari/537.36"
127.0.0.1 - - [23/Jun/2021:07:28:37 +0000] "POST /wp-cron.php?doing_wp_cron=1624433317.1427929401397705078125 HTTP/1.0" 200 259 "https://wordpress-610281-1991885.cloudwaysapps.com/wp-cron.php?doing_wp_cron=1624433317.1427929401397705078125" "WordPress/5.7.2; https://wordpress-610281-1991885.cloudwaysapps.com"
146.185.59.194 - - [23/Jun/2021:07:28:36 +0000] "GET /Employee_Test_Exam_1 HTTP/1.0" 404 25069 "-" "Mozilla/5.0 (Windows NT 10.0; Win64; x64) AppleWebKit/537.36 (KHTML, like Gecko) Chrome/91.0.4472.114 Safari/537.36"
146.185.59.194 - - [23/Jun/2021:07:28:38 +0000] "POST /?wc-ajax=get_refreshed_fragments HTTP/1.0" 200 722 "https://wordpress-610281-1991885.cloudwaysapps.com/Employee_Test_Exam_1" "Mozilla/5.0 (Windows NT 10.0; Win64; x64) AppleWebKit/537.36 (KHTML, like Gecko) Chrome/91.0.4472.114 Safari/537.36"
146.185.59.194 - - [23/Jun/2021:07:28:41 +0000] "GET / HTTP/1.0" 200 8442 "-" "Mozilla/5.0 (Windows NT 10.0; Win64; x64) AppleWebKit/537.36 (KHTML, like Gecko) Chrome/91.0.4472.114 Safari/537.36"
127.0.0.1 - - [23/Jun/2021:07:29:50 +0000] "POST /wp-cron.php?doing_wp_cron=1624433390.6100149154663085937500 HTTP/1.0" 200 259 "http://wordpress-610281-1991885.cloudwaysapps.com/wp-cron.php?doing_wp_cron=1624433390.6100149154663085937500" "WordPress/5.7.2; http://wordpress-610281-1991885.cloudwaysapps.com"
176.229.204.135 - - [23/Jun/2021:07:29:50 +0000] "POST /wp-admin/admin-ajax.php HTTP/1.0" 200 549 "http://wordpress-610281-1991885.cloudwaysapps.com/wp-admin/" "Mozilla/5.0 (Windows NT 10.0; Win64; x64) AppleWebKit/537.36 (KHTML, like Gecko) Chrome/91.0.4472.77 Safari/537.36"
127.0.0.1 - - [23/Jun/2021:07:31:51 +0000] "POST /wp-cron.php?doing_wp_cron=1624433511.6840329170227050781250 HTTP/1.0" 200 259 "http://wordpress-610281-1991885.cloudwaysapps.com/wp-cron.php?doing_wp_cron=1624433511.6840329170227050781250" "WordPress/5.7.2; http://wordpress-610281-1991885.cloudwaysapps.com"
176.229.204.135 - - [23/Jun/2021:07:31:51 +0000] "POST /wp-admin/admin-ajax.php HTTP/1.0" 200 549 "http://wordpress-610281-1991885.cloudwaysapps.com/wp-admin/" "Mozilla/5.0 (Windows NT 10.0; Win64; x64) AppleWebKit/537.36 (KHTML, like Gecko) Chrome/91.0.4472.77 Safari/537.36"
127.0.0.1 - - [23/Jun/2021:07:31:51 +0000] "POST /wp-admin/admin-ajax.php?action=as_async_request_queue_runner&nonce=d96c85c1a0 HTTP/1.0" 200 394 "http://wordpress-610281-1991885.cloudwaysapps.com/wp-admin/admin-ajax.php?action=as_async_request_queue_runner&nonce=d96c85c1a0" "WordPress/5.7.2; http://wordpress-610281-1991885.cloudwaysapps.com"
146.185.59.194 - - [23/Jun/2021:07:33:22 +0000] "GET /wp-login.php?action=login_as_olduser&_wpnonce=6317091b9f HTTP/1.0" 500 2881 "https://wordpress-610281-1991885.cloudwaysapps.com/" "Mozilla/5.0 (Windows NT 10.0; Win64; x64) AppleWebKit/537.36 (KHTML, like Gecko) Chrome/91.0.4472.114 Safari/537.36"
146.185.59.194 - - [23/Jun/2021:07:33:28 +0000] "GET /wp-login.php?action=login_as_olduser&_wpnonce=6317091b9f HTTP/1.0" 302 3675 "http://wordpress-610281-1991885.cloudwaysapps.com/dashboard/" "Mozilla/5.0 (Windows NT 10.0; Win64; x64) AppleWebKit/537.36 (KHTML, like Gecko) Chrome/91.0.4472.114 Safari/537.36"
127.0.0.1 - - [23/Jun/2021:07:33:29 +0000] "POST /wp-cron.php?doing_wp_cron=1624433609.2701830863952636718750 HTTP/1.0" 200 259 "http://wordpress-610281-1991885.cloudwaysapps.com/wp-cron.php?doing_wp_cron=1624433609.2701830863952636718750" "WordPress/5.7.2; http://wordpress-610281-1991885.cloudwaysapps.com"
146.185.59.194 - - [23/Jun/2021:07:33:29 +0000] "GET /wp-admin/users.php?logged_in_as_user=true HTTP/1.0" 200 30058 "http://wordpress-610281-1991885.cloudwaysapps.com/dashboard/" "Mozilla/5.0 (Windows NT 10.0; Win64; x64) AppleWebKit/537.36 (KHTML, like Gecko) Chrome/91.0.4472.114 Safari/537.36"
146.185.59.194 - - [23/Jun/2021:07:33:36 +0000] "GET /wp-admin/edit.php?post_type=page HTTP/1.0" 200 34811 "http://wordpress-610281-1991885.cloudwaysapps.com/wp-admin/users.php" "Mozilla/5.0 (Windows NT 10.0; Win64; x64) AppleWebKit/537.36 (KHTML, like Gecko) Chrome/91.0.4472.114 Safari/537.36"
146.185.59.194 - - [23/Jun/2021:07:33:37 +0000] "POST /wp-admin/admin-ajax.php HTTP/1.0" 200 889 "http://wordpress-610281-1991885.cloudwaysapps.com/wp-admin/edit.php?post_type=page" "Mozilla/5.0 (Windows NT 10.0; Win64; x64) AppleWebKit/537.36 (KHTML, like Gecko) Chrome/91.0.4472.114 Safari/537.36"
146.185.59.194 - - [23/Jun/2021:07:33:41 +0000] "GET /wp-admin/post.php?post=190&action=edit HTTP/1.0" 200 48496 "http://wordpress-610281-1991885.cloudwaysapps.com/wp-admin/edit.php?post_type=page" "Mozilla/5.0 (Windows NT 10.0; Win64; x64) AppleWebKit/537.36 (KHTML, like Gecko) Chrome/91.0.4472.114 Safari/537.36"
127.0.0.1 - - [23/Jun/2021:07:33:52 +0000] "POST /wp-cron.php?doing_wp_cron=1624433632.6013729572296142578125 HTTP/1.0" 200 259 "http://wordpress-610281-1991885.cloudwaysapps.com/wp-cron.php?doing_wp_cron=1624433632.6013729572296142578125" "WordPress/5.7.2; http://wordpress-610281-1991885.cloudwaysapps.com"
176.229.204.135 - - [23/Jun/2021:07:33:52 +0000] "POST /wp-admin/admin-ajax.php HTTP/1.0" 200 549 "http://wordpress-610281-1991885.cloudwaysapps.com/wp-admin/" "Mozilla/5.0 (Windows NT 10.0; Win64; x64) AppleWebKit/537.36 (KHTML, like Gecko) Chrome/91.0.4472.77 Safari/537.36"
146.185.59.194 - - [23/Jun/2021:07:33:52 +0000] "GET /employee-test-exam-1/ HTTP/1.0" 302 887 "http://wordpress-610281-1991885.cloudwaysapps.com/wp-admin/post.php?post=190&action=edit" "Mozilla/5.0 (Windows NT 10.0; Win64; x64) AppleWebKit/537.36 (KHTML, like Gecko) Chrome/91.0.4472.114 Safari/537.36"
146.185.59.194 - - [23/Jun/2021:07:33:53 +0000] "GET / HTTP/1.0" 200 9990 "http://wordpress-610281-1991885.cloudwaysapps.com/wp-admin/post.php?post=190&action=edit" "Mozilla/5.0 (Windows NT 10.0; Win64; x64) AppleWebKit/537.36 (KHTML, like Gecko) Chrome/91.0.4472.114 Safari/537.36"
146.185.59.194 - - [23/Jun/2021:07:33:54 +0000] "POST /?wc-ajax=get_refreshed_fragments HTTP/1.0" 200 3448 "http://wordpress-610281-1991885.cloudwaysapps.com/" "Mozilla/5.0 (Windows NT 10.0; Win64; x64) AppleWebKit/537.36 (KHTML, like Gecko) Chrome/91.0.4472.114 Safari/537.36"
146.185.59.194 - - [23/Jun/2021:07:33:54 +0000] "POST /?wc-ajax=get_refreshed_fragments HTTP/1.0" 200 3448 "http://wordpress-610281-1991885.cloudwaysapps.com/exam/%d7%91%d7%93%d7%99%d7%a7%d7%94-10-2/?uniqe_id=73a87860-9487-4f32-95f7-a2e8fb14936f" "Mozilla/5.0 (Windows NT 10.0; Win64; x64) AppleWebKit/537.36 (KHTML, like Gecko) Chrome/91.0.4472.114 Safari/537.36"
146.185.59.194 - - [23/Jun/2021:07:33:57 +0000] "POST /wp-admin/admin-ajax.php HTTP/1.0" 200 601 "http://wordpress-610281-1991885.cloudwaysapps.com/wp-admin/post.php?post=190&action=edit" "Mozilla/5.0 (Windows NT 10.0; Win64; x64) AppleWebKit/537.36 (KHTML, like Gecko) Chrome/91.0.4472.114 Safari/537.36"
146.185.59.194 - - [23/Jun/2021:07:34:01 +0000] "GET /employee-test-exam-1/ HTTP/1.0" 302 887 "http://wordpress-610281-1991885.cloudwaysapps.com/wp-admin/post.php?post=190&action=edit" "Mozilla/5.0 (Windows NT 10.0; Win64; x64) AppleWebKit/537.36 (KHTML, like Gecko) Chrome/91.0.4472.114 Safari/537.36"
146.185.59.194 - - [23/Jun/2021:07:34:01 +0000] "GET / HTTP/1.0" 200 9990 "http://wordpress-610281-1991885.cloudwaysapps.com/wp-admin/post.php?post=190&action=edit" "Mozilla/5.0 (Windows NT 10.0; Win64; x64) AppleWebKit/537.36 (KHTML, like Gecko) Chrome/91.0.4472.114 Safari/537.36"
146.185.59.194 - - [23/Jun/2021:07:34:02 +0000] "POST /?wc-ajax=get_refreshed_fragments HTTP/1.0" 200 3448 "http://wordpress-610281-1991885.cloudwaysapps.com/" "Mozilla/5.0 (Windows NT 10.0; Win64; x64) AppleWebKit/537.36 (KHTML, like Gecko) Chrome/91.0.4472.114 Safari/537.36"
146.185.59.194 - - [23/Jun/2021:07:34:11 +0000] "GET /employee-test-exam-1/ HTTP/1.0" 302 887 "-" "Mozilla/5.0 (Windows NT 10.0; Win64; x64) AppleWebKit/537.36 (KHTML, like Gecko) Chrome/91.0.4472.114 Safari/537.36"
146.185.59.194 - - [23/Jun/2021:07:34:12 +0000] "GET / HTTP/1.0" 200 9990 "-" "Mozilla/5.0 (Windows NT 10.0; Win64; x64) AppleWebKit/537.36 (KHTML, like Gecko) Chrome/91.0.4472.114 Safari/537.36"
146.185.59.194 - - [23/Jun/2021:07:34:12 +0000] "POST /?wc-ajax=get_refreshed_fragments HTTP/1.0" 200 3448 "http://wordpress-610281-1991885.cloudwaysapps.com/" "Mozilla/5.0 (Windows NT 10.0; Win64; x64) AppleWebKit/537.36 (KHTML, like Gecko) Chrome/91.0.4472.114 Safari/537.36"
146.185.59.194 - - [23/Jun/2021:07:34:13 +0000] "POST /wp-admin/admin-ajax.php HTTP/1.0" 200 601 "http://wordpress-610281-1991885.cloudwaysapps.com/wp-admin/post.php?post=190&action=edit" "Mozilla/5.0 (Windows NT 10.0; Win64; x64) AppleWebKit/537.36 (KHTML, like Gecko) Chrome/91.0.4472.114 Safari/537.36"
146.185.59.194 - - [23/Jun/2021:07:34:28 +0000] "POST /wp-admin/admin-ajax.php HTTP/1.0" 200 601 "http://wordpress-610281-1991885.cloudwaysapps.com/wp-admin/post.php?post=190&action=edit" "Mozilla/5.0 (Windows NT 10.0; Win64; x64) AppleWebKit/537.36 (KHTML, like Gecko) Chrome/91.0.4472.114 Safari/537.36"
146.185.59.194 - - [23/Jun/2021:07:34:41 +0000] "GET /exam/%d7%91%d7%93%d7%99%d7%a7%d7%94-10-2/?uniqe_id=73a87860-9487-4f32-95f7-a2e8fb14936f HTTP/1.0" 200 17809 "-" "Mozilla/5.0 (Windows NT 10.0; Win64; x64) AppleWebKit/537.36 (KHTML, like Gecko) Chrome/91.0.4472.114 Safari/537.36"
127.0.0.1 - - [23/Jun/2021:07:35:53 +0000] "POST /wp-cron.php?doing_wp_cron=1624433753.5805668830871582031250 HTTP/1.0" 200 259 "http://wordpress-610281-1991885.cloudwaysapps.com/wp-cron.php?doing_wp_cron=1624433753.5805668830871582031250" "WordPress/5.7.2; http://wordpress-610281-1991885.cloudwaysapps.com"
176.229.204.135 - - [23/Jun/2021:07:35:53 +0000] "POST /wp-admin/admin-ajax.php HTTP/1.0" 200 549 "http://wordpress-610281-1991885.cloudwaysapps.com/wp-admin/" "Mozilla/5.0 (Windows NT 10.0; Win64; x64) AppleWebKit/537.36 (KHTML, like Gecko) Chrome/91.0.4472.77 Safari/537.36"
146.185.59.194 - - [23/Jun/2021:07:36:29 +0000] "POST /wp-admin/admin-ajax.php HTTP/1.0" 200 601 "http://wordpress-610281-1991885.cloudwaysapps.com/wp-admin/post.php?post=190&action=edit" "Mozilla/5.0 (Windows NT 10.0; Win64; x64) AppleWebKit/537.36 (KHTML, like Gecko) Chrome/91.0.4472.114 Safari/537.36"
127.0.0.1 - - [23/Jun/2021:07:37:54 +0000] "POST /wp-cron.php?doing_wp_cron=1624433874.7486510276794433593750 HTTP/1.0" 200 259 "http://wordpress-610281-1991885.cloudwaysapps.com/wp-cron.php?doing_wp_cron=1624433874.7486510276794433593750" "WordPress/5.7.2; http://wordpress-610281-1991885.cloudwaysapps.com"
176.229.204.135 - - [23/Jun/2021:07:37:54 +0000] "POST /wp-admin/admin-ajax.php HTTP/1.0" 200 549 "http://wordpress-610281-1991885.cloudwaysapps.com/wp-admin/" "Mozilla/5.0 (Windows NT 10.0; Win64; x64) AppleWebKit/537.36 (KHTML, like Gecko) Chrome/91.0.4472.77 Safari/537.36"
127.0.0.1 - - [23/Jun/2021:07:37:54 +0000] "POST /wp-admin/admin-ajax.php?action=as_async_request_queue_runner&nonce=d96c85c1a0 HTTP/1.0" 200 394 "http://wordpress-610281-1991885.cloudwaysapps.com/wp-admin/admin-ajax.php?action=as_async_request_queue_runner&nonce=d96c85c1a0" "WordPress/5.7.2; http://wordpress-610281-1991885.cloudwaysapps.com"
146.185.59.194 - - [23/Jun/2021:07:38:30 +0000] "POST /wp-admin/admin-ajax.php HTTP/1.0" 200 601 "http://wordpress-610281-1991885.cloudwaysapps.com/wp-admin/post.php?post=190&action=edit" "Mozilla/5.0 (Windows NT 10.0; Win64; x64) AppleWebKit/537.36 (KHTML, like Gecko) Chrome/91.0.4472.114 Safari/537.36"
127.0.0.1 - - [23/Jun/2021:07:39:55 +0000] "POST /wp-cron.php?doing_wp_cron=1624433995.6122090816497802734375 HTTP/1.0" 200 259 "http://wordpress-610281-1991885.cloudwaysapps.com/wp-cron.php?doing_wp_cron=1624433995.6122090816497802734375" "WordPress/5.7.2; http://wordpress-610281-1991885.cloudwaysapps.com"
176.229.204.135 - - [23/Jun/2021:07:39:55 +0000] "POST /wp-admin/admin-ajax.php HTTP/1.0" 200 549 "http://wordpress-610281-1991885.cloudwaysapps.com/wp-admin/" "Mozilla/5.0 (Windows NT 10.0; Win64; x64) AppleWebKit/537.36 (KHTML, like Gecko) Chrome/91.0.4472.77 Safari/537.36"
146.185.59.194 - - [23/Jun/2021:07:40:31 +0000] "POST /wp-admin/admin-ajax.php HTTP/1.0" 200 601 "http://wordpress-610281-1991885.cloudwaysapps.com/wp-admin/post.php?post=190&action=edit" "Mozilla/5.0 (Windows NT 10.0; Win64; x64) AppleWebKit/537.36 (KHTML, like Gecko) Chrome/91.0.4472.114 Safari/537.36"
127.0.0.1 - - [23/Jun/2021:07:41:56 +0000] "POST /wp-cron.php?doing_wp_cron=1624434116.6133670806884765625000 HTTP/1.0" 200 259 "http://wordpress-610281-1991885.cloudwaysapps.com/wp-cron.php?doing_wp_cron=1624434116.6133670806884765625000" "WordPress/5.7.2; http://wordpress-610281-1991885.cloudwaysapps.com"
176.229.204.135 - - [23/Jun/2021:07:41:56 +0000] "POST /wp-admin/admin-ajax.php HTTP/1.0" 200 549 "http://wordpress-610281-1991885.cloudwaysapps.com/wp-admin/" "Mozilla/5.0 (Windows NT 10.0; Win64; x64) AppleWebKit/537.36 (KHTML, like Gecko) Chrome/91.0.4472.77 Safari/537.36"
127.0.0.1 - - [23/Jun/2021:07:41:56 +0000] "POST /wp-admin/admin-ajax.php?action=as_async_request_queue_runner&nonce=d96c85c1a0 HTTP/1.0" 200 394 "http://wordpress-610281-1991885.cloudwaysapps.com/wp-admin/admin-ajax.php?action=as_async_request_queue_runner&nonce=d96c85c1a0" "WordPress/5.7.2; http://wordpress-610281-1991885.cloudwaysapps.com"
146.185.59.194 - - [23/Jun/2021:07:42:32 +0000] "POST /wp-admin/admin-ajax.php HTTP/1.0" 200 601 "http://wordpress-610281-1991885.cloudwaysapps.com/wp-admin/post.php?post=190&action=edit" "Mozilla/5.0 (Windows NT 10.0; Win64; x64) AppleWebKit/537.36 (KHTML, like Gecko) Chrome/91.0.4472.114 Safari/537.36"
127.0.0.1 - - [23/Jun/2021:07:42:54 +0000] "POST /wp-cron.php?doing_wp_cron=1624434174.8123679161071777343750 HTTP/1.0" 200 259 "http://wordpress-610281-1991885.cloudwaysapps.com/wp-cron.php?doing_wp_cron=1624434174.8123679161071777343750" "WordPress/5.7.2; http://wordpress-610281-1991885.cloudwaysapps.com"
146.185.59.194 - - [23/Jun/2021:07:42:54 +0000] "POST /wp-admin/admin-ajax.php HTTP/1.0" 200 601 "http://wordpress-610281-1991885.cloudwaysapps.com/wp-admin/post.php?post=190&action=edit" "Mozilla/5.0 (Windows NT 10.0; Win64; x64) AppleWebKit/537.36 (KHTML, like Gecko) Chrome/91.0.4472.114 Safari/537.36"
146.185.59.194 - - [23/Jun/2021:07:43:10 +0000] "POST /wp-admin/admin-ajax.php HTTP/1.0" 200 601 "http://wordpress-610281-1991885.cloudwaysapps.com/wp-admin/post.php?post=190&action=edit" "Mozilla/5.0 (Windows NT 10.0; Win64; x64) AppleWebKit/537.36 (KHTML, like Gecko) Chrome/91.0.4472.114 Safari/537.36"
127.0.0.1 - - [23/Jun/2021:07:43:57 +0000] "POST /wp-cron.php?doing_wp_cron=1624434237.6114330291748046875000 HTTP/1.0" 200 259 "http://wordpress-610281-1991885.cloudwaysapps.com/wp-cron.php?doing_wp_cron=1624434237.6114330291748046875000" "WordPress/5.7.2; http://wordpress-610281-1991885.cloudwaysapps.com"
176.229.204.135 - - [23/Jun/2021:07:43:57 +0000] "POST /wp-admin/admin-ajax.php HTTP/1.0" 200 549 "http://wordpress-610281-1991885.cloudwaysapps.com/wp-admin/" "Mozilla/5.0 (Windows NT 10.0; Win64; x64) AppleWebKit/537.36 (KHTML, like Gecko) Chrome/91.0.4472.77 Safari/537.36"
127.0.0.1 - - [23/Jun/2021:07:45:11 +0000] "POST /wp-cron.php?doing_wp_cron=1624434311.4833319187164306640625 HTTP/1.0" 200 259 "http://wordpress-610281-1991885.cloudwaysapps.com/wp-cron.php?doing_wp_cron=1624434311.4833319187164306640625" "WordPress/5.7.2; http://wordpress-610281-1991885.cloudwaysapps.com"
146.185.59.194 - - [23/Jun/2021:07:45:11 +0000] "POST /wp-admin/admin-ajax.php HTTP/1.0" 200 601 "http://wordpress-610281-1991885.cloudwaysapps.com/wp-admin/post.php?post=190&action=edit" "Mozilla/5.0 (Windows NT 10.0; Win64; x64) AppleWebKit/537.36 (KHTML, like Gecko) Chrome/91.0.4472.114 Safari/537.36"
127.0.0.1 - - [23/Jun/2021:07:45:58 +0000] "POST /wp-cron.php?doing_wp_cron=1624434358.6544740200042724609375 HTTP/1.0" 200 259 "http://wordpress-610281-1991885.cloudwaysapps.com/wp-cron.php?doing_wp_cron=1624434358.6544740200042724609375" "WordPress/5.7.2; http://wordpress-610281-1991885.cloudwaysapps.com"
176.229.204.135 - - [23/Jun/2021:07:45:58 +0000] "POST /wp-admin/admin-ajax.php HTTP/1.0" 200 549 "http://wordpress-610281-1991885.cloudwaysapps.com/wp-admin/" "Mozilla/5.0 (Windows NT 10.0; Win64; x64) AppleWebKit/537.36 (KHTML, like Gecko) Chrome/91.0.4472.77 Safari/537.36"
127.0.0.1 - - [23/Jun/2021:07:47:12 +0000] "POST /wp-cron.php?doing_wp_cron=1624434432.4438469409942626953125 HTTP/1.0" 200 259 "http://wordpress-610281-1991885.cloudwaysapps.com/wp-cron.php?doing_wp_cron=1624434432.4438469409942626953125" "WordPress/5.7.2; http://wordpress-610281-1991885.cloudwaysapps.com"
146.185.59.194 - - [23/Jun/2021:07:47:12 +0000] "POST /wp-admin/admin-ajax.php HTTP/1.0" 200 601 "http://wordpress-610281-1991885.cloudwaysapps.com/wp-admin/post.php?post=190&action=edit" "Mozilla/5.0 (Windows NT 10.0; Win64; x64) AppleWebKit/537.36 (KHTML, like Gecko) Chrome/91.0.4472.114 Safari/537.36"
127.0.0.1 - - [23/Jun/2021:07:47:59 +0000] "POST /wp-cron.php?doing_wp_cron=1624434479.6271119117736816406250 HTTP/1.0" 200 259 "http://wordpress-610281-1991885.cloudwaysapps.com/wp-cron.php?doing_wp_cron=1624434479.6271119117736816406250" "WordPress/5.7.2; http://wordpress-610281-1991885.cloudwaysapps.com"
176.229.204.135 - - [23/Jun/2021:07:47:59 +0000] "POST /wp-admin/admin-ajax.php HTTP/1.0" 200 549 "http://wordpress-610281-1991885.cloudwaysapps.com/wp-admin/" "Mozilla/5.0 (Windows NT 10.0; Win64; x64) AppleWebKit/537.36 (KHTML, like Gecko) Chrome/91.0.4472.77 Safari/537.36"
127.0.0.1 - - [23/Jun/2021:07:49:13 +0000] "POST /wp-cron.php?doing_wp_cron=1624434553.4382579326629638671875 HTTP/1.0" 200 259 "http://wordpress-610281-1991885.cloudwaysapps.com/wp-cron.php?doing_wp_cron=1624434553.4382579326629638671875" "WordPress/5.7.2; http://wordpress-610281-1991885.cloudwaysapps.com"
146.185.59.194 - - [23/Jun/2021:07:49:13 +0000] "POST /wp-admin/admin-ajax.php HTTP/1.0" 200 601 "http://wordpress-610281-1991885.cloudwaysapps.com/wp-admin/post.php?post=190&action=edit" "Mozilla/5.0 (Windows NT 10.0; Win64; x64) AppleWebKit/537.36 (KHTML, like Gecko) Chrome/91.0.4472.114 Safari/537.36"
127.0.0.1 - - [23/Jun/2021:07:50:00 +0000] "POST /wp-cron.php?doing_wp_cron=1624434600.6226570606231689453125 HTTP/1.0" 200 259 "http://wordpress-610281-1991885.cloudwaysapps.com/wp-cron.php?doing_wp_cron=1624434600.6226570606231689453125" "WordPress/5.7.2; http://wordpress-610281-1991885.cloudwaysapps.com"
176.229.204.135 - - [23/Jun/2021:07:50:00 +0000] "POST /wp-admin/admin-ajax.php HTTP/1.0" 200 549 "http://wordpress-610281-1991885.cloudwaysapps.com/wp-admin/" "Mozilla/5.0 (Windows NT 10.0; Win64; x64) AppleWebKit/537.36 (KHTML, like Gecko) Chrome/91.0.4472.77 Safari/537.36"
127.0.0.1 - - [23/Jun/2021:07:51:14 +0000] "POST /wp-cron.php?doing_wp_cron=1624434674.4832229614257812500000 HTTP/1.0" 200 259 "http://wordpress-610281-1991885.cloudwaysapps.com/wp-cron.php?doing_wp_cron=1624434674.4832229614257812500000" "WordPress/5.7.2; http://wordpress-610281-1991885.cloudwaysapps.com"
146.185.59.194 - - [23/Jun/2021:07:51:14 +0000] "POST /wp-admin/admin-ajax.php HTTP/1.0" 200 601 "http://wordpress-610281-1991885.cloudwaysapps.com/wp-admin/post.php?post=190&action=edit" "Mozilla/5.0 (Windows NT 10.0; Win64; x64) AppleWebKit/537.36 (KHTML, like Gecko) Chrome/91.0.4472.114 Safari/537.36"
127.0.0.1 - - [23/Jun/2021:07:52:01 +0000] "POST /wp-cron.php?doing_wp_cron=1624434721.5741200447082519531250 HTTP/1.0" 200 259 "http://wordpress-610281-1991885.cloudwaysapps.com/wp-cron.php?doing_wp_cron=1624434721.5741200447082519531250" "WordPress/5.7.2; http://wordpress-610281-1991885.cloudwaysapps.com"
176.229.204.135 - - [23/Jun/2021:07:52:01 +0000] "POST /wp-admin/admin-ajax.php HTTP/1.0" 200 549 "http://wordpress-610281-1991885.cloudwaysapps.com/wp-admin/" "Mozilla/5.0 (Windows NT 10.0; Win64; x64) AppleWebKit/537.36 (KHTML, like Gecko) Chrome/91.0.4472.77 Safari/537.36"
127.0.0.1 - - [23/Jun/2021:07:53:15 +0000] "POST /wp-cron.php?doing_wp_cron=1624434795.4775280952453613281250 HTTP/1.0" 200 259 "http://wordpress-610281-1991885.cloudwaysapps.com/wp-cron.php?doing_wp_cron=1624434795.4775280952453613281250" "WordPress/5.7.2; http://wordpress-610281-1991885.cloudwaysapps.com"
146.185.59.194 - - [23/Jun/2021:07:53:15 +0000] "POST /wp-admin/admin-ajax.php HTTP/1.0" 200 601 "http://wordpress-610281-1991885.cloudwaysapps.com/wp-admin/post.php?post=190&action=edit" "Mozilla/5.0 (Windows NT 10.0; Win64; x64) AppleWebKit/537.36 (KHTML, like Gecko) Chrome/91.0.4472.114 Safari/537.36"
127.0.0.1 - - [23/Jun/2021:07:54:02 +0000] "POST /wp-cron.php?doing_wp_cron=1624434842.7090430259704589843750 HTTP/1.0" 200 259 "http://wordpress-610281-1991885.cloudwaysapps.com/wp-cron.php?doing_wp_cron=1624434842.7090430259704589843750" "WordPress/5.7.2; http://wordpress-610281-1991885.cloudwaysapps.com"
176.229.204.135 - - [23/Jun/2021:07:54:02 +0000] "POST /wp-admin/admin-ajax.php HTTP/1.0" 200 549 "http://wordpress-610281-1991885.cloudwaysapps.com/wp-admin/" "Mozilla/5.0 (Windows NT 10.0; Win64; x64) AppleWebKit/537.36 (KHTML, like Gecko) Chrome/91.0.4472.77 Safari/537.36"
127.0.0.1 - - [23/Jun/2021:07:55:26 +0000] "POST /wp-cron.php?doing_wp_cron=1624434926.2726469039916992187500 HTTP/1.0" 200 259 "http://wordpress-610281-1991885.cloudwaysapps.com/wp-cron.php?doing_wp_cron=1624434926.2726469039916992187500" "WordPress/5.7.2; http://wordpress-610281-1991885.cloudwaysapps.com"
146.185.59.194 - - [23/Jun/2021:07:55:26 +0000] "POST /wp-admin/admin-ajax.php HTTP/1.0" 200 601 "http://wordpress-610281-1991885.cloudwaysapps.com/wp-admin/post.php?post=190&action=edit" "Mozilla/5.0 (Windows NT 10.0; Win64; x64) AppleWebKit/537.36 (KHTML, like Gecko) Chrome/91.0.4472.114 Safari/537.36"
146.185.59.194 - - [23/Jun/2021:07:55:28 +0000] "GET /wp-admin/post.php?post=190&action=edit HTTP/1.0" 200 48497 "http://wordpress-610281-1991885.cloudwaysapps.com/wp-admin/edit.php?post_type=page" "Mozilla/5.0 (Windows NT 10.0; Win64; x64) AppleWebKit/537.36 (KHTML, like Gecko) Chrome/91.0.4472.114 Safari/537.36"
146.185.59.194 - - [23/Jun/2021:07:55:29 +0000] "GET /wp-admin/load-styles.php?c=1&dir=rtl&load%5Bchunk_0%5D=dashicons,admin-bar,buttons,media-views,common,forms,admin-menu,dashboard,list-tables,edit,revisions,media,themes,about,nav-menu&load%5Bchunk_1%5D=s,wp-pointer,widgets,site-icon,l10n,wp-auth-check,wp-color-picker&ver=5.7.2 HTTP/1.0" 200 105332 "http://wordpress-610281-1991885.cloudwaysapps.com/wp-admin/post.php?post=190&action=edit" "Mozilla/5.0 (Windows NT 10.0; Win64; x64) AppleWebKit/537.36 (KHTML, like Gecko) Chrome/91.0.4472.114 Safari/537.36"
146.185.59.194 - - [23/Jun/2021:07:55:28 +0000] "POST /wp-admin/admin-ajax.php HTTP/1.0" 200 583 "http://wordpress-610281-1991885.cloudwaysapps.com/wp-admin/post.php?post=190&action=edit" "Mozilla/5.0 (Windows NT 10.0; Win64; x64) AppleWebKit/537.36 (KHTML, like Gecko) Chrome/91.0.4472.114 Safari/537.36"
146.185.59.194 - - [23/Jun/2021:07:55:29 +0000] "GET /wp-admin/load-scripts.php?c=1&load%5Bchunk_0%5D=jquery-core,jquery-migrate,utils,jquery-ui-core,jquery-ui-mouse,jquery-ui-sortable,moxiejs,plupload,jquery-ui-resizable&ver=5.7.2 HTTP/1.0" 200 85126 "http://wordpress-610281-1991885.cloudwaysapps.com/wp-admin/post.php?post=190&action=edit" "Mozilla/5.0 (Windows NT 10.0; Win64; x64) AppleWebKit/537.36 (KHTML, like Gecko) Chrome/91.0.4472.114 Safari/537.36"
146.185.59.194 - - [23/Jun/2021:07:55:29 +0000] "GET /wp-admin/load-scripts.php?c=1&load%5Bchunk_0%5D=hoverIntent&ver=5.7.2 HTTP/1.0" 200 815 "http://wordpress-610281-1991885.cloudwaysapps.com/wp-admin/post.php?post=190&action=edit" "Mozilla/5.0 (Windows NT 10.0; Win64; x64) AppleWebKit/537.36 (KHTML, like Gecko) Chrome/91.0.4472.114 Safari/537.36"
146.185.59.194 - - [23/Jun/2021:07:55:34 +0000] "GET /wp-admin/users.php HTTP/1.0" 200 30018 "http://wordpress-610281-1991885.cloudwaysapps.com/wp-admin/post.php?post=190&action=edit" "Mozilla/5.0 (Windows NT 10.0; Win64; x64) AppleWebKit/537.36 (KHTML, like Gecko) Chrome/91.0.4472.114 Safari/537.36"
146.185.59.194 - - [23/Jun/2021:07:55:34 +0000] "POST /wp-admin/admin-ajax.php HTTP/1.0" 200 583 "http://wordpress-610281-1991885.cloudwaysapps.com/wp-admin/post.php?post=190&action=edit" "Mozilla/5.0 (Windows NT 10.0; Win64; x64) AppleWebKit/537.36 (KHTML, like Gecko) Chrome/91.0.4472.114 Safari/537.36"
146.185.59.194 - - [23/Jun/2021:07:55:38 +0000] "GET /wp-login.php?action=login_as_user&user_id=99&back_url=%2F%2Fwordpress-610281-1991885.cloudwaysapps.com%2Fwp-admin%2Fusers.php&_wpnonce=658ad18bc4 HTTP/1.0" 302 3951 "http://wordpress-610281-1991885.cloudwaysapps.com/wp-admin/users.php" "Mozilla/5.0 (Windows NT 10.0; Win64; x64) AppleWebKit/537.36 (KHTML, like Gecko) Chrome/91.0.4472.114 Safari/537.36"
146.185.59.194 - - [23/Jun/2021:07:55:38 +0000] "GET /?logged_in_as_user=true HTTP/1.0" 200 8433 "http://wordpress-610281-1991885.cloudwaysapps.com/wp-admin/users.php" "Mozilla/5.0 (Windows NT 10.0; Win64; x64) AppleWebKit/537.36 (KHTML, like Gecko) Chrome/91.0.4472.114 Safari/537.36"
146.185.59.194 - - [23/Jun/2021:07:55:38 +0000] "POST /?wc-ajax=get_refreshed_fragments HTTP/1.0" 200 915 "http://wordpress-610281-1991885.cloudwaysapps.com/?logged_in_as_user=true" "Mozilla/5.0 (Windows NT 10.0; Win64; x64) AppleWebKit/537.36 (KHTML, like Gecko) Chrome/91.0.4472.114 Safari/537.36"
146.185.59.194 - - [23/Jun/2021:07:55:39 +0000] "POST /?wc-ajax=get_refreshed_fragments HTTP/1.0" 200 721 "http://wordpress-610281-1991885.cloudwaysapps.com/exam/%d7%91%d7%93%d7%99%d7%a7%d7%94-10-2/?uniqe_id=73a87860-9487-4f32-95f7-a2e8fb14936f" "Mozilla/5.0 (Windows NT 10.0; Win64; x64) AppleWebKit/537.36 (KHTML, like Gecko) Chrome/91.0.4472.114 Safari/537.36"
146.185.59.194 - - [23/Jun/2021:07:55:39 +0000] "GET /favicon.ico HTTP/1.1" 302 381 "http://wordpress-610281-1991885.cloudwaysapps.com/?logged_in_as_user=true" "Mozilla/5.0 (Windows NT 10.0; Win64; x64) AppleWebKit/537.36 (KHTML, like Gecko) Chrome/91.0.4472.114 Safari/537.36"
146.185.59.194 - - [23/Jun/2021:07:55:42 +0000] "GET /dashboard HTTP/1.0" 301 372 "http://wordpress-610281-1991885.cloudwaysapps.com/?logged_in_as_user=true" "Mozilla/5.0 (Windows NT 10.0; Win64; x64) AppleWebKit/537.36 (KHTML, like Gecko) Chrome/91.0.4472.114 Safari/537.36"
146.185.59.194 - - [23/Jun/2021:07:55:42 +0000] "GET /dashboard/ HTTP/1.0" 200 10400 "http://wordpress-610281-1991885.cloudwaysapps.com/?logged_in_as_user=true" "Mozilla/5.0 (Windows NT 10.0; Win64; x64) AppleWebKit/537.36 (KHTML, like Gecko) Chrome/91.0.4472.114 Safari/537.36"
146.185.59.194 - - [23/Jun/2021:07:55:49 +0000] "GET /test-page/?id=1141 HTTP/1.0" 200 6996 "http://wordpress-610281-1991885.cloudwaysapps.com/dashboard/" "Mozilla/5.0 (Windows NT 10.0; Win64; x64) AppleWebKit/537.36 (KHTML, like Gecko) Chrome/91.0.4472.114 Safari/537.36"
127.0.0.1 - - [23/Jun/2021:07:55:57 +0000] "POST /wp-cron.php?doing_wp_cron=1624434957.4030189514160156250000 HTTP/1.0" 200 259 "http://wordpress-610281-1991885.cloudwaysapps.com/wp-cron.php?doing_wp_cron=1624434957.4030189514160156250000" "WordPress/5.7.2; http://wordpress-610281-1991885.cloudwaysapps.com"
146.185.59.194 - - [23/Jun/2021:07:55:57 +0000] "GET /exam/%d7%9e%d7%91%d7%97%d7%9f-%d7%a7%d7%a9%d7%94/ HTTP/1.0" 200 13340 "-" "Mozilla/5.0 (Windows NT 10.0; Win64; x64) AppleWebKit/537.36 (KHTML, like Gecko) Chrome/91.0.4472.114 Safari/537.36"
146.185.59.194 - - [23/Jun/2021:07:55:58 +0000] "POST /?wc-ajax=get_refreshed_fragments HTTP/1.0" 200 721 "http://wordpress-610281-1991885.cloudwaysapps.com/exam/%d7%9e%d7%91%d7%97%d7%9f-%d7%a7%d7%a9%d7%94/" "Mozilla/5.0 (Windows NT 10.0; Win64; x64) AppleWebKit/537.36 (KHTML, like Gecko) Chrome/91.0.4472.114 Safari/537.36"
176.229.204.135 - - [23/Jun/2021:07:56:03 +0000] "POST /wp-admin/admin-ajax.php HTTP/1.0" 200 549 "http://wordpress-610281-1991885.cloudwaysapps.com/wp-admin/" "Mozilla/5.0 (Windows NT 10.0; Win64; x64) AppleWebKit/537.36 (KHTML, like Gecko) Chrome/91.0.4472.77 Safari/537.36"
146.185.59.194 - - [23/Jun/2021:07:56:23 +0000] "GET /wp-login.php?action=login_as_olduser&_wpnonce=0285e263c5 HTTP/1.0" 302 3675 "http://wordpress-610281-1991885.cloudwaysapps.com/test-page/?id=1141" "Mozilla/5.0 (Windows NT 10.0; Win64; x64) AppleWebKit/537.36 (KHTML, like Gecko) Chrome/91.0.4472.114 Safari/537.36"
146.185.59.194 - - [23/Jun/2021:07:56:23 +0000] "GET /wp-admin/users.php?logged_in_as_user=true HTTP/1.0" 200 30058 "http://wordpress-610281-1991885.cloudwaysapps.com/test-page/?id=1141" "Mozilla/5.0 (Windows NT 10.0; Win64; x64) AppleWebKit/537.36 (KHTML, like Gecko) Chrome/91.0.4472.114 Safari/537.36"
146.185.59.194 - - [23/Jun/2021:07:56:33 +0000] "GET /wp-admin/users.php?s=&_wpnonce=bbaeb82e13&_wp_http_referer=%2Fwp-admin%2Fusers.php%3Flogged_in_as_user%3Dtrue&action=-1&new_role=past_customer&changeit=%D7%9C%D7%A9%D7%A0%D7%95%D7%AA&paged=1&users%5B%5D=99&action2=-1&new_role2=past_customer HTTP/1.0" 302 403 "http://wordpress-610281-1991885.cloudwaysapps.com/wp-admin/users.php" "Mozilla/5.0 (Windows NT 10.0; Win64; x64) AppleWebKit/537.36 (KHTML, like Gecko) Chrome/91.0.4472.114 Safari/537.36"
146.185.59.194 - - [23/Jun/2021:07:56:33 +0000] "GET /wp-admin/users.php?update=promote HTTP/1.0" 200 30110 "http://wordpress-610281-1991885.cloudwaysapps.com/wp-admin/users.php" "Mozilla/5.0 (Windows NT 10.0; Win64; x64) AppleWebKit/537.36 (KHTML, like Gecko) Chrome/91.0.4472.114 Safari/537.36"
146.185.59.194 - - [23/Jun/2021:07:56:48 +0000] "GET /exam/%d7%9e%d7%91%d7%97%d7%9f-%d7%a7%d7%a9%d7%94/ HTTP/1.0" 200 15102 "-" "Mozilla/5.0 (Windows NT 10.0; Win64; x64) AppleWebKit/537.36 (KHTML, like Gecko) Chrome/91.0.4472.114 Safari/537.36"
127.0.0.1 - - [23/Jun/2021:07:56:50 +0000] "POST /wp-cron.php?doing_wp_cron=1624435010.4707360267639160156250 HTTP/1.0" 200 259 "http://wordpress-610281-1991885.cloudwaysapps.com/wp-cron.php?doing_wp_cron=1624435010.4707360267639160156250" "WordPress/5.7.2; http://wordpress-610281-1991885.cloudwaysapps.com"
146.185.59.194 - - [23/Jun/2021:07:56:50 +0000] "POST /?wc-ajax=get_refreshed_fragments HTTP/1.0" 200 3448 "http://wordpress-610281-1991885.cloudwaysapps.com/exam/%d7%9e%d7%91%d7%97%d7%9f-%d7%a7%d7%a9%d7%94/" "Mozilla/5.0 (Windows NT 10.0; Win64; x64) AppleWebKit/537.36 (KHTML, like Gecko) Chrome/91.0.4472.114 Safari/537.36"
146.185.59.194 - - [23/Jun/2021:07:56:50 +0000] "POST /?wc-ajax=get_refreshed_fragments HTTP/1.0" 200 3448 "http://wordpress-610281-1991885.cloudwaysapps.com/exam/%d7%91%d7%93%d7%99%d7%a7%d7%94-10-2/?uniqe_id=73a87860-9487-4f32-95f7-a2e8fb14936f" "Mozilla/5.0 (Windows NT 10.0; Win64; x64) AppleWebKit/537.36 (KHTML, like Gecko) Chrome/91.0.4472.114 Safari/537.36"
146.185.59.194 - - [23/Jun/2021:07:57:20 +0000] "GET /wp-login.php?action=login_as_user&user_id=99&back_url=%2F%2Fwordpress-610281-1991885.cloudwaysapps.com%2Fwp-admin%2Fusers.php%3Fupdate%3Dpromote&_wpnonce=658ad18bc4 HTTP/1.0" 302 3970 "http://wordpress-610281-1991885.cloudwaysapps.com/wp-admin/users.php" "Mozilla/5.0 (Windows NT 10.0; Win64; x64) AppleWebKit/537.36 (KHTML, like Gecko) Chrome/91.0.4472.114 Safari/537.36"
146.185.59.194 - - [23/Jun/2021:07:57:20 +0000] "GET /?logged_in_as_user=true HTTP/1.0" 200 8434 "http://wordpress-610281-1991885.cloudwaysapps.com/wp-admin/users.php" "Mozilla/5.0 (Windows NT 10.0; Win64; x64) AppleWebKit/537.36 (KHTML, like Gecko) Chrome/91.0.4472.114 Safari/537.36"
146.185.59.194 - - [23/Jun/2021:07:57:21 +0000] "POST /?wc-ajax=get_refreshed_fragments HTTP/1.0" 200 915 "http://wordpress-610281-1991885.cloudwaysapps.com/?logged_in_as_user=true" "Mozilla/5.0 (Windows NT 10.0; Win64; x64) AppleWebKit/537.36 (KHTML, like Gecko) Chrome/91.0.4472.114 Safari/537.36"
146.185.59.194 - - [23/Jun/2021:07:57:21 +0000] "POST /?wc-ajax=get_refreshed_fragments HTTP/1.0" 200 721 "http://wordpress-610281-1991885.cloudwaysapps.com/exam/%d7%91%d7%93%d7%99%d7%a7%d7%94-10-2/?uniqe_id=73a87860-9487-4f32-95f7-a2e8fb14936f" "Mozilla/5.0 (Windows NT 10.0; Win64; x64) AppleWebKit/537.36 (KHTML, like Gecko) Chrome/91.0.4472.114 Safari/537.36"
146.185.59.194 - - [23/Jun/2021:07:57:21 +0000] "POST /?wc-ajax=get_refreshed_fragments HTTP/1.0" 200 721 "http://wordpress-610281-1991885.cloudwaysapps.com/exam/%d7%9e%d7%91%d7%97%d7%9f-%d7%a7%d7%a9%d7%94/" "Mozilla/5.0 (Windows NT 10.0; Win64; x64) AppleWebKit/537.36 (KHTML, like Gecko) Chrome/91.0.4472.114 Safari/537.36"
146.185.59.194 - - [23/Jun/2021:07:57:24 +0000] "GET /dashboard HTTP/1.0" 301 372 "http://wordpress-610281-1991885.cloudwaysapps.com/?logged_in_as_user=true" "Mozilla/5.0 (Windows NT 10.0; Win64; x64) AppleWebKit/537.36 (KHTML, like Gecko) Chrome/91.0.4472.114 Safari/537.36"
146.185.59.194 - - [23/Jun/2021:07:57:25 +0000] "GET /dashboard/ HTTP/1.0" 200 10406 "http://wordpress-610281-1991885.cloudwaysapps.com/?logged_in_as_user=true" "Mozilla/5.0 (Windows NT 10.0; Win64; x64) AppleWebKit/537.36 (KHTML, like Gecko) Chrome/91.0.4472.114 Safari/537.36"
146.185.59.194 - - [23/Jun/2021:07:57:30 +0000] "GET /test-page/?id=1141 HTTP/1.0" 200 6999 "http://wordpress-610281-1991885.cloudwaysapps.com/dashboard/" "Mozilla/5.0 (Windows NT 10.0; Win64; x64) AppleWebKit/537.36 (KHTML, like Gecko) Chrome/91.0.4472.114 Safari/537.36"
146.185.59.194 - - [23/Jun/2021:07:57:41 +0000] "GET /exam/%d7%9e%d7%91%d7%97%d7%9f-%d7%a7%d7%a9%d7%94/ HTTP/1.0" 200 13340 "-" "Mozilla/5.0 (Windows NT 10.0; Win64; x64) AppleWebKit/537.36 (KHTML, like Gecko) Chrome/91.0.4472.114 Safari/537.36"
127.0.0.1 - - [23/Jun/2021:07:58:04 +0000] "POST /wp-cron.php?doing_wp_cron=1624435084.6284749507904052734375 HTTP/1.0" 200 259 "http://wordpress-610281-1991885.cloudwaysapps.com/wp-cron.php?doing_wp_cron=1624435084.6284749507904052734375" "WordPress/5.7.2; http://wordpress-610281-1991885.cloudwaysapps.com"
176.229.204.135 - - [23/Jun/2021:07:58:04 +0000] "POST /wp-admin/admin-ajax.php HTTP/1.0" 200 549 "http://wordpress-610281-1991885.cloudwaysapps.com/wp-admin/" "Mozilla/5.0 (Windows NT 10.0; Win64; x64) AppleWebKit/537.36 (KHTML, like Gecko) Chrome/91.0.4472.77 Safari/537.36"
127.0.0.1 - - [23/Jun/2021:07:59:36 +0000] "POST /wp-cron.php?doing_wp_cron=1624435176.2893490791320800781250 HTTP/1.0" 200 259 "http://wordpress-610281-1991885.cloudwaysapps.com/wp-cron.php?doing_wp_cron=1624435176.2893490791320800781250" "WordPress/5.7.2; http://wordpress-610281-1991885.cloudwaysapps.com"
146.185.59.194 - - [23/Jun/2021:07:59:36 +0000] "GET /exam/%d7%9e%d7%91%d7%97%d7%9f-%d7%a7%d7%a9%d7%94/ HTTP/1.0" 200 13340 "-" "Mozilla/5.0 (Windows NT 10.0; Win64; x64) AppleWebKit/537.36 (KHTML, like Gecko) Chrome/91.0.4472.114 Safari/537.36"
127.0.0.1 - - [23/Jun/2021:08:00:05 +0000] "POST /wp-cron.php?doing_wp_cron=1624435205.6296699047088623046875 HTTP/1.0" 200 259 "http://wordpress-610281-1991885.cloudwaysapps.com/wp-cron.php?doing_wp_cron=1624435205.6296699047088623046875" "WordPress/5.7.2; http://wordpress-610281-1991885.cloudwaysapps.com"
176.229.204.135 - - [23/Jun/2021:08:00:05 +0000] "POST /wp-admin/admin-ajax.php HTTP/1.0" 200 549 "http://wordpress-610281-1991885.cloudwaysapps.com/wp-admin/" "Mozilla/5.0 (Windows NT 10.0; Win64; x64) AppleWebKit/537.36 (KHTML, like Gecko) Chrome/91.0.4472.77 Safari/537.36"
127.0.0.1 - - [23/Jun/2021:08:04:07 +0000] "POST /wp-cron.php?doing_wp_cron=1624435447.6424090862274169921875 HTTP/1.0" 200 259 "http://wordpress-610281-1991885.cloudwaysapps.com/wp-cron.php?doing_wp_cron=1624435447.6424090862274169921875" "WordPress/5.7.2; http://wordpress-610281-1991885.cloudwaysapps.com"
176.229.204.135 - - [23/Jun/2021:08:04:07 +0000] "POST /wp-admin/admin-ajax.php HTTP/1.0" 200 549 "http://wordpress-610281-1991885.cloudwaysapps.com/wp-admin/" "Mozilla/5.0 (Windows NT 10.0; Win64; x64) AppleWebKit/537.36 (KHTML, like Gecko) Chrome/91.0.4472.77 Safari/537.36"
127.0.0.1 - - [23/Jun/2021:08:06:08 +0000] "POST /wp-cron.php?doing_wp_cron=1624435568.6063570976257324218750 HTTP/1.0" 200 259 "http://wordpress-610281-1991885.cloudwaysapps.com/wp-cron.php?doing_wp_cron=1624435568.6063570976257324218750" "WordPress/5.7.2; http://wordpress-610281-1991885.cloudwaysapps.com"
176.229.204.135 - - [23/Jun/2021:08:06:08 +0000] "POST /wp-admin/admin-ajax.php HTTP/1.0" 200 549 "http://wordpress-610281-1991885.cloudwaysapps.com/wp-admin/" "Mozilla/5.0 (Windows NT 10.0; Win64; x64) AppleWebKit/537.36 (KHTML, like Gecko) Chrome/91.0.4472.77 Safari/537.36"
127.0.0.1 - - [23/Jun/2021:08:08:09 +0000] "POST /wp-cron.php?doing_wp_cron=1624435689.6932930946350097656250 HTTP/1.0" 200 259 "http://wordpress-610281-1991885.cloudwaysapps.com/wp-cron.php?doing_wp_cron=1624435689.6932930946350097656250" "WordPress/5.7.2; http://wordpress-610281-1991885.cloudwaysapps.com"
176.229.204.135 - - [23/Jun/2021:08:08:09 +0000] "POST /wp-admin/admin-ajax.php HTTP/1.0" 200 549 "http://wordpress-610281-1991885.cloudwaysapps.com/wp-admin/" "Mozilla/5.0 (Windows NT 10.0; Win64; x64) AppleWebKit/537.36 (KHTML, like Gecko) Chrome/91.0.4472.77 Safari/537.36"
127.0.0.1 - - [23/Jun/2021:08:10:10 +0000] "POST /wp-cron.php?doing_wp_cron=1624435810.7018659114837646484375 HTTP/1.0" 200 259 "http://wordpress-610281-1991885.cloudwaysapps.com/wp-cron.php?doing_wp_cron=1624435810.7018659114837646484375" "WordPress/5.7.2; http://wordpress-610281-1991885.cloudwaysapps.com"
176.229.204.135 - - [23/Jun/2021:08:10:10 +0000] "POST /wp-admin/admin-ajax.php HTTP/1.0" 200 549 "http://wordpress-610281-1991885.cloudwaysapps.com/wp-admin/" "Mozilla/5.0 (Windows NT 10.0; Win64; x64) AppleWebKit/537.36 (KHTML, like Gecko) Chrome/91.0.4472.77 Safari/537.36"
127.0.0.1 - - [23/Jun/2021:08:12:11 +0000] "POST /wp-cron.php?doing_wp_cron=1624435931.6353960037231445312500 HTTP/1.0" 200 259 "http://wordpress-610281-1991885.cloudwaysapps.com/wp-cron.php?doing_wp_cron=1624435931.6353960037231445312500" "WordPress/5.7.2; http://wordpress-610281-1991885.cloudwaysapps.com"
176.229.204.135 - - [23/Jun/2021:08:12:11 +0000] "POST /wp-admin/admin-ajax.php HTTP/1.0" 200 549 "http://wordpress-610281-1991885.cloudwaysapps.com/wp-admin/" "Mozilla/5.0 (Windows NT 10.0; Win64; x64) AppleWebKit/537.36 (KHTML, like Gecko) Chrome/91.0.4472.77 Safari/537.36"
127.0.0.1 - - [23/Jun/2021:08:14:12 +0000] "POST /wp-cron.php?doing_wp_cron=1624436052.8011519908905029296875 HTTP/1.0" 200 259 "http://wordpress-610281-1991885.cloudwaysapps.com/wp-cron.php?doing_wp_cron=1624436052.8011519908905029296875" "WordPress/5.7.2; http://wordpress-610281-1991885.cloudwaysapps.com"
176.229.204.135 - - [23/Jun/2021:08:14:12 +0000] "POST /wp-admin/admin-ajax.php HTTP/1.0" 200 549 "http://wordpress-610281-1991885.cloudwaysapps.com/wp-admin/" "Mozilla/5.0 (Windows NT 10.0; Win64; x64) AppleWebKit/537.36 (KHTML, like Gecko) Chrome/91.0.4472.77 Safari/537.36"
127.0.0.1 - - [23/Jun/2021:08:16:13 +0000] "POST /wp-cron.php?doing_wp_cron=1624436173.6738219261169433593750 HTTP/1.0" 200 259 "http://wordpress-610281-1991885.cloudwaysapps.com/wp-cron.php?doing_wp_cron=1624436173.6738219261169433593750" "WordPress/5.7.2; http://wordpress-610281-1991885.cloudwaysapps.com"
176.229.204.135 - - [23/Jun/2021:08:16:13 +0000] "POST /wp-admin/admin-ajax.php HTTP/1.0" 200 549 "http://wordpress-610281-1991885.cloudwaysapps.com/wp-admin/" "Mozilla/5.0 (Windows NT 10.0; Win64; x64) AppleWebKit/537.36 (KHTML, like Gecko) Chrome/91.0.4472.77 Safari/537.36"
127.0.0.1 - - [23/Jun/2021:08:18:14 +0000] "POST /wp-cron.php?doing_wp_cron=1624436294.6570580005645751953125 HTTP/1.0" 200 259 "http://wordpress-610281-1991885.cloudwaysapps.com/wp-cron.php?doing_wp_cron=1624436294.6570580005645751953125" "WordPress/5.7.2; http://wordpress-610281-1991885.cloudwaysapps.com"
176.229.204.135 - - [23/Jun/2021:08:18:14 +0000] "POST /wp-admin/admin-ajax.php HTTP/1.0" 200 549 "http://wordpress-610281-1991885.cloudwaysapps.com/wp-admin/" "Mozilla/5.0 (Windows NT 10.0; Win64; x64) AppleWebKit/537.36 (KHTML, like Gecko) Chrome/91.0.4472.77 Safari/537.36"
127.0.0.1 - - [23/Jun/2021:08:19:45 +0000] "POST /wp-cron.php?doing_wp_cron=1624436385.2045810222625732421875 HTTP/1.0" 200 259 "http://wordpress-610281-1991885.cloudwaysapps.com/wp-cron.php?doing_wp_cron=1624436385.2045810222625732421875" "WordPress/5.7.2; http://wordpress-610281-1991885.cloudwaysapps.com"
176.229.204.135 - - [23/Jun/2021:08:19:45 +0000] "GET / HTTP/1.0" 200 7918 "http://wordpress-610281-1991885.cloudwaysapps.com/checkout/" "Mozilla/5.0 (iPhone; CPU iPhone OS 14_4 like Mac OS X) AppleWebKit/605.1.15 (KHTML, like Gecko) Version/14.0.3 Mobile/15E148 Safari/604.1"
176.229.204.135 - - [23/Jun/2021:08:19:47 +0000] "GET / HTTP/1.0" 200 7918 "http://wordpress-610281-1991885.cloudwaysapps.com/" "Mozilla/5.0 (iPhone; CPU iPhone OS 14_4 like Mac OS X) AppleWebKit/605.1.15 (KHTML, like Gecko) Version/14.0.3 Mobile/15E148 Safari/604.1"
127.0.0.1 - - [23/Jun/2021:08:19:51 +0000] "POST /wp-cron.php?doing_wp_cron=1624436391.4069490432739257812500 HTTP/1.0" 200 259 "http://wordpress-610281-1991885.cloudwaysapps.com/wp-cron.php?doing_wp_cron=1624436391.4069490432739257812500" "WordPress/5.7.2; http://wordpress-610281-1991885.cloudwaysapps.com"
176.229.204.135 - - [23/Jun/2021:08:19:51 +0000] "GET /%d7%a8%d7%9b%d7%99%d7%a9%d7%aa-%d7%97%d7%91%d7%99%d7%9c%d7%95%d7%aa/ HTTP/1.0" 200 7227 "http://wordpress-610281-1991885.cloudwaysapps.com/" "Mozilla/5.0 (iPhone; CPU iPhone OS 14_4 like Mac OS X) AppleWebKit/605.1.15 (KHTML, like Gecko) Version/14.0.3 Mobile/15E148 Safari/604.1"
176.229.204.135 - - [23/Jun/2021:08:20:15 +0000] "POST /wp-admin/admin-ajax.php HTTP/1.0" 200 549 "http://wordpress-610281-1991885.cloudwaysapps.com/wp-admin/" "Mozilla/5.0 (Windows NT 10.0; Win64; x64) AppleWebKit/537.36 (KHTML, like Gecko) Chrome/91.0.4472.77 Safari/537.36"
127.0.0.1 - - [23/Jun/2021:08:22:16 +0000] "POST /wp-cron.php?doing_wp_cron=1624436536.6041579246520996093750 HTTP/1.0" 200 259 "http://wordpress-610281-1991885.cloudwaysapps.com/wp-cron.php?doing_wp_cron=1624436536.6041579246520996093750" "WordPress/5.7.2; http://wordpress-610281-1991885.cloudwaysapps.com"
176.229.204.135 - - [23/Jun/2021:08:22:16 +0000] "POST /wp-admin/admin-ajax.php HTTP/1.0" 200 549 "http://wordpress-610281-1991885.cloudwaysapps.com/wp-admin/" "Mozilla/5.0 (Windows NT 10.0; Win64; x64) AppleWebKit/537.36 (KHTML, like Gecko) Chrome/91.0.4472.77 Safari/537.36"
127.0.0.1 - - [23/Jun/2021:08:24:17 +0000] "POST /wp-cron.php?doing_wp_cron=1624436657.6799309253692626953125 HTTP/1.0" 200 259 "http://wordpress-610281-1991885.cloudwaysapps.com/wp-cron.php?doing_wp_cron=1624436657.6799309253692626953125" "WordPress/5.7.2; http://wordpress-610281-1991885.cloudwaysapps.com"
176.229.204.135 - - [23/Jun/2021:08:24:17 +0000] "POST /wp-admin/admin-ajax.php HTTP/1.0" 200 549 "http://wordpress-610281-1991885.cloudwaysapps.com/wp-admin/" "Mozilla/5.0 (Windows NT 10.0; Win64; x64) AppleWebKit/537.36 (KHTML, like Gecko) Chrome/91.0.4472.77 Safari/537.36"
127.0.0.1 - - [23/Jun/2021:08:26:18 +0000] "POST /wp-cron.php?doing_wp_cron=1624436778.7008719444274902343750 HTTP/1.0" 200 259 "http://wordpress-610281-1991885.cloudwaysapps.com/wp-cron.php?doing_wp_cron=1624436778.7008719444274902343750" "WordPress/5.7.2; http://wordpress-610281-1991885.cloudwaysapps.com"
176.229.204.135 - - [23/Jun/2021:08:26:18 +0000] "POST /wp-admin/admin-ajax.php HTTP/1.0" 200 549 "http://wordpress-610281-1991885.cloudwaysapps.com/wp-admin/" "Mozilla/5.0 (Windows NT 10.0; Win64; x64) AppleWebKit/537.36 (KHTML, like Gecko) Chrome/91.0.4472.77 Safari/537.36"
127.0.0.1 - - [23/Jun/2021:08:28:19 +0000] "POST /wp-cron.php?doing_wp_cron=1624436899.6057500839233398437500 HTTP/1.0" 200 259 "http://wordpress-610281-1991885.cloudwaysapps.com/wp-cron.php?doing_wp_cron=1624436899.6057500839233398437500" "WordPress/5.7.2; http://wordpress-610281-1991885.cloudwaysapps.com"
176.229.204.135 - - [23/Jun/2021:08:28:19 +0000] "POST /wp-admin/admin-ajax.php HTTP/1.0" 200 549 "http://wordpress-610281-1991885.cloudwaysapps.com/wp-admin/" "Mozilla/5.0 (Windows NT 10.0; Win64; x64) AppleWebKit/537.36 (KHTML, like Gecko) Chrome/91.0.4472.77 Safari/537.36"
127.0.0.1 - - [23/Jun/2021:08:30:14 +0000] "POST /wp-cron.php?doing_wp_cron=1624437014.8231999874114990234375 HTTP/1.0" 200 259 "http://wordpress-610281-1991885.cloudwaysapps.com/wp-cron.php?doing_wp_cron=1624437014.8231999874114990234375" "WordPress/5.7.2; http://wordpress-610281-1991885.cloudwaysapps.com"
46.19.85.80 - - [23/Jun/2021:08:30:14 +0000] "GET / HTTP/1.0" 200 7918 "http://wordpress-610281-1991885.cloudwaysapps.com/%d7%a8%d7%9b%d7%99%d7%a9%d7%aa-%d7%97%d7%91%d7%99%d7%9c%d7%95%d7%aa/" "Mozilla/5.0 (iPhone; CPU iPhone OS 14_4 like Mac OS X) AppleWebKit/605.1.15 (KHTML, like Gecko) Version/14.0.3 Mobile/15E148 Safari/604.1"
176.229.204.135 - - [23/Jun/2021:08:30:20 +0000] "POST /wp-admin/admin-ajax.php HTTP/1.0" 200 549 "http://wordpress-610281-1991885.cloudwaysapps.com/wp-admin/" "Mozilla/5.0 (Windows NT 10.0; Win64; x64) AppleWebKit/537.36 (KHTML, like Gecko) Chrome/91.0.4472.77 Safari/537.36"
127.0.0.1 - - [23/Jun/2021:08:32:21 +0000] "POST /wp-cron.php?doing_wp_cron=1624437141.6242330074310302734375 HTTP/1.0" 200 259 "http://wordpress-610281-1991885.cloudwaysapps.com/wp-cron.php?doing_wp_cron=1624437141.6242330074310302734375" "WordPress/5.7.2; http://wordpress-610281-1991885.cloudwaysapps.com"
176.229.204.135 - - [23/Jun/2021:08:32:21 +0000] "POST /wp-admin/admin-ajax.php HTTP/1.0" 200 549 "http://wordpress-610281-1991885.cloudwaysapps.com/wp-admin/" "Mozilla/5.0 (Windows NT 10.0; Win64; x64) AppleWebKit/537.36 (KHTML, like Gecko) Chrome/91.0.4472.77 Safari/537.36"
127.0.0.1 - - [23/Jun/2021:08:34:22 +0000] "POST /wp-cron.php?doing_wp_cron=1624437262.6408569812774658203125 HTTP/1.0" 200 259 "http://wordpress-610281-1991885.cloudwaysapps.com/wp-cron.php?doing_wp_cron=1624437262.6408569812774658203125" "WordPress/5.7.2; http://wordpress-610281-1991885.cloudwaysapps.com"
176.229.204.135 - - [23/Jun/2021:08:34:22 +0000] "POST /wp-admin/admin-ajax.php HTTP/1.0" 200 549 "http://wordpress-610281-1991885.cloudwaysapps.com/wp-admin/" "Mozilla/5.0 (Windows NT 10.0; Win64; x64) AppleWebKit/537.36 (KHTML, like Gecko) Chrome/91.0.4472.77 Safari/537.36"
127.0.0.1 - - [23/Jun/2021:08:36:23 +0000] "POST /wp-cron.php?doing_wp_cron=1624437383.6824100017547607421875 HTTP/1.0" 200 259 "http://wordpress-610281-1991885.cloudwaysapps.com/wp-cron.php?doing_wp_cron=1624437383.6824100017547607421875" "WordPress/5.7.2; http://wordpress-610281-1991885.cloudwaysapps.com"
176.229.204.135 - - [23/Jun/2021:08:36:23 +0000] "POST /wp-admin/admin-ajax.php HTTP/1.0" 200 549 "http://wordpress-610281-1991885.cloudwaysapps.com/wp-admin/" "Mozilla/5.0 (Windows NT 10.0; Win64; x64) AppleWebKit/537.36 (KHTML, like Gecko) Chrome/91.0.4472.77 Safari/537.36"
127.0.0.1 - - [23/Jun/2021:08:38:24 +0000] "POST /wp-cron.php?doing_wp_cron=1624437504.6315701007843017578125 HTTP/1.0" 200 259 "http://wordpress-610281-1991885.cloudwaysapps.com/wp-cron.php?doing_wp_cron=1624437504.6315701007843017578125" "WordPress/5.7.2; http://wordpress-610281-1991885.cloudwaysapps.com"
176.229.204.135 - - [23/Jun/2021:08:38:24 +0000] "POST /wp-admin/admin-ajax.php HTTP/1.0" 200 549 "http://wordpress-610281-1991885.cloudwaysapps.com/wp-admin/" "Mozilla/5.0 (Windows NT 10.0; Win64; x64) AppleWebKit/537.36 (KHTML, like Gecko) Chrome/91.0.4472.77 Safari/537.36"
127.0.0.1 - - [23/Jun/2021:08:40:25 +0000] "POST /wp-cron.php?doing_wp_cron=1624437625.6024188995361328125000 HTTP/1.0" 200 259 "http://wordpress-610281-1991885.cloudwaysapps.com/wp-cron.php?doing_wp_cron=1624437625.6024188995361328125000" "WordPress/5.7.2; http://wordpress-610281-1991885.cloudwaysapps.com"
176.229.204.135 - - [23/Jun/2021:08:40:25 +0000] "POST /wp-admin/admin-ajax.php HTTP/1.0" 200 549 "http://wordpress-610281-1991885.cloudwaysapps.com/wp-admin/" "Mozilla/5.0 (Windows NT 10.0; Win64; x64) AppleWebKit/537.36 (KHTML, like Gecko) Chrome/91.0.4472.77 Safari/537.36"
127.0.0.1 - - [23/Jun/2021:08:41:14 +0000] "POST /wp-cron.php?doing_wp_cron=1624437674.6110830307006835937500 HTTP/1.0" 200 259 "http://wordpress-610281-1991885.cloudwaysapps.com/wp-cron.php?doing_wp_cron=1624437674.6110830307006835937500" "WordPress/5.7.2; http://wordpress-610281-1991885.cloudwaysapps.com"
146.185.59.194 - - [23/Jun/2021:08:41:14 +0000] "GET /exam/%d7%9e%d7%91%d7%97%d7%9f-%d7%a7%d7%a9%d7%94/ HTTP/1.0" 200 13340 "-" "Mozilla/5.0 (Windows NT 10.0; Win64; x64) AppleWebKit/537.36 (KHTML, like Gecko) Chrome/91.0.4472.114 Safari/537.36"
127.0.0.1 - - [23/Jun/2021:08:42:26 +0000] "POST /wp-cron.php?doing_wp_cron=1624437746.6757640838623046875000 HTTP/1.0" 200 259 "http://wordpress-610281-1991885.cloudwaysapps.com/wp-cron.php?doing_wp_cron=1624437746.6757640838623046875000" "WordPress/5.7.2; http://wordpress-610281-1991885.cloudwaysapps.com"
176.229.204.135 - - [23/Jun/2021:08:42:26 +0000] "POST /wp-admin/admin-ajax.php HTTP/1.0" 200 549 "http://wordpress-610281-1991885.cloudwaysapps.com/wp-admin/" "Mozilla/5.0 (Windows NT 10.0; Win64; x64) AppleWebKit/537.36 (KHTML, like Gecko) Chrome/91.0.4472.77 Safari/537.36"
127.0.0.1 - - [23/Jun/2021:08:44:27 +0000] "POST /wp-cron.php?doing_wp_cron=1624437867.5996520519256591796875 HTTP/1.0" 200 259 "http://wordpress-610281-1991885.cloudwaysapps.com/wp-cron.php?doing_wp_cron=1624437867.5996520519256591796875" "WordPress/5.7.2; http://wordpress-610281-1991885.cloudwaysapps.com"
