146.185.59.194 - - [22/Jun/2021:08:38:45 +0000] "POST /wp-admin/admin-ajax.php HTTP/1.0" 200 549 "http://wordpress-610281-1991885.cloudwaysapps.com/wp-admin/user-edit.php?user_id=69&wp_http_referer=%2Fwp-admin%2Fusers.php" "Mozilla/5.0 (Windows NT 10.0; Win64; x64) AppleWebKit/537.36 (KHTML, like Gecko) Chrome/91.0.4472.106 Safari/537.36"
127.0.0.1 - - [22/Jun/2021:08:39:26 +0000] "POST /wp-cron.php?doing_wp_cron=1624351166.9265189170837402343750 HTTP/1.0" 200 259 "http://wordpress-610281-1991885.cloudwaysapps.com/wp-cron.php?doing_wp_cron=1624351166.9265189170837402343750" "WordPress/5.7.2; http://wordpress-610281-1991885.cloudwaysapps.com"
146.185.59.194 - - [22/Jun/2021:08:39:26 +0000] "POST /wp-admin/admin-ajax.php HTTP/1.0" 200 549 "http://wordpress-610281-1991885.cloudwaysapps.com/wp-admin/admin.php?page=wc-settings&tab=subscriptions" "Mozilla/5.0 (Windows NT 10.0; Win64; x64) AppleWebKit/537.36 (KHTML, like Gecko) Chrome/91.0.4472.106 Safari/537.36"
127.0.0.1 - - [22/Jun/2021:08:40:27 +0000] "POST /wp-cron.php?doing_wp_cron=1624351227.6740388870239257812500 HTTP/1.0" 200 259 "http://wordpress-610281-1991885.cloudwaysapps.com/wp-cron.php?doing_wp_cron=1624351227.6740388870239257812500" "WordPress/5.7.2; http://wordpress-610281-1991885.cloudwaysapps.com"
146.185.59.194 - - [22/Jun/2021:08:40:27 +0000] "POST /wp-admin/admin-ajax.php HTTP/1.0" 200 549 "http://wordpress-610281-1991885.cloudwaysapps.com/wp-admin/admin.php?page=wc-settings&tab=subscriptions" "Mozilla/5.0 (Windows NT 10.0; Win64; x64) AppleWebKit/537.36 (KHTML, like Gecko) Chrome/91.0.4472.106 Safari/537.36"
127.0.0.1 - - [22/Jun/2021:08:42:28 +0000] "POST /wp-cron.php?doing_wp_cron=1624351348.6679179668426513671875 HTTP/1.0" 200 259 "http://wordpress-610281-1991885.cloudwaysapps.com/wp-cron.php?doing_wp_cron=1624351348.6679179668426513671875" "WordPress/5.7.2; http://wordpress-610281-1991885.cloudwaysapps.com"
146.185.59.194 - - [22/Jun/2021:08:42:28 +0000] "POST /wp-admin/admin-ajax.php HTTP/1.0" 200 549 "http://wordpress-610281-1991885.cloudwaysapps.com/wp-admin/admin.php?page=wc-settings&tab=subscriptions" "Mozilla/5.0 (Windows NT 10.0; Win64; x64) AppleWebKit/537.36 (KHTML, like Gecko) Chrome/91.0.4472.106 Safari/537.36"
127.0.0.1 - - [22/Jun/2021:08:44:29 +0000] "POST /wp-cron.php?doing_wp_cron=1624351469.6954998970031738281250 HTTP/1.0" 200 259 "http://wordpress-610281-1991885.cloudwaysapps.com/wp-cron.php?doing_wp_cron=1624351469.6954998970031738281250" "WordPress/5.7.2; http://wordpress-610281-1991885.cloudwaysapps.com"
146.185.59.194 - - [22/Jun/2021:08:44:29 +0000] "POST /wp-admin/admin-ajax.php HTTP/1.0" 200 549 "http://wordpress-610281-1991885.cloudwaysapps.com/wp-admin/admin.php?page=wc-settings&tab=subscriptions" "Mozilla/5.0 (Windows NT 10.0; Win64; x64) AppleWebKit/537.36 (KHTML, like Gecko) Chrome/91.0.4472.106 Safari/537.36"
127.0.0.1 - - [22/Jun/2021:08:46:30 +0000] "POST /wp-cron.php?doing_wp_cron=1624351590.8677558898925781250000 HTTP/1.0" 200 259 "http://wordpress-610281-1991885.cloudwaysapps.com/wp-cron.php?doing_wp_cron=1624351590.8677558898925781250000" "WordPress/5.7.2; http://wordpress-610281-1991885.cloudwaysapps.com"
146.185.59.194 - - [22/Jun/2021:08:46:30 +0000] "POST /wp-admin/admin-ajax.php HTTP/1.0" 200 549 "http://wordpress-610281-1991885.cloudwaysapps.com/wp-admin/admin.php?page=wc-settings&tab=subscriptions" "Mozilla/5.0 (Windows NT 10.0; Win64; x64) AppleWebKit/537.36 (KHTML, like Gecko) Chrome/91.0.4472.106 Safari/537.36"
127.0.0.1 - - [22/Jun/2021:08:48:31 +0000] "POST /wp-cron.php?doing_wp_cron=1624351711.6801888942718505859375 HTTP/1.0" 200 259 "http://wordpress-610281-1991885.cloudwaysapps.com/wp-cron.php?doing_wp_cron=1624351711.6801888942718505859375" "WordPress/5.7.2; http://wordpress-610281-1991885.cloudwaysapps.com"
146.185.59.194 - - [22/Jun/2021:08:48:31 +0000] "POST /wp-admin/admin-ajax.php HTTP/1.0" 200 549 "http://wordpress-610281-1991885.cloudwaysapps.com/wp-admin/admin.php?page=wc-settings&tab=subscriptions" "Mozilla/5.0 (Windows NT 10.0; Win64; x64) AppleWebKit/537.36 (KHTML, like Gecko) Chrome/91.0.4472.106 Safari/537.36"
127.0.0.1 - - [22/Jun/2021:08:58:40 +0000] "POST /wp-cron.php?doing_wp_cron=1624352320.3624401092529296875000 HTTP/1.0" 200 259 "http://wordpress-610281-1991885.cloudwaysapps.com/wp-cron.php?doing_wp_cron=1624352320.3624401092529296875000" "WordPress/5.7.2; http://wordpress-610281-1991885.cloudwaysapps.com"
146.185.59.194 - - [22/Jun/2021:08:58:40 +0000] "POST /wp-admin/admin-ajax.php HTTP/1.0" 200 549 "http://wordpress-610281-1991885.cloudwaysapps.com/wp-admin/admin.php?page=wc-settings&tab=subscriptions" "Mozilla/5.0 (Windows NT 10.0; Win64; x64) AppleWebKit/537.36 (KHTML, like Gecko) Chrome/91.0.4472.106 Safari/537.36"
127.0.0.1 - - [22/Jun/2021:08:59:40 +0000] "POST /wp-cron.php?doing_wp_cron=1624352380.6600608825683593750000 HTTP/1.0" 200 259 "http://wordpress-610281-1991885.cloudwaysapps.com/wp-cron.php?doing_wp_cron=1624352380.6600608825683593750000" "WordPress/5.7.2; http://wordpress-610281-1991885.cloudwaysapps.com"
146.185.59.194 - - [22/Jun/2021:08:59:40 +0000] "POST /wp-admin/admin-ajax.php HTTP/1.0" 200 549 "http://wordpress-610281-1991885.cloudwaysapps.com/wp-admin/admin.php?page=wc-settings&tab=subscriptions" "Mozilla/5.0 (Windows NT 10.0; Win64; x64) AppleWebKit/537.36 (KHTML, like Gecko) Chrome/91.0.4472.106 Safari/537.36"
127.0.0.1 - - [22/Jun/2021:09:00:41 +0000] "POST /wp-cron.php?doing_wp_cron=1624352441.6753039360046386718750 HTTP/1.0" 200 259 "http://wordpress-610281-1991885.cloudwaysapps.com/wp-cron.php?doing_wp_cron=1624352441.6753039360046386718750" "WordPress/5.7.2; http://wordpress-610281-1991885.cloudwaysapps.com"
146.185.59.194 - - [22/Jun/2021:09:00:41 +0000] "POST /wp-admin/admin-ajax.php HTTP/1.0" 200 549 "http://wordpress-610281-1991885.cloudwaysapps.com/wp-admin/admin.php?page=wc-settings&tab=subscriptions" "Mozilla/5.0 (Windows NT 10.0; Win64; x64) AppleWebKit/537.36 (KHTML, like Gecko) Chrome/91.0.4472.106 Safari/537.36"
127.0.0.1 - - [22/Jun/2021:09:01:41 +0000] "POST /wp-cron.php?doing_wp_cron=1624352501.8405818939208984375000 HTTP/1.0" 200 259 "http://wordpress-610281-1991885.cloudwaysapps.com/wp-cron.php?doing_wp_cron=1624352501.8405818939208984375000" "WordPress/5.7.2; http://wordpress-610281-1991885.cloudwaysapps.com"
146.185.59.194 - - [22/Jun/2021:09:01:41 +0000] "POST /wp-admin/admin-ajax.php HTTP/1.0" 200 549 "http://wordpress-610281-1991885.cloudwaysapps.com/wp-admin/admin.php?page=wc-settings&tab=subscriptions" "Mozilla/5.0 (Windows NT 10.0; Win64; x64) AppleWebKit/537.36 (KHTML, like Gecko) Chrome/91.0.4472.106 Safari/537.36"
127.0.0.1 - - [22/Jun/2021:09:01:54 +0000] "POST /wp-cron.php?doing_wp_cron=1624352514.9092431068420410156250 HTTP/1.0" 200 259 "http://wordpress-610281-1991885.cloudwaysapps.com/wp-cron.php?doing_wp_cron=1624352514.9092431068420410156250" "WordPress/5.7.2; http://wordpress-610281-1991885.cloudwaysapps.com"
146.185.59.194 - - [22/Jun/2021:09:01:54 +0000] "POST /wp-admin/admin.php?page=wc-settings&tab=subscriptions HTTP/1.0" 200 33238 "http://wordpress-610281-1991885.cloudwaysapps.com/wp-admin/admin.php?page=wc-settings&tab=subscriptions" "Mozilla/5.0 (Windows NT 10.0; Win64; x64) AppleWebKit/537.36 (KHTML, like Gecko) Chrome/91.0.4472.106 Safari/537.36"
127.0.0.1 - - [22/Jun/2021:09:02:56 +0000] "POST /wp-cron.php?doing_wp_cron=1624352576.0129320621490478515625 HTTP/1.0" 200 259 "http://wordpress-610281-1991885.cloudwaysapps.com/wp-cron.php?doing_wp_cron=1624352576.0129320621490478515625" "WordPress/5.7.2; http://wordpress-610281-1991885.cloudwaysapps.com"
146.185.59.194 - - [22/Jun/2021:09:02:55 +0000] "POST /wp-admin/admin-ajax.php HTTP/1.0" 200 549 "http://wordpress-610281-1991885.cloudwaysapps.com/wp-admin/admin.php?page=wc-settings&tab=subscriptions" "Mozilla/5.0 (Windows NT 10.0; Win64; x64) AppleWebKit/537.36 (KHTML, like Gecko) Chrome/91.0.4472.106 Safari/537.36"
127.0.0.1 - - [22/Jun/2021:09:04:50 +0000] "POST /wp-cron.php?doing_wp_cron=1624352690.8211350440979003906250 HTTP/1.0" 200 259 "http://wordpress-610281-1991885.cloudwaysapps.com/wp-cron.php?doing_wp_cron=1624352690.8211350440979003906250" "WordPress/5.7.2; http://wordpress-610281-1991885.cloudwaysapps.com"
146.185.59.194 - - [22/Jun/2021:09:04:50 +0000] "POST /wp-admin/admin-ajax.php HTTP/1.0" 200 549 "http://wordpress-610281-1991885.cloudwaysapps.com/wp-admin/admin.php?page=wc-settings&tab=subscriptions" "Mozilla/5.0 (Windows NT 10.0; Win64; x64) AppleWebKit/537.36 (KHTML, like Gecko) Chrome/91.0.4472.106 Safari/537.36"
127.0.0.1 - - [22/Jun/2021:09:05:51 +0000] "POST /wp-cron.php?doing_wp_cron=1624352751.6717040538787841796875 HTTP/1.0" 200 259 "http://wordpress-610281-1991885.cloudwaysapps.com/wp-cron.php?doing_wp_cron=1624352751.6717040538787841796875" "WordPress/5.7.2; http://wordpress-610281-1991885.cloudwaysapps.com"
146.185.59.194 - - [22/Jun/2021:09:05:51 +0000] "POST /wp-admin/admin-ajax.php HTTP/1.0" 200 549 "http://wordpress-610281-1991885.cloudwaysapps.com/wp-admin/admin.php?page=wc-settings&tab=subscriptions" "Mozilla/5.0 (Windows NT 10.0; Win64; x64) AppleWebKit/537.36 (KHTML, like Gecko) Chrome/91.0.4472.106 Safari/537.36"
127.0.0.1 - - [22/Jun/2021:09:06:51 +0000] "POST /wp-cron.php?doing_wp_cron=1624352811.6543369293212890625000 HTTP/1.0" 200 259 "http://wordpress-610281-1991885.cloudwaysapps.com/wp-cron.php?doing_wp_cron=1624352811.6543369293212890625000" "WordPress/5.7.2; http://wordpress-610281-1991885.cloudwaysapps.com"
146.185.59.194 - - [22/Jun/2021:09:06:51 +0000] "POST /wp-admin/admin-ajax.php HTTP/1.0" 200 549 "http://wordpress-610281-1991885.cloudwaysapps.com/wp-admin/admin.php?page=wc-settings&tab=subscriptions" "Mozilla/5.0 (Windows NT 10.0; Win64; x64) AppleWebKit/537.36 (KHTML, like Gecko) Chrome/91.0.4472.106 Safari/537.36"
127.0.0.1 - - [22/Jun/2021:09:07:52 +0000] "POST /wp-cron.php?doing_wp_cron=1624352872.6702189445495605468750 HTTP/1.0" 200 259 "http://wordpress-610281-1991885.cloudwaysapps.com/wp-cron.php?doing_wp_cron=1624352872.6702189445495605468750" "WordPress/5.7.2; http://wordpress-610281-1991885.cloudwaysapps.com"
146.185.59.194 - - [22/Jun/2021:09:07:52 +0000] "POST /wp-admin/admin-ajax.php HTTP/1.0" 200 549 "http://wordpress-610281-1991885.cloudwaysapps.com/wp-admin/admin.php?page=wc-settings&tab=subscriptions" "Mozilla/5.0 (Windows NT 10.0; Win64; x64) AppleWebKit/537.36 (KHTML, like Gecko) Chrome/91.0.4472.106 Safari/537.36"
127.0.0.1 - - [22/Jun/2021:09:09:53 +0000] "POST /wp-cron.php?doing_wp_cron=1624352993.6582400798797607421875 HTTP/1.0" 200 259 "http://wordpress-610281-1991885.cloudwaysapps.com/wp-cron.php?doing_wp_cron=1624352993.6582400798797607421875" "WordPress/5.7.2; http://wordpress-610281-1991885.cloudwaysapps.com"
146.185.59.194 - - [22/Jun/2021:09:09:53 +0000] "POST /wp-admin/admin-ajax.php HTTP/1.0" 200 549 "http://wordpress-610281-1991885.cloudwaysapps.com/wp-admin/admin.php?page=wc-settings&tab=subscriptions" "Mozilla/5.0 (Windows NT 10.0; Win64; x64) AppleWebKit/537.36 (KHTML, like Gecko) Chrome/91.0.4472.106 Safari/537.36"
127.0.0.1 - - [22/Jun/2021:09:11:54 +0000] "POST /wp-cron.php?doing_wp_cron=1624353114.6695480346679687500000 HTTP/1.0" 200 259 "http://wordpress-610281-1991885.cloudwaysapps.com/wp-cron.php?doing_wp_cron=1624353114.6695480346679687500000" "WordPress/5.7.2; http://wordpress-610281-1991885.cloudwaysapps.com"
146.185.59.194 - - [22/Jun/2021:09:11:54 +0000] "POST /wp-admin/admin-ajax.php HTTP/1.0" 200 549 "http://wordpress-610281-1991885.cloudwaysapps.com/wp-admin/admin.php?page=wc-settings&tab=subscriptions" "Mozilla/5.0 (Windows NT 10.0; Win64; x64) AppleWebKit/537.36 (KHTML, like Gecko) Chrome/91.0.4472.106 Safari/537.36"
146.185.59.194 - - [22/Jun/2021:09:12:35 +0000] "GET /wp-admin/edit.php?post_type=product HTTP/1.0" 200 135923 "http://wordpress-610281-1991885.cloudwaysapps.com/wp-admin/admin.php?page=wc-settings&tab=subscriptions" "Mozilla/5.0 (Windows NT 10.0; Win64; x64) AppleWebKit/537.36 (KHTML, like Gecko) Chrome/91.0.4472.106 Safari/537.36"
146.185.59.194 - - [22/Jun/2021:09:12:36 +0000] "GET /wp-json/wc-analytics/admin/notes?page=1&per_page=25&status=unactioned&type%5B0%5D=info&type%5B1%5D=marketing&type%5B2%5D=survey&type%5B3%5D=warning&orderby=date&order=desc&_locale=user HTTP/1.0" 200 19502 "http://wordpress-610281-1991885.cloudwaysapps.com/wp-admin/edit.php?post_type=product" "Mozilla/5.0 (Windows NT 10.0; Win64; x64) AppleWebKit/537.36 (KHTML, like Gecko) Chrome/91.0.4472.106 Safari/537.36"
146.185.59.194 - - [22/Jun/2021:09:12:36 +0000] "GET /wp-json/wc-admin/options?options=woocommerce_ces_tracks_queue&_locale=user HTTP/1.0" 200 642 "http://wordpress-610281-1991885.cloudwaysapps.com/wp-admin/edit.php?post_type=product" "Mozilla/5.0 (Windows NT 10.0; Win64; x64) AppleWebKit/537.36 (KHTML, like Gecko) Chrome/91.0.4472.106 Safari/537.36"
146.185.59.194 - - [22/Jun/2021:09:12:36 +0000] "POST /wp-admin/admin-ajax.php HTTP/1.0" 200 549 "http://wordpress-610281-1991885.cloudwaysapps.com/wp-admin/edit.php?post_type=product" "Mozilla/5.0 (Windows NT 10.0; Win64; x64) AppleWebKit/537.36 (KHTML, like Gecko) Chrome/91.0.4472.106 Safari/537.36"
146.185.59.194 - - [22/Jun/2021:09:12:37 +0000] "GET /wp-json/wc-analytics/admin/notes?page=1&per_page=25&type=error%2Cupdate&status=unactioned&_locale=user HTTP/1.0" 200 1779 "http://wordpress-610281-1991885.cloudwaysapps.com/wp-admin/edit.php?post_type=product" "Mozilla/5.0 (Windows NT 10.0; Win64; x64) AppleWebKit/537.36 (KHTML, like Gecko) Chrome/91.0.4472.106 Safari/537.36"
146.185.59.194 - - [22/Jun/2021:09:12:47 +0000] "GET /wp-admin/post.php?post=247&action=edit HTTP/1.0" 200 156195 "http://wordpress-610281-1991885.cloudwaysapps.com/wp-admin/edit.php?post_type=product" "Mozilla/5.0 (Windows NT 10.0; Win64; x64) AppleWebKit/537.36 (KHTML, like Gecko) Chrome/91.0.4472.106 Safari/537.36"
146.185.59.194 - - [22/Jun/2021:09:12:49 +0000] "GET /wp-json/wc-analytics/admin/notes?page=1&per_page=25&status=unactioned&type%5B0%5D=info&type%5B1%5D=marketing&type%5B2%5D=survey&type%5B3%5D=warning&orderby=date&order=desc&_locale=user HTTP/1.0" 200 19502 "http://wordpress-610281-1991885.cloudwaysapps.com/wp-admin/post.php?post=247&action=edit" "Mozilla/5.0 (Windows NT 10.0; Win64; x64) AppleWebKit/537.36 (KHTML, like Gecko) Chrome/91.0.4472.106 Safari/537.36"
146.185.59.194 - - [22/Jun/2021:09:12:49 +0000] "GET /wp-json/wc-admin/options?options=woocommerce_ces_tracks_queue&_locale=user HTTP/1.0" 200 642 "http://wordpress-610281-1991885.cloudwaysapps.com/wp-admin/post.php?post=247&action=edit" "Mozilla/5.0 (Windows NT 10.0; Win64; x64) AppleWebKit/537.36 (KHTML, like Gecko) Chrome/91.0.4472.106 Safari/537.36"
146.185.59.194 - - [22/Jun/2021:09:12:49 +0000] "GET /wp-json/wc-analytics/admin/notes?page=1&per_page=25&type=error%2Cupdate&status=unactioned&_locale=user HTTP/1.0" 200 1779 "http://wordpress-610281-1991885.cloudwaysapps.com/wp-admin/post.php?post=247&action=edit" "Mozilla/5.0 (Windows NT 10.0; Win64; x64) AppleWebKit/537.36 (KHTML, like Gecko) Chrome/91.0.4472.106 Safari/537.36"
127.0.0.1 - - [22/Jun/2021:09:13:04 +0000] "POST /wp-cron.php?doing_wp_cron=1624353184.7176380157470703125000 HTTP/1.0" 200 259 "http://wordpress-610281-1991885.cloudwaysapps.com/wp-cron.php?doing_wp_cron=1624353184.7176380157470703125000" "WordPress/5.7.2; http://wordpress-610281-1991885.cloudwaysapps.com"
146.185.59.194 - - [22/Jun/2021:09:13:04 +0000] "POST /wp-admin/admin-ajax.php HTTP/1.0" 200 601 "http://wordpress-610281-1991885.cloudwaysapps.com/wp-admin/post.php?post=247&action=edit" "Mozilla/5.0 (Windows NT 10.0; Win64; x64) AppleWebKit/537.36 (KHTML, like Gecko) Chrome/91.0.4472.106 Safari/537.36"
146.185.59.194 - - [22/Jun/2021:09:13:19 +0000] "POST /wp-admin/admin-ajax.php HTTP/1.0" 200 601 "http://wordpress-610281-1991885.cloudwaysapps.com/wp-admin/post.php?post=247&action=edit" "Mozilla/5.0 (Windows NT 10.0; Win64; x64) AppleWebKit/537.36 (KHTML, like Gecko) Chrome/91.0.4472.106 Safari/537.36"
146.185.59.194 - - [22/Jun/2021:09:13:34 +0000] "POST /wp-admin/admin-ajax.php HTTP/1.0" 200 601 "http://wordpress-610281-1991885.cloudwaysapps.com/wp-admin/post.php?post=247&action=edit" "Mozilla/5.0 (Windows NT 10.0; Win64; x64) AppleWebKit/537.36 (KHTML, like Gecko) Chrome/91.0.4472.106 Safari/537.36"
146.185.59.194 - - [22/Jun/2021:09:13:49 +0000] "POST /wp-admin/admin-ajax.php HTTP/1.0" 200 601 "http://wordpress-610281-1991885.cloudwaysapps.com/wp-admin/post.php?post=247&action=edit" "Mozilla/5.0 (Windows NT 10.0; Win64; x64) AppleWebKit/537.36 (KHTML, like Gecko) Chrome/91.0.4472.106 Safari/537.36"
127.0.0.1 - - [22/Jun/2021:09:14:04 +0000] "POST /wp-cron.php?doing_wp_cron=1624353244.7497749328613281250000 HTTP/1.0" 200 259 "http://wordpress-610281-1991885.cloudwaysapps.com/wp-cron.php?doing_wp_cron=1624353244.7497749328613281250000" "WordPress/5.7.2; http://wordpress-610281-1991885.cloudwaysapps.com"
146.185.59.194 - - [22/Jun/2021:09:14:04 +0000] "POST /wp-admin/admin-ajax.php HTTP/1.0" 200 601 "http://wordpress-610281-1991885.cloudwaysapps.com/wp-admin/post.php?post=247&action=edit" "Mozilla/5.0 (Windows NT 10.0; Win64; x64) AppleWebKit/537.36 (KHTML, like Gecko) Chrome/91.0.4472.106 Safari/537.36"
146.185.59.194 - - [22/Jun/2021:09:14:21 +0000] "POST /wp-admin/admin-ajax.php HTTP/1.0" 200 601 "http://wordpress-610281-1991885.cloudwaysapps.com/wp-admin/post.php?post=247&action=edit" "Mozilla/5.0 (Windows NT 10.0; Win64; x64) AppleWebKit/537.36 (KHTML, like Gecko) Chrome/91.0.4472.106 Safari/537.36"
146.185.59.194 - - [22/Jun/2021:09:14:22 +0000] "GET /product/%d7%a1%d7%99%d7%9c%d7%91%d7%a8-2/ HTTP/1.0" 200 799 "http://wordpress-610281-1991885.cloudwaysapps.com/wp-admin/post.php?post=247&action=edit" "Mozilla/5.0 (Windows NT 10.0; Win64; x64) AppleWebKit/537.36 (KHTML, like Gecko) Chrome/91.0.4472.106 Safari/537.36"
146.185.59.194 - - [22/Jun/2021:09:14:36 +0000] "POST /wp-admin/admin-ajax.php HTTP/1.0" 200 601 "http://wordpress-610281-1991885.cloudwaysapps.com/wp-admin/post.php?post=247&action=edit" "Mozilla/5.0 (Windows NT 10.0; Win64; x64) AppleWebKit/537.36 (KHTML, like Gecko) Chrome/91.0.4472.106 Safari/537.36"
146.185.59.194 - - [22/Jun/2021:09:14:38 +0000] "GET /wp-admin/edit.php?post_type=page HTTP/1.0" 200 34813 "http://wordpress-610281-1991885.cloudwaysapps.com/wp-admin/post.php?post=247&action=edit" "Mozilla/5.0 (Windows NT 10.0; Win64; x64) AppleWebKit/537.36 (KHTML, like Gecko) Chrome/91.0.4472.106 Safari/537.36"
146.185.59.194 - - [22/Jun/2021:09:14:39 +0000] "POST /wp-admin/admin-ajax.php HTTP/1.0" 200 583 "http://wordpress-610281-1991885.cloudwaysapps.com/wp-admin/post.php?post=247&action=edit" "Mozilla/5.0 (Windows NT 10.0; Win64; x64) AppleWebKit/537.36 (KHTML, like Gecko) Chrome/91.0.4472.106 Safari/537.36"
146.185.59.194 - - [22/Jun/2021:09:14:39 +0000] "POST /wp-admin/admin-ajax.php HTTP/1.0" 200 549 "http://wordpress-610281-1991885.cloudwaysapps.com/wp-admin/edit.php?post_type=page" "Mozilla/5.0 (Windows NT 10.0; Win64; x64) AppleWebKit/537.36 (KHTML, like Gecko) Chrome/91.0.4472.106 Safari/537.36"
127.0.0.1 - - [22/Jun/2021:09:14:55 +0000] "POST /wp-cron.php?doing_wp_cron=1624353295.0000119209289550781250 HTTP/1.0" 200 259 "http://wordpress-610281-1991885.cloudwaysapps.com/wp-cron.php?doing_wp_cron=1624353295.0000119209289550781250" "WordPress/5.7.2; http://wordpress-610281-1991885.cloudwaysapps.com"
146.185.59.194 - - [22/Jun/2021:09:14:54 +0000] "POST /wp-admin/admin-ajax.php HTTP/1.0" 200 549 "http://wordpress-610281-1991885.cloudwaysapps.com/wp-admin/edit.php?post_type=page" "Mozilla/5.0 (Windows NT 10.0; Win64; x64) AppleWebKit/537.36 (KHTML, like Gecko) Chrome/91.0.4472.106 Safari/537.36"
146.185.59.194 - - [22/Jun/2021:09:14:54 +0000] "GET /shop/ HTTP/1.0" 200 8714 "http://wordpress-610281-1991885.cloudwaysapps.com/wp-admin/edit.php?post_type=page" "Mozilla/5.0 (Windows NT 10.0; Win64; x64) AppleWebKit/537.36 (KHTML, like Gecko) Chrome/91.0.4472.106 Safari/537.36"
146.185.59.194 - - [22/Jun/2021:09:14:57 +0000] "POST /wp-admin/admin-ajax.php HTTP/1.0" 200 549 "http://wordpress-610281-1991885.cloudwaysapps.com/wp-admin/edit.php?post_type=page" "Mozilla/5.0 (Windows NT 10.0; Win64; x64) AppleWebKit/537.36 (KHTML, like Gecko) Chrome/91.0.4472.106 Safari/537.36"
146.185.59.194 - - [22/Jun/2021:09:15:05 +0000] "GET /cart/ HTTP/1.0" 200 28875 "http://wordpress-610281-1991885.cloudwaysapps.com/wp-admin/edit.php?post_type=page" "Mozilla/5.0 (Windows NT 10.0; Win64; x64) AppleWebKit/537.36 (KHTML, like Gecko) Chrome/91.0.4472.106 Safari/537.36"
146.185.59.194 - - [22/Jun/2021:09:15:08 +0000] "POST /wp-admin/admin-ajax.php HTTP/1.0" 200 549 "http://wordpress-610281-1991885.cloudwaysapps.com/wp-admin/edit.php?post_type=page" "Mozilla/5.0 (Windows NT 10.0; Win64; x64) AppleWebKit/537.36 (KHTML, like Gecko) Chrome/91.0.4472.106 Safari/537.36"
146.185.59.194 - - [22/Jun/2021:09:15:13 +0000] "GET /wp-admin/post.php?post=247&action=edit HTTP/1.0" 200 156188 "http://wordpress-610281-1991885.cloudwaysapps.com/wp-admin/post.php?post=247&action=edit" "Mozilla/5.0 (Windows NT 10.0; Win64; x64) AppleWebKit/537.36 (KHTML, like Gecko) Chrome/91.0.4472.106 Safari/537.36"
146.185.59.194 - - [22/Jun/2021:09:15:14 +0000] "GET /wp-json/wc-analytics/admin/notes?page=1&per_page=25&status=unactioned&type%5B0%5D=info&type%5B1%5D=marketing&type%5B2%5D=survey&type%5B3%5D=warning&orderby=date&order=desc&_locale=user HTTP/1.0" 200 19502 "http://wordpress-610281-1991885.cloudwaysapps.com/wp-admin/post.php?post=247&action=edit" "Mozilla/5.0 (Windows NT 10.0; Win64; x64) AppleWebKit/537.36 (KHTML, like Gecko) Chrome/91.0.4472.106 Safari/537.36"
146.185.59.194 - - [22/Jun/2021:09:15:14 +0000] "GET /wp-json/wc-admin/options?options=woocommerce_ces_tracks_queue&_locale=user HTTP/1.0" 200 642 "http://wordpress-610281-1991885.cloudwaysapps.com/wp-admin/post.php?post=247&action=edit" "Mozilla/5.0 (Windows NT 10.0; Win64; x64) AppleWebKit/537.36 (KHTML, like Gecko) Chrome/91.0.4472.106 Safari/537.36"
146.185.59.194 - - [22/Jun/2021:09:15:14 +0000] "GET /wp-json/wc-analytics/admin/notes?page=1&per_page=25&type=error%2Cupdate&status=unactioned&_locale=user HTTP/1.0" 200 1779 "http://wordpress-610281-1991885.cloudwaysapps.com/wp-admin/post.php?post=247&action=edit" "Mozilla/5.0 (Windows NT 10.0; Win64; x64) AppleWebKit/537.36 (KHTML, like Gecko) Chrome/91.0.4472.106 Safari/537.36"
146.185.59.194 - - [22/Jun/2021:09:15:20 +0000] "GET /wp-admin/edit.php?post_type=acf-field-group HTTP/1.0" 200 34701 "http://wordpress-610281-1991885.cloudwaysapps.com/wp-admin/post.php?post=247&action=edit" "Mozilla/5.0 (Windows NT 10.0; Win64; x64) AppleWebKit/537.36 (KHTML, like Gecko) Chrome/91.0.4472.106 Safari/537.36"
146.185.59.194 - - [22/Jun/2021:09:15:21 +0000] "POST /wp-admin/admin-ajax.php HTTP/1.0" 200 549 "http://wordpress-610281-1991885.cloudwaysapps.com/wp-admin/edit.php?post_type=acf-field-group" "Mozilla/5.0 (Windows NT 10.0; Win64; x64) AppleWebKit/537.36 (KHTML, like Gecko) Chrome/91.0.4472.106 Safari/537.36"
146.185.59.194 - - [22/Jun/2021:09:15:24 +0000] "GET /wp-admin/post.php?post=585&action=edit HTTP/1.0" 200 43857 "http://wordpress-610281-1991885.cloudwaysapps.com/wp-admin/edit.php?post_type=acf-field-group" "Mozilla/5.0 (Windows NT 10.0; Win64; x64) AppleWebKit/537.36 (KHTML, like Gecko) Chrome/91.0.4472.106 Safari/537.36"
146.185.59.194 - - [22/Jun/2021:09:15:25 +0000] "POST /wp-admin/admin-ajax.php HTTP/1.0" 200 601 "http://wordpress-610281-1991885.cloudwaysapps.com/wp-admin/post.php?post=585&action=edit" "Mozilla/5.0 (Windows NT 10.0; Win64; x64) AppleWebKit/537.36 (KHTML, like Gecko) Chrome/91.0.4472.106 Safari/537.36"
146.185.59.194 - - [22/Jun/2021:09:15:30 +0000] "POST /wp-admin/admin-ajax.php HTTP/1.0" 200 601 "http://wordpress-610281-1991885.cloudwaysapps.com/wp-admin/post.php?post=247&action=edit" "Mozilla/5.0 (Windows NT 10.0; Win64; x64) AppleWebKit/537.36 (KHTML, like Gecko) Chrome/91.0.4472.106 Safari/537.36"
146.185.59.194 - - [22/Jun/2021:09:15:40 +0000] "POST /wp-admin/admin-ajax.php HTTP/1.0" 200 601 "http://wordpress-610281-1991885.cloudwaysapps.com/wp-admin/post.php?post=585&action=edit" "Mozilla/5.0 (Windows NT 10.0; Win64; x64) AppleWebKit/537.36 (KHTML, like Gecko) Chrome/91.0.4472.106 Safari/537.36"
127.0.0.1 - - [22/Jun/2021:09:15:55 +0000] "POST /wp-cron.php?doing_wp_cron=1624353355.5056478977203369140625 HTTP/1.0" 200 259 "http://wordpress-610281-1991885.cloudwaysapps.com/wp-cron.php?doing_wp_cron=1624353355.5056478977203369140625" "WordPress/5.7.2; http://wordpress-610281-1991885.cloudwaysapps.com"
146.185.59.194 - - [22/Jun/2021:09:15:55 +0000] "POST /wp-admin/admin-ajax.php HTTP/1.0" 200 601 "http://wordpress-610281-1991885.cloudwaysapps.com/wp-admin/post.php?post=585&action=edit" "Mozilla/5.0 (Windows NT 10.0; Win64; x64) AppleWebKit/537.36 (KHTML, like Gecko) Chrome/91.0.4472.106 Safari/537.36"
146.185.59.194 - - [22/Jun/2021:09:16:10 +0000] "POST /wp-admin/admin-ajax.php HTTP/1.0" 200 601 "http://wordpress-610281-1991885.cloudwaysapps.com/wp-admin/post.php?post=585&action=edit" "Mozilla/5.0 (Windows NT 10.0; Win64; x64) AppleWebKit/537.36 (KHTML, like Gecko) Chrome/91.0.4472.106 Safari/537.36"
146.185.59.194 - - [22/Jun/2021:09:16:25 +0000] "POST /wp-admin/admin-ajax.php HTTP/1.0" 200 601 "http://wordpress-610281-1991885.cloudwaysapps.com/wp-admin/post.php?post=585&action=edit" "Mozilla/5.0 (Windows NT 10.0; Win64; x64) AppleWebKit/537.36 (KHTML, like Gecko) Chrome/91.0.4472.106 Safari/537.36"
127.0.0.1 - - [22/Jun/2021:09:17:31 +0000] "POST /wp-cron.php?doing_wp_cron=1624353451.9142730236053466796875 HTTP/1.0" 200 259 "http://wordpress-610281-1991885.cloudwaysapps.com/wp-cron.php?doing_wp_cron=1624353451.9142730236053466796875" "WordPress/5.7.2; http://wordpress-610281-1991885.cloudwaysapps.com"
146.185.59.194 - - [22/Jun/2021:09:17:31 +0000] "POST /wp-admin/admin-ajax.php HTTP/1.0" 200 601 "http://wordpress-610281-1991885.cloudwaysapps.com/wp-admin/post.php?post=247&action=edit" "Mozilla/5.0 (Windows NT 10.0; Win64; x64) AppleWebKit/537.36 (KHTML, like Gecko) Chrome/91.0.4472.106 Safari/537.36"
146.185.59.194 - - [22/Jun/2021:09:17:33 +0000] "POST /wp-admin/admin-ajax.php HTTP/1.0" 200 601 "http://wordpress-610281-1991885.cloudwaysapps.com/wp-admin/post.php?post=585&action=edit" "Mozilla/5.0 (Windows NT 10.0; Win64; x64) AppleWebKit/537.36 (KHTML, like Gecko) Chrome/91.0.4472.106 Safari/537.36"
146.185.59.194 - - [22/Jun/2021:09:17:49 +0000] "POST /wp-admin/admin-ajax.php HTTP/1.0" 200 601 "http://wordpress-610281-1991885.cloudwaysapps.com/wp-admin/post.php?post=585&action=edit" "Mozilla/5.0 (Windows NT 10.0; Win64; x64) AppleWebKit/537.36 (KHTML, like Gecko) Chrome/91.0.4472.106 Safari/537.36"
127.0.0.1 - - [22/Jun/2021:09:19:32 +0000] "POST /wp-cron.php?doing_wp_cron=1624353572.6866250038146972656250 HTTP/1.0" 200 259 "http://wordpress-610281-1991885.cloudwaysapps.com/wp-cron.php?doing_wp_cron=1624353572.6866250038146972656250" "WordPress/5.7.2; http://wordpress-610281-1991885.cloudwaysapps.com"
146.185.59.194 - - [22/Jun/2021:09:19:32 +0000] "POST /wp-admin/admin-ajax.php HTTP/1.0" 200 601 "http://wordpress-610281-1991885.cloudwaysapps.com/wp-admin/post.php?post=247&action=edit" "Mozilla/5.0 (Windows NT 10.0; Win64; x64) AppleWebKit/537.36 (KHTML, like Gecko) Chrome/91.0.4472.106 Safari/537.36"
127.0.0.1 - - [22/Jun/2021:09:19:50 +0000] "POST /wp-cron.php?doing_wp_cron=1624353590.6590499877929687500000 HTTP/1.0" 200 259 "http://wordpress-610281-1991885.cloudwaysapps.com/wp-cron.php?doing_wp_cron=1624353590.6590499877929687500000" "WordPress/5.7.2; http://wordpress-610281-1991885.cloudwaysapps.com"
146.185.59.194 - - [22/Jun/2021:09:19:50 +0000] "POST /wp-admin/admin-ajax.php HTTP/1.0" 200 601 "http://wordpress-610281-1991885.cloudwaysapps.com/wp-admin/post.php?post=585&action=edit" "Mozilla/5.0 (Windows NT 10.0; Win64; x64) AppleWebKit/537.36 (KHTML, like Gecko) Chrome/91.0.4472.106 Safari/537.36"
146.185.59.194 - - [22/Jun/2021:09:20:06 +0000] "POST /wp-admin/admin-ajax.php HTTP/1.0" 200 601 "http://wordpress-610281-1991885.cloudwaysapps.com/wp-admin/post.php?post=247&action=edit" "Mozilla/5.0 (Windows NT 10.0; Win64; x64) AppleWebKit/537.36 (KHTML, like Gecko) Chrome/91.0.4472.106 Safari/537.36"
146.185.59.194 - - [22/Jun/2021:09:20:07 +0000] "POST /wp-admin/admin-ajax.php HTTP/1.0" 200 601 "http://wordpress-610281-1991885.cloudwaysapps.com/wp-admin/post.php?post=585&action=edit" "Mozilla/5.0 (Windows NT 10.0; Win64; x64) AppleWebKit/537.36 (KHTML, like Gecko) Chrome/91.0.4472.106 Safari/537.36"
146.185.59.194 - - [22/Jun/2021:09:20:10 +0000] "GET /wp-admin/post.php?post=585&action=edit HTTP/1.0" 200 43845 "-" "Mozilla/5.0 (Windows NT 10.0; Win64; x64) AppleWebKit/537.36 (KHTML, like Gecko) Chrome/91.0.4472.106 Safari/537.36"
146.185.59.194 - - [22/Jun/2021:09:20:10 +0000] "POST /wp-admin/admin-ajax.php HTTP/1.0" 200 583 "http://wordpress-610281-1991885.cloudwaysapps.com/wp-admin/post.php?post=585&action=edit" "Mozilla/5.0 (Windows NT 10.0; Win64; x64) AppleWebKit/537.36 (KHTML, like Gecko) Chrome/91.0.4472.106 Safari/537.36"
146.185.59.194 - - [22/Jun/2021:09:20:11 +0000] "POST /wp-admin/admin-ajax.php HTTP/1.0" 200 601 "http://wordpress-610281-1991885.cloudwaysapps.com/wp-admin/post.php?post=585&action=edit" "Mozilla/5.0 (Windows NT 10.0; Win64; x64) AppleWebKit/537.36 (KHTML, like Gecko) Chrome/91.0.4472.106 Safari/537.36"
146.185.59.194 - - [22/Jun/2021:09:20:18 +0000] "GET / HTTP/1.0" 200 9990 "-" "Mozilla/5.0 (Windows NT 10.0; Win64; x64) AppleWebKit/537.36 (KHTML, like Gecko) Chrome/91.0.4472.106 Safari/537.36"
146.185.59.194 - - [22/Jun/2021:09:20:18 +0000] "POST /wp-admin/admin-ajax.php HTTP/1.0" 200 583 "http://wordpress-610281-1991885.cloudwaysapps.com/wp-admin/post.php?post=585&action=edit" "Mozilla/5.0 (Windows NT 10.0; Win64; x64) AppleWebKit/537.36 (KHTML, like Gecko) Chrome/91.0.4472.106 Safari/537.36"
146.185.59.194 - - [22/Jun/2021:09:20:19 +0000] "POST /?wc-ajax=get_refreshed_fragments HTTP/1.0" 200 3454 "http://wordpress-610281-1991885.cloudwaysapps.com/" "Mozilla/5.0 (Windows NT 10.0; Win64; x64) AppleWebKit/537.36 (KHTML, like Gecko) Chrome/91.0.4472.106 Safari/537.36"
146.185.59.194 - - [22/Jun/2021:09:20:20 +0000] "GET / HTTP/1.0" 200 9990 "-" "Mozilla/5.0 (Windows NT 10.0; Win64; x64) AppleWebKit/537.36 (KHTML, like Gecko) Chrome/91.0.4472.106 Safari/537.36"
146.185.59.194 - - [22/Jun/2021:09:20:21 +0000] "POST /wp-admin/admin-ajax.php HTTP/1.0" 200 601 "http://wordpress-610281-1991885.cloudwaysapps.com/wp-admin/post.php?post=247&action=edit" "Mozilla/5.0 (Windows NT 10.0; Win64; x64) AppleWebKit/537.36 (KHTML, like Gecko) Chrome/91.0.4472.106 Safari/537.36"
146.185.59.194 - - [22/Jun/2021:09:20:28 +0000] "GET /%d7%a8%d7%9b%d7%99%d7%a9%d7%aa-%d7%97%d7%91%d7%99%d7%9c%d7%95%d7%aa/ HTTP/1.0" 200 9424 "http://wordpress-610281-1991885.cloudwaysapps.com/" "Mozilla/5.0 (Windows NT 10.0; Win64; x64) AppleWebKit/537.36 (KHTML, like Gecko) Chrome/91.0.4472.106 Safari/537.36"
146.185.59.194 - - [22/Jun/2021:09:20:31 +0000] "GET /checkout/?add-to-cart=247&quantity=1 HTTP/1.0" 302 511 "http://wordpress-610281-1991885.cloudwaysapps.com/%d7%a8%d7%9b%d7%99%d7%a9%d7%aa-%d7%97%d7%91%d7%99%d7%9c%d7%95%d7%aa/" "Mozilla/5.0 (Windows NT 10.0; Win64; x64) AppleWebKit/537.36 (KHTML, like Gecko) Chrome/91.0.4472.106 Safari/537.36"
146.185.59.194 - - [22/Jun/2021:09:20:31 +0000] "GET /checkout/ HTTP/1.0" 200 33054 "http://wordpress-610281-1991885.cloudwaysapps.com/%d7%a8%d7%9b%d7%99%d7%a9%d7%aa-%d7%97%d7%91%d7%99%d7%9c%d7%95%d7%aa/" "Mozilla/5.0 (Windows NT 10.0; Win64; x64) AppleWebKit/537.36 (KHTML, like Gecko) Chrome/91.0.4472.106 Safari/537.36"
146.185.59.194 - - [22/Jun/2021:09:20:32 +0000] "POST /?wc-ajax=get_refreshed_fragments HTTP/1.0" 200 3454 "http://wordpress-610281-1991885.cloudwaysapps.com/checkout/" "Mozilla/5.0 (Windows NT 10.0; Win64; x64) AppleWebKit/537.36 (KHTML, like Gecko) Chrome/91.0.4472.106 Safari/537.36"
146.185.59.194 - - [22/Jun/2021:09:20:32 +0000] "POST /?wc-ajax=update_order_review HTTP/1.0" 200 6867 "http://wordpress-610281-1991885.cloudwaysapps.com/checkout/" "Mozilla/5.0 (Windows NT 10.0; Win64; x64) AppleWebKit/537.36 (KHTML, like Gecko) Chrome/91.0.4472.106 Safari/537.36"
127.0.0.1 - - [22/Jun/2021:09:21:19 +0000] "POST /wp-cron.php?doing_wp_cron=1624353679.0957350730895996093750 HTTP/1.0" 200 259 "http://wordpress-610281-1991885.cloudwaysapps.com/wp-cron.php?doing_wp_cron=1624353679.0957350730895996093750" "WordPress/5.7.2; http://wordpress-610281-1991885.cloudwaysapps.com"
146.185.59.194 - - [22/Jun/2021:09:21:18 +0000] "GET /wp-admin/post.php?post=243&action=edit HTTP/1.0" 200 47983 "http://wordpress-610281-1991885.cloudwaysapps.com/checkout/" "Mozilla/5.0 (Windows NT 10.0; Win64; x64) AppleWebKit/537.36 (KHTML, like Gecko) Chrome/91.0.4472.106 Safari/537.36"
146.185.59.194 - - [22/Jun/2021:09:21:23 +0000] "POST /wp-admin/admin-ajax.php HTTP/1.0" 200 583 "http://wordpress-610281-1991885.cloudwaysapps.com/wp-admin/post.php?post=243&action=edit" "Mozilla/5.0 (Windows NT 10.0; Win64; x64) AppleWebKit/537.36 (KHTML, like Gecko) Chrome/91.0.4472.106 Safari/537.36"
146.185.59.194 - - [22/Jun/2021:09:21:23 +0000] "POST /?wc-ajax=update_order_review HTTP/1.0" 200 6867 "http://wordpress-610281-1991885.cloudwaysapps.com/checkout/" "Mozilla/5.0 (Windows NT 10.0; Win64; x64) AppleWebKit/537.36 (KHTML, like Gecko) Chrome/91.0.4472.106 Safari/537.36"
146.185.59.194 - - [22/Jun/2021:09:21:36 +0000] "GET /cart/ HTTP/1.0" 200 28880 "-" "Mozilla/5.0 (Windows NT 10.0; Win64; x64) AppleWebKit/537.36 (KHTML, like Gecko) Chrome/91.0.4472.106 Safari/537.36"
146.185.59.194 - - [22/Jun/2021:09:21:42 +0000] "POST /cart/ HTTP/1.0" 302 549 "http://wordpress-610281-1991885.cloudwaysapps.com/cart/" "Mozilla/5.0 (Windows NT 10.0; Win64; x64) AppleWebKit/537.36 (KHTML, like Gecko) Chrome/91.0.4472.106 Safari/537.36"
146.185.59.194 - - [22/Jun/2021:09:21:43 +0000] "GET /cart/ HTTP/1.0" 200 27560 "http://wordpress-610281-1991885.cloudwaysapps.com/cart/" "Mozilla/5.0 (Windows NT 10.0; Win64; x64) AppleWebKit/537.36 (KHTML, like Gecko) Chrome/91.0.4472.106 Safari/537.36"
146.185.59.194 - - [22/Jun/2021:09:21:43 +0000] "POST /?wc-ajax=get_refreshed_fragments HTTP/1.0" 200 721 "http://wordpress-610281-1991885.cloudwaysapps.com/cart/" "Mozilla/5.0 (Windows NT 10.0; Win64; x64) AppleWebKit/537.36 (KHTML, like Gecko) Chrome/91.0.4472.106 Safari/537.36"
146.185.59.194 - - [22/Jun/2021:09:21:45 +0000] "GET /shop/ HTTP/1.0" 200 8589 "http://wordpress-610281-1991885.cloudwaysapps.com/cart/" "Mozilla/5.0 (Windows NT 10.0; Win64; x64) AppleWebKit/537.36 (KHTML, like Gecko) Chrome/91.0.4472.106 Safari/537.36"
146.185.59.194 - - [22/Jun/2021:09:21:49 +0000] "GET /%d7%a8%d7%9b%d7%99%d7%a9%d7%aa-%d7%97%d7%91%d7%99%d7%9c%d7%95%d7%aa/ HTTP/1.0" 200 9299 "http://wordpress-610281-1991885.cloudwaysapps.com/shop/" "Mozilla/5.0 (Windows NT 10.0; Win64; x64) AppleWebKit/537.36 (KHTML, like Gecko) Chrome/91.0.4472.106 Safari/537.36"
146.185.59.194 - - [22/Jun/2021:09:21:51 +0000] "GET /checkout/?add-to-cart=247&quantity=1 HTTP/1.0" 302 609 "http://wordpress-610281-1991885.cloudwaysapps.com/%d7%a8%d7%9b%d7%99%d7%a9%d7%aa-%d7%97%d7%91%d7%99%d7%9c%d7%95%d7%aa/" "Mozilla/5.0 (Windows NT 10.0; Win64; x64) AppleWebKit/537.36 (KHTML, like Gecko) Chrome/91.0.4472.106 Safari/537.36"
127.0.0.1 - - [22/Jun/2021:09:21:52 +0000] "POST /wp-cron.php?doing_wp_cron=1624353712.2699120044708251953125 HTTP/1.0" 200 259 "http://wordpress-610281-1991885.cloudwaysapps.com/wp-cron.php?doing_wp_cron=1624353712.2699120044708251953125" "WordPress/5.7.2; http://wordpress-610281-1991885.cloudwaysapps.com"
146.185.59.194 - - [22/Jun/2021:09:21:52 +0000] "GET /checkout/ HTTP/1.0" 200 33054 "http://wordpress-610281-1991885.cloudwaysapps.com/%d7%a8%d7%9b%d7%99%d7%a9%d7%aa-%d7%97%d7%91%d7%99%d7%9c%d7%95%d7%aa/" "Mozilla/5.0 (Windows NT 10.0; Win64; x64) AppleWebKit/537.36 (KHTML, like Gecko) Chrome/91.0.4472.106 Safari/537.36"
146.185.59.194 - - [22/Jun/2021:09:21:52 +0000] "POST /?wc-ajax=get_refreshed_fragments HTTP/1.0" 200 3454 "http://wordpress-610281-1991885.cloudwaysapps.com/checkout/" "Mozilla/5.0 (Windows NT 10.0; Win64; x64) AppleWebKit/537.36 (KHTML, like Gecko) Chrome/91.0.4472.106 Safari/537.36"
146.185.59.194 - - [22/Jun/2021:09:21:52 +0000] "POST /?wc-ajax=update_order_review HTTP/1.0" 200 6867 "http://wordpress-610281-1991885.cloudwaysapps.com/checkout/" "Mozilla/5.0 (Windows NT 10.0; Win64; x64) AppleWebKit/537.36 (KHTML, like Gecko) Chrome/91.0.4472.106 Safari/537.36"
146.185.59.194 - - [22/Jun/2021:09:22:01 +0000] "POST /?wc-ajax=checkout HTTP/1.0" 500 633 "http://wordpress-610281-1991885.cloudwaysapps.com/checkout/" "Mozilla/5.0 (Windows NT 10.0; Win64; x64) AppleWebKit/537.36 (KHTML, like Gecko) Chrome/91.0.4472.106 Safari/537.36"
146.185.59.194 - - [22/Jun/2021:09:22:22 +0000] "POST /wp-admin/admin-ajax.php HTTP/1.0" 200 601 "http://wordpress-610281-1991885.cloudwaysapps.com/wp-admin/post.php?post=247&action=edit" "Mozilla/5.0 (Windows NT 10.0; Win64; x64) AppleWebKit/537.36 (KHTML, like Gecko) Chrome/91.0.4472.106 Safari/537.36"
146.185.59.194 - - [22/Jun/2021:09:22:34 +0000] "GET /?wc-ajax=checkout HTTP/1.0" 200 895 "-" "Mozilla/5.0 (Windows NT 10.0; Win64; x64) AppleWebKit/537.36 (KHTML, like Gecko) Chrome/91.0.4472.106 Safari/537.36"
146.185.59.194 - - [22/Jun/2021:09:22:35 +0000] "GET /favicon.ico HTTP/1.1" 302 381 "http://wordpress-610281-1991885.cloudwaysapps.com/?wc-ajax=checkout" "Mozilla/5.0 (Windows NT 10.0; Win64; x64) AppleWebKit/537.36 (KHTML, like Gecko) Chrome/91.0.4472.106 Safari/537.36"
127.0.0.1 - - [22/Jun/2021:09:22:50 +0000] "POST /wp-cron.php?doing_wp_cron=1624353770.0090579986572265625000 HTTP/1.0" 200 259 "http://wordpress-610281-1991885.cloudwaysapps.com/wp-cron.php?doing_wp_cron=1624353770.0090579986572265625000" "WordPress/5.7.2; http://wordpress-610281-1991885.cloudwaysapps.com"
146.185.59.194 - - [22/Jun/2021:09:22:49 +0000] "POST /?wc-ajax=checkout HTTP/1.0" 500 633 "http://wordpress-610281-1991885.cloudwaysapps.com/checkout/" "Mozilla/5.0 (Windows NT 10.0; Win64; x64) AppleWebKit/537.36 (KHTML, like Gecko) Chrome/91.0.4472.106 Safari/537.36"
127.0.0.1 - - [22/Jun/2021:09:24:23 +0000] "POST /wp-cron.php?doing_wp_cron=1624353863.6413450241088867187500 HTTP/1.0" 200 259 "http://wordpress-610281-1991885.cloudwaysapps.com/wp-cron.php?doing_wp_cron=1624353863.6413450241088867187500" "WordPress/5.7.2; http://wordpress-610281-1991885.cloudwaysapps.com"
146.185.59.194 - - [22/Jun/2021:09:24:23 +0000] "POST /wp-admin/admin-ajax.php HTTP/1.0" 200 601 "http://wordpress-610281-1991885.cloudwaysapps.com/wp-admin/post.php?post=247&action=edit" "Mozilla/5.0 (Windows NT 10.0; Win64; x64) AppleWebKit/537.36 (KHTML, like Gecko) Chrome/91.0.4472.106 Safari/537.36"
127.0.0.1 - - [22/Jun/2021:09:26:21 +0000] "POST /wp-cron.php?doing_wp_cron=1624353981.7486660480499267578125 HTTP/1.0" 200 259 "http://wordpress-610281-1991885.cloudwaysapps.com/wp-cron.php?doing_wp_cron=1624353981.7486660480499267578125" "WordPress/5.7.2; http://wordpress-610281-1991885.cloudwaysapps.com"
146.185.59.194 - - [22/Jun/2021:09:26:21 +0000] "GET /checkout/ HTTP/1.0" 200 33054 "http://wordpress-610281-1991885.cloudwaysapps.com/%d7%a8%d7%9b%d7%99%d7%a9%d7%aa-%d7%97%d7%91%d7%99%d7%9c%d7%95%d7%aa/" "Mozilla/5.0 (Windows NT 10.0; Win64; x64) AppleWebKit/537.36 (KHTML, like Gecko) Chrome/91.0.4472.106 Safari/537.36"
146.185.59.194 - - [22/Jun/2021:09:26:23 +0000] "GET /wp-content/plugins/woocommerce/assets/fonts/WooCommerce.woff HTTP/1.0" 200 14439 "http://wordpress-610281-1991885.cloudwaysapps.com/wp-content/plugins/woocommerce/assets/css/woocommerce-rtl.css?ver=5.3.0" "Mozilla/5.0 (Windows NT 10.0; Win64; x64) AppleWebKit/537.36 (KHTML, like Gecko) Chrome/91.0.4472.106 Safari/537.36"
146.185.59.194 - - [22/Jun/2021:09:26:23 +0000] "POST /?wc-ajax=update_order_review HTTP/1.0" 200 6867 "http://wordpress-610281-1991885.cloudwaysapps.com/checkout/" "Mozilla/5.0 (Windows NT 10.0; Win64; x64) AppleWebKit/537.36 (KHTML, like Gecko) Chrome/91.0.4472.106 Safari/537.36"
146.185.59.194 - - [22/Jun/2021:09:26:24 +0000] "POST /wp-admin/admin-ajax.php HTTP/1.0" 200 601 "http://wordpress-610281-1991885.cloudwaysapps.com/wp-admin/post.php?post=247&action=edit" "Mozilla/5.0 (Windows NT 10.0; Win64; x64) AppleWebKit/537.36 (KHTML, like Gecko) Chrome/91.0.4472.106 Safari/537.36"
146.185.59.194 - - [22/Jun/2021:09:26:30 +0000] "POST /?wc-ajax=checkout HTTP/1.0" 500 645 "http://wordpress-610281-1991885.cloudwaysapps.com/checkout/" "Mozilla/5.0 (Windows NT 10.0; Win64; x64) AppleWebKit/537.36 (KHTML, like Gecko) Chrome/91.0.4472.106 Safari/537.36"
127.0.0.1 - - [22/Jun/2021:09:28:25 +0000] "POST /wp-cron.php?doing_wp_cron=1624354105.7166519165039062500000 HTTP/1.0" 200 259 "http://wordpress-610281-1991885.cloudwaysapps.com/wp-cron.php?doing_wp_cron=1624354105.7166519165039062500000" "WordPress/5.7.2; http://wordpress-610281-1991885.cloudwaysapps.com"
146.185.59.194 - - [22/Jun/2021:09:28:25 +0000] "POST /wp-admin/admin-ajax.php HTTP/1.0" 200 601 "http://wordpress-610281-1991885.cloudwaysapps.com/wp-admin/post.php?post=247&action=edit" "Mozilla/5.0 (Windows NT 10.0; Win64; x64) AppleWebKit/537.36 (KHTML, like Gecko) Chrome/91.0.4472.106 Safari/537.36"
146.185.59.194 - - [22/Jun/2021:09:28:25 +0000] "GET /checkout/ HTTP/1.0" 200 33054 "http://wordpress-610281-1991885.cloudwaysapps.com/%d7%a8%d7%9b%d7%99%d7%a9%d7%aa-%d7%97%d7%91%d7%99%d7%9c%d7%95%d7%aa/" "Mozilla/5.0 (Windows NT 10.0; Win64; x64) AppleWebKit/537.36 (KHTML, like Gecko) Chrome/91.0.4472.106 Safari/537.36"
146.185.59.194 - - [22/Jun/2021:09:28:26 +0000] "GET /wp-content/plugins/woocommerce/assets/fonts/WooCommerce.woff HTTP/1.0" 200 14439 "http://wordpress-610281-1991885.cloudwaysapps.com/wp-content/plugins/woocommerce/assets/css/woocommerce-rtl.css?ver=5.3.0" "Mozilla/5.0 (Windows NT 10.0; Win64; x64) AppleWebKit/537.36 (KHTML, like Gecko) Chrome/91.0.4472.106 Safari/537.36"
146.185.59.194 - - [22/Jun/2021:09:28:27 +0000] "POST /?wc-ajax=update_order_review HTTP/1.0" 200 6867 "http://wordpress-610281-1991885.cloudwaysapps.com/checkout/" "Mozilla/5.0 (Windows NT 10.0; Win64; x64) AppleWebKit/537.36 (KHTML, like Gecko) Chrome/91.0.4472.106 Safari/537.36"
146.185.59.194 - - [22/Jun/2021:09:28:33 +0000] "POST /?wc-ajax=checkout HTTP/1.0" 500 645 "http://wordpress-610281-1991885.cloudwaysapps.com/checkout/" "Mozilla/5.0 (Windows NT 10.0; Win64; x64) AppleWebKit/537.36 (KHTML, like Gecko) Chrome/91.0.4472.106 Safari/537.36"
127.0.0.1 - - [22/Jun/2021:09:29:58 +0000] "POST /wp-cron.php?doing_wp_cron=1624354198.3632659912109375000000 HTTP/1.0" 200 259 "http://wordpress-610281-1991885.cloudwaysapps.com/wp-cron.php?doing_wp_cron=1624354198.3632659912109375000000" "WordPress/5.7.2; http://wordpress-610281-1991885.cloudwaysapps.com"
146.185.59.194 - - [22/Jun/2021:09:29:58 +0000] "GET /checkout/ HTTP/1.0" 200 33054 "http://wordpress-610281-1991885.cloudwaysapps.com/%d7%a8%d7%9b%d7%99%d7%a9%d7%aa-%d7%97%d7%91%d7%99%d7%9c%d7%95%d7%aa/" "Mozilla/5.0 (Windows NT 10.0; Win64; x64) AppleWebKit/537.36 (KHTML, like Gecko) Chrome/91.0.4472.106 Safari/537.36"
146.185.59.194 - - [22/Jun/2021:09:29:59 +0000] "GET /wp-content/plugins/woocommerce/assets/fonts/WooCommerce.woff HTTP/1.0" 200 14439 "http://wordpress-610281-1991885.cloudwaysapps.com/wp-content/plugins/woocommerce/assets/css/woocommerce-rtl.css?ver=5.3.0" "Mozilla/5.0 (Windows NT 10.0; Win64; x64) AppleWebKit/537.36 (KHTML, like Gecko) Chrome/91.0.4472.106 Safari/537.36"
146.185.59.194 - - [22/Jun/2021:09:30:00 +0000] "POST /?wc-ajax=update_order_review HTTP/1.0" 200 6867 "http://wordpress-610281-1991885.cloudwaysapps.com/checkout/" "Mozilla/5.0 (Windows NT 10.0; Win64; x64) AppleWebKit/537.36 (KHTML, like Gecko) Chrome/91.0.4472.106 Safari/537.36"
146.185.59.194 - - [22/Jun/2021:09:30:03 +0000] "POST /?wc-ajax=checkout HTTP/1.0" 200 791 "http://wordpress-610281-1991885.cloudwaysapps.com/checkout/" "Mozilla/5.0 (Windows NT 10.0; Win64; x64) AppleWebKit/537.36 (KHTML, like Gecko) Chrome/91.0.4472.106 Safari/537.36"
146.185.59.194 - - [22/Jun/2021:09:30:04 +0000] "GET /checkout/order-received/1046/?key=wc_order_3mHoPcxr7TR76 HTTP/1.0" 200 28975 "http://wordpress-610281-1991885.cloudwaysapps.com/checkout/" "Mozilla/5.0 (Windows NT 10.0; Win64; x64) AppleWebKit/537.36 (KHTML, like Gecko) Chrome/91.0.4472.106 Safari/537.36"
146.185.59.194 - - [22/Jun/2021:09:30:05 +0000] "POST /?wc-ajax=get_refreshed_fragments HTTP/1.0" 200 721 "http://wordpress-610281-1991885.cloudwaysapps.com/checkout/order-received/1046/?key=wc_order_3mHoPcxr7TR76" "Mozilla/5.0 (Windows NT 10.0; Win64; x64) AppleWebKit/537.36 (KHTML, like Gecko) Chrome/91.0.4472.106 Safari/537.36"
146.185.59.194 - - [22/Jun/2021:09:30:26 +0000] "POST /wp-admin/admin-ajax.php HTTP/1.0" 200 601 "http://wordpress-610281-1991885.cloudwaysapps.com/wp-admin/post.php?post=247&action=edit" "Mozilla/5.0 (Windows NT 10.0; Win64; x64) AppleWebKit/537.36 (KHTML, like Gecko) Chrome/91.0.4472.106 Safari/537.36"
127.0.0.1 - - [22/Jun/2021:09:30:26 +0000] "POST /wp-admin/admin-ajax.php?action=as_async_request_queue_runner&nonce=7c5969fc95 HTTP/1.0" 200 394 "http://wordpress-610281-1991885.cloudwaysapps.com/wp-admin/admin-ajax.php?action=as_async_request_queue_runner&nonce=7c5969fc95" "WordPress/5.7.2; http://wordpress-610281-1991885.cloudwaysapps.com"
146.185.59.194 - - [22/Jun/2021:09:30:35 +0000] "GET /my-account/ HTTP/1.0" 200 7831 "http://wordpress-610281-1991885.cloudwaysapps.com/checkout/order-received/1046/?key=wc_order_3mHoPcxr7TR76" "Mozilla/5.0 (Windows NT 10.0; Win64; x64) AppleWebKit/537.36 (KHTML, like Gecko) Chrome/91.0.4472.106 Safari/537.36"
146.185.59.194 - - [22/Jun/2021:09:30:38 +0000] "GET /my-account/orders/ HTTP/1.0" 200 8349 "http://wordpress-610281-1991885.cloudwaysapps.com/my-account/" "Mozilla/5.0 (Windows NT 10.0; Win64; x64) AppleWebKit/537.36 (KHTML, like Gecko) Chrome/91.0.4472.106 Safari/537.36"
146.185.59.194 - - [22/Jun/2021:09:30:49 +0000] "GET /my-account/view-order/1046/ HTTP/1.0" 200 8794 "http://wordpress-610281-1991885.cloudwaysapps.com/my-account/orders/" "Mozilla/5.0 (Windows NT 10.0; Win64; x64) AppleWebKit/537.36 (KHTML, like Gecko) Chrome/91.0.4472.106 Safari/537.36"
127.0.0.1 - - [22/Jun/2021:09:31:01 +0000] "POST /wp-cron.php?doing_wp_cron=1624354261.2488861083984375000000 HTTP/1.0" 200 259 "http://wordpress-610281-1991885.cloudwaysapps.com/wp-cron.php?doing_wp_cron=1624354261.2488861083984375000000" "WordPress/5.7.2; http://wordpress-610281-1991885.cloudwaysapps.com"
146.185.59.194 - - [22/Jun/2021:09:31:01 +0000] "GET /my-account/view-subscription/1047/ HTTP/1.0" 200 9151 "http://wordpress-610281-1991885.cloudwaysapps.com/my-account/view-order/1046/" "Mozilla/5.0 (Windows NT 10.0; Win64; x64) AppleWebKit/537.36 (KHTML, like Gecko) Chrome/91.0.4472.106 Safari/537.36"
146.185.59.194 - - [22/Jun/2021:09:31:11 +0000] "GET /my-account/subscriptions/ HTTP/1.0" 200 8289 "http://wordpress-610281-1991885.cloudwaysapps.com/my-account/view-subscription/1047/" "Mozilla/5.0 (Windows NT 10.0; Win64; x64) AppleWebKit/537.36 (KHTML, like Gecko) Chrome/91.0.4472.106 Safari/537.36"
127.0.0.1 - - [22/Jun/2021:09:33:42 +0000] "POST /wp-cron.php?doing_wp_cron=1624354422.0845530033111572265625 HTTP/1.0" 200 259 "http://wordpress-610281-1991885.cloudwaysapps.com/wp-cron.php?doing_wp_cron=1624354422.0845530033111572265625" "WordPress/5.7.2; http://wordpress-610281-1991885.cloudwaysapps.com"
146.185.59.194 - - [22/Jun/2021:09:33:41 +0000] "POST /wp-admin/admin-ajax.php HTTP/1.0" 200 601 "http://wordpress-610281-1991885.cloudwaysapps.com/wp-admin/post.php?post=247&action=edit" "Mozilla/5.0 (Windows NT 10.0; Win64; x64) AppleWebKit/537.36 (KHTML, like Gecko) Chrome/91.0.4472.106 Safari/537.36"
146.185.59.194 - - [22/Jun/2021:09:33:45 +0000] "GET /my-account/subscriptions/ HTTP/1.0" 200 8289 "http://wordpress-610281-1991885.cloudwaysapps.com/my-account/view-subscription/1047/" "Mozilla/5.0 (Windows NT 10.0; Win64; x64) AppleWebKit/537.36 (KHTML, like Gecko) Chrome/91.0.4472.106 Safari/537.36"
127.0.0.1 - - [22/Jun/2021:09:33:52 +0000] "POST /wp-cron.php?doing_wp_cron=1624354432.7792611122131347656250 HTTP/1.0" 200 259 "http://wordpress-610281-1991885.cloudwaysapps.com/wp-cron.php?doing_wp_cron=1624354432.7792611122131347656250" "WordPress/5.7.2; http://wordpress-610281-1991885.cloudwaysapps.com"
146.185.59.194 - - [22/Jun/2021:09:33:52 +0000] "GET /dashboard HTTP/1.0" 301 372 "http://wordpress-610281-1991885.cloudwaysapps.com/my-account/subscriptions/" "Mozilla/5.0 (Windows NT 10.0; Win64; x64) AppleWebKit/537.36 (KHTML, like Gecko) Chrome/91.0.4472.106 Safari/537.36"
146.185.59.194 - - [22/Jun/2021:09:33:52 +0000] "GET /dashboard/ HTTP/1.0" 200 12213 "http://wordpress-610281-1991885.cloudwaysapps.com/my-account/subscriptions/" "Mozilla/5.0 (Windows NT 10.0; Win64; x64) AppleWebKit/537.36 (KHTML, like Gecko) Chrome/91.0.4472.106 Safari/537.36"
146.185.59.194 - - [22/Jun/2021:09:33:57 +0000] "POST /wp-admin/admin-ajax.php HTTP/1.0" 200 601 "http://wordpress-610281-1991885.cloudwaysapps.com/wp-admin/post.php?post=247&action=edit" "Mozilla/5.0 (Windows NT 10.0; Win64; x64) AppleWebKit/537.36 (KHTML, like Gecko) Chrome/91.0.4472.106 Safari/537.36"
146.185.59.194 - - [22/Jun/2021:09:34:00 +0000] "GET /%D7%A8%D7%9B%D7%99%D7%A9%D7%AA-%D7%97%D7%91%D7%99%D7%9C%D7%95%D7%AA/ HTTP/1.0" 200 9333 "http://wordpress-610281-1991885.cloudwaysapps.com/dashboard/" "Mozilla/5.0 (Windows NT 10.0; Win64; x64) AppleWebKit/537.36 (KHTML, like Gecko) Chrome/91.0.4472.106 Safari/537.36"
127.0.0.1 - - [22/Jun/2021:09:35:58 +0000] "POST /wp-cron.php?doing_wp_cron=1624354558.6555368900299072265625 HTTP/1.0" 200 259 "http://wordpress-610281-1991885.cloudwaysapps.com/wp-cron.php?doing_wp_cron=1624354558.6555368900299072265625" "WordPress/5.7.2; http://wordpress-610281-1991885.cloudwaysapps.com"
